scripts/kconfig/conf  --silentoldconfig Kconfig
  CHK     include/config/kernel.release
  SYSHDR  arch/arm/include/generated/uapi/asm/unistd-common.h
  SYSHDR  arch/arm/include/generated/uapi/asm/unistd-oabi.h
  WRAP    arch/arm/include/generated/uapi/asm/bitsperlong.h
  WRAP    arch/arm/include/generated/uapi/asm/errno.h
  WRAP    arch/arm/include/generated/uapi/asm/ioctl.h
  WRAP    arch/arm/include/generated/uapi/asm/ipcbuf.h
  WRAP    arch/arm/include/generated/uapi/asm/msgbuf.h
  WRAP    arch/arm/include/generated/uapi/asm/param.h
  WRAP    arch/arm/include/generated/uapi/asm/poll.h
  WRAP    arch/arm/include/generated/uapi/asm/resource.h
  WRAP    arch/arm/include/generated/uapi/asm/sembuf.h
  WRAP    arch/arm/include/generated/uapi/asm/shmbuf.h
  WRAP    arch/arm/include/generated/uapi/asm/siginfo.h
  WRAP    arch/arm/include/generated/uapi/asm/socket.h
  WRAP    arch/arm/include/generated/uapi/asm/sockios.h
  SYSHDR  arch/arm/include/generated/uapi/asm/unistd-eabi.h
  WRAP    arch/arm/include/generated/uapi/asm/termbits.h
  WRAP    arch/arm/include/generated/uapi/asm/termios.h
  CHK     include/generated/uapi/linux/version.h
  UPD     include/generated/uapi/linux/version.h
  HOSTCC  scripts/basic/bin2c
  UPD     include/config/kernel.release
  WRAP    arch/arm/include/generated/asm/clkdev.h
  WRAP    arch/arm/include/generated/asm/current.h
  WRAP    arch/arm/include/generated/asm/early_ioremap.h
  WRAP    arch/arm/include/generated/asm/emergency-restart.h
  WRAP    arch/arm/include/generated/asm/exec.h
  WRAP    arch/arm/include/generated/asm/extable.h
  WRAP    arch/arm/include/generated/asm/irq_regs.h
  WRAP    arch/arm/include/generated/asm/kdebug.h
  WRAP    arch/arm/include/generated/asm/local.h
  WRAP    arch/arm/include/generated/asm/local64.h
  WRAP    arch/arm/include/generated/asm/mm-arch-hooks.h
  WRAP    arch/arm/include/generated/asm/msi.h
  WRAP    arch/arm/include/generated/asm/parport.h
  WRAP    arch/arm/include/generated/asm/preempt.h
  WRAP    arch/arm/include/generated/asm/rwsem.h
  WRAP    arch/arm/include/generated/asm/seccomp.h
  WRAP    arch/arm/include/generated/asm/segment.h
  WRAP    arch/arm/include/generated/asm/serial.h
  WRAP    arch/arm/include/generated/asm/simd.h
  WRAP    arch/arm/include/generated/asm/sizes.h
  WRAP    arch/arm/include/generated/asm/timex.h
  WRAP    arch/arm/include/generated/asm/trace_clock.h
  CHK     include/generated/utsrelease.h
  UPD     include/generated/utsrelease.h
  HOSTCC  scripts/dtc/dtc.o
  HOSTCC  scripts/genksyms/genksyms.o
  SHIPPED scripts/genksyms/parse.tab.c
  SHIPPED scripts/genksyms/lex.lex.c
  SHIPPED scripts/genksyms/parse.tab.h
  CC      scripts/mod/empty.o
  HOSTCC  scripts/mod/mk_elfconfig
  HOSTCC  scripts/dtc/flattree.o
  CC      scripts/mod/devicetable-offsets.s
  MKELF   scripts/mod/elfconfig.h
  CHK     scripts/mod/devicetable-offsets.h
  UPD     scripts/mod/devicetable-offsets.h
  HOSTCC  scripts/mod/sumversion.o
  HOSTCC  scripts/genksyms/parse.tab.o
  HOSTCC  scripts/dtc/fstree.o
  HOSTCC  scripts/mod/modpost.o
  HOSTCC  scripts/genksyms/lex.lex.o
  HOSTCC  scripts/dtc/data.o
  HOSTCC  scripts/dtc/livetree.o
  HOSTCC  scripts/dtc/treesource.o
  HOSTLD  scripts/genksyms/genksyms
  HOSTCC  scripts/mod/file2alias.o
  HOSTCC  scripts/dtc/srcpos.o
  HOSTCC  scripts/dtc/checks.o
  HOSTCC  scripts/kallsyms
  HOSTCC  scripts/dtc/util.o
  HOSTCC  scripts/pnmtologo
  SHIPPED scripts/dtc/dtc-lexer.lex.c
  SHIPPED scripts/dtc/dtc-parser.tab.h
  SHIPPED scripts/dtc/dtc-parser.tab.c
  HOSTCC  scripts/dtc/dtc-lexer.lex.o
  HOSTLD  scripts/mod/modpost
  HOSTCC  scripts/conmakehash
  HOSTCC  scripts/dtc/dtc-parser.tab.o
  SYSNR   arch/arm/include/generated/asm/unistd-nr.h
  HOSTCC  scripts/recordmcount
  GEN     arch/arm/include/generated/asm/mach-types.h
  SYSTBL  arch/arm/include/generated/calls-oabi.S
  SYSTBL  arch/arm/include/generated/calls-eabi.S
  HOSTCC  scripts/sortextable
  CC      kernel/bounds.s
  CHK     include/generated/timeconst.h
  UPD     include/generated/timeconst.h
  CHK     include/generated/bounds.h
  UPD     include/generated/bounds.h
  CC      arch/arm/kernel/asm-offsets.s
  HOSTLD  scripts/dtc/dtc
  CHK     include/generated/asm-offsets.h
  UPD     include/generated/asm-offsets.h
  CALL    scripts/checksyscalls.sh
  CC      init/main.o
  CHK     include/generated/compile.h
  HOSTCC  usr/gen_init_cpio
  CC      arch/arm/vfp/vfpmodule.o
  UPD     include/generated/compile.h
  LDS     arch/arm/vdso/vdso.lds
  CC      arch/arm/vdso/vgettimeofday.o
  GEN     usr/initramfs_data.cpio
arch/arm/vfp/vfpmodule.c: In function 'vfp_restore_user_hwstate':
arch/arm/vfp/vfpmodule.c:612:6: warning: unused variable 'err' [-Wunused-variable]
  int err = 0;
      ^~~
  AS      usr/initramfs_data.o
  AR      usr/built-in.o
  CC      init/do_mounts.o
  AS      arch/arm/vdso/datapage.o
  HOSTCC  arch/arm/vdso/vdsomunge
  AS      arch/arm/vfp/entry.o
  AS      arch/arm/vfp/vfphw.o
  VDSO    arch/arm/vdso/vdso.so.raw
  MUNGE   arch/arm/vdso/vdso.so.dbg
  CC      arch/arm/vfp/vfpsingle.o
  OBJCOPY arch/arm/vdso/vdso.so
  AS      arch/arm/vdso/vdso.o
  AR      arch/arm/vdso/built-in.o
  CC      init/do_mounts_rd.o
  CC      arch/arm/vfp/vfpdouble.o
  CC      arch/arm/kernel/elf.o
  CC      arch/arm/mm/extable.o
  CC      arch/arm/mm/fault.o
  AS      arch/arm/kernel/entry-common.o
  CC      arch/arm/kernel/irq.o
  CC      init/do_mounts_initrd.o
  AR      arch/arm/vfp/vfp.o
  AR      arch/arm/vfp/built-in.o
  CC      init/initramfs.o
  CC      arch/arm/kernel/opcodes.o
  CC      arch/arm/mm/init.o
  CC      arch/arm/kernel/process.o
  CC      arch/arm/kernel/ptrace.o
  CC      init/calibrate.o
  CC      init/init_task.o
  CC      arch/arm/mm/iomap.o
  CC      arch/arm/kernel/reboot.o
  CC      init/version.o
  CC      arch/arm/kernel/return_address.o
  CC      arch/arm/mm/dma-mapping.o
  AR      init/mounts.o
  AR      init/built-in.o
  CC      arch/arm/kernel/setup.o
  CC      arch/arm/common/firmware.o
  CC      arch/arm/kernel/signal.o
  AR      arch/arm/common/built-in.o
  AS      arch/arm/kernel/sigreturn_codes.o
  CC      arch/arm/probes/decode.o
  AR      arch/arm/net/built-in.o
  CC      arch/arm/probes/kprobes/core.o
  CC      arch/arm/mm/fault-armv.o
  AR      arch/arm/crypto/built-in.o
  AS [M]  arch/arm/crypto/aes-cipher-core.o
  CC [M]  arch/arm/crypto/aes-cipher-glue.o
  CC      arch/arm/kernel/stacktrace.o
  CC      arch/arm/mm/flush.o
  AS [M]  arch/arm/crypto/sha1-armv4-large.o
  CC      arch/arm/kernel/sys_arm.o
  CC [M]  arch/arm/crypto/sha1_glue.o
  CC      arch/arm/probes/kprobes/actions-common.o
  CC      arch/arm/kernel/time.o
  CC      arch/arm/probes/kprobes/checkers-common.o
  CC      arch/arm/mm/idmap.o
  LD [M]  arch/arm/crypto/aes-arm.o
  CC      arch/arm/kernel/traps.o
  LD [M]  arch/arm/crypto/sha1-arm.o
  CC      arch/arm/mm/ioremap.o
  CC      arch/arm/probes/kprobes/actions-arm.o
  AR      arch/arm/firmware/built-in.o
  CC      arch/arm/mm/mmap.o
  CC      arch/arm/probes/kprobes/checkers-arm.o
  CC      arch/arm/mach-bcm/board_bcm2835.o
  CC      arch/arm/mm/pgd.o
  CC      arch/arm/probes/kprobes/opt-arm.o
  AS      arch/arm/kernel/entry-armv.o
  CC      arch/arm/kernel/bugs.o
  CC      arch/arm/kernel/fiq.o
  CC      arch/arm/mm/mmu.o
  CC      arch/arm/mach-bcm/platsmp.o
  AR      arch/arm/probes/kprobes/built-in.o
  CC      arch/arm/probes/decode-arm.o
  AR      arch/arm/mach-bcm/built-in.o
  CC      arch/arm/mm/pageattr.o
  AS      arch/arm/kernel/fiqasm.o
  AR      arch/arm/probes/built-in.o
  CC      arch/arm/kernel/armksyms.o
  CC      kernel/fork.o
  CC      arch/arm/kernel/module.o
  CC      arch/arm/mm/proc-syms.o
  CC      arch/arm/mm/alignment.o
  CC      arch/arm/kernel/smp.o
  CC      arch/arm/kernel/smp_tlb.o
  AS      arch/arm/mm/abort-ev7.o
  AS      arch/arm/mm/pabort-v7.o
  AS      arch/arm/mm/cache-v7.o
  CC      arch/arm/mm/copypage-v6.o
  AR      certs/built-in.o
  CC      arch/arm/mm/context.o
  CC      arch/arm/kernel/arch_timer.o
  AS      arch/arm/kernel/entry-ftrace.o
  AS      arch/arm/mm/tlb-v7.o
  CC      arch/arm/kernel/ftrace.o
  CC      arch/arm/kernel/insn.o
  CC      mm/filemap.o
  AS      arch/arm/mm/proc-v7.o
  CC      arch/arm/mm/proc-v7-bugs.o
  CC      arch/arm/kernel/patch.o
  CC      kernel/exec_domain.o
  AR      arch/arm/mm/built-in.o
  CC      arch/arm/kernel/kgdb.o
  CC      mm/mempool.o
  CC      kernel/panic.o
  CC      arch/arm/kernel/unwind.o
  CC      arch/arm/kernel/devtree.o
  CC      kernel/cpu.o
  CC      arch/arm/kernel/swp_emulate.o
  CC      fs/open.o
  CC      arch/arm/kernel/hw_breakpoint.o
  CC      mm/oom_kill.o
  CC      arch/arm/kernel/perf_regs.o
  CC      kernel/exit.o
  CC      arch/arm/kernel/perf_callchain.o
  CC      fs/read_write.o
  CC      arch/arm/kernel/perf_event_xscale.o
  CC      arch/arm/kernel/perf_event_v6.o
  CC      arch/arm/kernel/perf_event_v7.o
  CC      mm/maccess.o
  CC      arch/arm/kernel/topology.o
  CC      mm/page_alloc.o
  CC      kernel/softirq.o
  CC      fs/file_table.o
  CC      arch/arm/kernel/vdso.o
  CC      arch/arm/kernel/io.o
  AS      arch/arm/kernel/hyp-stub.o
  AS      arch/arm/kernel/smccc-call.o
  CC      fs/super.o
  AS      arch/arm/kernel/head.o
  LDS     arch/arm/kernel/vmlinux.lds
  AR      arch/arm/kernel/built-in.o
  CC      ipc/util.o
  CC      kernel/resource.o
  CC      ipc/msgutil.o
  CC      kernel/sysctl.o
  CC      fs/char_dev.o
  CC      ipc/msg.o
  CC      ipc/sem.o
  CC      mm/page-writeback.o
  CC      fs/stat.o
  CC      kernel/sysctl_binary.o
  CC      fs/exec.o
  CC      ipc/shm.o
  CC      kernel/capability.o
  CC      ipc/syscall.o
  CC      ipc/ipc_sysctl.o
  CC      kernel/ptrace.o
  CC      fs/pipe.o
  CC      ipc/mqueue.o
  CC      mm/readahead.o
  CC      mm/swap.o
  CC      kernel/user.o
  CC      fs/namei.o
  CC      ipc/namespace.o
  CC      kernel/signal.o
  CC      ipc/mq_sysctl.o
  AR      ipc/built-in.o
  CC      security/keys/gc.o
  CC      security/keys/key.o
  CC      mm/truncate.o
  CC      security/keys/keyring.o
  CC      mm/vmscan.o
  CC      fs/fcntl.o
  CC      kernel/sys.o
  CC      security/keys/keyctl.o
  CC      fs/ioctl.o
  CC      security/keys/permission.o
  CC      kernel/umh.o
  CC      security/keys/process_keys.o
  CC      fs/readdir.o
  CC      security/keys/request_key.o
  CC      kernel/workqueue.o
  CC      fs/select.o
  CC      security/keys/request_key_auth.o
  CC      mm/shmem.o
  CC      security/keys/user_defined.o
  CC      security/keys/proc.o
  CC      security/keys/sysctl.o
  CC      fs/dcache.o
  AR      security/keys/built-in.o
  CC      security/commoncap.o
  CC      security/min_addr.o
  CC      kernel/pid.o
  CC      mm/util.o
  CC      security/device_cgroup.o
  AR      security/built-in.o
  CC      kernel/task_work.o
  CC      crypto/api.o
  CC      fs/inode.o
  CC      mm/mmzone.o
  CC      kernel/extable.o
  CC      mm/vmstat.o
  CC      kernel/params.o
  CC      crypto/cipher.o
  CC      crypto/compress.o
  CC      fs/attr.o
  CC      kernel/kthread.o
  CC      crypto/memneq.o
  CC      mm/backing-dev.o
  CC      fs/bad_inode.o
  CC      crypto/crypto_wq.o
  CC      kernel/sys_ni.o
  CC      fs/file.o
  CC      kernel/nsproxy.o
  CC      crypto/algapi.o
  CC      mm/mm_init.o
  CC      kernel/notifier.o
  CC      mm/mmu_context.o
  CC      fs/filesystems.o
  CC      kernel/ksysfs.o
  CC      mm/percpu.o
  CC      crypto/scatterwalk.o
  CC      fs/namespace.o
  CC      kernel/cred.o
  CC      crypto/proc.o
  CC      kernel/reboot.o
  CC      crypto/aead.o
  CC      mm/slab_common.o
  CC      kernel/async.o
  CC      crypto/ablkcipher.o
  CC      fs/seq_file.o
  CC      kernel/range.o
  CC      kernel/smpboot.o
  CC      kernel/ucount.o
  CC      fs/xattr.o
  CC      crypto/blkcipher.o
  CC      mm/compaction.o
  CC      kernel/kmod.o
  CC      crypto/skcipher.o
  CC      fs/libfs.o
  CC      kernel/groups.o
  CC      kernel/bpf/core.o
  CC      crypto/ahash.o
  CC      fs/fs-writeback.o
  CC      mm/vmacache.o
  CC      mm/swap_slots.o
  CC      mm/interval_tree.o
  CC      crypto/shash.o
  CC      mm/list_lru.o
  CC      crypto/akcipher.o
  AR      kernel/bpf/built-in.o
  CC      kernel/cgroup/cgroup.o
  CC      mm/workingset.o
  CC      crypto/kpp.o
  CC      mm/debug.o
  CC      fs/pnode.o
  CC      fs/splice.o
  CC      crypto/acompress.o
  CC      mm/gup.o
  CC      crypto/scompress.o
  CC      mm/highmem.o
  CC      fs/sync.o
  CC      mm/memory.o
  CC      crypto/algboss.o
  CC      kernel/cgroup/namespace.o
  CC      fs/utimes.o
  CC      crypto/testmgr.o
  CC      fs/stack.o
  CC      kernel/cgroup/cgroup-v1.o
  CC      crypto/crypto_null.o
  CC      fs/fs_struct.o
  CC      fs/statfs.o
  CC      mm/mincore.o
  CC      crypto/cbc.o
  CC      kernel/cgroup/freezer.o
  CC      mm/mlock.o
  CC      kernel/cgroup/cpuset.o
  CC      fs/fs_pin.o
  CC      crypto/des_generic.o
  CC      fs/nsfs.o
  CC      fs/buffer.o
  CC      crypto/aes_generic.o
  CC      mm/mmap.o
  AR      kernel/cgroup/built-in.o
  CC      kernel/debug/debug_core.o
  CC      crypto/crc32c_generic.o
  CC      crypto/crc32_generic.o
  CC      kernel/debug/gdbstub.o
  CC      mm/mprotect.o
  CC      crypto/rng.o
  CC      fs/block_dev.o
  CC      kernel/debug/kdb/kdb_io.o
  CC      mm/mremap.o
  CC      crypto/hash_info.o
  CC [M]  crypto/seqiv.o
  CC      mm/msync.o
  CC      kernel/debug/kdb/kdb_main.o
  CC [M]  crypto/echainiv.o
  CC      fs/direct-io.o
  CC      mm/page_vma_mapped.o
  CC [M]  crypto/crypto_user.o
  CC      mm/pagewalk.o
  CC [M]  crypto/cmac.o
  CC      mm/pgtable-generic.o
  CC      kernel/debug/kdb/kdb_support.o
  CC      mm/rmap.o
  CC [M]  crypto/hmac.o
  CC [M]  crypto/xcbc.o
  CC      kernel/debug/kdb/kdb_bt.o
  CC      fs/mpage.o
  CC [M]  crypto/md4.o
  GENKDB  kernel/debug/kdb/gen-kdb_cmds.c
  CC      kernel/debug/kdb/kdb_bp.o
  CC      mm/vmalloc.o
  CC [M]  crypto/md5.o
  CC      kernel/debug/kdb/kdb_debugger.o
  CC      fs/proc_namespace.o
  CC      kernel/debug/kdb/kdb_keyboard.o
  AR      fs/9p/built-in.o
  CC [M]  fs/9p/vfs_super.o
  CC [M]  crypto/sha1_generic.o
  CC      kernel/debug/kdb/gen-kdb_cmds.o
  AR      kernel/debug/kdb/built-in.o
  AR      kernel/debug/built-in.o
  CC      kernel/events/core.o
  CC      mm/process_vm_access.o
  CC [M]  fs/9p/vfs_inode.o
  CC [M]  crypto/sha256_generic.o
  CC      mm/init-mm.o
  CC      mm/nobootmem.o
  CC [M]  fs/9p/vfs_inode_dotl.o
  CC      mm/fadvise.o
  CC [M]  crypto/sha512_generic.o
  CC [M]  fs/9p/vfs_addr.o
  CC      mm/madvise.o
  CC [M]  fs/9p/vfs_file.o
  CC [M]  crypto/wp512.o
  CC      mm/memblock.o
  CC [M]  fs/9p/vfs_dir.o
  CC [M]  crypto/tgr192.o
  CC      mm/page_io.o
  CC [M]  fs/9p/vfs_dentry.o
  CC [M]  crypto/gf128mul.o
  CC [M]  fs/9p/v9fs.o
  CC [M]  crypto/ecb.o
  CC      mm/swap_state.o
  CC [M]  crypto/cts.o
  CC [M]  fs/9p/fid.o
  CC      kernel/events/ring_buffer.o
  CC      mm/swapfile.o
  CC [M]  fs/9p/xattr.o
  CC [M]  crypto/xts.o
  CC [M]  fs/9p/acl.o
  CC      kernel/events/callchain.o
  LD [M]  fs/9p/9p.o
  CC      fs/autofs4/init.o
  CC [M]  crypto/ctr.o
  CC      kernel/events/hw_breakpoint.o
  CC      fs/autofs4/inode.o
  CC [M]  crypto/gcm.o
  CC      fs/autofs4/root.o
  CC      mm/frontswap.o
  AR      kernel/events/built-in.o
  CC      kernel/irq/irqdesc.o
  CC      fs/autofs4/symlink.o
  CC      fs/autofs4/waitq.o
  CC [M]  crypto/ccm.o
  CC      mm/dmapool.o
  CC      kernel/irq/handle.o
  CC      fs/autofs4/expire.o
  CC      kernel/irq/manage.o
  CC [M]  crypto/cryptd.o
  CC      fs/autofs4/dev-ioctl.o
  CC      mm/slub.o
  AR      fs/autofs4/autofs4.o
  AR      fs/autofs4/built-in.o
  AR      fs/btrfs/built-in.o
  CC [M]  fs/btrfs/super.o
  CC      kernel/irq/spurious.o
  CC [M]  crypto/cast_common.o
  CC      kernel/irq/resend.o
  CC [M]  crypto/cast5_generic.o
  CC      kernel/irq/chip.o
  CC [M]  crypto/arc4.o
  CC [M]  crypto/deflate.o
  CC      kernel/irq/dummychip.o
  CC [M]  crypto/michael_mic.o
  CC      mm/migrate.o
  CC      kernel/irq/devres.o
  CC [M]  crypto/authenc.o
  CC      kernel/irq/autoprobe.o
  CC [M]  fs/btrfs/ctree.o
  CC      kernel/irq/irqdomain.o
  CC [M]  crypto/authencesn.o
  CC      mm/page_counter.o
  CC      mm/memcontrol.o
  CC      kernel/irq/irq_sim.o
  CC [M]  crypto/lzo.o
  CC [M]  crypto/lz4.o
  CC      kernel/irq/proc.o
  CC [M]  crypto/drbg.o
  CC      kernel/irq/affinity.o
  CC      kernel/irq/debugfs.o
  CC [M]  crypto/jitterentropy.o
  CC [M]  crypto/jitterentropy-kcapi.o
  AR      kernel/irq/built-in.o
  AR      kernel/livepatch/built-in.o
  CC      kernel/locking/semaphore.o
  CC [M]  crypto/ghash-generic.o
  CC [M]  fs/btrfs/extent-tree.o
  CC      kernel/locking/percpu-rwsem.o
  CC [M]  crypto/af_alg.o
  CC      kernel/locking/rwsem.o
  CC      mm/vmpressure.o
  CC      kernel/locking/spinlock.o
  CC      kernel/locking/rtmutex.o
  CC      mm/cleancache.o
  CC [M]  crypto/algif_skcipher.o
  CC      mm/page_isolation.o
  CC [M]  crypto/ecc.o
  CC      mm/early_ioremap.o
  CC      kernel/locking/mutex-rt.o
  CC      mm/cma.o
  CC      kernel/locking/rwsem-rt.o
  CC [M]  crypto/ecdh.o
  CC      mm/frame_vector.o
  CC      kernel/locking/rwlock-rt.o
  CC [M]  crypto/ecdh_helper.o
  AR      kernel/locking/built-in.o
  CC      kernel/power/qos.o
  CC [M]  mm/zsmalloc.o
  CC [M]  crypto/xor.o
  AR      crypto/async_tx/built-in.o
  CC [M]  crypto/async_tx/async_tx.o
  CC      kernel/power/main.o
  AR      mm/built-in.o
  CC [M]  crypto/async_tx/async_memcpy.o
  CC [M]  fs/btrfs/print-tree.o
  CC      kernel/power/process.o
  CC      kernel/power/poweroff.o
  CC      fs/cachefiles/bind.o
  CC [M]  crypto/async_tx/async_xor.o
  AR      kernel/power/built-in.o
  CC      kernel/printk/printk.o
  CC [M]  fs/btrfs/root-tree.o
  CC      fs/cachefiles/daemon.o
kernel/printk/printk.c: In function 'console_unlock':
kernel/printk/printk.c:2503:1: warning: label 'out' defined but not used [-Wunused-label]
 out:
 ^~~
At top level:
kernel/printk/printk.c:1723:12: warning: 'console_trylock_spinning' defined but not used [-Wunused-function]
 static int console_trylock_spinning(void)
            ^~~~~~~~~~~~~~~~~~~~~~~~
kernel/printk/printk.c:1686:12: warning: 'console_lock_spinning_disable_and_check' defined but not used [-Wunused-function]
 static int console_lock_spinning_disable_and_check(void)
            ^~~~~~~~~~~~~~~~~~~~~~~~~~~~~~~~~~~~~~~
kernel/printk/printk.c:1661:13: warning: 'console_lock_spinning_enable' defined but not used [-Wunused-function]
 static void console_lock_spinning_enable(void)
             ^~~~~~~~~~~~~~~~~~~~~~~~~~~~
  CC [M]  crypto/async_tx/async_pq.o
  CC      fs/cachefiles/interface.o
  CC [M]  fs/btrfs/dir-item.o
  CC      fs/cachefiles/key.o
  CC [M]  crypto/async_tx/async_raid6_recov.o
  CC      fs/cachefiles/main.o
  CC [M]  fs/btrfs/file-item.o
  CC      kernel/printk/printk_safe.o
  CC      fs/cachefiles/namei.o
  AR      crypto/crypto.o
  AR      crypto/crypto_algapi.o
  AR      crypto/crypto_blkcipher.o
  AR      crypto/crypto_hash.o
  AR      crypto/crypto_acompress.o
  AR      crypto/cryptomgr.o
  LD [M]  crypto/jitterentropy_rng.o
  LD [M]  crypto/ecdh_generic.o
  AR      crypto/built-in.o
  AR      fs/cifs/built-in.o
  CC [M]  fs/cifs/cifsfs.o
  AR      kernel/printk/built-in.o
  CC      kernel/rcu/update.o
  CC      fs/cachefiles/rdwr.o
  CC [M]  fs/btrfs/inode-item.o
  CC [M]  fs/cifs/cifssmb.o
  CC      kernel/rcu/sync.o
  CC [M]  fs/btrfs/inode-map.o
  CC      fs/cachefiles/security.o
  CC      kernel/rcu/srcutree.o
  CC      fs/cachefiles/xattr.o
  AR      fs/cachefiles/cachefiles.o
  AR      fs/cachefiles/built-in.o
  CC      kernel/rcu/tree.o
  CC [M]  fs/btrfs/disk-io.o
  CC [M]  fs/btrfs/transaction.o
  CC [M]  fs/cifs/cifs_debug.o
  CC [M]  fs/cifs/connect.o
  CC      kernel/rcu/rcu_segcblist.o
  CC [M]  fs/btrfs/inode.o
  CC [M]  fs/btrfs/file.o
  AR      kernel/rcu/built-in.o
  CC      kernel/sched/core.o
  CC [M]  fs/cifs/dir.o
  CC [M]  fs/cifs/file.o
  CC [M]  fs/cifs/inode.o
  CC      fs/configfs/inode.o
  CC      kernel/sched/loadavg.o
  CC      fs/configfs/file.o
  CC [M]  fs/cifs/link.o
  CC      fs/configfs/dir.o
  CC      kernel/sched/clock.o
  CC      kernel/sched/cputime.o
  CC [M]  fs/btrfs/tree-defrag.o
  CC [M]  fs/cifs/misc.o
  CC      fs/configfs/symlink.o
  CC      kernel/sched/idle_task.o
  CC [M]  fs/btrfs/extent_map.o
  CC      fs/configfs/mount.o
  CC      kernel/sched/fair.o
  CC [M]  fs/cifs/netmisc.o
  CC      fs/configfs/item.o
  CC [M]  fs/btrfs/sysfs.o
  AR      fs/configfs/configfs.o
  AR      fs/configfs/built-in.o
  CC      fs/debugfs/inode.o
  CC [M]  fs/cifs/smbencrypt.o
  CC      fs/debugfs/file.o
  CC [M]  fs/btrfs/struct-funcs.o
  CC [M]  fs/cifs/transport.o
  CC [M]  fs/btrfs/xattr.o
  AR      fs/debugfs/debugfs.o
  AR      fs/debugfs/built-in.o
  CC [M]  fs/btrfs/ordered-data.o
  CC [M]  fs/cifs/asn1.o
  CC [M]  fs/cifs/cifs_unicode.o
  CC      kernel/sched/rt.o
  CC [M]  fs/btrfs/extent_io.o
  CC [M]  fs/btrfs/volumes.o
  CC [M]  fs/cifs/nterr.o
  CC [M]  fs/cifs/cifsencrypt.o
  CC      kernel/sched/deadline.o
  CC [M]  fs/cifs/readdir.o
  CC [M]  fs/cifs/ioctl.o
  CC      kernel/sched/wait.o
  CC [M]  fs/cifs/sess.o
  CC      kernel/sched/wait_bit.o
  CC [M]  fs/cifs/export.o
  CC      kernel/sched/swait.o
  CC      kernel/sched/swork.o
  CC [M]  fs/cifs/smb1ops.o
  CC [M]  fs/cifs/winucase.o
  CC [M]  fs/btrfs/async-thread.o
  CC [M]  fs/btrfs/ioctl.o
  CC      kernel/sched/completion.o
  CC      kernel/sched/idle.o
  CC [M]  fs/cifs/smb2ops.o
  CC      kernel/sched/cpupri.o
  CC      block/bio.o
  CC      kernel/sched/cpudeadline.o
  CC      kernel/sched/topology.o
  CC [M]  fs/cifs/smb2maperror.o
  CC      kernel/sched/stop_task.o
  CC      block/elevator.o
  CC [M]  fs/cifs/smb2transport.o
  CC      kernel/sched/autogroup.o
  CC [M]  fs/btrfs/locking.o
  CC [M]  fs/cifs/smb2misc.o
  CC [M]  fs/btrfs/orphan.o
  CC      kernel/sched/stats.o
  CC      block/blk-core.o
  CC      kernel/sched/debug.o
  CC [M]  fs/cifs/smb2pdu.o
  CC [M]  fs/btrfs/export.o
  CC [M]  fs/btrfs/tree-log.o
  CC      kernel/sched/cpuacct.o
  CC [M]  fs/cifs/smb2inode.o
  CC      kernel/sched/cpufreq.o
  CC [M]  fs/cifs/smb2file.o
  CC      kernel/sched/cpufreq_schedutil.o
  CC      block/blk-tag.o
  CC      kernel/sched/membarrier.o
  CC [M]  fs/cifs/xattr.o
  CC      block/blk-sysfs.o
  AR      kernel/sched/built-in.o
  CC      kernel/time/time.o
  CC [M]  fs/btrfs/free-space-cache.o
  CC [M]  fs/cifs/cifsacl.o
  CC      block/blk-flush.o
  CC      kernel/time/timer.o
  CC      block/blk-settings.o
  CC [M]  fs/cifs/cifs_spnego.o
  CC [M]  fs/cifs/dns_resolve.o
  CC      block/blk-ioc.o
  CC [M]  fs/btrfs/zlib.o
  CC [M]  fs/cifs/cifs_dfs_ref.o
  CC      kernel/time/hrtimer.o
  CC [M]  fs/btrfs/lzo.o
  CC      block/blk-map.o
  CC [M]  fs/btrfs/zstd.o
  CC [M]  fs/cifs/fscache.o
  CC      block/blk-exec.o
  CC [M]  fs/btrfs/compression.o
  CC [M]  fs/cifs/cache.o
  CC      kernel/time/timekeeping.o
  CC      block/blk-merge.o
  LD [M]  fs/cifs/cifs.o
  CC      kernel/time/ntp.o
  CC [M]  fs/btrfs/delayed-ref.o
  CC [M]  fs/btrfs/relocation.o
  CC      block/blk-softirq.o
  CC      kernel/time/clocksource.o
  CC      kernel/time/jiffies.o
  CC      block/blk-timeout.o
  CC      block/blk-lib.o
  CC      kernel/time/timer_list.o
  CC      kernel/time/timeconv.o
  CC      kernel/time/timecounter.o
  CC      fs/devpts/inode.o
  CC      kernel/time/alarmtimer.o
  CC      block/blk-mq.o
  AR      fs/devpts/devpts.o
  AR      fs/devpts/built-in.o
  CC [M]  fs/btrfs/delayed-inode.o
  CC      drivers/amba/bus.o
  CC      kernel/time/posix-timers.o
  AR      drivers/amba/built-in.o
  AR      drivers/atm/built-in.o
  AR      drivers/auxdisplay/built-in.o
  CC [M]  drivers/auxdisplay/charlcd.o
  CC      kernel/time/posix-cpu-timers.o
  CC [M]  fs/btrfs/scrub.o
  CC [M]  drivers/auxdisplay/hd44780.o
  CC      block/blk-mq-tag.o
  CC      drivers/base/component.o
  CC      kernel/time/posix-clock.o
  CC      block/blk-stat.o
  CC      drivers/base/core.o
  CC      kernel/time/itimer.o
  CC      block/blk-mq-sysfs.o
  CC      kernel/time/clockevents.o
  CC [M]  fs/btrfs/reada.o
  CC      block/blk-mq-cpumap.o
  CC      kernel/time/tick-common.o
  CC      drivers/base/bus.o
  CC      block/blk-mq-sched.o
  CC [M]  fs/btrfs/backref.o
  CC      drivers/base/dd.o
  CC      kernel/time/tick-broadcast.o
  CC      block/ioctl.o
  CC      kernel/time/tick-broadcast-hrtimer.o
  CC      drivers/base/syscore.o
  CC [M]  fs/btrfs/ulist.o
  CC      kernel/time/sched_clock.o
  CC      kernel/time/tick-oneshot.o
  CC      drivers/base/driver.o
  CC      block/genhd.o
  CC [M]  fs/btrfs/qgroup.o
  CC      kernel/time/tick-sched.o
  CC      drivers/base/class.o
  CC      kernel/time/timekeeping_debug.o
  CC      drivers/base/platform.o
  CC      block/partition-generic.o
  AR      kernel/time/built-in.o
  CC      kernel/trace/trace_clock.o
  CC      kernel/trace/ftrace.o
  CC [M]  fs/btrfs/send.o
  CC      drivers/base/cpu.o
  CC      block/ioprio.o
  CC      drivers/base/firmware.o
  CC      drivers/base/init.o
  CC      block/badblocks.o
  CC      drivers/base/map.o
  CC      drivers/base/devres.o
  CC      block/partitions/check.o
  CC      drivers/base/attribute_container.o
  CC      block/partitions/mac.o
  CC      kernel/trace/ring_buffer.o
  CC [M]  fs/btrfs/dev-replace.o
  CC      block/partitions/msdos.o
  CC      drivers/base/transport_class.o
  CC      drivers/base/topology.o
  CC      block/partitions/efi.o
  CC      drivers/base/container.o
  CC [M]  fs/btrfs/raid56.o
  CC      drivers/base/property.o
  AR      block/partitions/built-in.o
  CC      block/scsi_ioctl.o
  CC      kernel/trace/trace.o
  CC      block/bsg.o
  CC      drivers/base/cacheinfo.o
  CC [M]  fs/btrfs/uuid-tree.o
  CC      drivers/base/devtmpfs.o
  CC [M]  fs/btrfs/props.o
  CC      block/bsg-lib.o
  CC      drivers/base/dma-contiguous.o
  CC      drivers/base/power/sysfs.o
  CC [M]  fs/btrfs/hash.o
  CC      block/blk-cgroup.o
  CC [M]  fs/btrfs/free-space-tree.o
  CC      drivers/base/power/generic_ops.o
  CC      drivers/base/power/common.o
  CC      block/blk-throttle.o
  CC      drivers/base/power/qos.o
  CC      kernel/trace/trace_output.o
  CC [M]  fs/btrfs/tree-checker.o
  CC      drivers/base/power/runtime.o
  CC [M]  fs/btrfs/acl.o
  CC      kernel/trace/trace_seq.o
  CC      block/noop-iosched.o
  LD [M]  fs/btrfs/btrfs.o
  CC      block/deadline-iosched.o
  AR      fs/dlm/built-in.o
  CC [M]  fs/dlm/ast.o
  CC      kernel/trace/trace_stat.o
  CC      drivers/base/power/wakeirq.o
  CC [M]  fs/dlm/config.o
  CC      block/cfq-iosched.o
  CC      kernel/trace/trace_printk.o
  CC      drivers/base/power/domain.o
  CC [M]  fs/dlm/dir.o
  CC      kernel/trace/trace_sched_switch.o
  CC [M]  fs/dlm/lock.o
  CC      kernel/trace/trace_functions.o
  CC      drivers/base/power/domain_governor.o
  CC      kernel/trace/trace_irqsoff.o
  CC      drivers/base/power/clock_ops.o
  CC      block/mq-deadline.o
  AR      drivers/base/power/built-in.o
  CC      kernel/trace/trace_sched_wakeup.o
  CC      drivers/base/regmap/regmap.o
  CC      block/kyber-iosched.o
  CC      kernel/trace/trace_nop.o
  CC      block/blk-mq-debugfs.o
  CC [M]  fs/dlm/lockspace.o
  CC      kernel/trace/trace_stack.o
  CC [M]  fs/dlm/main.o
  AR      block/built-in.o
  CC      kernel/trace/trace_functions_graph.o
  AR      fs/ecryptfs/built-in.o
  CC [M]  fs/ecryptfs/dentry.o
  CC [M]  fs/dlm/member.o
  CC [M]  fs/ecryptfs/file.o
  CC      drivers/base/regmap/regcache.o
  CC [M]  fs/dlm/memory.o
  CC      kernel/trace/blktrace.o
  CC [M]  fs/ecryptfs/inode.o
  CC [M]  fs/dlm/midcomms.o
  CC      drivers/base/regmap/regcache-rbtree.o
  CC [M]  fs/dlm/netlink.o
  CC      drivers/base/regmap/regcache-flat.o
  CC [M]  fs/ecryptfs/main.o
  CC [M]  fs/dlm/lowcomms.o
  CC      drivers/base/regmap/regmap-debugfs.o
  CC [M]  fs/ecryptfs/super.o
  CC      kernel/trace/trace_events.o
  CC      drivers/base/regmap/regmap-i2c.o
  CC [M]  fs/ecryptfs/mmap.o
  CC [M]  fs/dlm/plock.o
  CC      drivers/base/regmap/regmap-spi.o
  CC [M]  fs/ecryptfs/read_write.o
  CC [M]  fs/dlm/rcom.o
  CC      drivers/base/regmap/regmap-mmio.o
  CC [M]  fs/dlm/recover.o
  CC [M]  fs/ecryptfs/crypto.o
  CC      drivers/base/regmap/regmap-irq.o
  CC      kernel/trace/trace_export.o
  CC [M]  fs/dlm/recoverd.o
  CC      kernel/trace/trace_event_perf.o
  CC [M]  fs/dlm/requestqueue.o
  AR      drivers/base/regmap/built-in.o
  CC [M]  fs/ecryptfs/keystore.o
  AR      drivers/base/test/built-in.o
  CC      drivers/base/dma-mapping.o
  CC [M]  fs/dlm/user.o
  CC      kernel/trace/trace_events_filter.o
  CC      drivers/base/dma-coherent.o
  CC [M]  fs/dlm/util.o
  CC [M]  fs/ecryptfs/kthread.o
  LD [M]  fs/dlm/dlm.o
  CC      drivers/base/firmware_class.o
  CC [M]  fs/ecryptfs/debug.o
  AR      fs/exofs/built-in.o
  CC      fs/exportfs/expfs.o
  CC      kernel/trace/trace_events_trigger.o
  LD [M]  fs/ecryptfs/ecryptfs.o
  CC      fs/ext4/balloc.o
  CC      drivers/base/module.o
  AR      fs/exportfs/exportfs.o
  AR      fs/exportfs/built-in.o
  CC      fs/ext4/bitmap.o
  CC      drivers/base/pinctrl.o
  CC      drivers/base/devcoredump.o
  CC      fs/f2fs/dir.o
  CC      fs/ext4/block_validity.o
  CC      kernel/trace/trace_kprobe.o
  CC      drivers/base/arch_topology.o
  CC      fs/f2fs/file.o
  CC      fs/ext4/dir.o
  AR      drivers/base/built-in.o
  AR      drivers/bcma/built-in.o
  CC [M]  drivers/bcma/main.o
  CC      kernel/trace/power-traces.o
  CC      fs/ext4/ext4_jbd2.o
  CC [M]  drivers/bcma/scan.o
  CC      fs/ext4/extents.o
  CC [M]  drivers/bcma/core.o
  CC      kernel/trace/rpm-traces.o
  CC [M]  drivers/bcma/sprom.o
  CC      kernel/trace/trace_kdb.o
  CC      fs/f2fs/inode.o
  CC      kernel/trace/trace_probe.o
  CC [M]  drivers/bcma/driver_chipcommon.o
  AR      kernel/trace/libftrace.o
  AR      kernel/trace/built-in.o
  CC      fs/f2fs/namei.o
  CC      kernel/freezer.o
  CC [M]  drivers/bcma/driver_chipcommon_pmu.o
  CC      kernel/profile.o
  CC      fs/ext4/extents_status.o
  CC [M]  drivers/bcma/driver_chipcommon_b.o
  CC      fs/f2fs/hash.o
  CC      fs/f2fs/super.o
  CC      kernel/stacktrace.o
  LD [M]  drivers/bcma/bcma.o
  CC      drivers/block/brd.o
  CC      kernel/futex.o
  CC      fs/ext4/file.o
  CC      drivers/block/loop.o
  CC      fs/ext4/fsmap.o
  CC      kernel/smp.o
  CC      fs/ext4/fsync.o
  CC [M]  drivers/block/pktcdvd.o
  CC      kernel/uid16.o
  CC      fs/ext4/hash.o
  CC      kernel/module.o
  CC      fs/f2fs/inline.o
  CC      fs/ext4/ialloc.o
  CC [M]  drivers/block/nbd.o
  CC      fs/f2fs/checkpoint.o
  CC      fs/ext4/indirect.o
  CC [M]  drivers/block/cryptoloop.o
  CC      kernel/kallsyms.o
  CC      fs/f2fs/gc.o
  AR      drivers/block/drbd/built-in.o
  CC [M]  drivers/block/drbd/drbd_bitmap.o
  CC      fs/ext4/inline.o
  CC      kernel/acct.o
  CC      fs/f2fs/data.o
  CC      fs/ext4/inode.o
  CC      kernel/utsname.o
  CC [M]  drivers/block/drbd/drbd_proc.o
  CC      kernel/user_namespace.o
  CC [M]  drivers/block/drbd/drbd_worker.o
  CC      kernel/pid_namespace.o
  CC      kernel/stop_machine.o
  CC      kernel/kprobes.o
  CC      fs/f2fs/node.o
  CC [M]  drivers/block/drbd/drbd_receiver.o
  CC      fs/ext4/ioctl.o
  CC      kernel/hung_task.o
  CC      fs/ext4/mballoc.o
  CC      kernel/seccomp.o
  CC      fs/f2fs/segment.o
  CC      kernel/relay.o
  CC      kernel/utsname_sysctl.o
  CC      kernel/delayacct.o
  CC [M]  drivers/block/drbd/drbd_req.o
  CC      kernel/taskstats.o
  CC      fs/ext4/migrate.o
  CC      kernel/tsacct.o
  CC      fs/f2fs/recovery.o
  CC      fs/ext4/mmp.o
  CC      kernel/tracepoint.o
  CC [M]  drivers/block/drbd/drbd_actlog.o
  CC      fs/ext4/move_extent.o
  CC      kernel/latencytop.o
  CC      fs/f2fs/shrinker.o
  CC      kernel/elfcore.o
  CC      fs/ext4/namei.o
  CC      fs/f2fs/extent_cache.o
  CC      kernel/irq_work.o
  CC [M]  drivers/block/drbd/drbd_main.o
  CC      kernel/memremap.o
  CC      fs/f2fs/sysfs.o
  GZIP    kernel/config_data.gz
  AR      kernel/built-in.o
  CHK     kernel/config_data.h
  UPD     kernel/config_data.h
  CC [M]  kernel/configs.o
  CC      fs/f2fs/debug.o
  CC [M]  drivers/block/drbd/drbd_strings.o
  AR      drivers/block/zram/built-in.o
  CC [M]  drivers/block/zram/zcomp.o
  CC [M]  drivers/block/zram/zram_drv.o
  CC      fs/ext4/page-io.o
  CC      fs/f2fs/xattr.o
  CC      fs/ext4/readpage.o
  LD [M]  drivers/block/zram/zram.o
  AR      drivers/block/built-in.o
  AR      drivers/block/aoe/built-in.o
  CC [M]  drivers/block/aoe/aoeblk.o
  CC      fs/f2fs/acl.o
  CC      fs/ext4/resize.o
  CC [M]  drivers/block/aoe/aoechr.o
  AR      fs/f2fs/f2fs.o
  AR      fs/f2fs/built-in.o
  CC      fs/fat/cache.o
  CC [M]  drivers/block/drbd/drbd_nl.o
  CC [M]  drivers/block/aoe/aoecmd.o
  CC      fs/fat/dir.o
  CC      fs/ext4/super.o
  CC      fs/fat/fatent.o
  CC [M]  drivers/block/aoe/aoedev.o
  CC [M]  drivers/block/aoe/aoemain.o
  CC      fs/fat/file.o
  CC [M]  drivers/block/aoe/aoenet.o
  LD [M]  drivers/block/aoe/aoe.o
  CC      fs/fat/inode.o
  CC      fs/fscache/cache.o
  CC [M]  drivers/block/drbd/drbd_interval.o
  CC [M]  drivers/block/drbd/drbd_state.o
  CC      fs/fscache/cookie.o
  CC      fs/fat/misc.o
  CC      fs/fscache/fsdef.o
  CC      fs/fat/nfs.o
  CC      fs/fscache/main.o
  CC      fs/fat/namei_vfat.o
  CC [M]  drivers/block/drbd/drbd_nla.o
  CC      fs/fscache/netfs.o
  CC [M]  drivers/block/drbd/drbd_debugfs.o
  CC      fs/fscache/object.o
  CC      fs/fat/namei_msdos.o
  AR      fs/fat/fat.o
  AR      fs/fat/vfat.o
  AR      fs/fat/msdos.o
  AR      fs/fat/built-in.o
  CC      sound/sound_core.o
  CC      fs/ext4/symlink.o
  CC      fs/fscache/operation.o
  LD [M]  drivers/block/drbd/drbd.o
  AR      drivers/bluetooth/built-in.o
  CC [M]  drivers/bluetooth/hci_vhci.o
  AR      sound/arm/built-in.o
  AR      sound/atmel/built-in.o
  AR      sound/core/built-in.o
  CC [M]  sound/core/sound.o
  CC      fs/ext4/sysfs.o
  CC      fs/fscache/page.o
  CC [M]  sound/core/init.o
  CC      fs/ext4/xattr.o
  CC [M]  drivers/bluetooth/hci_ldisc.o
  CC [M]  sound/core/memory.o
  CC      fs/fscache/proc.o
  CC [M]  sound/core/control.o
  CC      fs/fscache/stats.o
  CC [M]  drivers/bluetooth/hci_serdev.o
  CC      fs/ext4/xattr_trusted.o
  CC      fs/fscache/histogram.o
  AR      fs/fscache/fscache.o
  AR      fs/fscache/built-in.o
  AR      sound/drivers/built-in.o
  CC [M]  sound/drivers/dummy.o
  CC      fs/ext4/xattr_user.o
  CC [M]  drivers/bluetooth/hci_h4.o
  CC [M]  sound/core/misc.o
  CC      fs/ext4/acl.o
  CC [M]  sound/drivers/aloop.o
  CC [M]  sound/core/device.o
  CC      fs/ext4/xattr_security.o
  CC [M]  sound/core/info.o
  CC [M]  drivers/bluetooth/hci_h5.o
  AR      fs/ext4/ext4.o
  AR      fs/ext4/built-in.o
  AR      fs/fuse/built-in.o
  CC [M]  fs/fuse/dev.o
  CC [M]  sound/drivers/virmidi.o
  CC [M]  sound/drivers/serial-u16550.o
  CC [M]  drivers/bluetooth/hci_bcm.o
  CC [M]  sound/core/vmaster.o
  CC [M]  sound/drivers/mtpav.o
  CC [M]  sound/core/ctljack.o
  CC [M]  drivers/bluetooth/bcm203x.o
  AR      sound/drivers/mpu401/built-in.o
  CC [M]  sound/drivers/mpu401/mpu401_uart.o
  CC [M]  fs/fuse/dir.o
  CC [M]  sound/core/jack.o
  CC [M]  drivers/bluetooth/bpa10x.o
  CC [M]  sound/core/hwdep.o
  CC [M]  sound/drivers/mpu401/mpu401.o
  LD [M]  sound/drivers/mpu401/snd-mpu401-uart.o
  LD [M]  sound/drivers/mpu401/snd-mpu401.o
  AR      sound/drivers/opl3/built-in.o
  AR      sound/drivers/opl4/built-in.o
  CC [M]  fs/fuse/file.o
  AR      sound/drivers/pcsp/built-in.o
  AR      sound/drivers/vx/built-in.o
  LD [M]  sound/drivers/snd-dummy.o
  LD [M]  sound/drivers/snd-aloop.o
  LD [M]  sound/drivers/snd-virmidi.o
  LD [M]  sound/drivers/snd-serial-u16550.o
  LD [M]  sound/drivers/snd-mtpav.o
  CC [M]  fs/fuse/inode.o
  CC [M]  drivers/bluetooth/bfusb.o
  CC [M]  sound/core/timer.o
  CC [M]  drivers/bluetooth/btusb.o
  AR      sound/firewire/built-in.o
  CC [M]  fs/fuse/control.o
  CC [M]  sound/core/hrtimer.o
  AR      sound/hda/built-in.o
  CC [M]  fs/fuse/xattr.o
  CC [M]  sound/core/pcm.o
  AR      sound/i2c/built-in.o
  AR      sound/i2c/other/built-in.o
  CC [M]  fs/fuse/acl.o
  AR      sound/isa/built-in.o
  AR      sound/isa/ad1816a/built-in.o
  AR      sound/isa/ad1848/built-in.o
  AR      sound/isa/cs423x/built-in.o
  AR      sound/isa/es1688/built-in.o
  AR      sound/isa/galaxy/built-in.o
  AR      sound/isa/gus/built-in.o
  AR      sound/isa/msnd/built-in.o
  AR      sound/isa/opti9xx/built-in.o
  AR      sound/isa/sb/built-in.o
  AR      sound/isa/wavefront/built-in.o
  AR      sound/isa/wss/built-in.o
  CC [M]  fs/fuse/cuse.o
  AR      sound/mips/built-in.o
  LD [M]  fs/fuse/fuse.o
  AR      sound/parisc/built-in.o
  AR      fs/gfs2/built-in.o
  CC [M]  fs/gfs2/acl.o
  CC [M]  drivers/bluetooth/btintel.o
  CC [M]  sound/core/pcm_native.o
  CC [M]  fs/gfs2/bmap.o
  CC [M]  fs/gfs2/dir.o
  CC [M]  drivers/bluetooth/ath3k.o
  AR      sound/pci/built-in.o
  AR      sound/pci/ac97/built-in.o
  AR      sound/pci/ali5451/built-in.o
  AR      sound/pci/asihpi/built-in.o
  AR      sound/pci/au88x0/built-in.o
  AR      sound/pci/aw2/built-in.o
  AR      sound/pci/ca0106/built-in.o
  AR      sound/pci/cs46xx/built-in.o
  AR      sound/pci/cs5535audio/built-in.o
  AR      sound/pci/ctxfi/built-in.o
  CC [M]  fs/gfs2/xattr.o
  AR      sound/pci/echoaudio/built-in.o
  AR      sound/pci/emu10k1/built-in.o
  AR      sound/pci/hda/built-in.o
  AR      sound/pci/ice1712/built-in.o
  AR      sound/pci/korg1212/built-in.o
  AR      sound/pci/lola/built-in.o
  AR      sound/pci/lx6464es/built-in.o
  AR      sound/pci/mixart/built-in.o
  AR      sound/pci/nm256/built-in.o
  AR      sound/pci/oxygen/built-in.o
  AR      sound/pci/pcxhr/built-in.o
  AR      sound/pci/riptide/built-in.o
  AR      sound/pci/rme9652/built-in.o
  AR      sound/pci/trident/built-in.o
  AR      sound/pci/vx222/built-in.o
  AR      sound/pci/ymfpci/built-in.o
  CC [M]  fs/gfs2/glock.o
  CC [M]  drivers/bluetooth/btmrvl_main.o
  CC [M]  sound/core/pcm_lib.o
  CC [M]  drivers/bluetooth/btmrvl_debugfs.o
  CC [M]  fs/gfs2/glops.o
  CC [M]  drivers/bluetooth/btmrvl_sdio.o
  CC [M]  sound/core/pcm_misc.o
  CC [M]  drivers/bluetooth/btwilink.o
  CC [M]  fs/gfs2/log.o
  CC [M]  fs/gfs2/lops.o
  CC [M]  sound/core/pcm_memory.o
  CC [M]  drivers/bluetooth/btbcm.o
  CC [M]  drivers/bluetooth/btrtl.o
  CC [M]  sound/core/memalloc.o
  CC [M]  fs/gfs2/main.o
  CC [M]  fs/gfs2/meta_io.o
  CC [M]  fs/gfs2/aops.o
  CC [M]  sound/core/pcm_timer.o
  CC [M]  sound/core/pcm_drm_eld.o
  CC [M]  fs/gfs2/dentry.o
  LD [M]  drivers/bluetooth/hci_uart.o
  LD [M]  drivers/bluetooth/btmrvl.o
  AR      drivers/bus/built-in.o
  AR      drivers/cdrom/built-in.o
  CC [M]  drivers/cdrom/cdrom.o
  AR      firmware/built-in.o
  CC [M]  fs/gfs2/export.o
  CC [M]  sound/core/pcm_dmaengine.o
  CC [M]  sound/core/seq_device.o
  CC [M]  fs/gfs2/file.o
  CC [M]  fs/gfs2/ops_fstype.o
  CC [M]  sound/core/rawmidi.o
  CC [M]  sound/core/compress_offload.o
  CC      drivers/char/mem.o
  CC [M]  fs/gfs2/inode.o
  CC      drivers/char/random.o
  CC [M]  fs/gfs2/quota.o
  AR      sound/core/seq/built-in.o
  CC [M]  sound/core/seq/seq.o
  CC [M]  sound/core/seq/seq_lock.o
  CC [M]  sound/core/seq/seq_clientmgr.o
  CC [M]  fs/gfs2/recovery.o
  CC [M]  sound/core/seq/seq_memory.o
  CC [M]  fs/gfs2/rgrp.o
  CC      drivers/char/ttyprintk.o
  CC [M]  fs/gfs2/super.o
  CC [M]  sound/core/seq/seq_queue.o
  CC      drivers/char/misc.o
  CC [M]  sound/core/seq/seq_fifo.o
  CC      drivers/char/raw.o
  CC [M]  sound/core/seq/seq_prioq.o
  CC [M]  sound/core/seq/seq_timer.o
  CC [M]  fs/gfs2/sys.o
  AR      drivers/char/agp/built-in.o
  CC      drivers/char/broadcom/vc_mem.o
  CC [M]  fs/gfs2/trans.o
  CC [M]  sound/core/seq/seq_system.o
  CC [M]  sound/core/seq/seq_ports.o
  CC [M]  fs/gfs2/util.o
  CC [M]  sound/core/seq/seq_info.o
  CC      drivers/char/broadcom/vcio.o
  LD [M]  fs/gfs2/gfs2.o
  AR      fs/hfs/built-in.o
  CC [M]  fs/hfs/bitmap.o
  AR      fs/hfsplus/built-in.o
  CC [M]  fs/hfsplus/super.o
  CC      drivers/char/broadcom/vc_sm/vmcs_sm.o
  CC [M]  sound/core/seq/seq_dummy.o
  CC [M]  fs/hfs/bfind.o
  CC [M]  sound/core/seq/seq_midi.o
  CC [M]  fs/hfsplus/options.o
  CC [M]  fs/hfs/bnode.o
  CC [M]  sound/core/seq/seq_midi_event.o
  CC [M]  fs/hfsplus/inode.o
  CC [M]  fs/hfs/brec.o
  CC [M]  sound/core/seq/seq_virmidi.o
  CC      drivers/char/broadcom/vc_sm/vc_vchi_sm.o
  CC [M]  fs/hfsplus/ioctl.o
  CC [M]  fs/hfs/btree.o
  AR      drivers/char/broadcom/vc_sm/vc-sm.o
  AR      drivers/char/broadcom/vc_sm/built-in.o
  CC      drivers/char/broadcom/bcm2835-gpiomem.o
  CC [M]  fs/hfsplus/extents.o
  LD [M]  sound/core/seq/snd-seq.o
  LD [M]  sound/core/seq/snd-seq-dummy.o
  LD [M]  sound/core/seq/snd-seq-midi.o
  LD [M]  sound/core/seq/snd-seq-midi-event.o
  LD [M]  sound/core/seq/snd-seq-virmidi.o
  LD [M]  sound/core/snd.o
  CC [M]  fs/hfs/catalog.o
  LD [M]  sound/core/snd-hwdep.o
  LD [M]  sound/core/snd-timer.o
  LD [M]  sound/core/snd-hrtimer.o
  LD [M]  sound/core/snd-pcm.o
  LD [M]  sound/core/snd-pcm-dmaengine.o
  LD [M]  sound/core/snd-seq-device.o
  LD [M]  sound/core/snd-rawmidi.o
  LD [M]  sound/core/snd-compress.o
  AR      sound/pcmcia/built-in.o
  AR      sound/pcmcia/pdaudiocf/built-in.o
  CC [M]  drivers/char/broadcom/bcm2835_smi_dev.o
  AR      sound/pcmcia/vx/built-in.o
  AR      sound/ppc/built-in.o
  AR      sound/sh/built-in.o
  AR      sound/soc/built-in.o
  CC [M]  sound/soc/soc-core.o
  CC [M]  fs/hfs/dir.o
  CC [M]  fs/hfsplus/catalog.o
  AR      drivers/char/broadcom/built-in.o
  CC      drivers/char/hw_random/core.o
  CC [M]  fs/hfs/extent.o
  CC [M]  fs/hfsplus/dir.o
  CC      drivers/char/hw_random/bcm2835-rng.o
  CC [M]  fs/hfs/inode.o
  CC [M]  drivers/char/hw_random/tpm-rng.o
  CC [M]  fs/hfsplus/btree.o
  AR      drivers/char/hw_random/rng-core.o
  AR      drivers/char/hw_random/built-in.o
  AR      drivers/char/tpm/built-in.o
  CC [M]  drivers/char/tpm/tpm-interface.o
  CC [M]  fs/hfs/attr.o
  CC [M]  fs/hfsplus/bnode.o
  CC [M]  fs/hfs/mdb.o
  CC [M]  sound/soc/soc-dapm.o
  CC [M]  drivers/char/tpm/tpm-dev.o
  CC [M]  fs/hfs/part_tbl.o
  CC [M]  fs/hfsplus/brec.o
  CC [M]  drivers/char/tpm/tpm-sysfs.o
  CC [M]  fs/hfs/string.o
  CC [M]  fs/hfsplus/bfind.o
  CC [M]  drivers/char/tpm/tpm-chip.o
  CC [M]  fs/hfs/super.o
  CC [M]  fs/hfsplus/tables.o
  CC [M]  fs/hfs/sysdep.o
  CC [M]  drivers/char/tpm/tpm2-cmd.o
  CC [M]  fs/hfsplus/unicode.o
  CC [M]  fs/hfs/trans.o
  CC [M]  sound/soc/soc-jack.o
  LD [M]  fs/hfs/hfs.o
  CC [M]  drivers/char/tpm/tpm-dev-common.o
  CC [M]  fs/hfsplus/wrapper.o
  AR      sound/sparc/built-in.o
  CC [M]  drivers/char/tpm/tpmrm-dev.o
  AR      sound/spi/built-in.o
  CC [M]  drivers/char/tpm/tpm1_eventlog.o
  CC [M]  fs/hfsplus/bitmap.o
  AR      sound/synth/built-in.o
  AR      sound/synth/emux/built-in.o
  CC [M]  drivers/char/tpm/tpm2_eventlog.o
  CC [M]  sound/soc/soc-cache.o
  AR      sound/usb/built-in.o
  CC [M]  sound/usb/card.o
  CC [M]  fs/hfsplus/part_tbl.o
  CC [M]  sound/soc/soc-utils.o
  CC [M]  drivers/char/tpm/tpm2-space.o
  CC [M]  fs/hfsplus/attributes.o
  CC [M]  sound/usb/clock.o
  CC [M]  drivers/char/tpm/tpm_of.o
  CC [M]  fs/hfsplus/xattr.o
  CC [M]  sound/soc/soc-pcm.o
  CC [M]  sound/usb/endpoint.o
  CC [M]  drivers/char/tpm/tpm_tis_core.o
  CC [M]  fs/hfsplus/xattr_user.o
  CC [M]  sound/usb/format.o
  CC [M]  fs/hfsplus/xattr_security.o
  CC [M]  drivers/char/tpm/tpm_tis_spi.o
  CC [M]  sound/usb/helper.o
  CC [M]  fs/hfsplus/xattr_trusted.o
  LD [M]  drivers/char/tpm/tpm.o
  AR      drivers/char/built-in.o
  AR      drivers/char/ipmi/built-in.o
  CC      drivers/clk/clk-devres.o
  CC [M]  sound/usb/mixer.o
  CC [M]  sound/soc/soc-io.o
  LD [M]  fs/hfsplus/hfsplus.o
  AR      fs/isofs/built-in.o
  CC [M]  fs/isofs/namei.o
  CC      drivers/clk/clk-bulk.o
  CC [M]  fs/isofs/inode.o
  CC [M]  sound/soc/soc-devres.o
  CC      drivers/clk/clkdev.o
  CC [M]  sound/usb/mixer_quirks.o
  CC [M]  sound/soc/soc-ops.o
  CC      drivers/clk/clk.o
  CC [M]  fs/isofs/dir.o
  CC [M]  fs/isofs/util.o
  CC [M]  sound/usb/mixer_scarlett.o
  CC [M]  fs/isofs/rock.o
  CC [M]  sound/soc/soc-generic-dmaengine-pcm.o
  CC [M]  sound/usb/mixer_us16x08.o
  CC [M]  fs/isofs/export.o
  CC [M]  sound/soc/soc-compress.o
  CC [M]  sound/usb/pcm.o
  CC [M]  fs/isofs/joliet.o
  CC [M]  fs/isofs/compress.o
  CC      drivers/clk/clk-divider.o
  AR      sound/soc/adi/built-in.o
  AR      sound/soc/amd/built-in.o
  AR      sound/soc/atmel/built-in.o
  AR      sound/soc/au1x/built-in.o
  AR      sound/soc/bcm/built-in.o
  CC [M]  sound/soc/bcm/bcm2835-i2s.o
  CC [M]  sound/usb/proc.o
  LD [M]  fs/isofs/isofs.o
  CC      fs/jbd2/transaction.o
  CC [M]  sound/usb/quirks.o
  CC [M]  sound/soc/bcm/3dlab-nano-player.o
  CC      drivers/clk/clk-fixed-factor.o
  CC [M]  sound/soc/bcm/adau1977-adc.o
  CC [M]  sound/usb/stream.o
  CC      drivers/clk/clk-fixed-rate.o
  CC [M]  sound/soc/bcm/googlevoicehat-soundcard.o
  CC      fs/jbd2/commit.o
  CC      drivers/clk/clk-gate.o
  CC [M]  sound/usb/midi.o
  CC [M]  sound/soc/bcm/googlevoicehat-codec.o
  CC      drivers/clk/clk-multiplier.o
  CC [M]  sound/soc/bcm/hifiberry_amp.o
  CC      drivers/clk/clk-mux.o
  CC      fs/jbd2/recovery.o
  CC [M]  sound/soc/bcm/hifiberry_dac.o
  CC      drivers/clk/clk-composite.o
  AR      sound/usb/6fire/built-in.o
  CC      drivers/clk/clk-fractional-divider.o
  CC [M]  sound/usb/6fire/chip.o
  CC [M]  sound/soc/bcm/hifiberry_dacplus.o
  CC      fs/jbd2/checkpoint.o
  CC [M]  sound/usb/6fire/comm.o
  CC [M]  sound/soc/bcm/hifiberry_digi.o
  CC      drivers/clk/clk-gpio.o
  CC [M]  sound/usb/6fire/midi.o
  CC      fs/jbd2/revoke.o
  CC [M]  sound/soc/bcm/justboom-dac.o
  CC [M]  sound/usb/6fire/control.o
  CC      drivers/clk/clk-conf.o
  CC      fs/jbd2/journal.o
  CC [M]  sound/soc/bcm/justboom-digi.o
  CC [M]  sound/usb/6fire/firmware.o
  CC      drivers/clk/bcm/clk-bcm2835.o
  CC [M]  sound/soc/bcm/rpi-cirrus.o
  CC [M]  sound/usb/6fire/pcm.o
  CC [M]  sound/soc/bcm/rpi-dac.o
  CC      drivers/clk/bcm/clk-bcm2835-aux.o
  LD [M]  sound/usb/6fire/snd-usb-6fire.o
  AR      sound/usb/bcd2000/built-in.o
  AR      sound/usb/caiaq/built-in.o
  CC [M]  sound/usb/caiaq/device.o
  AR      drivers/clk/bcm/built-in.o
  AR      drivers/clk/imgtec/built-in.o
  AR      drivers/clk/mvebu/built-in.o
  AR      drivers/clk/renesas/built-in.o
  AR      drivers/clk/ti/built-in.o
  CC [M]  sound/soc/bcm/rpi-proto.o
  CC [M]  drivers/clk/clk-allo-dac.o
  CC [M]  drivers/clk/clk-hifiberry-dacpro.o
  CC [M]  sound/usb/caiaq/audio.o
  CC [M]  sound/soc/bcm/iqaudio-dac.o
  AR      fs/jbd2/jbd2.o
  AR      fs/jbd2/built-in.o
  AR      fs/jffs2/built-in.o
  CC [M]  fs/jffs2/compr.o
  AR      drivers/clk/built-in.o
  CC      drivers/clocksource/timer-of.o
  CC [M]  sound/soc/bcm/iqaudio_digi.o
  CC      drivers/clocksource/timer-probe.o
  CC [M]  fs/jffs2/dir.o
  CC [M]  sound/usb/caiaq/midi.o
  CC      drivers/clocksource/mmio.o
  CC [M]  sound/soc/bcm/audioinjector-pi-soundcard.o
  CC [M]  sound/usb/caiaq/control.o
  CC [M]  fs/jffs2/file.o
  CC      drivers/clocksource/bcm2835_timer.o
  CC [M]  sound/soc/bcm/audioinjector-octo-soundcard.o
  CC      drivers/clocksource/arm_arch_timer.o
  CC [M]  sound/usb/caiaq/input.o
  CC [M]  fs/jffs2/ioctl.o
  CC [M]  fs/jffs2/nodelist.o
  CC [M]  sound/soc/bcm/audiosense-pi.o
  CC      drivers/clocksource/timer-sp804.o
  LD [M]  sound/usb/caiaq/snd-usb-caiaq.o
  AR      sound/usb/hiface/built-in.o
  CC [M]  sound/usb/hiface/chip.o
  CC [M]  sound/soc/bcm/digidac1-soundcard.o
  CC [M]  fs/jffs2/malloc.o
  CC      drivers/clocksource/dummy_timer.o
  CC [M]  sound/usb/hiface/pcm.o
  AR      drivers/clocksource/built-in.o
  AR      drivers/connector/built-in.o
  CC [M]  drivers/connector/cn_queue.o
  CC [M]  fs/jffs2/read.o
  CC [M]  sound/soc/bcm/dionaudio_loco.o
  LD [M]  sound/usb/hiface/snd-usb-hiface.o
  AR      sound/usb/misc/built-in.o
  CC [M]  sound/usb/misc/ua101.o
  CC [M]  fs/jffs2/nodemgmt.o
  CC [M]  sound/soc/bcm/dionaudio_loco-v2.o
  CC [M]  drivers/connector/connector.o
  CC [M]  sound/soc/bcm/allo-boss-dac.o
  CC [M]  fs/jffs2/readinode.o
  LD [M]  sound/usb/misc/snd-ua101.o
  AR      sound/usb/usx2y/built-in.o
  LD [M]  sound/usb/snd-usb-audio.o
  LD [M]  sound/usb/snd-usbmidi-lib.o
  CC [M]  sound/soc/bcm/allo-piano-dac.o
  AR      sound/x86/built-in.o
  CC [M]  sound/soc/bcm/allo-piano-dac-plus.o
  LD [M]  drivers/connector/cn.o
  CC      drivers/cpufreq/cpufreq.o
  AR      sound/soundcore.o
  CC [M]  sound/soc/bcm/allo-digione.o
  CC [M]  fs/jffs2/write.o
  AR      sound/built-in.o
  CC [M]  sound/soc/bcm/allo-katana-codec.o
  AR      drivers/crypto/built-in.o
  CC [M]  sound/soc/bcm/pisound.o
  CC [M]  fs/jffs2/scan.o
  CC [M]  fs/jffs2/gc.o
  CC [M]  sound/soc/bcm/fe-pi-audio.o
  LD [M]  sound/soc/bcm/snd-soc-bcm2835-i2s.o
  AR      drivers/dax/built-in.o
  CC [M]  drivers/dax/super.o
  LD [M]  sound/soc/bcm/snd-soc-3dlab-nano-player.o
  LD [M]  sound/soc/bcm/snd-soc-adau1977-adc.o
  LD [M]  sound/soc/bcm/snd-soc-googlevoicehat-soundcard.o
  LD [M]  sound/soc/bcm/snd-soc-googlevoicehat-codec.o
  LD [M]  sound/soc/bcm/snd-soc-hifiberry-amp.o
  LD [M]  sound/soc/bcm/snd-soc-hifiberry-dac.o
  LD [M]  sound/soc/bcm/snd-soc-hifiberry-dacplus.o
  LD [M]  sound/soc/bcm/snd-soc-hifiberry-digi.o
  LD [M]  sound/soc/bcm/snd-soc-justboom-dac.o
  LD [M]  sound/soc/bcm/snd-soc-justboom-digi.o
  CC [M]  fs/jffs2/symlink.o
  LD [M]  sound/soc/bcm/snd-soc-rpi-cirrus.o
  CC      drivers/cpufreq/freq_table.o
  LD [M]  sound/soc/bcm/snd-soc-rpi-dac.o
  LD [M]  sound/soc/bcm/snd-soc-rpi-proto.o
  LD [M]  sound/soc/bcm/snd-soc-iqaudio-dac.o
  LD [M]  sound/soc/bcm/snd-soc-iqaudio-digi.o
  LD [M]  sound/soc/bcm/snd-soc-audioinjector-pi-soundcard.o
  LD [M]  sound/soc/bcm/snd-soc-audioinjector-octo-soundcard.o
  LD [M]  sound/soc/bcm/snd-soc-audiosense-pi.o
  LD [M]  sound/soc/bcm/snd-soc-digidac1-soundcard.o
  LD [M]  sound/soc/bcm/snd-soc-dionaudio-loco.o
  LD [M]  sound/soc/bcm/snd-soc-dionaudio-loco-v2.o
  LD [M]  sound/soc/bcm/snd-soc-allo-boss-dac.o
  LD [M]  sound/soc/bcm/snd-soc-allo-piano-dac.o
  LD [M]  sound/soc/bcm/snd-soc-allo-piano-dac-plus.o
  LD [M]  sound/soc/bcm/snd-soc-allo-digione.o
  LD [M]  sound/soc/bcm/snd-soc-allo-katana-codec.o
  LD [M]  sound/soc/bcm/snd-soc-pisound.o
  LD [M]  sound/soc/bcm/snd-soc-fe-pi-audio.o
  AR      sound/soc/blackfin/built-in.o
  AR      sound/soc/cirrus/built-in.o
  AR      sound/soc/codecs/built-in.o
  CC [M]  sound/soc/codecs/adau1701.o
  CC [M]  fs/jffs2/build.o
  CC      drivers/cpufreq/cpufreq_stats.o
  LD [M]  drivers/dax/dax.o
  CC [M]  fs/jffs2/erase.o
  CC [M]  fs/jffs2/background.o
  CC      drivers/cpufreq/cpufreq_performance.o
  CC [M]  sound/soc/codecs/adau1977.o
  CC      drivers/cpufreq/cpufreq_powersave.o
  CC      drivers/dma/dmaengine.o
  CC      drivers/cpufreq/cpufreq_userspace.o
  CC [M]  fs/jffs2/fs.o
  CC      drivers/cpufreq/cpufreq_ondemand.o
  CC [M]  sound/soc/codecs/adau1977-i2c.o
  CC [M]  fs/jffs2/writev.o
  CC      drivers/cpufreq/cpufreq_conservative.o
  CC [M]  sound/soc/codecs/adau7002.o
  CC      drivers/dma/virt-dma.o
  CC [M]  fs/jffs2/super.o
  CC      drivers/cpufreq/cpufreq_governor.o
  CC [M]  sound/soc/codecs/ak4554.o
  CC [M]  fs/jffs2/debug.o
  CC      drivers/dma/of-dma.o
  CC [M]  sound/soc/codecs/arizona.o
  CC      drivers/cpufreq/cpufreq_governor_attr_set.o
  CC [M]  fs/jffs2/wbuf.o
  CC      drivers/dma/bcm2708-dmaengine.o
  CC      drivers/cpufreq/bcm2835-cpufreq.o
  AR      drivers/cpufreq/built-in.o
  CC      drivers/dma/bcm2835-dma.o
  CC [M]  fs/jffs2/compr_rtime.o
  CC [M]  fs/jffs2/compr_zlib.o
  AR      drivers/dma/qcom/built-in.o
  CC [M]  fs/jffs2/summary.o
  CC [M]  sound/soc/codecs/cs4265.o
  CC      drivers/dma-buf/dma-buf.o
  AR      drivers/dma/xilinx/built-in.o
  AR      drivers/dma/built-in.o
  CC [M]  sound/soc/codecs/cs4271.o
  CC [M]  sound/soc/codecs/cs4271-i2c.o
  LD [M]  fs/jffs2/jffs2.o
  AR      fs/jfs/built-in.o
  CC [M]  fs/jfs/super.o
  AR      sound/soc/davinci/built-in.o
  CC [M]  sound/soc/codecs/cs42xx8.o
  CC      drivers/dma-buf/dma-fence.o
  CC      drivers/dma-buf/dma-fence-array.o
  CC [M]  fs/jfs/file.o
  CC [M]  fs/jfs/inode.o
  CC [M]  sound/soc/codecs/cs42xx8-i2c.o
  CC      drivers/dma-buf/reservation.o
  CC [M]  fs/jfs/namei.o
  CC [M]  sound/soc/codecs/pcm5102a.o
  CC [M]  fs/jfs/jfs_mount.o
  CC      drivers/dma-buf/seqno-fence.o
  CC [M]  sound/soc/codecs/pcm512x.o
  CC      drivers/dma-buf/sync_file.o
  CC [M]  fs/jfs/jfs_umount.o
  AR      drivers/extcon/built-in.o
  CC [M]  drivers/extcon/extcon.o
  CC [M]  fs/jfs/jfs_xtree.o
  AR      drivers/dma-buf/built-in.o
  CC [M]  sound/soc/codecs/pcm512x-i2c.o
  CC [M]  drivers/extcon/devres.o
  CC [M]  sound/soc/codecs/pcm1794a.o
  CC [M]  sound/soc/codecs/sgtl5000.o
  CC [M]  drivers/extcon/extcon-arizona.o
  CC [M]  sound/soc/codecs/sigmadsp.o
  CC [M]  fs/jfs/jfs_imap.o
  LD [M]  drivers/extcon/extcon-core.o
  CC [M]  sound/soc/codecs/sigmadsp-i2c.o
  CC [M]  fs/jfs/jfs_debug.o
  AR      drivers/firewire/built-in.o
  CC      drivers/firmware/raspberrypi.o
  CC [M]  sound/soc/codecs/spdif_receiver.o
  CC      net/socket.o
  CC [M]  fs/jfs/jfs_dmap.o
  CC [M]  sound/soc/codecs/spdif_transmitter.o
  AR      drivers/firmware/broadcom/built-in.o
  AR      drivers/firmware/meson/built-in.o
  AR      drivers/firmware/tegra/built-in.o
  AR      drivers/firmware/built-in.o
  CC      drivers/gpio/devres.o
  CC [M]  sound/soc/codecs/tas5713.o
  CC      drivers/gpio/gpiolib.o
  CC [M]  sound/soc/codecs/tlv320aic32x4.o
  CC [M]  fs/jfs/jfs_unicode.o
  CC [M]  fs/jfs/jfs_dtree.o
  AR      net/6lowpan/built-in.o
  CC [M]  net/6lowpan/core.o
  CC [M]  sound/soc/codecs/tlv320aic32x4-i2c.o
  CC [M]  sound/soc/codecs/wm5102.o
  CC [M]  net/6lowpan/iphc.o
  CC      drivers/gpio/gpiolib-legacy.o
  CC [M]  fs/jfs/jfs_inode.o
  CC      drivers/gpio/gpiolib-devprop.o
  CC [M]  sound/soc/codecs/wm8731.o
  CC [M]  fs/jfs/jfs_discard.o
  CC      drivers/gpio/gpiolib-of.o
  CC [M]  sound/soc/codecs/wm8741.o
  CC [M]  fs/jfs/jfs_extent.o
  CC [M]  net/6lowpan/nhc.o
  CC      drivers/gpio/gpiolib-sysfs.o
  CC [M]  fs/jfs/symlink.o
  CC [M]  sound/soc/codecs/wm8804.o
  CC [M]  fs/jfs/jfs_metapage.o
  CC      drivers/gpio/gpio-bcm-exp.o
  CC [M]  net/6lowpan/ndisc.o
  CC [M]  fs/jfs/jfs_logmgr.o
  CC [M]  sound/soc/codecs/wm8804-i2c.o
  CC      drivers/gpio/gpio-bcm-virt.o
  CC [M]  sound/soc/codecs/wm_adsp.o
  CC [M]  net/6lowpan/nhc_dest.o
  CC      drivers/gpio/gpio-stmpe.o
  CC [M]  fs/jfs/jfs_txnmgr.o
  CC [M]  drivers/gpio/gpio-arizona.o
  CC [M]  net/6lowpan/nhc_fragment.o
  CC [M]  drivers/gpio/gpio-mockup.o
  CC [M]  net/6lowpan/nhc_hop.o
  CC [M]  drivers/gpio/gpio-pcf857x.o
  CC [M]  fs/jfs/jfs_uniupr.o
  LD [M]  sound/soc/codecs/snd-soc-adau1701.o
  LD [M]  sound/soc/codecs/snd-soc-adau1977.o
  LD [M]  sound/soc/codecs/snd-soc-adau1977-i2c.o
  LD [M]  sound/soc/codecs/snd-soc-adau7002.o
  LD [M]  sound/soc/codecs/snd-soc-ak4554.o
  LD [M]  sound/soc/codecs/snd-soc-arizona.o
  LD [M]  sound/soc/codecs/snd-soc-cs4265.o
  LD [M]  sound/soc/codecs/snd-soc-cs4271.o
  LD [M]  sound/soc/codecs/snd-soc-cs4271-i2c.o
  LD [M]  sound/soc/codecs/snd-soc-cs42xx8.o
  LD [M]  sound/soc/codecs/snd-soc-cs42xx8-i2c.o
  LD [M]  sound/soc/codecs/snd-soc-pcm5102a.o
  CC [M]  fs/jfs/resize.o
  LD [M]  sound/soc/codecs/snd-soc-pcm512x.o
  LD [M]  sound/soc/codecs/snd-soc-pcm512x-i2c.o
  LD [M]  sound/soc/codecs/snd-soc-pcm1794a.o
  LD [M]  sound/soc/codecs/snd-soc-sgtl5000.o
  LD [M]  sound/soc/codecs/snd-soc-sigmadsp.o
  AR      drivers/gpio/built-in.o
  LD [M]  sound/soc/codecs/snd-soc-sigmadsp-i2c.o
  LD [M]  sound/soc/codecs/snd-soc-spdif-rx.o
  LD [M]  sound/soc/codecs/snd-soc-spdif-tx.o
  LD [M]  sound/soc/codecs/snd-soc-tas5713.o
  LD [M]  sound/soc/codecs/snd-soc-tlv320aic32x4.o
  CC      drivers/gpu/drm/drm_mipi_dsi.o
  LD [M]  sound/soc/codecs/snd-soc-tlv320aic32x4-i2c.o
  LD [M]  sound/soc/codecs/snd-soc-wm5102.o
  LD [M]  sound/soc/codecs/snd-soc-wm8731.o
  LD [M]  sound/soc/codecs/snd-soc-wm8741.o
  LD [M]  sound/soc/codecs/snd-soc-wm8804.o
  LD [M]  sound/soc/codecs/snd-soc-wm8804-i2c.o
  CC [M]  net/6lowpan/nhc_ipv6.o
  LD [M]  sound/soc/codecs/snd-soc-wm-adsp.o
  AR      sound/soc/dwc/built-in.o
  AR      sound/soc/fsl/built-in.o
  AR      sound/soc/generic/built-in.o
  CC [M]  sound/soc/generic/simple-card-utils.o
  CC [M]  fs/jfs/xattr.o
  CC [M]  net/6lowpan/nhc_mobility.o
  AR      drivers/gpu/drm/bridge/synopsys/built-in.o
  AR      drivers/gpu/drm/bridge/built-in.o
  AR      drivers/gpu/drm/hisilicon/built-in.o
  AR      drivers/gpu/drm/i2c/built-in.o
  CC [M]  sound/soc/generic/simple-card.o
  AR      drivers/gpu/drm/omapdrm/displays/built-in.o
  AR      drivers/gpu/drm/omapdrm/dss/built-in.o
  AR      drivers/gpu/drm/omapdrm/built-in.o
  AR      drivers/gpu/drm/panel/built-in.o
  CC [M]  drivers/gpu/drm/panel/panel-simple.o
  CC [M]  fs/jfs/ioctl.o
  CC [M]  net/6lowpan/nhc_routing.o
  CC [M]  sound/soc/generic/audio-graph-card.o
  CC [M]  fs/jfs/acl.o
  CC [M]  drivers/gpu/drm/panel/panel-raspberrypi-touchscreen.o
  LD [M]  fs/jfs/jfs.o
  CC      fs/kernfs/mount.o
  LD [M]  sound/soc/generic/snd-soc-simple-card-utils.o
  LD [M]  sound/soc/generic/snd-soc-simple-card.o
  LD [M]  sound/soc/generic/snd-soc-audio-graph-card.o
  CC [M]  net/6lowpan/nhc_udp.o
  AR      sound/soc/hisilicon/built-in.o
  AR      sound/soc/img/built-in.o
  AR      sound/soc/intel/built-in.o
  AR      sound/soc/intel/boards/built-in.o
  AR      sound/soc/jz4740/built-in.o
  AR      sound/soc/kirkwood/built-in.o
  AR      sound/soc/mediatek/built-in.o
  AR      sound/soc/mxs/built-in.o
  AR      sound/soc/nuc900/built-in.o
  AR      sound/soc/omap/built-in.o
  AR      sound/soc/pxa/built-in.o
  AR      sound/soc/qcom/built-in.o
  AR      sound/soc/rockchip/built-in.o
  AR      drivers/gpu/drm/tilcdc/built-in.o
  AR      sound/soc/samsung/built-in.o
  AR      drivers/gpu/drm/tinydrm/built-in.o
  CC [M]  drivers/gpu/drm/tinydrm/mipi-dbi.o
  AR      sound/soc/sh/built-in.o
  AR      sound/soc/sirf/built-in.o
  AR      sound/soc/spear/built-in.o
  AR      sound/soc/sti/built-in.o
  AR      sound/soc/stm/built-in.o
  AR      sound/soc/sunxi/built-in.o
  AR      sound/soc/tegra/built-in.o
  AR      sound/soc/txx9/built-in.o
  AR      sound/soc/ux500/built-in.o
  AR      sound/soc/xtensa/built-in.o
  AR      sound/soc/zte/built-in.o
  LD [M]  sound/soc/snd-soc-core.o
  CC      fs/kernfs/inode.o
  CC      fs/kernfs/dir.o
  LD [M]  net/6lowpan/6lowpan.o
  AR      net/802/built-in.o
  CC [M]  net/802/p8022.o
  AR      drivers/gpu/drm/udl/built-in.o
  CC [M]  drivers/gpu/drm/udl/udl_drv.o
  CC [M]  drivers/gpu/drm/tinydrm/mi0283qt.o
  CC [M]  drivers/gpu/drm/udl/udl_modeset.o
  CC      fs/kernfs/file.o
  CC [M]  net/802/psnap.o
  CC [M]  drivers/gpu/drm/tinydrm/repaper.o
  CC [M]  drivers/gpu/drm/udl/udl_connector.o
  CC [M]  net/802/stp.o
  CC      fs/kernfs/symlink.o
  CC [M]  drivers/gpu/drm/udl/udl_encoder.o
  AR      fs/kernfs/built-in.o
  CC      fs/lockd/clntlock.o
  AR      drivers/gpu/drm/tinydrm/core/built-in.o
  CC [M]  drivers/gpu/drm/tinydrm/core/tinydrm-core.o
  CC [M]  drivers/gpu/drm/udl/udl_main.o
  CC [M]  net/802/garp.o
  CC [M]  drivers/gpu/drm/tinydrm/core/tinydrm-pipe.o
  CC [M]  drivers/gpu/drm/udl/udl_fb.o
  CC      fs/lockd/clntproc.o
  CC [M]  drivers/gpu/drm/udl/udl_transfer.o
  CC      net/8021q/vlan_core.o
  CC [M]  drivers/gpu/drm/tinydrm/core/tinydrm-helpers.o
  CC [M]  drivers/gpu/drm/udl/udl_gem.o
  CC      fs/lockd/clntxdr.o
  CC [M]  net/8021q/vlan.o
  LD [M]  drivers/gpu/drm/tinydrm/core/tinydrm.o
  CC [M]  drivers/gpu/drm/udl/udl_dmabuf.o
  CC      fs/nfs/client.o
  CC      fs/lockd/host.o
  LD [M]  drivers/gpu/drm/udl/udl.o
  AR      drivers/gpu/drm/vc4/built-in.o
  CC [M]  drivers/gpu/drm/vc4/vc4_bo.o
  CC [M]  net/8021q/vlan_dev.o
  CC      fs/lockd/svc.o
  CC [M]  drivers/gpu/drm/vc4/vc4_crtc.o
  CC [M]  net/8021q/vlan_netlink.o
  CC      fs/nfs/dir.o
  CC [M]  net/8021q/vlan_gvrp.o
  CC [M]  drivers/gpu/drm/vc4/vc4_drv.o
  CC      fs/lockd/svclock.o
  CC [M]  net/8021q/vlanproc.o
  CC [M]  drivers/gpu/drm/vc4/vc4_dpi.o
  AR      net/8021q/built-in.o
  LD [M]  net/8021q/8021q.o
  AR      net/9p/built-in.o
  CC [M]  net/9p/mod.o
  CC [M]  drivers/gpu/drm/vc4/vc4_dsi.o
  CC      fs/lockd/svcshare.o
  CC [M]  net/9p/client.o
  CC      fs/lockd/svcproc.o
  CC      fs/nfs/file.o
  CC [M]  drivers/gpu/drm/vc4/vc4_fence.o
  CC      fs/lockd/svcsubs.o
  CC [M]  drivers/gpu/drm/vc4/vc4_firmware_kms.o
  CC [M]  net/9p/error.o
  CC [M]  drivers/gpu/drm/vc4/vc4_kms.o
  CC [M]  net/9p/util.o
  CC      fs/nfs/getroot.o
  CC      fs/lockd/mon.o
  CC [M]  net/9p/protocol.o
  CC [M]  drivers/gpu/drm/vc4/vc4_gem.o
  CC      fs/nfs/inode.o
  CC      fs/lockd/xdr.o
  CC [M]  net/9p/trans_fd.o
  CC [M]  drivers/gpu/drm/vc4/vc4_hdmi.o
  CC      fs/lockd/clnt4xdr.o
  CC [M]  net/9p/trans_common.o
  CC      fs/lockd/xdr4.o
  CC [M]  drivers/gpu/drm/vc4/vc4_vec.o
  LD [M]  net/9p/9pnet.o
  AR      net/appletalk/built-in.o
  CC [M]  net/appletalk/aarp.o
  CC [M]  drivers/gpu/drm/vc4/vc4_hvs.o
  CC      fs/nfs/super.o
  CC      fs/lockd/svc4proc.o
  CC [M]  drivers/gpu/drm/vc4/vc4_irq.o
  CC      fs/lockd/procfs.o
  CC [M]  net/appletalk/ddp.o
  CC [M]  drivers/gpu/drm/vc4/vc4_plane.o
  AR      fs/lockd/lockd.o
  AR      fs/lockd/built-in.o
  CC      fs/nfs_common/nfsacl.o
  CC [M]  drivers/gpu/drm/vc4/vc4_render_cl.o
  CC      fs/nfs_common/grace.o
  CC      fs/nfs/io.o
  CC [M]  drivers/gpu/drm/vc4/vc4_trace_points.o
  CC [M]  net/appletalk/dev.o
  AR      fs/nfs_common/nfs_acl.o
  AR      fs/nfs_common/built-in.o
  CC [M]  net/appletalk/atalk_proc.o
  CC      fs/nfs/direct.o
  CC [M]  drivers/gpu/drm/vc4/vc4_v3d.o
  CC      fs/nfs/pagelist.o
  CC [M]  net/appletalk/sysctl_net_atalk.o
  CC [M]  drivers/gpu/drm/vc4/vc4_validate.o
  LD [M]  net/appletalk/appletalk.o
  AR      net/atm/built-in.o
  CC [M]  net/atm/addr.o
  CC [M]  drivers/gpu/drm/vc4/vc4_validate_shaders.o
  CC      arch/arm/lib/uaccess_with_memcpy.o
  CC [M]  net/atm/pvc.o
  AS      arch/arm/lib/ashldi3.o
  AS      arch/arm/lib/ashrdi3.o
  AS      arch/arm/lib/backtrace.o
  AS      arch/arm/lib/bswapsdi2.o
  CC [M]  drivers/gpu/drm/vc4/vc4_debugfs.o
  AS      arch/arm/lib/call_with_stack.o
  CC      fs/nfs/read.o
  AS      arch/arm/lib/changebit.o
  AS      arch/arm/lib/clear_user.o
  AS      arch/arm/lib/clearbit.o
  AS      arch/arm/lib/copy_from_user.o
  AS      arch/arm/lib/copy_page.o
  AS      arch/arm/lib/copy_to_user.o
  AS      arch/arm/lib/csumipv6.o
  AS      arch/arm/lib/csumpartial.o
  AS      arch/arm/lib/csumpartialcopy.o
  AS      arch/arm/lib/csumpartialcopyuser.o
  AS      arch/arm/lib/delay-loop.o
  CC      arch/arm/lib/delay.o
  CC [M]  net/atm/signaling.o
  LD [M]  drivers/gpu/drm/vc4/vc4.o
  CC [M]  drivers/gpu/drm/drm_crtc_helper.o
  AS      arch/arm/lib/div64.o
  AS      arch/arm/lib/findbit.o
  AS      arch/arm/lib/getuser.o
  AS      arch/arm/lib/io-readsb.o
  AS      arch/arm/lib/io-readsl.o
  AS      arch/arm/lib/io-readsw-armv4.o
  AS      arch/arm/lib/io-writesb.o
  AS      arch/arm/lib/io-writesl.o
  AS      arch/arm/lib/io-writesw-armv4.o
  AS      arch/arm/lib/lib1funcs.o
  AS      arch/arm/lib/lshrdi3.o
  AS      arch/arm/lib/memchr.o
  AS      arch/arm/lib/memcpy.o
  AS      arch/arm/lib/memmove.o
  AS      arch/arm/lib/memset.o
  AS      arch/arm/lib/memzero.o
  AS      arch/arm/lib/muldi3.o
  AS      arch/arm/lib/putuser.o
  AS      arch/arm/lib/setbit.o
  AS      arch/arm/lib/strchr.o
  CC [M]  net/atm/svc.o
  AS      arch/arm/lib/strrchr.o
  AS      arch/arm/lib/testchangebit.o
  AS      arch/arm/lib/testclearbit.o
  AS      arch/arm/lib/testsetbit.o
  AS      arch/arm/lib/ucmpdi2.o
  AR      arch/arm/lib/lib.a
  EXPORTS arch/arm/lib/lib-ksyms.o
  AR      arch/arm/lib/built-in.o
  CC [M]  net/atm/ioctl.o
  CC      fs/nfs/symlink.o
  CC [M]  drivers/gpu/drm/drm_dp_helper.o
  CC [M]  drivers/gpu/drm/drm_probe_helper.o
  CC      fs/nfs/unlink.o
  CC [M]  net/atm/common.o
  CC [M]  net/atm/atm_misc.o
  CC [M]  drivers/gpu/drm/drm_plane_helper.o
  CC      fs/nfs/write.o
  CC      lib/lockref.o
  CC [M]  net/atm/raw.o
  CC      lib/bcd.o
  CC [M]  drivers/gpu/drm/drm_dp_mst_topology.o
  CC      lib/div64.o
  CC      lib/sort.o
  CC      lib/parser.o
  CC      lib/debug_locks.o
  CC [M]  net/atm/resources.o
  CC      lib/random32.o
  CC      lib/bust_spinlocks.o
  CC      fs/nfs/namespace.o
  CC      lib/kasprintf.o
  CC [M]  drivers/gpu/drm/drm_atomic_helper.o
  CC      lib/bitmap.o
  CC [M]  net/atm/atm_sysfs.o
  CC      lib/scatterlist.o
  CC [M]  net/atm/proc.o
  CC      fs/nfs/mount_clnt.o
  CC      lib/gcd.o
  CC      lib/lcm.o
  CC      fs/nfs/nfstrace.o
  CC      lib/list_sort.o
  CC [M]  net/atm/pppoatm.o
  CC      lib/uuid.o
  CC [M]  drivers/gpu/drm/drm_kms_helper_common.o
  CC      lib/flex_array.o
  CC [M]  drivers/gpu/drm/drm_dp_dual_mode_helper.o
  CC      lib/iov_iter.o
  LD [M]  net/atm/atm.o
  AR      net/ax25/built-in.o
  CC [M]  net/ax25/ax25_addr.o
  CC [M]  drivers/gpu/drm/drm_simple_kms_helper.o
  CC [M]  net/ax25/ax25_dev.o
  CC      fs/nfs/export.o
  CC [M]  drivers/gpu/drm/drm_modeset_helper.o
  CC      lib/clz_ctz.o
  CC      lib/bsearch.o
  CC [M]  net/ax25/ax25_iface.o
  CC      lib/find_bit.o
  CC      lib/llist.o
  CC      lib/memweight.o
  CC      lib/kfifo.o
  CC      fs/nfs/nfsroot.o
  CC [M]  drivers/gpu/drm/drm_scdc_helper.o
  CC [M]  net/ax25/ax25_in.o
  CC      lib/percpu-refcount.o
  CC      fs/nfs/sysctl.o
  CC [M]  drivers/gpu/drm/drm_gem_framebuffer_helper.o
  CC      lib/percpu_ida.o
  CC [M]  net/ax25/ax25_ip.o
  CC      fs/nfs/fscache.o
  CC      lib/rhashtable.o
  CC [M]  drivers/gpu/drm/bridge/panel.o
  CC [M]  net/ax25/ax25_out.o
  CC [M]  drivers/gpu/drm/drm_edid_load.o
  CC      fs/nfs/fscache-index.o
  CC      lib/reciprocal_div.o
  CC      lib/once.o
  CC [M]  drivers/gpu/drm/drm_fb_helper.o
  CC [M]  net/ax25/ax25_route.o
  CC      lib/refcount.o
  CC      lib/usercopy.o
  CC      fs/nfs/nfs2super.o
  CC      lib/errseq.o
  CC      lib/string_helpers.o
  CC [M]  net/ax25/ax25_std_in.o
  CC      fs/nfs/proc.o
  CC      lib/hexdump.o
  CC [M]  net/ax25/ax25_std_subr.o
  CC [M]  drivers/gpu/drm/drm_fb_cma_helper.o
  CC      lib/kstrtox.o
  CC      fs/nfs/nfs2xdr.o
  CC [M]  net/ax25/ax25_std_timer.o
  CC      lib/pci_iomap.o
  CC [M]  drivers/gpu/drm/drm_auth.o
  CC      lib/iomap_copy.o
  CC      lib/devres.o
  CC [M]  net/ax25/ax25_subr.o
  CC      fs/nfs/nfs3super.o
  CC [M]  drivers/gpu/drm/drm_bufs.o
  CC      lib/hweight.o
  CC [M]  net/ax25/ax25_timer.o
  CC      fs/nfs/nfs3client.o
  CC      lib/btree.o
  CC      lib/assoc_array.o
  CC [M]  net/ax25/ax25_uid.o
  CC      fs/nfs/nfs3proc.o
  CC [M]  drivers/gpu/drm/drm_cache.o
  CC      lib/smp_processor_id.o
  CC      lib/bitrev.o
  CC      lib/rational.o
  CC      lib/crc16.o
  CC [M]  drivers/gpu/drm/drm_context.o
  CC [M]  net/ax25/af_ax25.o
  CC      lib/crc-itu-t.o
  CC      fs/nfs/nfs3xdr.o
  CC [M]  drivers/gpu/drm/drm_dma.o
  HOSTCC  lib/gen_crc32table
  CC      lib/libcrc32c.o
  CC      lib/genalloc.o
  CC [M]  drivers/gpu/drm/drm_file.o
  CC      fs/nfs/nfs3acl.o
  CC      lib/fonts/fonts.o
  CC [M]  net/ax25/ax25_ds_in.o
  CC [M]  drivers/gpu/drm/drm_gem.o
  CC      lib/fonts/font_8x8.o
  CC      lib/fonts/font_8x16.o
  CC      fs/nfs/nfs4proc.o
  AR      lib/fonts/font.o
  AR      lib/fonts/built-in.o
  CC      lib/lz4/lz4_decompress.o
  CC [M]  net/ax25/ax25_ds_subr.o
  CC [M]  net/ax25/ax25_ds_timer.o
  CC [M]  drivers/gpu/drm/drm_ioctl.o
  CC [M]  net/ax25/sysctl_net_ax25.o
  CC [M]  lib/lz4/lz4_compress.o
  CC [M]  drivers/gpu/drm/drm_irq.o
  LD [M]  net/ax25/ax25.o
  AR      net/batman-adv/built-in.o
  CC [M]  net/batman-adv/bat_algo.o
  CC [M]  net/batman-adv/bat_iv_ogm.o
  CC [M]  drivers/gpu/drm/drm_lock.o
  AR      lib/lz4/built-in.o
  CC [M]  drivers/gpu/drm/drm_memory.o
  CC      lib/lzo/lzo1x_decompress_safe.o
  CC [M]  lib/lzo/lzo1x_compress.o
  CC [M]  net/batman-adv/bitarray.o
  CC [M]  drivers/gpu/drm/drm_drv.o
  AR      lib/lzo/lzo_decompress.o
  LD [M]  lib/lzo/lzo_compress.o
  AR      lib/lzo/built-in.o
  AR      lib/raid6/built-in.o
  CC [M]  lib/raid6/algos.o
  CC [M]  net/batman-adv/bridge_loop_avoidance.o
  CC      fs/nfs/nfs4xdr.o
  CC [M]  lib/raid6/recov.o
  CC [M]  drivers/gpu/drm/drm_scatter.o
  HOSTCC  lib/raid6/mktables
  UNROLL  lib/raid6/int1.c
  UNROLL  lib/raid6/int2.c
  UNROLL  lib/raid6/int4.c
  UNROLL  lib/raid6/int8.c
  UNROLL  lib/raid6/int16.c
  UNROLL  lib/raid6/int32.c
  TABLE   lib/raid6/tables.c
  CC [M]  lib/raid6/int1.o
  CC [M]  drivers/gpu/drm/drm_pci.o
  CC [M]  net/batman-adv/debugfs.o
  CC [M]  lib/raid6/int2.o
  CC [M]  net/batman-adv/fragmentation.o
  CC [M]  lib/raid6/int4.o
  CC [M]  drivers/gpu/drm/drm_sysfs.o
  CC [M]  lib/raid6/int8.o
  CC [M]  net/batman-adv/gateway_client.o
  CC [M]  lib/raid6/int16.o
  CC [M]  drivers/gpu/drm/drm_hashtab.o
  CC [M]  lib/raid6/int32.o
  CC [M]  net/batman-adv/gateway_common.o
  CC [M]  lib/raid6/tables.o
  CC [M]  drivers/gpu/drm/drm_mm.o
  CC      fs/nfs/nfs4state.o
  CC [M]  net/batman-adv/hard-interface.o
  LD [M]  lib/raid6/raid6_pq.o
  CC      lib/xz/xz_dec_syms.o
  CC [M]  net/batman-adv/hash.o
  CC [M]  drivers/gpu/drm/drm_crtc.o
  CC      lib/xz/xz_dec_stream.o
  CC [M]  net/batman-adv/icmp_socket.o
  CC      lib/xz/xz_dec_lzma2.o
  CC      fs/nfs/nfs4renewd.o
  CC [M]  drivers/gpu/drm/drm_fourcc.o
  CC [M]  net/batman-adv/main.o
  CC      lib/xz/xz_dec_bcj.o
  AR      lib/xz/xz_dec.o
  AR      lib/xz/built-in.o
  AR      lib/zlib_deflate/built-in.o
  CC [M]  lib/zlib_deflate/deflate.o
  CC      fs/nfs/nfs4super.o
  CC [M]  drivers/gpu/drm/drm_modes.o
  CC [M]  net/batman-adv/netlink.o
  CC [M]  lib/zlib_deflate/deftree.o
  CC      fs/nfs/nfs4file.o
  CC [M]  lib/zlib_deflate/deflate_syms.o
  CC [M]  net/batman-adv/originator.o
  LD [M]  lib/zlib_deflate/zlib_deflate.o
  CC      lib/zlib_inflate/inffast.o
  CC [M]  drivers/gpu/drm/drm_edid.o
  CC      lib/zlib_inflate/inflate.o
  CC      fs/nfs/delegation.o
  CC [M]  net/batman-adv/routing.o
  CC      lib/zlib_inflate/infutil.o
  CC      lib/zlib_inflate/inftrees.o
  CC      lib/zlib_inflate/inflate_syms.o
  AR      lib/zlib_inflate/zlib_inflate.o
  AR      lib/zlib_inflate/built-in.o
  AR      lib/zstd/built-in.o
  CC [M]  lib/zstd/fse_compress.o
  CC [M]  net/batman-adv/send.o
  CC [M]  lib/zstd/huf_compress.o
  CC      fs/nfs/nfs4idmap.o
  CC [M]  drivers/gpu/drm/drm_info.o
  CC [M]  net/batman-adv/soft-interface.o
  CC [M]  lib/zstd/compress.o
  CC [M]  drivers/gpu/drm/drm_encoder_slave.o
  CC [M]  net/batman-adv/sysfs.o
  CC      fs/nfs/callback.o
  CC [M]  drivers/gpu/drm/drm_trace_points.o
  CC [M]  net/batman-adv/tp_meter.o
  CC [M]  drivers/gpu/drm/drm_global.o
  CC      fs/nfs/callback_xdr.o
  CC [M]  drivers/gpu/drm/drm_prime.o
  CC [M]  net/batman-adv/translation-table.o
  CC      fs/nfs/callback_proc.o
  CC [M]  drivers/gpu/drm/drm_rect.o
  CC      fs/nfs/nfs4namespace.o
  CC [M]  drivers/gpu/drm/drm_vma_manager.o
  CC [M]  net/batman-adv/tvlv.o
  CC      fs/nfs/nfs4getroot.o
  CC [M]  drivers/gpu/drm/drm_flip_work.o
  LD [M]  net/batman-adv/batman-adv.o
  AR      net/bluetooth/built-in.o
  CC [M]  net/bluetooth/af_bluetooth.o
  CC      fs/nfs/nfs4client.o
  CC [M]  drivers/gpu/drm/drm_modeset_lock.o
  CC [M]  net/bluetooth/hci_core.o
  CC [M]  drivers/gpu/drm/drm_atomic.o
  CC      fs/nfs/nfs4session.o
  CC [M]  drivers/gpu/drm/drm_bridge.o
  CC      fs/nfs/dns_resolve.o
  CC      fs/nfs/nfs4trace.o
  CC [M]  drivers/gpu/drm/drm_framebuffer.o
  CC [M]  net/bluetooth/hci_conn.o
  CC [M]  lib/zstd/entropy_common.o
  CC [M]  lib/zstd/fse_decompress.o
  CC [M]  lib/zstd/zstd_common.o
  CC [M]  lib/zstd/huf_decompress.o
  CC [M]  drivers/gpu/drm/drm_connector.o
  CC [M]  net/bluetooth/hci_event.o
  CC [M]  drivers/gpu/drm/drm_blend.o
  CC [M]  lib/zstd/decompress.o
  CC      fs/nfs/nfs4sysctl.o
  CC [M]  drivers/gpu/drm/drm_encoder.o
  CC      fs/nfs/pnfs.o
  LD [M]  lib/zstd/zstd_compress.o
  LD [M]  lib/zstd/zstd_decompress.o
  CC      lib/textsearch.o
  CC [M]  drivers/gpu/drm/drm_mode_object.o
  CC      lib/percpu_counter.o
  CC [M]  net/bluetooth/mgmt.o
  CC      lib/swiotlb.o
  CC [M]  drivers/gpu/drm/drm_property.o
  CC      fs/nfs/pnfs_dev.o
  CC      lib/iommu-helper.o
  CC [M]  drivers/gpu/drm/drm_plane.o
  CC      lib/iommu-common.o
  CC      lib/syscall.o
  CC      lib/nlattr.o
  CC      fs/nfs/pnfs_nfs.o
  CC [M]  drivers/gpu/drm/drm_color_mgmt.o
  CC [M]  net/bluetooth/hci_sock.o
  CC      lib/cpu_rmap.o
  CC [M]  drivers/gpu/drm/drm_print.o
  CC      lib/dynamic_queue_limits.o
  CC      lib/glob.o
  AR      fs/nfs/blocklayout/built-in.o
  CC [M]  fs/nfs/blocklayout/blocklayout.o
  CC [M]  drivers/gpu/drm/drm_dumb_buffers.o
  CC      lib/strncpy_from_user.o
  CC [M]  net/bluetooth/hci_sysfs.o
  CC      lib/strnlen_user.o
  CC [M]  drivers/gpu/drm/drm_mode_config.o
  CC      lib/net_utils.o
  CC [M]  fs/nfs/blocklayout/dev.o
  CC [M]  net/bluetooth/l2cap_core.o
  CC      lib/sg_pool.o
  CC [M]  drivers/gpu/drm/drm_vblank.o
  CC [M]  fs/nfs/blocklayout/extent_tree.o
  GEN     lib/oid_registry_data.c
  CC      lib/sbitmap.o
  CC      lib/argv_split.o
  CC [M]  fs/nfs/blocklayout/rpc_pipefs.o
  CC [M]  drivers/gpu/drm/drm_syncobj.o
  CC      lib/bug.o
  CC      lib/chacha20.o
  CC      lib/cmdline.o
  LD [M]  fs/nfs/blocklayout/blocklayoutdriver.o
  CC      fs/nfs/filelayout/filelayout.o
  CC      lib/cpumask.o
  CC      lib/ctype.o
  CC [M]  drivers/gpu/drm/drm_gem_cma_helper.o
  CC      lib/dec_and_lock.o
  CC      lib/decompress.o
  CC      lib/decompress_bunzip2.o
  CC [M]  net/bluetooth/l2cap_sock.o
  CC      lib/decompress_inflate.o
  CC [M]  drivers/gpu/drm/drm_panel.o
  CC      fs/nfs/filelayout/filelayoutdev.o
  CC      lib/decompress_unlz4.o
  CC      lib/decompress_unlzma.o
  CC [M]  drivers/gpu/drm/drm_of.o
  CC      lib/decompress_unlzo.o
  AR      fs/nfs/filelayout/nfs_layout_nfsv41_files.o
  AR      fs/nfs/filelayout/built-in.o
  AR      fs/nfs/flexfilelayout/built-in.o
  CC [M]  fs/nfs/flexfilelayout/flexfilelayout.o
  CC      lib/decompress_unxz.o
  CC [M]  net/bluetooth/smp.o
  CC      lib/dump_stack.o
  CC [M]  drivers/gpu/drm/drm_debugfs.o
  CC      lib/earlycpio.o
  CC      lib/extable.o
  CC      lib/fdt.o
  CC      lib/fdt_empty_tree.o
  CC      lib/fdt_ro.o
  CC [M]  drivers/gpu/drm/drm_debugfs_crc.o
  CC      lib/fdt_rw.o
  CC [M]  fs/nfs/flexfilelayout/flexfilelayoutdev.o
  CC      lib/fdt_strerror.o
  CC      lib/fdt_sw.o
  CC      lib/fdt_wip.o
  CC      lib/flex_proportions.o
  CC [M]  net/bluetooth/lib.o
  CC      lib/idr.o
  AR      drivers/gpu/drm/built-in.o
  LD [M]  drivers/gpu/drm/drm_kms_helper.o
  LD [M]  drivers/gpu/drm/drm.o
  AR      drivers/gpu/vga/built-in.o
  AR      drivers/gpu/built-in.o
  CC      drivers/hid/hid-core.o
  LD [M]  fs/nfs/flexfilelayout/nfs_layout_flexfiles.o
  AR      fs/nfs/nfs.o
  AR      fs/nfs/nfsv2.o
  AR      fs/nfs/nfsv3.o
  AR      fs/nfs/nfsv4.o
  AR      fs/nfs/built-in.o
  AR      fs/nfsd/built-in.o
  CC [M]  fs/nfsd/trace.o
  CC      lib/int_sqrt.o
  CC      lib/ioremap.o
  CC [M]  net/bluetooth/ecdh_helper.o
  CC      lib/irq_regs.o
  CC [M]  fs/nfsd/nfssvc.o
  CC      lib/is_single_threaded.o
  CC [M]  net/bluetooth/hci_request.o
  CC      lib/klist.o
  CC      drivers/hid/hid-input.o
  CC      lib/kobject.o
  CC [M]  fs/nfsd/nfsctl.o
  CC      lib/kobject_uevent.o
  CC [M]  fs/nfsd/nfsproc.o
  CC [M]  net/bluetooth/mgmt_util.o
  CC      lib/nmi_backtrace.o
  CC [M]  fs/nfsd/nfsfh.o
  CC      drivers/hid/hid-debug.o
  CC [M]  net/bluetooth/sco.o
  CC      lib/nodemask.o
  CC [M]  fs/nfsd/vfs.o
  CC      lib/plist.o
  CC      lib/radix-tree.o
  CC      drivers/hid/hidraw.o
  CC [M]  net/bluetooth/a2mp.o
  CC      drivers/hid/hid-generic.o
  CC      lib/ratelimit.o
  CC      drivers/hid/usbhid/hid-core.o
  CC [M]  fs/nfsd/export.o
  CC [M]  net/bluetooth/amp.o
  CC      lib/rbtree.o
  CC      lib/seq_buf.o
  CC      lib/sha1.o
  CC [M]  fs/nfsd/auth.o
  CC [M]  net/bluetooth/hci_debugfs.o
  CC      drivers/hid/usbhid/hid-quirks.o
  CC      lib/show_mem.o
  CC [M]  fs/nfsd/lockd.o
  CC      lib/siphash.o
  CC      drivers/hid/usbhid/hiddev.o
  CC [M]  fs/nfsd/nfscache.o
  CC [M]  net/bluetooth/6lowpan.o
  CC      lib/string.o
  CC      drivers/hid/usbhid/hid-pidff.o
  CC [M]  fs/nfsd/nfsxdr.o
  CC      lib/timerqueue.o
  CC      lib/vsprintf.o
  AR      net/bluetooth/bnep/built-in.o
  CC [M]  net/bluetooth/bnep/core.o
  CC [M]  fs/nfsd/stats.o
  AR      drivers/hid/usbhid/usbhid.o
  AR      drivers/hid/usbhid/built-in.o
  CC [M]  drivers/hid/uhid.o
  CC [M]  fs/nfsd/nfs2acl.o
  CC [M]  net/bluetooth/bnep/sock.o
  CC [M]  drivers/hid/hid-a4tech.o
  CC [M]  fs/nfsd/nfs3proc.o
  CC [M]  drivers/hid/hid-axff.o
  CC [M]  net/bluetooth/bnep/netdev.o
  CC [M]  drivers/hid/hid-apple.o
  CC [M]  fs/nfsd/nfs3xdr.o
  CC      lib/win_minmax.o
  CC [M]  drivers/hid/hid-asus.o
  LD [M]  net/bluetooth/bnep/bnep.o
  CC [M]  lib/crc-ccitt.o
  AR      net/bluetooth/hidp/built-in.o
  CC [M]  net/bluetooth/hidp/core.o
  CC [M]  lib/crc7.o
  CC [M]  drivers/hid/hid-belkin.o
  CC [M]  lib/crc8.o
  CC [M]  fs/nfsd/nfs3acl.o
  CC [M]  drivers/hid/hid-betopff.o
  CC [M]  lib/xxhash.o
  CC [M]  drivers/hid/hid-bigbenff.o
  CC [M]  fs/nfsd/nfs4proc.o
  CC [M]  lib/ts_kmp.o
  CC [M]  net/bluetooth/hidp/sock.o
  CC [M]  drivers/hid/hid-cherry.o
  CC [M]  lib/ts_bm.o
  CC [M]  drivers/hid/hid-chicony.o
  CC [M]  lib/ts_fsm.o
  LD [M]  net/bluetooth/hidp/hidp.o
  AR      net/bluetooth/rfcomm/built-in.o
  CC [M]  net/bluetooth/rfcomm/core.o
  CC [M]  drivers/hid/hid-cypress.o
  CC [M]  fs/nfsd/nfs4xdr.o
  CC [M]  lib/lru_cache.o
  CC [M]  drivers/hid/hid-dr.o
  CC [M]  drivers/hid/hid-emsff.o
  GEN     lib/crc32table.h
  CC      lib/oid_registry.o
  CC [M]  drivers/hid/hid-elecom.o
  AR      lib/lib.a
  CC      lib/crc32.o
  CC [M]  drivers/hid/hid-elo.o
  CC [M]  net/bluetooth/rfcomm/sock.o
  CC [M]  drivers/hid/hid-ezkey.o
  EXPORTS lib/lib-ksyms.o
  AR      lib/built-in.o
  CC [M]  net/bluetooth/rfcomm/tty.o
  CC [M]  drivers/hid/hid-gembird.o
  CC [M]  drivers/hid/hid-gyration.o
  CC [M]  drivers/hid/hid-holtek-kbd.o
  CC [M]  fs/nfsd/nfs4state.o
  CC [M]  drivers/hid/hid-holtek-mouse.o
  AR      fs/nilfs2/built-in.o
  CC [M]  fs/nilfs2/inode.o
  CC [M]  drivers/hid/hid-holtekff.o
  LD [M]  net/bluetooth/rfcomm/rfcomm.o
  LD [M]  net/bluetooth/bluetooth.o
  LD [M]  net/bluetooth/bluetooth_6lowpan.o
  CC      net/bpf/test_run.o
  CC [M]  drivers/hid/hid-kensington.o
  CC [M]  fs/nilfs2/file.o
  CC [M]  drivers/hid/hid-keytouch.o
  AR      net/bpf/built-in.o
  AR      net/bridge/netfilter/built-in.o
  CC [M]  net/bridge/netfilter/ebtables.o
  CC [M]  drivers/hid/hid-kye.o
  CC [M]  fs/nilfs2/dir.o
  CC [M]  drivers/hid/hid-lcpower.o
  CC [M]  drivers/hid/hid-lg.o
  CC [M]  fs/nilfs2/super.o
  CC [M]  drivers/hid/hid-lgff.o
  CC [M]  drivers/hid/hid-lg2ff.o
  CC [M]  fs/nfsd/nfs4idmap.o
  CC [M]  fs/nilfs2/namei.o
  CC [M]  drivers/hid/hid-lg3ff.o
  CC [M]  net/bridge/netfilter/ebtable_broute.o
  CC [M]  drivers/hid/hid-lg4ff.o
  CC [M]  fs/nfsd/nfs4acl.o
  CC [M]  fs/nilfs2/page.o
  CC [M]  net/bridge/netfilter/ebtable_filter.o
  CC [M]  drivers/hid/hid-logitech-dj.o
  CC [M]  fs/nfsd/nfs4callback.o
  CC [M]  net/bridge/netfilter/ebtable_nat.o
  CC [M]  fs/nilfs2/mdt.o
  CC [M]  drivers/hid/hid-logitech-hidpp.o
  CC [M]  net/bridge/netfilter/ebt_802_3.o
  CC [M]  fs/nfsd/nfs4recover.o
  CC [M]  fs/nilfs2/btnode.o
  CC [M]  net/bridge/netfilter/ebt_among.o
  CC [M]  fs/nilfs2/bmap.o
  CC [M]  drivers/hid/hid-magicmouse.o
  LD [M]  fs/nfsd/nfsd.o
  CC [M]  drivers/hid/hid-microsoft.o
  CC [M]  net/bridge/netfilter/ebt_arp.o
  CC [M]  fs/nilfs2/btree.o
  AR      net/can/built-in.o
  CC [M]  net/can/af_can.o
  CC [M]  drivers/hid/hid-monterey.o
  CC [M]  drivers/hid/hid-multitouch.o
  CC [M]  net/bridge/netfilter/ebt_ip.o
  CC [M]  fs/nilfs2/direct.o
  CC [M]  drivers/hid/hid-ntrig.o
  CC [M]  net/bridge/netfilter/ebt_ip6.o
  CC [M]  net/can/proc.o
  CC [M]  fs/nilfs2/dat.o
  CC [M]  drivers/hid/hid-ortek.o
  CC [M]  net/bridge/netfilter/ebt_limit.o
  CC [M]  net/can/raw.o
  CC [M]  drivers/hid/hid-pl.o
  CC [M]  drivers/hid/hid-petalynx.o
  CC [M]  fs/nilfs2/recovery.o
  CC [M]  net/bridge/netfilter/ebt_mark_m.o
  CC [M]  drivers/hid/hid-picolcd_core.o
  CC [M]  net/can/bcm.o
  CC [M]  net/bridge/netfilter/ebt_pkttype.o
  CC [M]  drivers/hid/hid-picolcd_debugfs.o
  CC [M]  fs/nilfs2/the_nilfs.o
  CC [M]  net/bridge/netfilter/ebt_stp.o
  CC [M]  net/can/gw.o
  CC [M]  drivers/hid/hid-roccat.o
  CC [M]  fs/nilfs2/segbuf.o
  CC [M]  net/bridge/netfilter/ebt_vlan.o
  CC [M]  drivers/hid/hid-roccat-common.o
  CC [M]  fs/nilfs2/segment.o
  LD [M]  net/can/can.o
  CC [M]  net/bridge/netfilter/ebt_arpreply.o
  LD [M]  net/can/can-raw.o
  LD [M]  net/can/can-bcm.o
  LD [M]  net/can/can-gw.o
  CC [M]  fs/nilfs2/cpfile.o
  CC [M]  drivers/hid/hid-roccat-arvo.o
  CC [M]  net/bridge/netfilter/ebt_mark.o
  CC [M]  drivers/hid/hid-roccat-isku.o
  CC [M]  drivers/hid/hid-roccat-kone.o
  CC [M]  net/bridge/netfilter/ebt_dnat.o
  CC [M]  net/bridge/netfilter/ebt_redirect.o
  CC [M]  drivers/hid/hid-roccat-koneplus.o
  CC [M]  drivers/hid/hid-roccat-konepure.o
  CC [M]  net/bridge/netfilter/ebt_snat.o
  CC [M]  fs/nilfs2/sufile.o
  AR      drivers/hwmon/built-in.o
  CC [M]  drivers/hwmon/hwmon.o
  CC [M]  drivers/hid/hid-roccat-kovaplus.o
  CC [M]  net/bridge/netfilter/ebt_log.o
  CC [M]  drivers/hid/hid-roccat-lua.o
  CC [M]  drivers/hwmon/ads1015.o
  CC [M]  net/bridge/netfilter/ebt_nflog.o
  CC [M]  fs/nilfs2/ifile.o
  CC [M]  drivers/hid/hid-roccat-pyra.o
  CC [M]  drivers/hwmon/ds1621.o
  CC [M]  drivers/hwmon/gpio-fan.o
  CC [M]  drivers/hid/hid-roccat-ryos.o
  CC [M]  fs/nilfs2/alloc.o
  CC [M]  net/bridge/br.o
  CC [M]  drivers/hwmon/ina2xx.o
  CC [M]  drivers/hid/hid-roccat-savu.o
  CC [M]  fs/nilfs2/gcinode.o
  CC [M]  drivers/hwmon/jc42.o
  CC [M]  net/bridge/br_device.o
  CC [M]  drivers/hid/hid-samsung.o
  CC [M]  drivers/hwmon/lm75.o
  CC [M]  drivers/hid/hid-sjoy.o
  CC [M]  fs/nilfs2/ioctl.o
  CC [M]  drivers/hid/hid-sony.o
  CC [M]  drivers/hwmon/rpi-poe-fan.o
  CC [M]  drivers/hwmon/sht21.o
  CC [M]  net/bridge/br_fdb.o
  CC [M]  fs/nilfs2/sysfs.o
  CC [M]  drivers/hwmon/sht3x.o
  CC [M]  drivers/hid/hid-speedlink.o
  CC [M]  drivers/hwmon/shtc1.o
  CC [M]  drivers/hid/hid-sunplus.o
  LD [M]  fs/nilfs2/nilfs2.o
  CC      fs/nls/nls_base.o
  CC [M]  drivers/hwmon/tmp102.o
  CC [M]  net/bridge/br_forward.o
  CC [M]  drivers/hid/hid-gaff.o
  CC      fs/nls/nls_cp437.o
  CC [M]  drivers/hid/hid-tmff.o
  CC      net/core/sock.o
  CC      fs/nls/nls_ascii.o
  CC [M]  drivers/hid/hid-topseed.o
  CC [M]  fs/nls/nls_cp737.o
  CC [M]  fs/nls/nls_cp775.o
  CC [M]  drivers/hid/hid-twinhan.o
  CC [M]  fs/nls/nls_cp850.o
  CC [M]  net/bridge/br_if.o
  CC [M]  fs/nls/nls_cp852.o
  CC [M]  drivers/hid/hid-uclogic.o
  CC [M]  fs/nls/nls_cp855.o
  CC [M]  fs/nls/nls_cp857.o
  CC [M]  drivers/hid/hid-led.o
  CC [M]  fs/nls/nls_cp860.o
  CC [M]  fs/nls/nls_cp861.o
  CC [M]  net/bridge/br_input.o
  CC [M]  drivers/hid/hid-xinmo.o
  CC [M]  fs/nls/nls_cp862.o
  CC [M]  fs/nls/nls_cp863.o
  CC [M]  drivers/hid/hid-zpff.o
  CC [M]  fs/nls/nls_cp864.o
  CC [M]  fs/nls/nls_cp865.o
  CC [M]  drivers/hid/hid-zydacron.o
  CC      net/core/request_sock.o
  CC [M]  fs/nls/nls_cp866.o
  CC [M]  fs/nls/nls_cp869.o
  CC [M]  drivers/hid/wacom_wac.o
  CC [M]  net/bridge/br_ioctl.o
  CC [M]  fs/nls/nls_cp874.o
  CC      net/core/skbuff.o
  CC [M]  fs/nls/nls_cp932.o
  CC [M]  fs/nls/nls_euc-jp.o
  CC [M]  net/bridge/br_stp.o
  CC [M]  fs/nls/nls_cp936.o
  CC [M]  fs/nls/nls_cp949.o
  CC [M]  net/bridge/br_stp_bpdu.o
  CC [M]  drivers/hid/wacom_sys.o
  CC [M]  fs/nls/nls_cp950.o
  CC [M]  net/bridge/br_stp_if.o
  CC [M]  fs/nls/nls_cp1250.o
  CC [M]  fs/nls/nls_cp1251.o
  CC [M]  fs/nls/nls_iso8859-1.o
  CC [M]  drivers/hid/hid-waltop.o
  CC [M]  net/bridge/br_stp_timer.o
  CC [M]  fs/nls/nls_iso8859-2.o
  CC [M]  drivers/hid/hid-wiimote-core.o
  CC [M]  fs/nls/nls_iso8859-3.o
  CC [M]  fs/nls/nls_iso8859-4.o
  CC      net/core/datagram.o
  CC [M]  net/bridge/br_netlink.o
  CC [M]  fs/nls/nls_iso8859-5.o
  CC [M]  fs/nls/nls_iso8859-6.o
  CC [M]  fs/nls/nls_iso8859-7.o
  CC [M]  drivers/hid/hid-wiimote-modules.o
  CC [M]  fs/nls/nls_cp1255.o
  CC [M]  fs/nls/nls_iso8859-9.o
  CC [M]  fs/nls/nls_iso8859-13.o
  CC [M]  net/bridge/br_netlink_tunnel.o
  CC [M]  fs/nls/nls_iso8859-14.o
  CC      net/core/stream.o
  CC [M]  drivers/hid/hid-wiimote-debug.o
  CC [M]  fs/nls/nls_iso8859-15.o
  CC [M]  fs/nls/nls_koi8-r.o
  CC [M]  net/bridge/br_sysfs_if.o
  CC [M]  fs/nls/nls_koi8-u.o
  AR      drivers/hid/hid.o
  LD [M]  drivers/hid/hid-logitech.o
  LD [M]  drivers/hid/hid-picolcd.o
  LD [M]  drivers/hid/wacom.o
  LD [M]  drivers/hid/hid-wiimote.o
  AR      drivers/hid/built-in.o
  AR      drivers/hwtracing/intel_th/built-in.o
  CC      drivers/i2c/i2c-boardinfo.o
  CC [M]  fs/nls/nls_koi8-ru.o
  CC [M]  fs/nls/nls_utf8.o
  CC      drivers/i2c/i2c-core-base.o
  AR      fs/nls/built-in.o
  CC      fs/notify/fsnotify.o
  CC      net/core/scm.o
  CC [M]  net/bridge/br_sysfs_br.o
  CC      fs/notify/notification.o
  CC [M]  net/bridge/br_nf_core.o
  CC      net/core/gen_stats.o
  CC      fs/notify/group.o
  CC [M]  net/bridge/br_multicast.o
  CC      drivers/i2c/i2c-core-smbus.o
  CC      fs/notify/mark.o
  CC      net/core/gen_estimator.o
  CC      fs/notify/fdinfo.o
  CC      fs/notify/dnotify/dnotify.o
  CC      drivers/i2c/i2c-core-of.o
  CC      net/core/net_namespace.o
  AR      fs/notify/dnotify/built-in.o
  CC      fs/notify/fanotify/fanotify.o
  AR      drivers/i2c/algos/built-in.o
  CC [M]  drivers/i2c/algos/i2c-algo-bit.o
  CC      fs/notify/fanotify/fanotify_user.o
  CC [M]  net/bridge/br_mdb.o
  AR      fs/notify/fanotify/built-in.o
  CC      fs/notify/inotify/inotify_fsnotify.o
  AR      drivers/i2c/busses/built-in.o
  CC [M]  drivers/i2c/busses/i2c-bcm2708.o
  CC      net/core/secure_seq.o
  CC      fs/notify/inotify/inotify_user.o
  CC [M]  drivers/i2c/busses/i2c-bcm2835.o
  CC [M]  net/bridge/br_netfilter_hooks.o
  AR      fs/notify/inotify/built-in.o
  AR      fs/notify/built-in.o
  AR      fs/ntfs/built-in.o
  CC [M]  fs/ntfs/aops.o
  CC [M]  drivers/i2c/busses/i2c-gpio.o
  CC [M]  drivers/i2c/busses/i2c-robotfuzz-osif.o
  CC      net/core/flow_dissector.o
  CC [M]  drivers/i2c/busses/i2c-tiny-usb.o
  CC [M]  net/bridge/br_netfilter_ipv6.o
  AR      drivers/i2c/muxes/built-in.o
  CC [M]  drivers/i2c/muxes/i2c-mux-gpmux.o
  CC [M]  fs/ntfs/attrib.o
  CC [M]  drivers/i2c/muxes/i2c-mux-pca954x.o
  AR      net/bridge/built-in.o
  LD [M]  net/bridge/bridge.o
  LD [M]  net/bridge/br_netfilter.o
  CC [M]  drivers/i2c/i2c-dev.o
  AR      drivers/idle/built-in.o
  CC [M]  drivers/i2c/i2c-mux.o
  CC      net/core/sysctl_net_core.o
  CC [M]  fs/ntfs/collate.o
  CC      net/dns_resolver/dns_key.o
  AR      drivers/i2c/i2c-core.o
  AR      drivers/i2c/built-in.o
  AR      drivers/iio/accel/built-in.o
  AR      drivers/iio/adc/built-in.o
  CC [M]  drivers/iio/adc/mcp320x.o
  CC [M]  fs/ntfs/compress.o
  CC      net/core/dev.o
  CC      net/dns_resolver/dns_query.o
  CC [M]  drivers/iio/adc/mcp3422.o
  AR      net/dns_resolver/dns_resolver.o
  AR      net/dns_resolver/built-in.o
  AR      virt/lib/built-in.o
  AR      virt/built-in.o
  AR      drivers/iio/amplifiers/built-in.o
  AR      fs/ocfs2/built-in.o
  CC [M]  fs/ocfs2/alloc.o
  AR      drivers/iio/buffer/built-in.o
  CC [M]  drivers/iio/buffer/industrialio-buffer-cb.o
  CC [M]  fs/ntfs/debug.o
  CC [M]  fs/ntfs/dir.o
  CC [M]  drivers/iio/buffer/industrialio-triggered-buffer.o
  CC [M]  drivers/iio/buffer/kfifo_buf.o
  CC [M]  fs/ntfs/file.o
  AR      drivers/iio/chemical/built-in.o
  AR      drivers/iio/common/cros_ec_sensors/built-in.o
  AR      drivers/iio/common/hid-sensors/built-in.o
  AR      drivers/iio/common/ms_sensors/built-in.o
  CC [M]  drivers/iio/common/ms_sensors/ms_sensors_i2c.o
  AR      drivers/iio/common/ssp_sensors/built-in.o
  AR      drivers/iio/common/st_sensors/built-in.o
  AR      drivers/iio/common/built-in.o
  AR      drivers/iio/counter/built-in.o
  AR      drivers/iio/dac/built-in.o
  AR      drivers/iio/dummy/built-in.o
  AR      drivers/iio/frequency/built-in.o
  AR      drivers/iio/gyro/built-in.o
  AR      drivers/iio/health/built-in.o
  AR      drivers/iio/humidity/built-in.o
  CC [M]  drivers/iio/humidity/dht11.o
  CC [M]  fs/ntfs/index.o
  CC [M]  drivers/iio/humidity/hdc100x.o
  CC [M]  drivers/iio/humidity/htu21.o
  CC [M]  fs/ntfs/inode.o
  AR      drivers/iio/imu/bmi160/built-in.o
  AR      drivers/iio/imu/inv_mpu6050/built-in.o
  CC [M]  drivers/iio/imu/inv_mpu6050/inv_mpu_core.o
  CC [M]  fs/ocfs2/aops.o
  CC      net/core/ethtool.o
  CC [M]  drivers/iio/imu/inv_mpu6050/inv_mpu_ring.o
  CC [M]  fs/ntfs/mft.o
  CC [M]  drivers/iio/imu/inv_mpu6050/inv_mpu_trigger.o
  CC [M]  drivers/iio/imu/inv_mpu6050/inv_mpu_i2c.o
  CC [M]  drivers/iio/imu/inv_mpu6050/inv_mpu_acpi.o
  CC [M]  fs/ocfs2/blockcheck.o
  LD [M]  drivers/iio/imu/inv_mpu6050/inv-mpu6050.o
  LD [M]  drivers/iio/imu/inv_mpu6050/inv-mpu6050-i2c.o
  CC      net/core/dev_addr_lists.o
  AR      drivers/iio/imu/st_lsm6dsx/built-in.o
  AR      drivers/iio/imu/built-in.o
  AR      drivers/iio/light/built-in.o
  CC [M]  drivers/iio/light/tsl4531.o
  CC [M]  fs/ntfs/mst.o
  CC [M]  drivers/iio/light/veml6070.o
  CC [M]  fs/ocfs2/buffer_head_io.o
  CC [M]  fs/ntfs/namei.o
  AR      drivers/iio/magnetometer/built-in.o
  AR      drivers/iio/multiplexer/built-in.o
  AR      drivers/iio/orientation/built-in.o
  AR      drivers/iio/potentiometer/built-in.o
  AR      drivers/iio/potentiostat/built-in.o
  AR      drivers/iio/pressure/built-in.o
  CC [M]  drivers/iio/pressure/bmp280-core.o
  CC [M]  fs/ntfs/runlist.o
  CC      net/core/dst.o
  CC [M]  fs/ocfs2/dcache.o
  CC [M]  drivers/iio/pressure/bmp280-regmap.o
  CC [M]  drivers/iio/pressure/bmp280-i2c.o
  CC      net/core/netevent.o
  CC [M]  fs/ntfs/super.o
  CC [M]  fs/ocfs2/dir.o
  CC [M]  drivers/iio/pressure/bmp280-spi.o
  LD [M]  drivers/iio/pressure/bmp280.o
  AR      drivers/iio/proximity/built-in.o
  AR      drivers/iio/temperature/built-in.o
  AR      drivers/iio/trigger/built-in.o
  CC [M]  drivers/iio/industrialio-core.o
  CC      net/core/neighbour.o
  CC [M]  fs/ntfs/sysctl.o
  CC [M]  fs/ntfs/unistr.o
  CC [M]  drivers/iio/industrialio-event.o
  CC [M]  fs/ntfs/upcase.o
  CC [M]  drivers/iio/inkern.o
  CC [M]  fs/ntfs/bitmap.o
  CC [M]  fs/ntfs/lcnalloc.o
  CC [M]  fs/ocfs2/dlmglue.o
  CC      net/core/rtnetlink.o
  CC [M]  drivers/iio/industrialio-buffer.o
  CC [M]  fs/ntfs/logfile.o
  CC [M]  drivers/iio/industrialio-trigger.o
  CC [M]  fs/ntfs/quota.o
  CC [M]  fs/ntfs/usnjrnl.o
  CC [M]  fs/ocfs2/export.o
  AR      drivers/iio/built-in.o
  LD [M]  drivers/iio/industrialio.o
  LD [M]  fs/ntfs/ntfs.o
  CC      drivers/input/input.o
  AR      drivers/input/gameport/built-in.o
  CC [M]  drivers/input/gameport/gameport.o
  CC [M]  drivers/input/gameport/lightning.o
  CC [M]  fs/ocfs2/extent_map.o
  CC      net/core/utils.o
  CC [M]  drivers/input/gameport/ns558.o
  CC      drivers/input/input-compat.o
  CC      drivers/input/input-mt.o
  DTCO    arch/arm/boot/dts/overlays/3dlab-nano-player.dtbo
  DTCO    arch/arm/boot/dts/overlays/adau1977-adc.dtbo
  DTCO    arch/arm/boot/dts/overlays/adau7002-simple.dtbo
  DTCO    arch/arm/boot/dts/overlays/ads1015.dtbo
  DTCO    arch/arm/boot/dts/overlays/ads1115.dtbo
  DTCO    arch/arm/boot/dts/overlays/ads7846.dtbo
  CC [M]  fs/ocfs2/file.o
  DTCO    arch/arm/boot/dts/overlays/adv7282m.dtbo
  DTCO    arch/arm/boot/dts/overlays/adv728x-m.dtbo
  DTCO    arch/arm/boot/dts/overlays/akkordion-iqdacplus.dtbo
  CC      net/core/link_watch.o
  DTCO    arch/arm/boot/dts/overlays/allo-boss-dac-pcm512x-audio.dtbo
  DTCO    arch/arm/boot/dts/overlays/allo-digione.dtbo
  DTCO    arch/arm/boot/dts/overlays/allo-katana-dac-audio.dtbo
  DTCO    arch/arm/boot/dts/overlays/allo-piano-dac-pcm512x-audio.dtbo
  DTCO    arch/arm/boot/dts/overlays/allo-piano-dac-plus-pcm512x-audio.dtbo
  DTCO    arch/arm/boot/dts/overlays/applepi-dac.dtbo
  DTCO    arch/arm/boot/dts/overlays/at86rf233.dtbo
  DTCO    arch/arm/boot/dts/overlays/audioinjector-addons.dtbo
  DTCO    arch/arm/boot/dts/overlays/audioinjector-ultra.dtbo
  DTCO    arch/arm/boot/dts/overlays/audioinjector-wm8731-audio.dtbo
  DTCO    arch/arm/boot/dts/overlays/audiosense-pi.dtbo
  DTCO    arch/arm/boot/dts/overlays/audremap.dtbo
  CC      drivers/input/ff-core.o
  DTCO    arch/arm/boot/dts/overlays/balena-fin.dtbo
  DTCO    arch/arm/boot/dts/overlays/bmp085_i2c-sensor.dtbo
  DTCO    arch/arm/boot/dts/overlays/dht11.dtbo
  DTCO    arch/arm/boot/dts/overlays/dionaudio-loco.dtbo
  DTCO    arch/arm/boot/dts/overlays/dionaudio-loco-v2.dtbo
  DTCO    arch/arm/boot/dts/overlays/dpi18.dtbo
  DTCO    arch/arm/boot/dts/overlays/dpi24.dtbo
  DTCO    arch/arm/boot/dts/overlays/dwc-otg.dtbo
  DTCO    arch/arm/boot/dts/overlays/dwc2.dtbo
  DTCO    arch/arm/boot/dts/overlays/enc28j60.dtbo
  DTCO    arch/arm/boot/dts/overlays/enc28j60-spi2.dtbo
  DTCO    arch/arm/boot/dts/overlays/exc3000.dtbo
  DTCO    arch/arm/boot/dts/overlays/fe-pi-audio.dtbo
  DTCO    arch/arm/boot/dts/overlays/goodix.dtbo
  DTCO    arch/arm/boot/dts/overlays/googlevoicehat-soundcard.dtbo
  DTCO    arch/arm/boot/dts/overlays/gpio-fan.dtbo
  DTCO    arch/arm/boot/dts/overlays/gpio-ir.dtbo
  DTCO    arch/arm/boot/dts/overlays/gpio-ir-tx.dtbo
  DTCO    arch/arm/boot/dts/overlays/gpio-key.dtbo
  DTCO    arch/arm/boot/dts/overlays/gpio-no-bank0-irq.dtbo
  DTCO    arch/arm/boot/dts/overlays/gpio-no-irq.dtbo
  DTCO    arch/arm/boot/dts/overlays/gpio-poweroff.dtbo
  DTCO    arch/arm/boot/dts/overlays/gpio-shutdown.dtbo
  DTCO    arch/arm/boot/dts/overlays/hd44780-lcd.dtbo
  DTCO    arch/arm/boot/dts/overlays/hifiberry-amp.dtbo
  DTCO    arch/arm/boot/dts/overlays/hifiberry-dac.dtbo
  DTCO    arch/arm/boot/dts/overlays/hifiberry-dacplus.dtbo
  DTCO    arch/arm/boot/dts/overlays/hifiberry-digi.dtbo
  DTCO    arch/arm/boot/dts/overlays/hifiberry-digi-pro.dtbo
  DTCO    arch/arm/boot/dts/overlays/hy28a.dtbo
  DTCO    arch/arm/boot/dts/overlays/hy28b.dtbo
  DTCO    arch/arm/boot/dts/overlays/hy28b-2017.dtbo
  CC      drivers/input/input-leds.o
  DTCO    arch/arm/boot/dts/overlays/i2c-bcm2708.dtbo
  DTCO    arch/arm/boot/dts/overlays/i2c-gpio.dtbo
  DTCO    arch/arm/boot/dts/overlays/i2c-mux.dtbo
  DTCO    arch/arm/boot/dts/overlays/i2c-pwm-pca9685a.dtbo
  DTCO    arch/arm/boot/dts/overlays/i2c-rtc.dtbo
  DTCO    arch/arm/boot/dts/overlays/i2c-rtc-gpio.dtbo
  CC      net/core/filter.o
  DTCO    arch/arm/boot/dts/overlays/i2c-sensor.dtbo
  DTCO    arch/arm/boot/dts/overlays/i2c0-bcm2708.dtbo
  DTCO    arch/arm/boot/dts/overlays/i2c1-bcm2708.dtbo
  DTCO    arch/arm/boot/dts/overlays/i2s-gpio28-31.dtbo
  DTCO    arch/arm/boot/dts/overlays/iqaudio-dac.dtbo
  DTCO    arch/arm/boot/dts/overlays/iqaudio-dacplus.dtbo
  DTCO    arch/arm/boot/dts/overlays/iqaudio-digi-wm8804-audio.dtbo
  DTCO    arch/arm/boot/dts/overlays/jedec-spi-nor.dtbo
  DTCO    arch/arm/boot/dts/overlays/justboom-dac.dtbo
  DTCO    arch/arm/boot/dts/overlays/justboom-digi.dtbo
  DTCO    arch/arm/boot/dts/overlays/lirc-rpi.dtbo
  CC      drivers/input/mousedev.o
  DTCO    arch/arm/boot/dts/overlays/ltc294x.dtbo
  DTCO    arch/arm/boot/dts/overlays/mbed-dac.dtbo
  DTCO    arch/arm/boot/dts/overlays/mcp23017.dtbo
  DTCO    arch/arm/boot/dts/overlays/mcp23s17.dtbo
  DTCO    arch/arm/boot/dts/overlays/mcp2515-can0.dtbo
  DTCO    arch/arm/boot/dts/overlays/mcp2515-can1.dtbo
  DTCO    arch/arm/boot/dts/overlays/mcp3008.dtbo
  DTCO    arch/arm/boot/dts/overlays/mcp3202.dtbo
  DTCO    arch/arm/boot/dts/overlays/media-center.dtbo
  DTCO    arch/arm/boot/dts/overlays/midi-uart0.dtbo
  DTCO    arch/arm/boot/dts/overlays/midi-uart1.dtbo
  DTCO    arch/arm/boot/dts/overlays/mmc.dtbo
  DTCO    arch/arm/boot/dts/overlays/mpu6050.dtbo
  DTCO    arch/arm/boot/dts/overlays/mz61581.dtbo
  DTCO    arch/arm/boot/dts/overlays/ov5647.dtbo
  DTCO    arch/arm/boot/dts/overlays/papirus.dtbo
  DTCO    arch/arm/boot/dts/overlays/pi3-act-led.dtbo
  DTCO    arch/arm/boot/dts/overlays/pi3-disable-bt.dtbo
  DTCO    arch/arm/boot/dts/overlays/pi3-disable-wifi.dtbo
  DTCO    arch/arm/boot/dts/overlays/pi3-miniuart-bt.dtbo
  DTCO    arch/arm/boot/dts/overlays/pibell.dtbo
  DTCO    arch/arm/boot/dts/overlays/piscreen.dtbo
  DTCO    arch/arm/boot/dts/overlays/piscreen2r.dtbo
  DTCO    arch/arm/boot/dts/overlays/pisound.dtbo
  DTCO    arch/arm/boot/dts/overlays/pitft22.dtbo
  DTCO    arch/arm/boot/dts/overlays/pitft28-capacitive.dtbo
  DTCO    arch/arm/boot/dts/overlays/pitft28-resistive.dtbo
  DTCO    arch/arm/boot/dts/overlays/pitft35-resistive.dtbo
  DTCO    arch/arm/boot/dts/overlays/pps-gpio.dtbo
  DTCO    arch/arm/boot/dts/overlays/pwm.dtbo
  DTCO    arch/arm/boot/dts/overlays/pwm-2chan.dtbo
  DTCO    arch/arm/boot/dts/overlays/pwm-ir-tx.dtbo
  DTCO    arch/arm/boot/dts/overlays/qca7000.dtbo
  DTCO    arch/arm/boot/dts/overlays/rotary-encoder.dtbo
  DTCO    arch/arm/boot/dts/overlays/rpi-backlight.dtbo
  DTCO    arch/arm/boot/dts/overlays/rpi-cirrus-wm5102.dtbo
  DTCO    arch/arm/boot/dts/overlays/rpi-dac.dtbo
  DTCO    arch/arm/boot/dts/overlays/rpi-display.dtbo
  DTCO    arch/arm/boot/dts/overlays/rpi-ft5406.dtbo
  AR      drivers/input/joystick/built-in.o
  DTCO    arch/arm/boot/dts/overlays/rpi-poe.dtbo
  CC [M]  drivers/input/joystick/psxpad-spi.o
  DTCO    arch/arm/boot/dts/overlays/rpi-proto.dtbo
  DTCO    arch/arm/boot/dts/overlays/rpi-sense.dtbo
  DTCO    arch/arm/boot/dts/overlays/rpi-tv.dtbo
  DTCO    arch/arm/boot/dts/overlays/rra-digidac1-wm8741-audio.dtbo
  DTCO    arch/arm/boot/dts/overlays/sc16is750-i2c.dtbo
  DTCO    arch/arm/boot/dts/overlays/sc16is752-i2c.dtbo
  DTCO    arch/arm/boot/dts/overlays/sc16is752-spi1.dtbo
  DTCO    arch/arm/boot/dts/overlays/sdhost.dtbo
  DTCO    arch/arm/boot/dts/overlays/sdio.dtbo
  DTCO    arch/arm/boot/dts/overlays/sdio-1bit.dtbo
  DTCO    arch/arm/boot/dts/overlays/sdtweak.dtbo
  DTCO    arch/arm/boot/dts/overlays/smi.dtbo
  DTCO    arch/arm/boot/dts/overlays/smi-dev.dtbo
  DTCO    arch/arm/boot/dts/overlays/smi-nand.dtbo
  DTCO    arch/arm/boot/dts/overlays/spi-gpio35-39.dtbo
  DTCO    arch/arm/boot/dts/overlays/spi-rtc.dtbo
  DTCO    arch/arm/boot/dts/overlays/spi0-cs.dtbo
  DTCO    arch/arm/boot/dts/overlays/spi0-hw-cs.dtbo
  DTCO    arch/arm/boot/dts/overlays/spi1-1cs.dtbo
  DTCO    arch/arm/boot/dts/overlays/spi1-2cs.dtbo
  DTCO    arch/arm/boot/dts/overlays/spi1-3cs.dtbo
  DTCO    arch/arm/boot/dts/overlays/spi2-1cs.dtbo
  DTCO    arch/arm/boot/dts/overlays/spi2-2cs.dtbo
  DTCO    arch/arm/boot/dts/overlays/spi2-3cs.dtbo
  DTCO    arch/arm/boot/dts/overlays/superaudioboard.dtbo
  DTCO    arch/arm/boot/dts/overlays/sx150x.dtbo
  DTCO    arch/arm/boot/dts/overlays/tc358743.dtbo
  DTCO    arch/arm/boot/dts/overlays/tc358743-audio.dtbo
  DTCO    arch/arm/boot/dts/overlays/tinylcd35.dtbo
  DTCO    arch/arm/boot/dts/overlays/tpm-slb9670.dtbo
  DTCO    arch/arm/boot/dts/overlays/uart0.dtbo
  CC [M]  drivers/input/joystick/xpad.o
  DTCO    arch/arm/boot/dts/overlays/uart1.dtbo
  DTCO    arch/arm/boot/dts/overlays/upstream.dtbo
  DTCO    arch/arm/boot/dts/overlays/upstream-aux-interrupt.dtbo
  DTCO    arch/arm/boot/dts/overlays/vc4-fkms-v3d.dtbo
  DTCO    arch/arm/boot/dts/overlays/vc4-kms-kippah-7inch.dtbo
  DTCO    arch/arm/boot/dts/overlays/vc4-kms-v3d.dtbo
  DTCO    arch/arm/boot/dts/overlays/vga666.dtbo
  DTCO    arch/arm/boot/dts/overlays/w1-gpio.dtbo
  DTCO    arch/arm/boot/dts/overlays/w1-gpio-pullup.dtbo
  DTCO    arch/arm/boot/dts/overlays/wittypi.dtbo
  DTC     arch/arm/boot/dts/bcm2708-rpi-b.dtb
  CC [M]  fs/ocfs2/heartbeat.o
  DTC     arch/arm/boot/dts/bcm2708-rpi-b-plus.dtb
  DTC     arch/arm/boot/dts/bcm2708-rpi-cm.dtb
  DTC     arch/arm/boot/dts/bcm2708-rpi-0-w.dtb
  DTC     arch/arm/boot/dts/bcm2709-rpi-2-b.dtb
  DTC     arch/arm/boot/dts/bcm2710-rpi-3-b.dtb
  DTC     arch/arm/boot/dts/bcm2710-rpi-3-b-plus.dtb
  DTC     arch/arm/boot/dts/bcm2710-rpi-cm3.dtb
  DTC     arch/arm/boot/dts/bcm2835-rpi-b.dtb
  DTC     arch/arm/boot/dts/bcm2835-rpi-a.dtb
  DTC     arch/arm/boot/dts/bcm2835-rpi-b-rev2.dtb
  DTC     arch/arm/boot/dts/bcm2835-rpi-b-plus.dtb
  DTC     arch/arm/boot/dts/bcm2835-rpi-a-plus.dtb
  DTC     arch/arm/boot/dts/bcm2836-rpi-2-b.dtb
  DTC     arch/arm/boot/dts/bcm2837-rpi-3-b.dtb
  DTC     arch/arm/boot/dts/bcm2835-rpi-zero.dtb
  DTC     arch/arm/boot/dts/bcm2835-rpi-zero-w.dtb
  CC [M]  drivers/input/joystick/rpisense-js.o
  AR      fs/overlayfs/built-in.o
  CC [M]  fs/overlayfs/super.o
  AR      drivers/input/joystick/iforce/built-in.o
  CC [M]  drivers/input/joystick/iforce/iforce-ff.o
  CC [M]  fs/ocfs2/inode.o
  CC [M]  drivers/input/joystick/iforce/iforce-main.o
  CC [M]  fs/overlayfs/namei.o
  CC      net/core/sock_diag.o
  CC [M]  drivers/input/joystick/iforce/iforce-packets.o
  CC [M]  fs/overlayfs/util.o
  CC [M]  drivers/input/joystick/iforce/iforce-usb.o
  LD [M]  drivers/input/joystick/iforce/iforce.o
  AR      drivers/input/keyboard/built-in.o
  CC [M]  drivers/input/keyboard/gpio_keys.o
  CC [M]  fs/ocfs2/ioctl.o
  CC [M]  fs/overlayfs/inode.o
  CC      net/core/dev_ioctl.o
  CC [M]  fs/overlayfs/dir.o
  CC [M]  drivers/input/keyboard/matrix_keypad.o
  CC [M]  fs/ocfs2/journal.o
  CC      net/core/tso.o
  AR      drivers/input/misc/built-in.o
  CC [M]  drivers/input/misc/ad714x.o
  CC [M]  fs/overlayfs/readdir.o
  CC [M]  fs/overlayfs/copy_up.o
  CC [M]  drivers/input/misc/ad714x-i2c.o
  CC      net/core/sock_reuseport.o
  CC [M]  drivers/input/misc/ad714x-spi.o
  LD [M]  fs/overlayfs/overlay.o
  CC [M]  drivers/input/misc/adxl34x.o
  CC      net/core/fib_notifier.o
  CC [M]  fs/ocfs2/localalloc.o
  CC [M]  drivers/input/misc/adxl34x-i2c.o
  CC      net/core/net-sysfs.o
  CC [M]  drivers/input/misc/adxl34x-spi.o
  CC [M]  drivers/input/misc/ati_remote2.o
  CC      net/core/net-procfs.o
  CC [M]  drivers/input/misc/cm109.o
  CC [M]  fs/ocfs2/locks.o
  CC [M]  drivers/input/misc/cma3000_d0x.o
  CC [M]  fs/ocfs2/mmap.o
  CC      net/core/netpoll.o
  CC [M]  drivers/input/misc/keyspan_remote.o
  CC      net/core/fib_rules.o
  CC [M]  drivers/input/misc/powermate.o
  CC [M]  fs/ocfs2/namei.o
  CC [M]  drivers/input/misc/rotary_encoder.o
  CC [M]  drivers/input/misc/uinput.o
  CC [M]  drivers/input/misc/yealink.o
  CC      net/core/net-traces.o
  CC      net/core/netclassid_cgroup.o
  CC      drivers/input/touchscreen/of_touchscreen.o
  CC [M]  drivers/input/touchscreen/ads7846.o
  CC [M]  drivers/input/touchscreen/edt-ft5x06.o
  CC [M]  fs/ocfs2/refcounttree.o
  CC      net/core/dst_cache.o
  CC [M]  drivers/input/touchscreen/rpi-ft5406.o
  CC [M]  drivers/input/touchscreen/egalax_ts.o
  CC      net/core/gro_cells.o
  CC [M]  drivers/input/touchscreen/exc3000.o
  CC [M]  drivers/input/touchscreen/goodix.o
  CC [M]  net/core/pktgen.o
  CC [M]  drivers/input/touchscreen/usbtouchscreen.o
  CC [M]  drivers/input/touchscreen/stmpe-ts.o
  AR      net/core/built-in.o
  AR      drivers/input/touchscreen/built-in.o
  CC [M]  fs/ocfs2/reservations.o
  CC [M]  drivers/input/ff-memless.o
  CC [M]  drivers/input/input-polldev.o
  CC [M]  fs/ocfs2/move_extents.o
  CC [M]  drivers/input/matrix-keymap.o
  CC      net/ethernet/eth.o
  AR      drivers/input/serio/built-in.o
  CC [M]  drivers/input/serio/serio.o
  CC [M]  fs/ocfs2/resize.o
  CC [M]  drivers/input/joydev.o
  CC [M]  drivers/input/serio/serport.o
  CC [M]  drivers/input/evdev.o
  AR      net/ethernet/built-in.o
  AR      net/ieee802154/6lowpan/built-in.o
  CC [M]  net/ieee802154/6lowpan/core.o
  CC [M]  drivers/input/serio/serio_raw.o
  CC [M]  fs/ocfs2/slot_map.o
  CC [M]  net/ieee802154/6lowpan/rx.o
  CC      drivers/irqchip/irqchip.o
  AR      drivers/input/input-core.o
  AR      drivers/input/built-in.o
  CC      drivers/irqchip/irq-bcm2835.o
  CC [M]  net/ieee802154/6lowpan/reassembly.o
  CC      drivers/irqchip/irq-bcm2836.o
  CC [M]  fs/ocfs2/suballoc.o
  CC [M]  net/ieee802154/6lowpan/tx.o
  AR      drivers/irqchip/built-in.o
  CC      drivers/leds/led-core.o
  CC      fs/proc/task_mmu.o
  LD [M]  net/ieee802154/6lowpan/ieee802154_6lowpan.o
  CC [M]  net/ieee802154/netlink.o
  CC      drivers/leds/led-class.o
  CC [M]  net/ieee802154/nl-mac.o
  CC      fs/proc/inode.o
  CC      drivers/leds/led-triggers.o
  CC      fs/proc/root.o
  CC [M]  fs/ocfs2/super.o
  CC      drivers/leds/leds-gpio.o
  CC [M]  net/ieee802154/nl-phy.o
  CC      fs/proc/base.o
  CC      drivers/leds/trigger/ledtrig-timer.o
  CC [M]  net/ieee802154/nl_policy.o
  CC      drivers/leds/trigger/ledtrig-oneshot.o
  CC      drivers/leds/trigger/ledtrig-heartbeat.o
  CC [M]  net/ieee802154/core.o
  CC      drivers/leds/trigger/ledtrig-backlight.o
  CC      fs/proc/generic.o
  CC      drivers/leds/trigger/ledtrig-gpio.o
  CC [M]  net/ieee802154/header_ops.o
  CC      drivers/leds/trigger/ledtrig-default-on.o
  CC      drivers/leds/trigger/ledtrig-input.o
  CC      fs/proc/array.o
  CC      drivers/leds/trigger/ledtrig-panic.o
  CC [M]  net/ieee802154/sysfs.o
  CC [M]  drivers/leds/trigger/ledtrig-transient.o
  CC      fs/proc/fd.o
  CC [M]  drivers/leds/trigger/ledtrig-camera.o
  CC [M]  net/ieee802154/nl802154.o
  CC      fs/proc/proc_tty.o
  AR      drivers/leds/trigger/built-in.o
  AR      drivers/leds/built-in.o
  AR      drivers/macintosh/built-in.o
  CC      drivers/mailbox/mailbox.o
  CC      fs/proc/cmdline.o
  CC      fs/proc/consoles.o
  CC      drivers/mailbox/bcm2835-mailbox.o
  CC      fs/proc/cpuinfo.o
  CC      fs/proc/devices.o
  CC [M]  net/ieee802154/trace.o
  AR      drivers/mailbox/built-in.o
  CC      drivers/md/dm-builtin.o
  CC      fs/proc/interrupts.o
  CC      fs/proc/loadavg.o
  CC [M]  fs/ocfs2/symlink.o
  CC      fs/proc/meminfo.o
  CC [M]  drivers/md/linear.o
  CC [M]  fs/ocfs2/sysfile.o
  CC [M]  net/ieee802154/socket.o
  CC      fs/proc/stat.o
  CC [M]  fs/ocfs2/uptodate.o
  CC [M]  drivers/md/raid0.o
  CC      fs/proc/uptime.o
  CC      fs/proc/version.o
  AR      net/ieee802154/built-in.o
  LD [M]  net/ieee802154/ieee802154.o
  LD [M]  net/ieee802154/ieee802154_socket.o
  CC      net/ipv4/route.o
  CC      fs/proc/softirqs.o
  CC      fs/proc/namespaces.o
  CC [M]  fs/ocfs2/quota_local.o
  CC [M]  drivers/md/raid1.o
  CC      fs/proc/self.o
  CC      fs/proc/thread_self.o
  CC      fs/proc/proc_sysctl.o
  CC [M]  fs/ocfs2/quota_global.o
  CC      net/ipv4/inetpeer.o
  CC      fs/proc/proc_net.o
  CC [M]  drivers/md/raid10.o
  CC      net/ipv4/protocol.o
  CC [M]  fs/ocfs2/xattr.o
  CC      fs/proc/kmsg.o
  CC      fs/proc/page.o
  AR      fs/proc/proc.o
  AR      fs/proc/built-in.o
  CC      net/ipv4/ip_input.o
  CC [M]  drivers/md/raid5.o
  CC      net/ipv4/ip_fragment.o
  CC      net/ipv4/ip_forward.o
  CC [M]  drivers/md/raid5-cache.o
  CC      net/ipv4/ip_options.o
  CC [M]  fs/ocfs2/acl.o
  CC [M]  fs/ocfs2/filecheck.o
  CC      net/ipv4/ip_output.o
  CC [M]  fs/ocfs2/stackglue.o
  CC      net/ipv4/ip_sockglue.o
  CC [M]  fs/ocfs2/stack_o2cb.o
  CC [M]  fs/ocfs2/stack_user.o
  CC [M]  drivers/md/raid5-ppl.o
  AR      fs/ocfs2/cluster/built-in.o
  CC [M]  fs/ocfs2/cluster/heartbeat.o
  CC      net/ipv4/inet_hashtables.o
  CC      net/ipv4/inet_timewait_sock.o
  CC [M]  drivers/md/md.o
  CC [M]  drivers/md/bitmap.o
  CC      net/ipv4/inet_connection_sock.o
  CC [M]  fs/ocfs2/cluster/masklog.o
  CC [M]  fs/ocfs2/cluster/sys.o
  CC [M]  fs/ocfs2/cluster/nodemanager.o
  CC      net/ipv4/tcp.o
  CC      net/ipv4/tcp_input.o
  CC [M]  fs/ocfs2/cluster/quorum.o
  CC [M]  fs/ocfs2/cluster/tcp.o
  AR      net/ipv6/netfilter/built-in.o
  CC [M]  drivers/md/dm.o
  CC [M]  net/ipv6/netfilter/ip6_tables.o
  CC [M]  fs/ocfs2/cluster/netdebug.o
  LD [M]  fs/ocfs2/cluster/ocfs2_nodemanager.o
  AR      fs/ocfs2/dlm/built-in.o
  CC [M]  fs/ocfs2/dlm/dlmdomain.o
  CC      net/ipv4/tcp_output.o
  CC [M]  net/ipv6/netfilter/ip6table_filter.o
  CC [M]  drivers/md/dm-table.o
  CC [M]  net/ipv6/netfilter/ip6table_mangle.o
  CC [M]  fs/ocfs2/dlm/dlmdebug.o
  CC [M]  net/ipv6/netfilter/ip6table_raw.o
  CC [M]  drivers/md/dm-target.o
  CC [M]  net/ipv6/netfilter/ip6table_nat.o
  CC [M]  drivers/md/dm-linear.o
  CC [M]  fs/ocfs2/dlm/dlmthread.o
  CC [M]  net/ipv6/netfilter/nf_conntrack_l3proto_ipv6.o
  CC      net/ipv4/tcp_timer.o
  CC [M]  drivers/md/dm-stripe.o
  CC [M]  fs/ocfs2/dlm/dlmrecovery.o
  CC [M]  net/ipv6/netfilter/nf_conntrack_proto_icmpv6.o
  CC [M]  drivers/md/dm-ioctl.o
  CC      net/ipv4/tcp_ipv4.o
  CC [M]  net/ipv6/netfilter/nf_nat_l3proto_ipv6.o
  CC [M]  drivers/md/dm-io.o
  CC [M]  net/ipv6/netfilter/nf_nat_proto_icmpv6.o
  CC [M]  fs/ocfs2/dlm/dlmmaster.o
  CC [M]  drivers/md/dm-kcopyd.o
  CC [M]  net/ipv6/netfilter/nf_nat_masquerade_ipv6.o
  CC      net/ipv4/tcp_minisocks.o
  CC [M]  drivers/md/dm-sysfs.o
  CC [M]  net/ipv6/netfilter/nf_defrag_ipv6_hooks.o
  CC [M]  drivers/md/dm-stats.o
  CC [M]  fs/ocfs2/dlm/dlmast.o
  CC      net/ipv4/tcp_cong.o
  CC [M]  drivers/md/dm-rq.o
  CC [M]  net/ipv6/netfilter/nf_conntrack_reasm.o
  CC [M]  fs/ocfs2/dlm/dlmconvert.o
  CC      net/ipv4/tcp_metrics.o
  CC [M]  fs/ocfs2/dlm/dlmlock.o
  CC [M]  drivers/md/dm-bufio.o
  CC [M]  net/ipv6/netfilter/nf_log_ipv6.o
  CC      net/ipv4/tcp_fastopen.o
  CC [M]  net/ipv6/netfilter/nf_reject_ipv6.o
  CC [M]  fs/ocfs2/dlm/dlmunlock.o
  CC [M]  drivers/md/dm-bio-prison-v1.o
  CC      net/ipv4/tcp_rate.o
  CC [M]  drivers/md/dm-bio-prison-v2.o
  CC [M]  net/ipv6/netfilter/nf_dup_ipv6.o
  LD [M]  fs/ocfs2/dlm/ocfs2_dlm.o
  AR      fs/ocfs2/dlmfs/built-in.o
  CC [M]  fs/ocfs2/dlmfs/userdlm.o
  CC [M]  fs/ocfs2/dlmfs/dlmfs.o
  CC [M]  drivers/md/dm-crypt.o
  CC      net/ipv4/tcp_recovery.o
  CC [M]  net/ipv6/netfilter/ip6t_ah.o
  LD [M]  fs/ocfs2/dlmfs/ocfs2_dlmfs.o
  LD [M]  fs/ocfs2/ocfs2.o
  LD [M]  fs/ocfs2/ocfs2_stackglue.o
  LD [M]  fs/ocfs2/ocfs2_stack_o2cb.o
  LD [M]  fs/ocfs2/ocfs2_stack_user.o
  CC      fs/quota/dquot.o
  CC      net/ipv4/tcp_ulp.o
  CC [M]  net/ipv6/netfilter/ip6t_eui64.o
  CC [M]  net/ipv6/netfilter/ip6t_frag.o
  CC [M]  drivers/md/dm-delay.o
  CC      net/ipv4/tcp_offload.o
  CC [M]  net/ipv6/netfilter/ip6t_ipv6header.o
  CC [M]  drivers/md/dm-snap.o
  CC      fs/quota/quota.o
  CC [M]  net/ipv6/netfilter/ip6t_mh.o
  CC      net/ipv4/datagram.o
  CC      fs/quota/kqid.o
  CC [M]  net/ipv6/netfilter/ip6t_hbh.o
  CC [M]  fs/quota/quota_v1.o
  CC [M]  drivers/md/dm-exception-store.o
  CC [M]  fs/quota/quota_v2.o
  CC      net/ipv4/raw.o
  CC [M]  net/ipv6/netfilter/ip6t_rpfilter.o
  CC [M]  fs/quota/quota_tree.o
  CC [M]  drivers/md/dm-snap-transient.o
  CC [M]  net/ipv6/netfilter/ip6t_rt.o
  AR      fs/quota/built-in.o
  CC      fs/ramfs/inode.o
  CC [M]  drivers/md/dm-snap-persistent.o
  CC      fs/ramfs/file-mmu.o
  CC [M]  net/ipv6/netfilter/ip6t_MASQUERADE.o
  CC      net/ipv4/udp.o
  CC [M]  drivers/md/dm-raid1.o
  AR      fs/ramfs/ramfs.o
  AR      fs/ramfs/built-in.o
  AR      fs/reiserfs/built-in.o
  CC [M]  fs/reiserfs/bitmap.o
  CC [M]  net/ipv6/netfilter/ip6t_NPT.o
  CC [M]  drivers/md/dm-log.o
  CC [M]  fs/reiserfs/do_balan.o
  CC [M]  net/ipv6/netfilter/ip6t_REJECT.o
  LD [M]  net/ipv6/netfilter/nf_conntrack_ipv6.o
  LD [M]  net/ipv6/netfilter/nf_nat_ipv6.o
  LD [M]  net/ipv6/netfilter/nf_defrag_ipv6.o
  CC      net/ipv6/addrconf_core.o
  CC [M]  drivers/md/dm-region-hash.o
  CC [M]  fs/reiserfs/namei.o
  CC      net/ipv4/udplite.o
  CC      net/ipv6/exthdrs_core.o
  CC [M]  fs/reiserfs/inode.o
  CC [M]  drivers/md/dm-log-userspace-base.o
  CC      net/ipv4/udp_offload.o
  CC [M]  drivers/md/dm-log-userspace-transfer.o
  CC      net/ipv6/ip6_checksum.o
  CC [M]  drivers/md/dm-zero.o
  CC      net/ipv4/arp.o
  CC [M]  fs/reiserfs/file.o
  CC [M]  drivers/md/dm-raid.o
  CC      net/ipv6/ip6_icmp.o
  CC [M]  fs/reiserfs/dir.o
  CC [M]  fs/reiserfs/fix_node.o
  CC      net/ipv6/output_core.o
  CC      net/ipv4/icmp.o
  CC [M]  drivers/md/dm-thin.o
  CC [M]  fs/reiserfs/super.o
  CC      net/ipv6/protocol.o
  CC      net/ipv4/devinet.o
  CC      net/ipv6/ip6_offload.o
  CC [M]  fs/reiserfs/prints.o
  CC      net/ipv6/tcpv6_offload.o
  CC [M]  drivers/md/dm-thin-metadata.o
  CC [M]  fs/reiserfs/objectid.o
  CC [M]  fs/reiserfs/lbalance.o
  CC      net/ipv6/exthdrs_offload.o
  CC      net/ipv4/af_inet.o
  CC [M]  drivers/md/dm-cache-target.o
  CC      net/ipv6/inet6_hashtables.o
  CC [M]  fs/reiserfs/ibalance.o
  CC [M]  fs/reiserfs/stree.o
  CC      net/ipv6/mcast_snoop.o
  CC      net/ipv4/igmp.o
  CC [M]  drivers/md/dm-cache-metadata.o
  CC [M]  fs/reiserfs/hashes.o
  CC [M]  net/ipv6/af_inet6.o
  CC [M]  fs/reiserfs/tail_conversion.o
  CC [M]  drivers/md/dm-cache-policy.o
  CC [M]  fs/reiserfs/journal.o
  CC [M]  drivers/md/dm-cache-background-tracker.o
  CC [M]  net/ipv6/anycast.o
  CC      net/ipv4/fib_frontend.o
  CC [M]  drivers/md/dm-cache-policy-smq.o
  CC [M]  net/ipv6/ip6_output.o
  CC [M]  fs/reiserfs/resize.o
  CC [M]  fs/reiserfs/item_ops.o
  AR      drivers/md/persistent-data/built-in.o
  CC [M]  drivers/md/persistent-data/dm-array.o
  CC      net/ipv4/fib_semantics.o
  CC [M]  fs/reiserfs/ioctl.o
  CC [M]  fs/reiserfs/xattr.o
  CC [M]  drivers/md/persistent-data/dm-bitset.o
  CC [M]  fs/reiserfs/lock.o
  CC [M]  drivers/md/persistent-data/dm-block-manager.o
  CC [M]  net/ipv6/ip6_input.o
  CC [M]  fs/reiserfs/xattr_user.o
  CC      net/ipv4/fib_trie.o
  CC [M]  fs/reiserfs/xattr_trusted.o
  CC [M]  drivers/md/persistent-data/dm-space-map-common.o
  CC [M]  fs/reiserfs/xattr_security.o
  CC [M]  fs/reiserfs/xattr_acl.o
  CC [M]  net/ipv6/addrconf.o
  CC [M]  drivers/md/persistent-data/dm-space-map-disk.o
  LD [M]  fs/reiserfs/reiserfs.o
  AR      fs/squashfs/built-in.o
  CC [M]  fs/squashfs/block.o
  CC [M]  drivers/md/persistent-data/dm-space-map-metadata.o
  CC      net/ipv4/fib_notifier.o
  CC [M]  fs/squashfs/cache.o
  CC [M]  drivers/md/persistent-data/dm-transaction-manager.o
  CC      net/ipv4/inet_fragment.o
  CC [M]  fs/squashfs/dir.o
  CC [M]  fs/squashfs/export.o
  CC [M]  fs/squashfs/file.o
  CC [M]  drivers/md/persistent-data/dm-btree.o
  CC [M]  fs/squashfs/fragment.o
  CC      net/ipv4/ping.o
  CC [M]  fs/squashfs/id.o
  CC [M]  fs/squashfs/inode.o
  CC [M]  drivers/md/persistent-data/dm-btree-remove.o
  CC [M]  fs/squashfs/namei.o
  CC [M]  net/ipv6/addrlabel.o
  CC [M]  fs/squashfs/super.o
  CC      net/ipv4/ip_tunnel_core.o
  CC [M]  drivers/md/persistent-data/dm-btree-spine.o
  CC [M]  fs/squashfs/symlink.o
  CC [M]  net/ipv6/route.o
  CC [M]  fs/squashfs/decompressor.o
  LD [M]  drivers/md/persistent-data/dm-persistent-data.o
  AR      drivers/md/built-in.o
  LD [M]  drivers/md/raid456.o
  LD [M]  drivers/md/md-mod.o
  LD [M]  drivers/md/dm-mod.o
  LD [M]  drivers/md/dm-bio-prison.o
  LD [M]  drivers/md/dm-snapshot.o
  LD [M]  drivers/md/dm-mirror.o
  LD [M]  drivers/md/dm-log-userspace.o
  LD [M]  drivers/md/dm-thin-pool.o
  LD [M]  drivers/md/dm-cache.o
  LD [M]  drivers/md/dm-cache-smq.o
  AR      drivers/media/common/b2c2/built-in.o
  CC [M]  drivers/media/common/b2c2/flexcop.o
  CC [M]  fs/squashfs/file_cache.o
  CC [M]  fs/squashfs/decompressor_single.o
  CC      net/ipv4/gre_offload.o
  CC [M]  fs/squashfs/xattr.o
  CC [M]  drivers/media/common/b2c2/flexcop-fe-tuner.o
  CC [M]  fs/squashfs/xattr_id.o
  CC      net/ipv4/sysctl_net_ipv4.o
  CC [M]  fs/squashfs/lzo_wrapper.o
  CC [M]  fs/squashfs/xz_wrapper.o
  CC [M]  drivers/media/common/b2c2/flexcop-i2c.o
  CC      net/ipv4/proc.o
  CC [M]  fs/squashfs/zlib_wrapper.o
  CC [M]  net/ipv6/ip6_fib.o
  LD [M]  fs/squashfs/squashfs.o
  CC      fs/sysfs/file.o
  CC [M]  drivers/media/common/b2c2/flexcop-sram.o
  CC      net/ipv4/fib_rules.o
  CC      fs/sysfs/dir.o
  CC      fs/sysfs/symlink.o
  CC [M]  drivers/media/common/b2c2/flexcop-eeprom.o
  CC      net/ipv4/ipmr.o
  CC [M]  net/ipv6/ipv6_sockglue.o
  CC      fs/sysfs/mount.o
  CC [M]  drivers/media/common/b2c2/flexcop-misc.o
  CC      fs/sysfs/group.o
  AR      fs/sysfs/built-in.o
  CC      fs/tracefs/inode.o
  CC [M]  drivers/media/common/b2c2/flexcop-hw-filter.o
  AR      fs/tracefs/tracefs.o
  AR      fs/tracefs/built-in.o
  AR      fs/ubifs/built-in.o
  CC [M]  fs/ubifs/shrinker.o
  CC [M]  net/ipv6/ndisc.o
  CC [M]  fs/ubifs/journal.o
  CC      net/ipv4/syncookies.o
  LD [M]  drivers/media/common/b2c2/b2c2-flexcop.o
  AR      drivers/media/common/saa7146/built-in.o
  AR      drivers/media/common/siano/built-in.o
  CC [M]  drivers/media/common/siano/smscoreapi.o
  CC [M]  fs/ubifs/file.o
  CC      net/ipv4/ipconfig.o
  CC [M]  drivers/media/common/siano/sms-cards.o
  CC [M]  net/ipv6/udp.o
  CC [M]  fs/ubifs/dir.o
  CC [M]  drivers/media/common/siano/smsendian.o
  CC      net/ipv4/netfilter.o
  CC [M]  drivers/media/common/siano/smsir.o
  CC [M]  fs/ubifs/super.o
  CC [M]  drivers/media/common/siano/smsdvb-main.o
  CC [M]  net/ipv6/udplite.o
  AR      net/ipv4/netfilter/built-in.o
  CC [M]  net/ipv4/netfilter/nf_conntrack_l3proto_ipv4.o
  LD [M]  drivers/media/common/siano/smsmdtv.o
  LD [M]  drivers/media/common/siano/smsdvb.o
  AR      drivers/media/common/v4l2-tpg/built-in.o
  CC [M]  drivers/media/common/cx2341x.o
  CC [M]  net/ipv6/raw.o
  CC [M]  fs/ubifs/sb.o
  CC [M]  net/ipv4/netfilter/nf_conntrack_proto_icmp.o
  CC [M]  drivers/media/common/tveeprom.o
  CC [M]  net/ipv4/netfilter/nf_nat_l3proto_ipv4.o
  CC [M]  fs/ubifs/io.o
  CC [M]  net/ipv6/icmp.o
  CC [M]  drivers/media/common/cypress_firmware.o
  CC [M]  fs/ubifs/tnc.o
  CC [M]  net/ipv4/netfilter/nf_nat_proto_icmp.o
  AR      drivers/media/common/built-in.o
  AR      drivers/media/dvb-core/built-in.o
  CC [M]  drivers/media/dvb-core/dvbdev.o
  CC [M]  net/ipv4/netfilter/nf_defrag_ipv4.o
  CC [M]  drivers/media/dvb-core/dmxdev.o
  CC [M]  net/ipv6/mcast.o
  CC [M]  fs/ubifs/master.o
  CC [M]  drivers/media/dvb-core/dvb_demux.o
  CC [M]  fs/ubifs/scan.o
  CC [M]  net/ipv4/netfilter/nf_log_ipv4.o
  CC [M]  fs/ubifs/replay.o
  CC [M]  net/ipv4/netfilter/nf_reject_ipv4.o
  CC [M]  drivers/media/dvb-core/dvb_ca_en50221.o
  CC [M]  fs/ubifs/log.o
  CC [M]  net/ipv6/reassembly.o
  CC [M]  drivers/media/dvb-core/dvb_frontend.o
  CC [M]  net/ipv4/netfilter/nf_nat_h323.o
  CC [M]  fs/ubifs/commit.o
  CC [M]  fs/ubifs/gc.o
  CC [M]  net/ipv4/netfilter/nf_nat_pptp.o
  CC [M]  net/ipv6/tcp_ipv6.o
  CC [M]  drivers/media/dvb-core/dvb_net.o
  CC [M]  net/ipv4/netfilter/nf_nat_snmp_basic.o
  CC [M]  fs/ubifs/orphan.o
  CC [M]  fs/ubifs/budget.o
  CC [M]  drivers/media/dvb-core/dvb_ringbuffer.o
  CC [M]  net/ipv4/netfilter/nf_nat_masquerade_ipv4.o
  CC [M]  net/ipv6/ping.o
  CC [M]  drivers/media/dvb-core/dvb_math.o
  CC [M]  fs/ubifs/find.o
  LD [M]  drivers/media/dvb-core/dvb-core.o
  AR      drivers/media/dvb-frontends/built-in.o
  CC [M]  drivers/media/dvb-frontends/dvb-pll.o
  CC [M]  net/ipv4/netfilter/nf_nat_proto_gre.o
  CC [M]  net/ipv6/exthdrs.o
  CC [M]  fs/ubifs/tnc_commit.o
  CC [M]  drivers/media/dvb-frontends/stv0299.o
  CC [M]  fs/ubifs/compress.o
  CC [M]  net/ipv4/netfilter/ip_tables.o
  CC [M]  drivers/media/dvb-frontends/stb0899_drv.o
  CC [M]  fs/ubifs/lpt.o
  CC [M]  net/ipv6/datagram.o
  CC [M]  drivers/media/dvb-frontends/stb0899_algo.o
  CC [M]  net/ipv4/netfilter/iptable_filter.o
  CC [M]  fs/ubifs/lprops.o
  CC [M]  net/ipv6/ip6_flowlabel.o
  CC [M]  drivers/media/dvb-frontends/stb6100.o
  CC [M]  net/ipv4/netfilter/iptable_mangle.o
  CC [M]  fs/ubifs/recovery.o
  CC [M]  drivers/media/dvb-frontends/sp8870.o
  CC [M]  net/ipv4/netfilter/iptable_nat.o
  CC [M]  net/ipv6/inet6_connection_sock.o
  CC [M]  drivers/media/dvb-frontends/cx22700.o
  CC [M]  fs/ubifs/ioctl.o
  CC [M]  net/ipv4/netfilter/iptable_raw.o
  CC [M]  fs/ubifs/lpt_commit.o
  CC [M]  drivers/media/dvb-frontends/s5h1432.o
  CC [M]  net/ipv4/netfilter/ipt_ah.o
  CC [M]  net/ipv6/udp_offload.o
  CC [M]  drivers/media/dvb-frontends/cx24110.o
  CC [M]  net/ipv4/netfilter/ipt_rpfilter.o
  CC [M]  net/ipv6/seg6.o
  CC [M]  fs/ubifs/tnc_misc.o
  CC [M]  drivers/media/dvb-frontends/tda8083.o
  CC [M]  net/ipv4/netfilter/ipt_CLUSTERIP.o
  CC [M]  net/ipv6/fib6_notifier.o
  CC [M]  fs/ubifs/xattr.o
  CC [M]  drivers/media/dvb-frontends/l64781.o
  CC [M]  net/ipv6/sysctl_net_ipv6.o
  CC [M]  net/ipv4/netfilter/ipt_ECN.o
  CC [M]  drivers/media/dvb-frontends/dib3000mb.o
  CC [M]  fs/ubifs/debug.o
  CC [M]  net/ipv6/ip6mr.o
  CC [M]  net/ipv4/netfilter/ipt_MASQUERADE.o
  CC [M]  net/ipv4/netfilter/ipt_REJECT.o
  CC [M]  drivers/media/dvb-frontends/dib3000mc.o
  CC [M]  fs/ubifs/misc.o
  CC [M]  net/ipv4/netfilter/arp_tables.o
  CC [M]  drivers/media/dvb-frontends/dibx000_common.o
  CC [M]  net/ipv6/xfrm6_policy.o
  LD [M]  fs/ubifs/ubifs.o
  AR      fs/udf/built-in.o
  CC [M]  fs/udf/balloc.o
  CC [M]  drivers/media/dvb-frontends/dib7000m.o
  CC [M]  fs/udf/dir.o
  CC [M]  net/ipv6/xfrm6_state.o
  CC [M]  fs/udf/file.o
  CC [M]  net/ipv4/netfilter/arpt_mangle.o
  CC [M]  net/ipv6/xfrm6_input.o
  CC [M]  drivers/media/dvb-frontends/dib7000p.o
  CC [M]  fs/udf/ialloc.o
  CC [M]  net/ipv4/netfilter/arptable_filter.o
  CC [M]  fs/udf/inode.o
  CC [M]  net/ipv4/netfilter/nf_dup_ipv4.o
  CC [M]  net/ipv6/xfrm6_output.o
  CC [M]  drivers/media/dvb-frontends/dib8000.o
  CC [M]  fs/udf/lowlevel.o
  LD [M]  net/ipv4/netfilter/nf_conntrack_ipv4.o
  LD [M]  net/ipv4/netfilter/nf_nat_ipv4.o
  CC      net/ipv4/tcp_cubic.o
  CC [M]  net/ipv6/xfrm6_protocol.o
  CC [M]  fs/udf/namei.o
  CC      net/ipv4/xfrm4_policy.o
  CC [M]  fs/udf/partition.o
  CC [M]  net/ipv6/netfilter.o
  CC      net/ipv4/xfrm4_state.o
  CC [M]  fs/udf/super.o
  CC      net/ipv4/xfrm4_input.o
  CC [M]  drivers/media/dvb-frontends/dib9000.o
  CC [M]  net/ipv6/fib6_rules.o
  CC [M]  fs/udf/truncate.o
  CC [M]  fs/udf/symlink.o
  CC      net/ipv4/xfrm4_output.o
  CC [M]  fs/udf/directory.o
  CC [M]  net/ipv6/proc.o
  CC [M]  drivers/media/dvb-frontends/mt312.o
  CC [M]  fs/udf/misc.o
  CC      net/ipv4/xfrm4_protocol.o
  CC [M]  drivers/media/dvb-frontends/ves1820.o
  CC [M]  net/ipv6/syncookies.o
  CC [M]  fs/udf/udftime.o
  CC [M]  fs/udf/unicode.o
  CC [M]  drivers/media/dvb-frontends/ves1x93.o
  LD [M]  fs/udf/udf.o
  AR      fs/xfs/built-in.o
  CC [M]  fs/xfs/xfs_trace.o
  CC [M]  net/ipv4/ip_tunnel.o
  CC [M]  net/ipv6/ah6.o
  CC [M]  drivers/media/dvb-frontends/tda1004x.o
  CC [M]  net/ipv6/esp6.o
  CC [M]  drivers/media/dvb-frontends/sp887x.o
  CC [M]  net/ipv4/ipip.o
  CC [M]  drivers/media/dvb-frontends/nxt6000.o
  CC [M]  net/ipv6/ipcomp6.o
  CC [M]  drivers/media/dvb-frontends/mt352.o
  CC [M]  net/ipv4/gre_demux.o
  CC [M]  drivers/media/dvb-frontends/zl10036.o
  CC [M]  net/ipv6/xfrm6_tunnel.o
  CC [M]  net/ipv4/ip_gre.o
  CC [M]  drivers/media/dvb-frontends/zl10039.o
  CC [M]  fs/xfs/libxfs/xfs_alloc.o
  CC [M]  net/ipv6/tunnel6.o
  CC [M]  drivers/media/dvb-frontends/zl10353.o
  CC [M]  drivers/media/dvb-frontends/cx22702.o
  CC [M]  net/ipv6/xfrm6_mode_transport.o
  CC [M]  net/ipv4/udp_tunnel.o
  CC [M]  drivers/media/dvb-frontends/drxd_firm.o
  CC [M]  drivers/media/dvb-frontends/drxd_hard.o
  CC [M]  net/ipv6/xfrm6_mode_tunnel.o
  CC [M]  net/ipv4/ip_vti.o
  CC [M]  fs/xfs/libxfs/xfs_alloc_btree.o
  CC [M]  net/ipv6/xfrm6_mode_beet.o
  CC [M]  drivers/media/dvb-frontends/tda10021.o
  CC [M]  net/ipv4/ah4.o
  CC [M]  net/ipv6/sit.o
  CC [M]  fs/xfs/libxfs/xfs_attr.o
  CC [M]  drivers/media/dvb-frontends/tda10023.o
  CC [M]  net/ipv4/esp4.o
  CC [M]  drivers/media/dvb-frontends/stv0297.o
  CC [M]  net/ipv6/ip6_tunnel.o
  CC [M]  drivers/media/dvb-frontends/nxt200x.o
  CC [M]  fs/xfs/libxfs/xfs_attr_leaf.o
  CC [M]  net/ipv4/ipcomp.o
  CC [M]  drivers/media/dvb-frontends/or51211.o
  CC [M]  net/ipv4/xfrm4_tunnel.o
  CC [M]  drivers/media/dvb-frontends/or51132.o
  CC [M]  net/ipv4/xfrm4_mode_beet.o
  CC [M]  net/ipv6/ip6_udp_tunnel.o
  CC [M]  fs/xfs/libxfs/xfs_attr_remote.o
  CC [M]  drivers/media/dvb-frontends/bcm3510.o
  CC [M]  net/ipv4/tunnel4.o
  CC [M]  drivers/media/dvb-frontends/s5h1420.o
  AR      net/ipv6/built-in.o
  LD [M]  net/ipv6/ipv6.o
  AR      net/key/built-in.o
  CC [M]  net/key/af_key.o
  CC [M]  fs/xfs/libxfs/xfs_bit.o
  CC [M]  net/ipv4/xfrm4_mode_transport.o
  CC [M]  drivers/media/dvb-frontends/lgdt330x.o
  CC [M]  fs/xfs/libxfs/xfs_bmap.o
  CC [M]  net/ipv4/xfrm4_mode_tunnel.o
  CC [M]  drivers/media/dvb-frontends/lgdt3305.o
  AR      net/l2tp/built-in.o
  CC [M]  net/l2tp/l2tp_core.o
  CC [M]  net/ipv4/inet_diag.o
  CC [M]  drivers/media/dvb-frontends/lgdt3306a.o
  CC [M]  drivers/media/dvb-frontends/lg2160.o
  CC [M]  net/l2tp/l2tp_ppp.o
  CC [M]  net/ipv4/tcp_diag.o
  CC [M]  drivers/media/dvb-frontends/cx24123.o
  CC [M]  net/ipv4/tcp_bbr.o
  CC [M]  net/l2tp/l2tp_ip.o
  CC [M]  drivers/media/dvb-frontends/lnbh25.o
  CC [M]  net/ipv4/tcp_bic.o
  CC [M]  drivers/media/dvb-frontends/lnbp21.o
  CC [M]  net/l2tp/l2tp_netlink.o
  CC [M]  fs/xfs/libxfs/xfs_bmap_btree.o
  CC [M]  net/ipv4/tcp_westwood.o
  CC [M]  drivers/media/dvb-frontends/lnbp22.o
  CC [M]  net/ipv4/tcp_htcp.o
  CC [M]  drivers/media/dvb-frontends/isl6405.o
  CC [M]  net/l2tp/l2tp_eth.o
  CC [M]  drivers/media/dvb-frontends/isl6421.o
  CC [M]  fs/xfs/libxfs/xfs_btree.o
  AR      net/ipv4/built-in.o
  LD [M]  net/ipv4/gre.o
  CC      net/l3mdev/l3mdev.o
  CC [M]  drivers/media/dvb-frontends/tda10086.o
  CC [M]  net/l2tp/l2tp_ip6.o
  AR      net/l3mdev/built-in.o
  AR      net/llc/built-in.o
  CC [M]  net/llc/llc_core.o
  CC [M]  drivers/media/dvb-frontends/tda826x.o
  CC [M]  drivers/media/dvb-frontends/tda8261.o
  CC [M]  net/llc/llc_input.o
  CC [M]  net/llc/llc_output.o
  CC [M]  drivers/media/dvb-frontends/dib0070.o
  CC [M]  fs/xfs/libxfs/xfs_da_btree.o
  CC [M]  fs/xfs/libxfs/xfs_da_format.o
  LD [M]  net/llc/llc.o
  AR      net/mac80211/built-in.o
  CC [M]  net/mac80211/main.o
  CC [M]  drivers/media/dvb-frontends/dib0090.o
  CC [M]  net/mac80211/status.o
  CC [M]  drivers/media/dvb-frontends/tua6100.o
  CC [M]  fs/xfs/libxfs/xfs_defer.o
  CC [M]  drivers/media/dvb-frontends/s5h1409.o
  CC [M]  fs/xfs/libxfs/xfs_dir2.o
  CC [M]  net/mac80211/driver-ops.o
  CC [M]  drivers/media/dvb-frontends/itd1000.o
  CC [M]  net/mac80211/sta_info.o
  CC [M]  fs/xfs/libxfs/xfs_dir2_block.o
  CC [M]  drivers/media/dvb-frontends/au8522_common.o
  CC [M]  fs/xfs/libxfs/xfs_dir2_data.o
  CC [M]  drivers/media/dvb-frontends/au8522_dig.o
  CC [M]  net/mac80211/wep.o
  CC [M]  fs/xfs/libxfs/xfs_dir2_leaf.o
  CC [M]  drivers/media/dvb-frontends/au8522_decoder.o
  CC [M]  fs/xfs/libxfs/xfs_dir2_node.o
  CC [M]  drivers/media/dvb-frontends/tda10048.o
  CC [M]  net/mac80211/wpa.o
  CC [M]  net/mac80211/scan.o
  CC [M]  drivers/media/dvb-frontends/cx24113.o
  CC [M]  fs/xfs/libxfs/xfs_dir2_sf.o
  CC [M]  fs/xfs/libxfs/xfs_dquot_buf.o
  CC [M]  drivers/media/dvb-frontends/s5h1411.o
  CC [M]  net/mac80211/offchannel.o
  CC [M]  drivers/media/dvb-frontends/lgs8gl5.o
  CC [M]  fs/xfs/libxfs/xfs_ialloc.o
  CC [M]  fs/xfs/libxfs/xfs_ialloc_btree.o
  CC [M]  drivers/media/dvb-frontends/tda665x.o
  CC [M]  drivers/media/dvb-frontends/lgs8gxx.o
  CC [M]  net/mac80211/ht.o
  CC [M]  fs/xfs/libxfs/xfs_inode_fork.o
  CC [M]  net/mac80211/agg-tx.o
  CC [M]  drivers/media/dvb-frontends/atbm8830.o
  CC [M]  drivers/media/dvb-frontends/af9013.o
  CC [M]  fs/xfs/libxfs/xfs_inode_buf.o
  CC [M]  net/mac80211/agg-rx.o
  CC [M]  fs/xfs/libxfs/xfs_log_rlimit.o
  CC [M]  net/mac80211/vht.o
  CC [M]  drivers/media/dvb-frontends/cx24116.o
  CC [M]  fs/xfs/libxfs/xfs_ag_resv.o
  CC [M]  drivers/media/dvb-frontends/cx24117.o
  CC [M]  fs/xfs/libxfs/xfs_rmap.o
  CC [M]  net/mac80211/ibss.o
  CC [M]  fs/xfs/libxfs/xfs_rmap_btree.o
  CC [M]  drivers/media/dvb-frontends/cx24120.o
  CC [M]  drivers/media/dvb-frontends/si21xx.o
  CC [M]  net/mac80211/iface.o
  CC [M]  fs/xfs/libxfs/xfs_refcount.o
  CC [M]  drivers/media/dvb-frontends/si2168.o
  AR      net/mac802154/built-in.o
  CC [M]  net/mac802154/main.o
  CC [M]  drivers/media/dvb-frontends/stv0288.o
  CC [M]  net/mac80211/rate.o
  CC [M]  drivers/media/dvb-frontends/stb6000.o
  CC [M]  fs/xfs/libxfs/xfs_refcount_btree.o
  CC [M]  net/mac802154/rx.o
  CC [M]  drivers/media/dvb-frontends/s921.o
  CC [M]  drivers/media/dvb-frontends/stv6110.o
  CC [M]  net/mac802154/tx.o
  CC [M]  fs/xfs/libxfs/xfs_sb.o
  CC [M]  net/mac80211/michael.o
  CC [M]  net/mac802154/mac_cmd.o
  CC [M]  drivers/media/dvb-frontends/stv0900_core.o
  CC [M]  net/mac80211/tkip.o
  CC [M]  net/mac802154/mib.o
  CC [M]  fs/xfs/libxfs/xfs_symlink_remote.o
  CC [M]  net/mac802154/iface.o
  CC [M]  drivers/media/dvb-frontends/stv0900_sw.o
  CC [M]  net/mac80211/aes_ccm.o
  CC [M]  net/mac802154/llsec.o
  CC [M]  fs/xfs/libxfs/xfs_trans_resv.o
  CC [M]  net/mac80211/aes_gcm.o
  CC [M]  drivers/media/dvb-frontends/stv090x.o
  CC [M]  net/mac80211/aes_cmac.o
  CC [M]  net/mac802154/util.o
  CC [M]  fs/xfs/libxfs/xfs_rtbitmap.o
  CC [M]  net/mac80211/aes_gmac.o
  CC [M]  net/mac802154/cfg.o
  CC [M]  net/mac80211/fils_aead.o
  CC [M]  fs/xfs/xfs_aops.o
  CC [M]  net/mac802154/trace.o
  CC [M]  net/mac80211/cfg.o
  LD [M]  net/mac802154/mac802154.o
  CC [M]  net/mac80211/ethtool.o
  CC [M]  drivers/media/dvb-frontends/stv6110x.o
  CC [M]  fs/xfs/xfs_attr_inactive.o
  CC [M]  drivers/media/dvb-frontends/m88ds3103.o
  AR      net/mpls/built-in.o
  CC [M]  net/mpls/mpls_gso.o
  CC [M]  fs/xfs/xfs_attr_list.o
  CC [M]  net/mac80211/rx.o
  CC [M]  drivers/media/dvb-frontends/mn88472.o
  CC [M]  drivers/media/dvb-frontends/mn88473.o
  CC      net/netfilter/core.o
  CC [M]  fs/xfs/xfs_bmap_util.o
  CC [M]  drivers/media/dvb-frontends/isl6423.o
  CC [M]  drivers/media/dvb-frontends/ec100.o
  CC      net/netfilter/nf_log.o
  CC [M]  drivers/media/dvb-frontends/ds3000.o
  CC [M]  drivers/media/dvb-frontends/ts2020.o
  CC [M]  fs/xfs/xfs_buf.o
  CC      net/netfilter/nf_queue.o
  CC [M]  net/mac80211/spectmgmt.o
  CC [M]  drivers/media/dvb-frontends/mb86a16.o
  CC [M]  net/mac80211/tx.o
  CC      net/netfilter/nf_sockopt.o
  CC [M]  drivers/media/dvb-frontends/mb86a20s.o
  CC [M]  fs/xfs/xfs_dir2_readdir.o
  CC [M]  net/netfilter/nfnetlink.o
  CC [M]  drivers/media/dvb-frontends/ix2505v.o
  CC [M]  fs/xfs/xfs_discard.o
  CC [M]  net/netfilter/nfnetlink_acct.o
  CC [M]  drivers/media/dvb-frontends/stv0367.o
  CC [M]  net/mac80211/key.o
  CC [M]  net/netfilter/nfnetlink_queue.o
  CC [M]  fs/xfs/xfs_error.o
  CC [M]  fs/xfs/xfs_export.o
  CC [M]  drivers/media/dvb-frontends/cxd2820r_core.o
  CC [M]  net/netfilter/nfnetlink_log.o
  CC [M]  fs/xfs/xfs_extent_busy.o
  CC [M]  drivers/media/dvb-frontends/cxd2820r_c.o
  CC [M]  net/mac80211/util.o
  CC [M]  drivers/media/dvb-frontends/cxd2820r_t.o
  CC [M]  net/netfilter/nf_conntrack_core.o
  CC [M]  drivers/media/dvb-frontends/cxd2820r_t2.o
  CC [M]  fs/xfs/xfs_file.o
  CC [M]  drivers/media/dvb-frontends/cxd2841er.o
  CC [M]  fs/xfs/xfs_filestream.o
  CC [M]  net/netfilter/nf_conntrack_standalone.o
  CC [M]  drivers/media/dvb-frontends/drxk_hard.o
  CC [M]  net/mac80211/wme.o
  CC [M]  fs/xfs/xfs_fsmap.o
  CC [M]  net/netfilter/nf_conntrack_expect.o
  CC [M]  net/mac80211/chan.o
  CC [M]  fs/xfs/xfs_fsops.o
  CC [M]  net/netfilter/nf_conntrack_helper.o
  CC [M]  drivers/media/dvb-frontends/tda18271c2dd.o
  CC [M]  net/mac80211/trace.o
  CC [M]  net/netfilter/nf_conntrack_proto.o
  CC [M]  drivers/media/dvb-frontends/stv0910.o
  CC [M]  fs/xfs/xfs_globals.o
  CC [M]  fs/xfs/xfs_icache.o
  CC [M]  drivers/media/dvb-frontends/stv6111.o
  CC [M]  net/netfilter/nf_conntrack_l3proto_generic.o
  CC [M]  drivers/media/dvb-frontends/mxl5xx.o
  CC [M]  net/netfilter/nf_conntrack_proto_generic.o
  CC [M]  fs/xfs/xfs_ioctl.o
  CC [M]  net/netfilter/nf_conntrack_proto_tcp.o
  CC [M]  drivers/media/dvb-frontends/si2165.o
  CC [M]  drivers/media/dvb-frontends/a8293.o
  CC [M]  drivers/media/dvb-frontends/sp2.o
  CC [M]  fs/xfs/xfs_iomap.o
  CC [M]  drivers/media/dvb-frontends/tda10071.o
  CC [M]  net/netfilter/nf_conntrack_proto_udp.o
  CC [M]  net/mac80211/mlme.o
  CC [M]  drivers/media/dvb-frontends/rtl2830.o
  CC [M]  net/netfilter/nf_conntrack_extend.o
  CC [M]  drivers/media/dvb-frontends/rtl2832.o
  CC [M]  fs/xfs/xfs_iops.o
  CC [M]  drivers/media/dvb-frontends/m88rs2000.o
  CC [M]  net/netfilter/nf_conntrack_acct.o
  CC [M]  drivers/media/dvb-frontends/af9033.o
  CC [M]  fs/xfs/xfs_inode.o
  CC [M]  net/netfilter/nf_conntrack_seqadj.o
  CC [M]  drivers/media/dvb-frontends/as102_fe.o
  CC [M]  net/mac80211/tdls.o
  CC [M]  drivers/media/dvb-frontends/gp8psk-fe.o
  CC [M]  net/netfilter/nf_conntrack_timestamp.o
  CC [M]  drivers/media/dvb-frontends/tc90522.o
  CC [M]  net/netfilter/nf_conntrack_ecache.o
  CC [M]  drivers/media/dvb-frontends/horus3a.o
  CC [M]  fs/xfs/xfs_itable.o
  CC [M]  drivers/media/dvb-frontends/ascot2e.o
  CC [M]  net/mac80211/ocb.o
  CC [M]  net/netfilter/nf_conntrack_labels.o
  CC [M]  drivers/media/dvb-frontends/helene.o
  CC [M]  fs/xfs/xfs_message.o
  CC [M]  net/mac80211/led.o
  CC [M]  fs/xfs/xfs_mount.o
  CC [M]  drivers/media/dvb-frontends/zd1301_demod.o
  CC [M]  net/netfilter/nf_conntrack_proto_dccp.o
  AR      drivers/media/dvb-frontends/cxd2880/built-in.o
  CC [M]  drivers/media/dvb-frontends/cxd2880/cxd2880_common.o
  CC [M]  drivers/media/dvb-frontends/cxd2880/cxd2880_devio_spi.o
  CC [M]  drivers/media/dvb-frontends/cxd2880/cxd2880_integ.o
  CC [M]  drivers/media/dvb-frontends/cxd2880/cxd2880_io.o
  CC [M]  net/mac80211/mesh.o
  CC [M]  drivers/media/dvb-frontends/cxd2880/cxd2880_spi_device.o
  CC [M]  net/netfilter/nf_conntrack_proto_sctp.o
  CC [M]  fs/xfs/xfs_mru_cache.o
  CC [M]  drivers/media/dvb-frontends/cxd2880/cxd2880_tnrdmd.o
  CC [M]  fs/xfs/xfs_reflink.o
  CC [M]  net/mac80211/mesh_pathtbl.o
  CC [M]  drivers/media/dvb-frontends/cxd2880/cxd2880_tnrdmd_dvbt2.o
  CC [M]  net/netfilter/nf_conntrack_proto_gre.o
  CC [M]  drivers/media/dvb-frontends/cxd2880/cxd2880_tnrdmd_dvbt2_mon.o
  CC [M]  net/mac80211/mesh_plink.o
  CC [M]  net/netfilter/nf_conntrack_netlink.o
  CC [M]  drivers/media/dvb-frontends/cxd2880/cxd2880_tnrdmd_dvbt.o
  CC [M]  fs/xfs/xfs_stats.o
  CC [M]  drivers/media/dvb-frontends/cxd2880/cxd2880_tnrdmd_dvbt_mon.o
  CC [M]  fs/xfs/xfs_super.o
  CC [M]  drivers/media/dvb-frontends/cxd2880/cxd2880_tnrdmd_mon.o
  CC [M]  drivers/media/dvb-frontends/cxd2880/cxd2880_top.o
  CC [M]  net/mac80211/mesh_hwmp.o
  CC [M]  net/netfilter/nf_conntrack_amanda.o
  LD [M]  drivers/media/dvb-frontends/cxd2880/cxd2880.o
  AR      drivers/media/dvb-frontends/drx39xyj/built-in.o
  CC [M]  drivers/media/dvb-frontends/drx39xyj/drxj.o
  CC [M]  net/mac80211/mesh_sync.o
  CC [M]  fs/xfs/xfs_symlink.o
  CC [M]  net/netfilter/nf_conntrack_ftp.o
  CC [M]  net/mac80211/mesh_ps.o
  CC [M]  fs/xfs/xfs_sysfs.o
  CC [M]  net/mac80211/pm.o
  CC [M]  net/netfilter/nf_conntrack_h323_main.o
  CC [M]  fs/xfs/xfs_trans.o
  LD [M]  drivers/media/dvb-frontends/drx39xyj/drx39xyj.o
  LD [M]  drivers/media/dvb-frontends/stb0899.o
  CC [M]  net/mac80211/rc80211_minstrel.o
  LD [M]  drivers/media/dvb-frontends/drxd.o
  LD [M]  drivers/media/dvb-frontends/stv0900.o
  LD [M]  drivers/media/dvb-frontends/cxd2820r.o
  LD [M]  drivers/media/dvb-frontends/drxk.o
  AR      drivers/media/firewire/built-in.o
  AR      drivers/media/i2c/cx25840/built-in.o
  CC [M]  drivers/media/i2c/cx25840/cx25840-core.o
  CC [M]  net/netfilter/nf_conntrack_h323_asn1.o
  CC [M]  fs/xfs/xfs_xattr.o
  CC [M]  net/netfilter/nf_conntrack_irc.o
  CC [M]  fs/xfs/kmem.o
  CC [M]  net/mac80211/rc80211_minstrel_ht.o
  CC [M]  fs/xfs/xfs_log.o
  CC [M]  net/netfilter/nf_conntrack_broadcast.o
  LD [M]  net/mac80211/mac80211.o
  CC [M]  fs/xfs/xfs_log_cil.o
  CC [M]  net/netfilter/nf_conntrack_netbios_ns.o
  CC [M]  net/netfilter/nf_conntrack_snmp.o
  CC      net/netlink/af_netlink.o
  CC [M]  fs/xfs/xfs_bmap_item.o
  CC [M]  net/netfilter/nf_conntrack_pptp.o
  CC [M]  fs/xfs/xfs_buf_item.o
  CC [M]  net/netfilter/nf_conntrack_sane.o
  CC      net/netlink/genetlink.o
  CC [M]  net/netfilter/nf_conntrack_sip.o
  CC [M]  fs/xfs/xfs_extfree_item.o
  CC [M]  fs/xfs/xfs_icreate_item.o
  AR      net/netlink/built-in.o
  CC [M]  fs/xfs/xfs_inode_item.o
  CC      drivers/mfd/stmpe.o
  CC [M]  net/netfilter/nf_conntrack_tftp.o
  CC [M]  drivers/media/i2c/cx25840/cx25840-audio.o
  CC      drivers/mfd/stmpe-i2c.o
  CC [M]  fs/xfs/xfs_refcount_item.o
  CC      drivers/mfd/stmpe-spi.o
  CC [M]  drivers/media/i2c/cx25840/cx25840-firmware.o
  CC [M]  fs/xfs/xfs_rmap_item.o
  CC      drivers/mfd/arizona-core.o
  CC [M]  net/netfilter/nf_log_common.o
  CC [M]  drivers/media/i2c/cx25840/cx25840-vbi.o
  CC [M]  fs/xfs/xfs_log_recover.o
  CC [M]  drivers/media/i2c/cx25840/cx25840-ir.o
  CC      drivers/mfd/arizona-irq.o
  CC [M]  net/netfilter/nf_nat_core.o
  LD [M]  drivers/media/i2c/cx25840/cx25840.o
  AR      drivers/media/i2c/soc_camera/built-in.o
  CC [M]  drivers/media/i2c/msp3400-driver.o
  CC      drivers/mfd/wm5102-tables.o
  CC [M]  drivers/media/i2c/msp3400-kthreads.o
  CC      drivers/mfd/mfd-core.o
  CC [M]  net/netfilter/nf_nat_proto_unknown.o
  CC [M]  drivers/media/i2c/saa7115.o
  CC      drivers/mfd/syscon.o
  CC [M]  fs/xfs/xfs_trans_ail.o
  CC [M]  net/netfilter/nf_nat_proto_common.o
  CC [M]  drivers/mfd/arizona-i2c.o
  CC [M]  drivers/media/i2c/adv7180.o
  CC [M]  drivers/mfd/arizona-spi.o
  CC [M]  net/netfilter/nf_nat_proto_udp.o
  CC [M]  drivers/media/i2c/tvp5150.o
  CC [M]  drivers/mfd/wl1273-core.o
  CC [M]  fs/xfs/xfs_trans_bmap.o
  CC [M]  drivers/mfd/rpisense-core.o
  CC [M]  fs/xfs/xfs_trans_buf.o
  CC [M]  net/netfilter/nf_nat_proto_tcp.o
  CC [M]  drivers/media/i2c/tw2804.o
  AR      drivers/mfd/built-in.o
  CC [M]  fs/xfs/xfs_trans_extfree.o
  CC [M]  net/netfilter/nf_nat_helper.o
  CC [M]  drivers/media/i2c/tw9903.o
  CC [M]  drivers/media/i2c/tw9906.o
  AR      drivers/misc/cb710/built-in.o
  AR      drivers/misc/eeprom/built-in.o
  CC [M]  drivers/misc/eeprom/at24.o
  CC [M]  fs/xfs/xfs_trans_inode.o
  CC [M]  drivers/media/i2c/cs53l32a.o
  CC [M]  drivers/misc/eeprom/eeprom_93cx6.o
  CC [M]  net/netfilter/nf_nat_proto_dccp.o
  CC [M]  drivers/media/i2c/uda1342.o
  AR      drivers/misc/lis3lv02d/built-in.o
  AR      drivers/misc/mic/bus/built-in.o
  AR      drivers/misc/mic/built-in.o
  AR      drivers/misc/ti-st/built-in.o
  CC [M]  drivers/misc/ti-st/st_core.o
  CC [M]  drivers/media/i2c/wm8775.o
  CC [M]  fs/xfs/xfs_trans_refcount.o
  CC [M]  net/netfilter/nf_nat_proto_sctp.o
  CC [M]  drivers/media/i2c/sony-btf-mpx.o
  CC [M]  fs/xfs/xfs_trans_rmap.o
  CC [M]  drivers/misc/ti-st/st_kim.o
  CC [M]  net/netfilter/nf_nat_redirect.o
  CC [M]  drivers/media/i2c/ov5647.o
  CC [M]  fs/xfs/xfs_dquot.o
  CC [M]  drivers/misc/ti-st/st_ll.o
  CC [M]  drivers/media/i2c/ov7640.o
  LD [M]  drivers/misc/ti-st/st_drv.o
  CC [M]  drivers/media/i2c/mt9v011.o
  CC [M]  drivers/misc/bcm2835_smi.o
  CC [M]  net/netfilter/nf_nat_amanda.o
  CC [M]  drivers/media/i2c/ir-kbd-i2c.o
  CC [M]  net/netfilter/nf_nat_ftp.o
  CC [M]  fs/xfs/xfs_dquot_item.o
  AR      drivers/misc/built-in.o
  CC [M]  fs/xfs/xfs_trans_dquot.o
  CC [M]  drivers/media/i2c/tc358743.o
  CC [M]  net/netfilter/nf_nat_irc.o
  AR      drivers/media/mmc/siano/built-in.o
  AR      drivers/media/mmc/built-in.o
  CC [M]  fs/xfs/xfs_qm_syscalls.o
  AR      drivers/media/pci/b2c2/built-in.o
  AR      drivers/media/pci/ddbridge/built-in.o
  AR      drivers/media/pci/dm1105/built-in.o
  AR      drivers/media/pci/mantis/built-in.o
  AR      drivers/media/pci/netup_unidvb/built-in.o
  AR      drivers/media/pci/ngene/built-in.o
  AR      drivers/media/pci/pluto2/built-in.o
  AR      drivers/media/pci/pt1/built-in.o
  AR      drivers/media/pci/pt3/built-in.o
  AR      drivers/media/pci/saa7146/built-in.o
  AR      drivers/media/pci/smipcie/built-in.o
  AR      drivers/media/pci/ttpci/built-in.o
  CC [M]  drivers/media/pci/ttpci/ttpci-eeprom.o
  CC [M]  net/netfilter/nf_nat_sip.o
  AR      drivers/media/i2c/built-in.o
  LD [M]  drivers/media/i2c/msp3400.o
  CC [M]  net/netfilter/nf_nat_tftp.o
  CC [M]  fs/xfs/xfs_qm_bhv.o
  AR      drivers/media/pci/built-in.o
  AR      drivers/media/platform/bcm2835/built-in.o
  CC [M]  drivers/media/platform/bcm2835/bcm2835-unicam.o
  AR      drivers/media/radio/si470x/built-in.o
  CC [M]  drivers/media/radio/si470x/radio-si470x-usb.o
  CC [M]  net/netfilter/x_tables.o
  CC [M]  fs/xfs/xfs_qm.o
  CC [M]  drivers/media/radio/si470x/radio-si470x-common.o
  AR      drivers/media/platform/blackfin/built-in.o
  AR      drivers/media/platform/davinci/built-in.o
  AR      drivers/media/platform/meson/built-in.o
  AR      drivers/media/platform/omap/built-in.o
  AR      drivers/media/platform/stm32/built-in.o
  AR      drivers/media/platform/built-in.o
  CC [M]  net/netfilter/xt_tcpudp.o
  CC [M]  drivers/media/radio/si470x/radio-si470x-i2c.o
  AR      drivers/media/radio/si4713/built-in.o
  CC [M]  drivers/media/radio/si4713/si4713.o
  CC [M]  net/netfilter/xt_mark.o
  LD [M]  drivers/media/radio/si470x/radio-usb-si470x.o
  LD [M]  drivers/media/radio/si470x/radio-i2c-si470x.o
  AR      drivers/media/radio/wl128x/built-in.o
  CC [M]  drivers/media/radio/wl128x/fmdrv_common.o
  CC [M]  fs/xfs/xfs_quotaops.o
  CC [M]  net/netfilter/xt_connmark.o
  CC [M]  net/netfilter/xt_set.o
  CC [M]  drivers/media/radio/wl128x/fmdrv_rx.o
  CC      drivers/mmc/core/core.o
  CC [M]  fs/xfs/xfs_rtalloc.o
  CC [M]  net/netfilter/xt_nat.o
  CC [M]  drivers/media/radio/wl128x/fmdrv_tx.o
  CC [M]  net/netfilter/xt_CHECKSUM.o
  CC [M]  drivers/media/radio/wl128x/fmdrv_v4l2.o
  CC [M]  net/netfilter/xt_CLASSIFY.o
  LD [M]  drivers/media/radio/wl128x/fm_drv.o
  CC [M]  drivers/media/radio/radio-shark.o
  CC [M]  fs/xfs/xfs_acl.o
  CC [M]  net/netfilter/xt_CT.o
  CC      drivers/mmc/core/bus.o
  CC [M]  drivers/media/radio/radio-shark2.o
  CC [M]  drivers/media/radio/radio-tea5777.o
  CC      drivers/mmc/core/host.o
  CC [M]  net/netfilter/xt_DSCP.o
  CC [M]  fs/xfs/xfs_sysctl.o
  CC [M]  drivers/media/radio/dsbr100.o
  CC [M]  net/netfilter/xt_HL.o
  CC      drivers/mmc/core/mmc.o
  LD [M]  fs/xfs/xfs.o
  CC      fs/eventpoll.o
  CC [M]  drivers/media/radio/radio-mr800.o
  CC [M]  net/netfilter/xt_HMARK.o
  CC      drivers/mmc/core/mmc_ops.o
  CC [M]  drivers/media/radio/radio-keene.o
  CC      fs/anon_inodes.o
  CC [M]  net/netfilter/xt_LED.o
  CC [M]  drivers/media/radio/radio-ma901.o
  CC      fs/signalfd.o
  CC [M]  net/netfilter/xt_LOG.o
  CC      drivers/mmc/core/sd.o
  CC [M]  drivers/media/radio/radio-tea5764.o
  CC      fs/timerfd.o
  CC [M]  net/netfilter/xt_NETMAP.o
  CC      drivers/mmc/core/sd_ops.o
  CC [M]  drivers/media/radio/saa7706h.o
  CC      fs/eventfd.o
  CC [M]  drivers/media/radio/tef6862.o
  CC [M]  net/netfilter/xt_NFLOG.o
  CC      drivers/mmc/core/sdio.o
  CC [M]  drivers/media/radio/radio-wl1273.o
  CC      fs/aio.o
  CC [M]  net/netfilter/xt_NFQUEUE.o
  CC      drivers/mmc/core/sdio_ops.o
  CC      drivers/mmc/core/sdio_bus.o
  CC [M]  net/netfilter/xt_RATEEST.o
  CC [M]  drivers/media/radio/tea575x.o
  CC      drivers/mmc/core/sdio_cis.o
  CC      drivers/mmc/core/sdio_io.o
  CC      fs/locks.o
  AR      drivers/media/radio/built-in.o
  LD [M]  drivers/media/radio/shark2.o
  CC [M]  net/netfilter/xt_REDIRECT.o
  CC      drivers/media/rc/keymaps/rc-adstech-dvb-t-pci.o
  CC      drivers/media/rc/keymaps/rc-alink-dtu-m.o
  CC      drivers/mmc/core/sdio_irq.o
  CC      drivers/media/rc/keymaps/rc-anysee.o
  CC [M]  net/netfilter/xt_TPROXY.o
  CC      drivers/media/rc/keymaps/rc-apac-viewcomp.o
  CC      drivers/mmc/core/slot-gpio.o
  CC      drivers/media/rc/keymaps/rc-asus-pc39.o
  CC      drivers/media/rc/keymaps/rc-asus-ps3-100.o
  CC [M]  net/netfilter/xt_TCPMSS.o
  CC      drivers/mmc/core/pwrseq.o
  CC      drivers/media/rc/keymaps/rc-ati-tv-wonder-hd-600.o
  CC      drivers/media/rc/keymaps/rc-ati-x10.o
  CC      drivers/mmc/core/debugfs.o
  CC      fs/binfmt_script.o
  CC      drivers/media/rc/keymaps/rc-avermedia-a16d.o
  CC [M]  net/netfilter/xt_TCPOPTSTRIP.o
  CC      fs/binfmt_elf.o
  CC      drivers/mmc/core/pwrseq_simple.o
  CC      drivers/media/rc/keymaps/rc-avermedia.o
  CC      drivers/media/rc/keymaps/rc-avermedia-cardbus.o
  CC      drivers/mmc/core/pwrseq_emmc.o
  CC [M]  net/netfilter/xt_TEE.o
  CC      drivers/media/rc/keymaps/rc-avermedia-dvbt.o
  CC      drivers/mmc/core/block.o
  CC      drivers/media/rc/keymaps/rc-avermedia-m135a.o
  CC      fs/mbcache.o
  CC      drivers/media/rc/keymaps/rc-avermedia-m733a-rm-k6.o
  CC [M]  net/netfilter/xt_TRACE.o
  CC      drivers/media/rc/keymaps/rc-avermedia-rm-ks.o
  CC      drivers/media/rc/keymaps/rc-avertv-303.o
  CC      fs/posix_acl.o
  CC [M]  net/netfilter/xt_IDLETIMER.o
  CC      drivers/mmc/core/queue.o
  CC      drivers/media/rc/keymaps/rc-azurewave-ad-tu700.o
  CC      drivers/media/rc/keymaps/rc-behold.o
  CC [M]  net/netfilter/xt_addrtype.o
  CC      fs/coredump.o
  CC      drivers/media/rc/keymaps/rc-behold-columbus.o
  CC      drivers/media/rc/keymaps/rc-budget-ci-old.o
  AR      drivers/mmc/core/mmc_core.o
  AR      drivers/mmc/core/mmc_block.o
  AR      drivers/mmc/core/built-in.o
  CC      drivers/mmc/host/sdhci.o
  CC      drivers/media/rc/keymaps/rc-cec.o
  CC [M]  net/netfilter/xt_bpf.o
  CC      drivers/media/rc/keymaps/rc-cinergy-1400.o
  CC      drivers/media/rc/keymaps/rc-cinergy.o
  CC [M]  net/netfilter/xt_cluster.o
  CC      fs/drop_caches.o
  CC      drivers/media/rc/keymaps/rc-d680-dmb.o
  CC      fs/fhandle.o
  CC      drivers/media/rc/keymaps/rc-delock-61959.o
  CC [M]  net/netfilter/xt_comment.o
  CC      drivers/media/rc/keymaps/rc-dib0700-nec.o
  CC      fs/iomap.o
  CC      drivers/media/rc/keymaps/rc-dib0700-rc5.o
  CC [M]  net/netfilter/xt_connbytes.o
  CC      drivers/media/rc/keymaps/rc-digitalnow-tinytwin.o
  CC      drivers/mmc/host/bcm2835-mmc.o
  CC      drivers/media/rc/keymaps/rc-digittrade.o
  CC      drivers/media/rc/keymaps/rc-dm1105-nec.o
  CC [M]  net/netfilter/xt_connlabel.o
  CC      fs/dcookies.o
  CC      drivers/media/rc/keymaps/rc-dntv-live-dvb-t.o
  CC      drivers/mmc/host/bcm2835-sdhost.o
  CC      drivers/media/rc/keymaps/rc-dntv-live-dvbt-pro.o
  CC [M]  net/netfilter/xt_connlimit.o
  CC      drivers/media/rc/keymaps/rc-dtt200u.o
  CC [M]  fs/binfmt_misc.o
  CC      drivers/media/rc/keymaps/rc-dvbsky.o
  CC      drivers/media/rc/keymaps/rc-dvico-mce.o
  CC [M]  net/netfilter/xt_conntrack.o
  AR      fs/built-in.o
  CC      drivers/mmc/host/sdhci-pltfm.o
  CC [M]  drivers/mmc/host/mmc_spi.o
  CC      drivers/media/rc/keymaps/rc-dvico-portable.o
  CC      drivers/media/rc/keymaps/rc-em-terratec.o
  CC      drivers/media/rc/keymaps/rc-encore-enltv2.o
  CC [M]  net/netfilter/xt_cpu.o
  CC [M]  net/netfilter/xt_dccp.o
  CC      drivers/media/rc/keymaps/rc-encore-enltv.o
  CC [M]  drivers/mmc/host/of_mmc_spi.o
  CC      drivers/media/rc/keymaps/rc-encore-enltv-fm53.o
  AR      net/netrom/built-in.o
  CC [M]  net/netrom/af_netrom.o
  CC [M]  net/netfilter/xt_devgroup.o
  CC      drivers/media/rc/keymaps/rc-evga-indtube.o
  AR      drivers/mmc/host/built-in.o
  AR      drivers/mmc/built-in.o
  CC [M]  net/netfilter/xt_dscp.o
  CC      drivers/media/rc/keymaps/rc-eztv.o
  AR      drivers/mtd/chips/built-in.o
  CC [M]  drivers/mtd/chips/chipreg.o
  CC      drivers/media/rc/keymaps/rc-flydvb.o
  CC [M]  net/netfilter/xt_ecn.o
  CC      drivers/media/rc/keymaps/rc-flyvideo.o
  CC [M]  net/netrom/nr_dev.o
  AR      drivers/mtd/devices/built-in.o
  CC [M]  drivers/mtd/devices/block2mtd.o
  CC      drivers/media/rc/keymaps/rc-fusionhdtv-mce.o
  CC [M]  net/netfilter/xt_esp.o
  CC      drivers/media/rc/keymaps/rc-gadmei-rm008z.o
  CC [M]  net/netrom/nr_in.o
  CC [M]  drivers/mtd/devices/m25p80.o
  CC      drivers/media/rc/keymaps/rc-geekbox.o
  CC      drivers/media/rc/keymaps/rc-genius-tvgo-a11mce.o
  CC [M]  net/netfilter/xt_hashlimit.o
  AR      drivers/mtd/lpddr/built-in.o
  AR      drivers/mtd/maps/built-in.o
  AR      drivers/mtd/nand/built-in.o
  CC [M]  drivers/mtd/nand/nand_base.o
  CC      drivers/media/rc/keymaps/rc-gotview7135.o
  CC [M]  net/netrom/nr_loopback.o
  CC      drivers/media/rc/keymaps/rc-imon-mce.o
  CC      drivers/media/rc/keymaps/rc-imon-pad.o
  CC [M]  net/netrom/nr_out.o
  CC      drivers/media/rc/keymaps/rc-iodata-bctv7e.o
  CC [M]  net/netfilter/xt_helper.o
  CC      drivers/media/rc/keymaps/rc-it913x-v1.o
  CC [M]  net/netrom/nr_route.o
  CC      drivers/media/rc/keymaps/rc-it913x-v2.o
  CC [M]  net/netfilter/xt_hl.o
  CC      drivers/media/rc/keymaps/rc-kaiomy.o
  CC      drivers/media/rc/keymaps/rc-kworld-315u.o
  CC [M]  net/netfilter/xt_iprange.o
  CC      drivers/media/rc/keymaps/rc-kworld-pc150u.o
  CC [M]  drivers/mtd/nand/nand_bbt.o
  CC [M]  net/netrom/nr_subr.o
  CC      drivers/media/rc/keymaps/rc-kworld-plus-tv-analog.o
  CC [M]  net/netfilter/xt_ipvs.o
  CC      drivers/media/rc/keymaps/rc-leadtek-y04g0051.o
  CC [M]  net/netrom/nr_timer.o
  CC [M]  drivers/mtd/nand/nand_timings.o
  CC      drivers/media/rc/keymaps/rc-lme2510.o
  CC      drivers/media/rc/keymaps/rc-manli.o
  CC [M]  net/netfilter/xt_l2tp.o
  CC [M]  drivers/mtd/nand/nand_ids.o
  CC [M]  net/netrom/sysctl_net_netrom.o
  CC      drivers/media/rc/keymaps/rc-medion-x10.o
  CC [M]  drivers/mtd/nand/nand_amd.o
  CC      drivers/media/rc/keymaps/rc-medion-x10-digitainer.o
  CC [M]  net/netfilter/xt_length.o
  LD [M]  net/netrom/netrom.o
  CC [M]  drivers/mtd/nand/nand_hynix.o
  AR      drivers/mux/built-in.o
  CC [M]  drivers/mux/core.o
  CC      drivers/media/rc/keymaps/rc-medion-x10-or2x.o
  CC      drivers/media/rc/keymaps/rc-msi-digivox-ii.o
  CC [M]  drivers/mtd/nand/nand_macronix.o
  CC      drivers/media/rc/keymaps/rc-msi-digivox-iii.o
  CC [M]  net/netfilter/xt_limit.o
  LD [M]  drivers/mux/mux-core.o
  CC [M]  drivers/mtd/nand/nand_micron.o
  CC      drivers/net/mii.o
  CC      drivers/media/rc/keymaps/rc-msi-tvanywhere.o
  CC [M]  drivers/mtd/nand/nand_samsung.o
  CC      drivers/media/rc/keymaps/rc-msi-tvanywhere-plus.o
  CC [M]  net/netfilter/xt_mac.o
  CC [M]  drivers/mtd/nand/nand_toshiba.o
  CC      drivers/media/rc/keymaps/rc-nebula.o
  CC [M]  drivers/mtd/nand/nand_ecc.o
  CC [M]  net/netfilter/xt_multiport.o
  CC      drivers/media/rc/keymaps/rc-nec-terratec-cinergy-xs.o
  CC      drivers/net/Space.o
  CC      drivers/media/rc/keymaps/rc-norwood.o
  CC [M]  drivers/mtd/nand/bcm2835_smi_nand.o
  CC      drivers/net/loopback.o
  CC      drivers/media/rc/keymaps/rc-npgtech.o
  CC [M]  net/netfilter/xt_nfacct.o
  CC      drivers/media/rc/keymaps/rc-pctv-sedna.o
  LD [M]  drivers/mtd/nand/nand.o
  AR      drivers/mtd/onenand/built-in.o
  AR      drivers/mtd/parsers/built-in.o
  AR      drivers/mtd/spi-nor/built-in.o
  CC [M]  drivers/mtd/spi-nor/spi-nor.o
  CC      drivers/media/rc/keymaps/rc-pinnacle-color.o
  CC [M]  net/netfilter/xt_osf.o
  AR      drivers/net/bonding/built-in.o
  CC [M]  drivers/net/bonding/bond_main.o
  CC      drivers/media/rc/keymaps/rc-pinnacle-grey.o
  CC      drivers/media/rc/keymaps/rc-pinnacle-pctv-hd.o
  CC      drivers/media/rc/keymaps/rc-pixelview.o
  CC [M]  net/netfilter/xt_owner.o
  CC      drivers/media/rc/keymaps/rc-pixelview-mk12.o
  AR      drivers/mtd/tests/built-in.o
  AR      drivers/mtd/ubi/built-in.o
  CC [M]  drivers/mtd/ubi/vtbl.o
  CC      drivers/media/rc/keymaps/rc-pixelview-002t.o
  CC [M]  net/netfilter/xt_physdev.o
  CC      drivers/media/rc/keymaps/rc-pixelview-new.o
  CC      drivers/media/rc/keymaps/rc-powercolor-real-angel.o
  CC [M]  drivers/mtd/ubi/vmt.o
  CC [M]  net/netfilter/xt_pkttype.o
  CC      drivers/media/rc/keymaps/rc-proteus-2309.o
  CC      drivers/media/rc/keymaps/rc-purpletv.o
  CC [M]  drivers/net/bonding/bond_3ad.o
  CC      drivers/media/rc/keymaps/rc-pv951.o
  CC [M]  net/netfilter/xt_policy.o
  CC [M]  drivers/mtd/ubi/upd.o
  CC      drivers/media/rc/keymaps/rc-hauppauge.o
  CC      drivers/media/rc/keymaps/rc-rc6-mce.o
  CC [M]  drivers/mtd/ubi/build.o
  CC [M]  net/netfilter/xt_quota.o
  CC      drivers/media/rc/keymaps/rc-real-audio-220-32-keys.o
  CC      drivers/media/rc/keymaps/rc-reddo.o
  CC [M]  drivers/net/bonding/bond_alb.o
  CC [M]  net/netfilter/xt_rateest.o
  CC      drivers/media/rc/keymaps/rc-snapstream-firefly.o
  CC [M]  drivers/mtd/ubi/cdev.o
  CC      drivers/media/rc/keymaps/rc-streamzap.o
  CC [M]  net/netfilter/xt_realm.o
  CC      drivers/media/rc/keymaps/rc-tbs-nec.o
  CC      drivers/media/rc/keymaps/rc-technisat-ts35.o
  CC [M]  drivers/mtd/ubi/kapi.o
  CC [M]  drivers/net/bonding/bond_sysfs.o
  CC [M]  net/netfilter/xt_recent.o
  CC      drivers/media/rc/keymaps/rc-technisat-usb2.o
  CC      drivers/media/rc/keymaps/rc-terratec-cinergy-c-pci.o
  CC      drivers/media/rc/keymaps/rc-terratec-cinergy-s2-hd.o
  CC [M]  drivers/net/bonding/bond_sysfs_slave.o
  CC [M]  drivers/mtd/ubi/eba.o
  CC      drivers/media/rc/keymaps/rc-terratec-cinergy-xs.o
  CC [M]  net/netfilter/xt_sctp.o
  CC      drivers/media/rc/keymaps/rc-terratec-slim.o
  CC [M]  drivers/net/bonding/bond_debugfs.o
  CC      drivers/media/rc/keymaps/rc-terratec-slim-2.o
  CC [M]  net/netfilter/xt_state.o
  CC      drivers/media/rc/keymaps/rc-tevii-nec.o
  CC [M]  drivers/mtd/ubi/io.o
  CC [M]  drivers/net/bonding/bond_netlink.o
  CC      drivers/media/rc/keymaps/rc-tivo.o
  CC      drivers/media/rc/keymaps/rc-total-media-in-hand.o
  CC [M]  net/netfilter/xt_statistic.o
  CC      drivers/media/rc/keymaps/rc-total-media-in-hand-02.o
  CC [M]  drivers/net/bonding/bond_options.o
  CC [M]  drivers/mtd/ubi/wl.o
  CC      drivers/media/rc/keymaps/rc-trekstor.o
  CC [M]  net/netfilter/xt_string.o
  CC      drivers/media/rc/keymaps/rc-tt-1500.o
  CC [M]  net/netfilter/xt_tcpmss.o
  CC      drivers/media/rc/keymaps/rc-twinhan-dtv-cab-ci.o
  CC [M]  drivers/net/bonding/bond_procfs.o
  CC [M]  drivers/mtd/ubi/attach.o
  CC      drivers/media/rc/keymaps/rc-twinhan1027.o
  CC      drivers/media/rc/keymaps/rc-videomate-m1f.o
  LD [M]  drivers/net/bonding/bonding.o
  CC [M]  net/netfilter/xt_time.o
  AR      drivers/net/can/rcar/built-in.o
  AR      drivers/net/can/softing/built-in.o
  AR      drivers/net/can/spi/built-in.o
  CC [M]  drivers/net/can/spi/mcp251x.o
  CC      drivers/media/rc/keymaps/rc-videomate-s350.o
  CC      drivers/media/rc/keymaps/rc-videomate-tv-pvr.o
  CC [M]  net/netfilter/xt_u32.o
  CC [M]  drivers/mtd/ubi/misc.o
  CC      drivers/media/rc/keymaps/rc-winfast.o
  AR      drivers/net/can/usb/built-in.o
  CC [M]  drivers/net/can/usb/gs_usb.o
  CC [M]  drivers/mtd/ubi/debug.o
  CC      drivers/media/rc/keymaps/rc-winfast-usbii-deluxe.o
  AR      net/netfilter/ipset/built-in.o
  CC [M]  net/netfilter/ipset/ip_set_core.o
  CC      drivers/media/rc/keymaps/rc-su3000.o
  CC      drivers/media/rc/keymaps/rc-zx-irdec.o
  LD [M]  drivers/mtd/ubi/ubi.o
  CC [M]  drivers/mtd/mtdcore.o
  CC [M]  drivers/net/can/vcan.o
  AR      drivers/media/rc/keymaps/built-in.o
  CC      drivers/media/rc/rc-main.o
  CC [M]  drivers/net/can/slcan.o
  CC [M]  net/netfilter/ipset/ip_set_getport.o
  CC [M]  drivers/mtd/mtdsuper.o
  CC      drivers/media/rc/rc-ir-raw.o
  CC [M]  drivers/net/can/dev.o
  CC [M]  drivers/mtd/mtdconcat.o
  CC      drivers/media/rc/ir-nec-decoder.o
  CC [M]  net/netfilter/ipset/pfxlen.o
  CC      drivers/media/rc/ir-rc5-decoder.o
  CC [M]  drivers/net/can/rx-offload.o
  CC      drivers/media/rc/ir-rc6-decoder.o
  CC [M]  drivers/mtd/mtdpart.o
  CC [M]  net/netfilter/ipset/ip_set_bitmap_ip.o
  CC      drivers/media/rc/ir-jvc-decoder.o
  AR      drivers/net/can/built-in.o
  LD [M]  drivers/net/can/can-dev.o
  AR      drivers/net/ethernet/8390/built-in.o
  AR      drivers/net/ethernet/alacritech/built-in.o
  AR      drivers/net/ethernet/amazon/built-in.o
  AR      drivers/net/ethernet/aquantia/built-in.o
  AR      drivers/net/ethernet/arc/built-in.o
  AR      drivers/net/ethernet/broadcom/built-in.o
  AR      drivers/net/ethernet/cadence/built-in.o
  AR      drivers/net/ethernet/cirrus/built-in.o
  AR      drivers/net/ethernet/ezchip/built-in.o
  AR      drivers/net/ethernet/faraday/built-in.o
  AR      drivers/net/ethernet/hisilicon/built-in.o
  AR      drivers/net/ethernet/huawei/built-in.o
  CC      drivers/media/rc/ir-sony-decoder.o
  AR      drivers/net/ethernet/i825xx/built-in.o
  AR      drivers/net/ethernet/intel/built-in.o
  AR      drivers/net/ethernet/marvell/built-in.o
  AR      drivers/net/ethernet/mellanox/built-in.o
  AR      drivers/net/ethernet/micrel/built-in.o
  AR      drivers/net/ethernet/microchip/built-in.o
  CC [M]  drivers/net/ethernet/microchip/enc28j60.o
  CC [M]  net/netfilter/ipset/ip_set_bitmap_ipmac.o
  CC      drivers/media/rc/ir-sanyo-decoder.o
  CC [M]  drivers/mtd/mtdchar.o
  CC      drivers/media/rc/ir-sharp-decoder.o
  AR      drivers/net/ethernet/natsemi/built-in.o
  CC [M]  net/netfilter/ipset/ip_set_bitmap_port.o
  AR      drivers/net/ethernet/netronome/built-in.o
  CC      drivers/media/rc/ir-mce_kbd-decoder.o
  AR      drivers/net/ethernet/qualcomm/emac/built-in.o
  CC [M]  drivers/net/ethernet/qualcomm/qca_7k_common.o
  CC [M]  drivers/mtd/ofpart.o
  CC [M]  drivers/mtd/mtd_blkdevs.o
  CC      drivers/media/rc/ir-xmp-decoder.o
  CC [M]  net/netfilter/ipset/ip_set_hash_ip.o
  CC [M]  drivers/net/ethernet/qualcomm/qca_7k.o
  CC [M]  drivers/media/rc/lirc_dev.o
  CC [M]  drivers/net/ethernet/qualcomm/qca_debug.o
  CC [M]  drivers/mtd/mtdblock.o
  CC [M]  drivers/media/rc/ir-lirc-codec.o
  AR      drivers/mtd/built-in.o
  LD [M]  drivers/mtd/mtd.o
  CC [M]  drivers/media/rc/ati_remote.o
  CC [M]  drivers/net/ethernet/qualcomm/qca_spi.o
  CC [M]  net/netfilter/ipset/ip_set_hash_ipport.o
  CC [M]  drivers/media/rc/imon.o
  AR      drivers/net/ethernet/qualcomm/built-in.o
  AR      drivers/net/ethernet/renesas/built-in.o
  CC [M]  drivers/media/rc/mceusb.o
  LD [M]  drivers/net/ethernet/qualcomm/qcaspi.o
  AR      drivers/net/ethernet/rocker/built-in.o
  AR      drivers/net/ethernet/samsung/built-in.o
  AR      drivers/net/ethernet/seeq/built-in.o
  AR      drivers/net/ethernet/smsc/built-in.o
  AR      drivers/net/ethernet/stmicro/built-in.o
  AR      drivers/net/ethernet/synopsys/built-in.o
  AR      drivers/net/ethernet/via/built-in.o
  AR      drivers/net/ethernet/wiznet/built-in.o
  AR      drivers/net/ethernet/built-in.o
  AR      drivers/net/hamradio/built-in.o
  CC [M]  drivers/net/hamradio/mkiss.o
  CC [M]  drivers/net/hamradio/6pack.o
  CC [M]  drivers/media/rc/redrat3.o
  CC [M]  drivers/media/rc/streamzap.o
  CC [M]  net/netfilter/ipset/ip_set_hash_ipportip.o
  CC [M]  drivers/net/hamradio/yam.o
  AR      net/netfilter/ipvs/built-in.o
  CC [M]  net/netfilter/ipvs/ip_vs_conn.o
  CC [M]  drivers/media/rc/rc-loopback.o
  CC [M]  drivers/media/rc/gpio-ir-recv.o
  CC [M]  drivers/net/hamradio/bpqether.o
  CC [M]  drivers/media/rc/gpio-ir-tx.o
  CC [M]  net/netfilter/ipvs/ip_vs_core.o
  CC [M]  drivers/media/rc/pwm-ir-tx.o
  CC [M]  drivers/net/hamradio/baycom_ser_fdx.o
  CC [M]  net/netfilter/ipset/ip_set_hash_ipportnet.o
  CC [M]  drivers/media/rc/iguanair.o
  CC [M]  drivers/net/hamradio/hdlcdrv.o
  CC [M]  drivers/media/rc/ttusbir.o
  AR      drivers/media/rc/rc-core.o
  AR      drivers/media/rc/built-in.o
  AR      drivers/media/spi/built-in.o
  CC [M]  drivers/media/spi/cxd2880-spi.o
  CC [M]  net/netfilter/ipvs/ip_vs_ctl.o
  CC [M]  drivers/net/hamradio/baycom_ser_hdx.o
  CC [M]  net/netfilter/ipset/ip_set_hash_net.o
  AR      drivers/media/tuners/built-in.o
  CC [M]  drivers/media/tuners/tuner-xc2028.o
  AR      drivers/net/ieee802154/built-in.o
  CC [M]  drivers/net/ieee802154/at86rf230.o
  CC [M]  drivers/media/tuners/tuner-simple.o
  CC [M]  net/netfilter/ipvs/ip_vs_sched.o
  CC [M]  drivers/net/ieee802154/mrf24j40.o
  CC [M]  net/netfilter/ipset/ip_set_hash_netport.o
  CC [M]  drivers/media/tuners/tuner-types.o
  CC [M]  drivers/net/ieee802154/cc2520.o
  CC [M]  net/netfilter/ipvs/ip_vs_xmit.o
  CC [M]  drivers/media/tuners/mt20xx.o
  AR      drivers/net/ipvlan/built-in.o
  CC [M]  drivers/net/ipvlan/ipvlan_core.o
  CC [M]  net/netfilter/ipvs/ip_vs_app.o
  CC [M]  drivers/media/tuners/tda8290.o
  CC [M]  net/netfilter/ipset/ip_set_hash_netiface.o
  CC [M]  drivers/net/ipvlan/ipvlan_main.o
  CC [M]  drivers/media/tuners/tea5767.o
  CC [M]  net/netfilter/ipvs/ip_vs_sync.o
  CC [M]  drivers/media/tuners/tea5761.o
  CC [M]  net/netfilter/ipset/ip_set_list_set.o
  LD [M]  drivers/net/ipvlan/ipvlan.o
  CC      drivers/net/phy/mdio-boardinfo.o
  CC [M]  drivers/media/tuners/tda9887.o
  CC [M]  net/netfilter/ipvs/ip_vs_est.o
  CC      drivers/net/phy/phy.o
  LD [M]  net/netfilter/ipset/ip_set.o
  CC      drivers/net/phy/phy-c45.o
  CC [M]  drivers/media/tuners/tda827x.o
  CC [M]  net/netfilter/ipvs/ip_vs_proto.o
  AR      net/nfc/built-in.o
  CC [M]  drivers/media/tuners/tda18271-maps.o
  CC [M]  net/nfc/core.o
  CC      drivers/net/phy/phy-core.o
  CC [M]  drivers/media/tuners/tda18271-common.o
  CC [M]  net/netfilter/ipvs/ip_vs_pe.o
  CC      drivers/net/phy/phy_device.o
  CC [M]  drivers/media/tuners/tda18271-fe.o
  CC [M]  net/nfc/netlink.o
  CC [M]  net/netfilter/ipvs/ip_vs_proto_tcp.o
  CC [M]  drivers/media/tuners/xc5000.o
  CC      drivers/net/phy/mdio_bus.o
  CC [M]  net/netfilter/ipvs/ip_vs_proto_udp.o
  CC [M]  net/nfc/af_nfc.o
  CC [M]  drivers/media/tuners/xc4000.o
  CC [M]  net/netfilter/ipvs/ip_vs_proto_ah_esp.o
  CC      drivers/net/phy/mdio_device.o
  CC [M]  net/netfilter/ipvs/ip_vs_proto_sctp.o
  CC [M]  net/nfc/rawsock.o
  CC [M]  drivers/media/tuners/msi001.o
  CC      drivers/net/phy/swphy.o
  CC [M]  net/netfilter/ipvs/ip_vs_nfct.o
  CC [M]  drivers/media/tuners/mt2060.o
  CC [M]  net/nfc/llcp_core.o
  CC      drivers/net/phy/fixed_phy.o
  CC [M]  drivers/media/tuners/mt2063.o
  CC      drivers/net/phy/microchip.o
  CC [M]  net/netfilter/ipvs/ip_vs_rr.o
  CC [M]  net/nfc/llcp_commands.o
  CC [M]  drivers/net/phy/mdio-bitbang.o
  CC [M]  drivers/media/tuners/mt2266.o
  CC [M]  net/netfilter/ipvs/ip_vs_wrr.o
  CC [M]  net/nfc/llcp_sock.o
  AR      drivers/net/phy/libphy.o
  AR      drivers/net/phy/built-in.o
  AR      drivers/net/ppp/built-in.o
  CC [M]  drivers/net/ppp/ppp_generic.o
  CC [M]  drivers/media/tuners/qt1010.o
  CC [M]  net/netfilter/ipvs/ip_vs_lc.o
  LD [M]  net/nfc/nfc.o
  CC [M]  drivers/net/ppp/ppp_async.o
  CC [M]  drivers/media/tuners/mt2131.o
  CC [M]  net/netfilter/ipvs/ip_vs_wlc.o
  CC [M]  drivers/media/tuners/mxl5005s.o
  CC [M]  net/netfilter/ipvs/ip_vs_lblc.o
  CC [M]  net/netfilter/ipvs/ip_vs_lblcr.o
  CC [M]  drivers/net/ppp/bsd_comp.o
  CC [M]  drivers/net/ppp/ppp_deflate.o
  CC [M]  net/netfilter/ipvs/ip_vs_dh.o
  CC [M]  net/netfilter/ipvs/ip_vs_sh.o
  CC [M]  drivers/net/ppp/ppp_mppe.o
  CC [M]  drivers/net/ppp/ppp_synctty.o
  CC [M]  net/netfilter/ipvs/ip_vs_sed.o
  CC [M]  drivers/net/ppp/pppox.o
  CC [M]  net/netfilter/ipvs/ip_vs_nq.o
  CC [M]  drivers/net/ppp/pppoe.o
  CC [M]  net/netfilter/ipvs/ip_vs_ftp.o
  CC [M]  net/netfilter/ipvs/ip_vs_pe_sip.o
  AR      drivers/net/slip/built-in.o
  CC [M]  drivers/net/slip/slip.o
  CC [M]  drivers/net/slip/slhc.o
  LD [M]  net/netfilter/ipvs/ip_vs.o
  AR      net/netfilter/netfilter.o
  LD [M]  net/netfilter/nf_conntrack.o
  LD [M]  net/netfilter/nf_conntrack_h323.o
  LD [M]  net/netfilter/nf_nat.o
  AR      net/netfilter/built-in.o
  AR      net/openvswitch/built-in.o
  CC [M]  net/openvswitch/actions.o
  CC [M]  drivers/media/tuners/mxl5007t.o
  CC [M]  drivers/media/tuners/mc44s803.o
  CC [M]  drivers/media/tuners/max2165.o
  CC      net/packet/af_packet.o
  CC      drivers/net/usb/lan78xx.o
  CC [M]  net/openvswitch/datapath.o
  CC [M]  drivers/media/tuners/tda18218.o
  CC [M]  drivers/media/tuners/tda18212.o
  CC [M]  net/openvswitch/dp_notify.o
  CC [M]  drivers/media/tuners/e4000.o
  CC      drivers/net/usb/smsc95xx.o
  CC [M]  net/openvswitch/flow.o
  CC [M]  drivers/media/tuners/fc2580.o
  AR      net/packet/built-in.o
  CC [M]  drivers/media/tuners/tua9001.o
  CC      drivers/net/usb/usbnet.o
  CC [M]  net/openvswitch/flow_netlink.o
  AR      drivers/media/usb/as102/built-in.o
  CC [M]  drivers/media/usb/as102/as102_drv.o
  CC [M]  drivers/media/tuners/si2157.o
  CC [M]  drivers/media/usb/as102/as102_fw.o
  CC [M]  drivers/media/tuners/fc0011.o
  CC [M]  drivers/media/usb/as102/as10x_cmd.o
  CC [M]  drivers/media/tuners/fc0012.o
  CC [M]  drivers/media/usb/as102/as10x_cmd_stream.o
  CC [M]  drivers/net/usb/catc.o
  CC [M]  drivers/media/usb/as102/as102_usb_drv.o
  CC [M]  drivers/media/tuners/fc0013.o
  CC [M]  net/openvswitch/flow_table.o
  CC [M]  drivers/media/usb/as102/as10x_cmd_cfg.o
  CC [M]  drivers/net/usb/kaweth.o
  LD [M]  drivers/media/usb/as102/dvb-as102.o
  CC [M]  drivers/media/tuners/it913x.o
  AR      drivers/media/usb/au0828/built-in.o
  CC [M]  drivers/media/usb/au0828/au0828-core.o
  CC [M]  drivers/net/usb/pegasus.o
  CC [M]  drivers/media/tuners/r820t.o
  CC [M]  net/openvswitch/vport.o
  CC [M]  drivers/media/usb/au0828/au0828-i2c.o
  CC [M]  drivers/net/usb/rtl8150.o
  CC [M]  drivers/media/usb/au0828/au0828-cards.o
  CC [M]  drivers/media/tuners/mxl301rf.o
  CC [M]  net/openvswitch/vport-internal_dev.o
  CC [M]  drivers/media/tuners/qm1d1c0042.o
  CC [M]  drivers/media/usb/au0828/au0828-dvb.o
  CC [M]  drivers/net/usb/r8152.o
  CC [M]  net/openvswitch/vport-netdev.o
  CC [M]  drivers/media/tuners/m88rs6000t.o
  CC [M]  drivers/media/usb/au0828/au0828-video.o
  LD [M]  drivers/media/tuners/tda18271.o
  CC [M]  drivers/net/usb/hso.o
  CC [M]  net/openvswitch/conntrack.o
  CC [M]  drivers/media/usb/au0828/au0828-vbi.o
  AR      drivers/media/usb/b2c2/built-in.o
  CC [M]  drivers/media/usb/b2c2/flexcop-usb.o
  CC [M]  drivers/net/usb/asix_devices.o
  CC [M]  net/openvswitch/vport-vxlan.o
  CC [M]  drivers/media/usb/au0828/au0828-input.o
  LD [M]  drivers/media/usb/b2c2/b2c2-flexcop-usb.o
  AR      net/rfkill/built-in.o
  CC [M]  net/rfkill/core.o
  CC [M]  drivers/net/usb/asix_common.o
  CC [M]  net/openvswitch/vport-gre.o
  LD [M]  drivers/media/usb/au0828/au0828.o
  AR      drivers/media/usb/cpia2/built-in.o
  CC [M]  drivers/media/usb/cpia2/cpia2_v4l.o
  CC [M]  drivers/net/usb/ax88172a.o
  CC [M]  net/rfkill/input.o
  LD [M]  net/openvswitch/openvswitch.o
  AR      drivers/media/usb/cx231xx/built-in.o
  CC [M]  drivers/media/usb/cx231xx/cx231xx-video.o
  CC [M]  drivers/media/usb/cpia2/cpia2_usb.o
  LD [M]  net/rfkill/rfkill.o
  AR      net/rose/built-in.o
  CC [M]  net/rose/af_rose.o
  CC [M]  drivers/net/usb/ax88179_178a.o
  CC [M]  drivers/media/usb/cpia2/cpia2_core.o
  CC [M]  drivers/media/usb/cx231xx/cx231xx-i2c.o
  CC [M]  drivers/net/usb/cdc_ether.o
  CC [M]  net/rose/rose_dev.o
  LD [M]  drivers/media/usb/cpia2/cpia2.o
  CC [M]  drivers/net/usb/cdc_eem.o
  CC [M]  net/rose/rose_in.o
  CC [M]  net/rose/rose_link.o
  CC [M]  drivers/net/usb/dm9601.o
  CC [M]  drivers/media/usb/cx231xx/cx231xx-cards.o
  CC [M]  drivers/net/usb/sr9700.o
  CC [M]  net/rose/rose_loopback.o
  CC [M]  net/rose/rose_out.o
  CC [M]  drivers/net/usb/sr9800.o
  AR      drivers/media/usb/dvb-usb/built-in.o
  CC [M]  drivers/media/usb/dvb-usb/dvb-usb-firmware.o
  CC [M]  net/rose/rose_route.o
  CC [M]  drivers/media/usb/cx231xx/cx231xx-core.o
  CC [M]  drivers/net/usb/smsc75xx.o
  CC [M]  drivers/media/usb/dvb-usb/dvb-usb-init.o
  CC [M]  net/rose/rose_subr.o
  CC [M]  drivers/media/usb/cx231xx/cx231xx-avcore.o
  CC [M]  drivers/net/usb/gl620a.o
  CC [M]  net/rose/rose_timer.o
  CC [M]  drivers/media/usb/dvb-usb/dvb-usb-urb.o
  CC [M]  drivers/net/usb/net1080.o
  CC [M]  net/rose/sysctl_net_rose.o
  CC [M]  drivers/media/usb/dvb-usb/dvb-usb-i2c.o
  CC [M]  drivers/net/usb/plusb.o
  LD [M]  net/rose/rose.o
  CC      net/sched/sch_generic.o
  CC [M]  drivers/media/usb/dvb-usb/dvb-usb-dvb.o
  CC [M]  drivers/net/usb/rndis_host.o
  CC [M]  drivers/media/usb/cx231xx/cx231xx-417.o
  CC [M]  drivers/media/usb/dvb-usb/dvb-usb-remote.o
  CC      net/sched/sch_mq.o
  CC [M]  drivers/net/usb/cdc_subset.o
  CC [M]  drivers/media/usb/cx231xx/cx231xx-pcb-cfg.o
  CC      net/sched/sch_api.o
  CC [M]  drivers/net/usb/zaurus.o
  CC [M]  drivers/media/usb/dvb-usb/usb-urb.o
  CC [M]  drivers/media/usb/cx231xx/cx231xx-vbi.o
  CC [M]  drivers/net/usb/mcs7830.o
  CC [M]  drivers/media/usb/dvb-usb/vp7045.o
  CC [M]  drivers/net/usb/int51x1.o
  CC [M]  drivers/media/usb/dvb-usb/vp7045-fe.o
  CC [M]  drivers/media/usb/cx231xx/cx231xx-input.o
  CC [M]  drivers/net/usb/kalmia.o
  CC      net/sched/sch_blackhole.o
  CC [M]  drivers/media/usb/dvb-usb/vp702x.o
  CC [M]  drivers/media/usb/cx231xx/cx231xx-audio.o
  CC [M]  drivers/net/usb/ipheth.o
  CC      net/sched/cls_api.o
  CC [M]  drivers/media/usb/dvb-usb/vp702x-fe.o
  CC [M]  drivers/media/usb/cx231xx/cx231xx-dvb.o
  CC [M]  drivers/net/usb/sierra_net.o
  CC [M]  drivers/media/usb/dvb-usb/gp8psk.o
  LD [M]  drivers/media/usb/cx231xx/cx231xx.o
  LD [M]  drivers/media/usb/cx231xx/cx231xx-alsa.o
  CC      net/sched/act_api.o
  AR      drivers/nfc/built-in.o
  CC [M]  drivers/net/usb/cx82310_eth.o
  CC      net/sched/sch_fifo.o
  CC [M]  drivers/media/usb/dvb-usb/dtt200u.o
  CC [M]  drivers/net/usb/cdc_ncm.o
  CC [M]  drivers/media/usb/dvb-usb/dtt200u-fe.o
  CC [M]  drivers/media/usb/dvb-usb/dibusb-common.o
  CC      net/sched/ematch.o
  AR      drivers/media/usb/dvb-usb-v2/built-in.o
  CC [M]  drivers/media/usb/dvb-usb-v2/dvb_usb_core.o
  CC [M]  drivers/media/usb/dvb-usb/dibusb-mc-common.o
  CC [M]  drivers/net/usb/huawei_cdc_ncm.o
  CC [M]  net/sched/act_police.o
  CC [M]  drivers/net/usb/lg-vl600.o
  CC [M]  drivers/media/usb/dvb-usb-v2/dvb_usb_urb.o
  CC [M]  drivers/media/usb/dvb-usb/a800.o
  CC [M]  net/sched/act_gact.o
  CC [M]  drivers/net/usb/qmi_wwan.o
  CC [M]  drivers/media/usb/dvb-usb/dibusb-mb.o
  CC [M]  drivers/media/usb/dvb-usb-v2/usb_urb.o
  CC [M]  net/sched/act_mirred.o
  CC [M]  drivers/net/usb/cdc_mbim.o
  CC [M]  drivers/media/usb/dvb-usb/dibusb-mc.o
  CC [M]  drivers/media/usb/dvb-usb-v2/af9015.o
  CC [M]  net/sched/act_ipt.o
  CC [M]  drivers/media/usb/dvb-usb/nova-t-usb2.o
  AR      drivers/net/usb/built-in.o
  LD [M]  drivers/net/usb/asix.o
  AR      drivers/net/wimax/built-in.o
  AR      drivers/net/wimax/i2400m/built-in.o
  CC [M]  drivers/net/wimax/i2400m/control.o
  CC [M]  net/sched/act_nat.o
  CC [M]  drivers/media/usb/dvb-usb-v2/af9035.o
  CC [M]  drivers/media/usb/dvb-usb/umt-010.o
  CC [M]  drivers/media/usb/dvb-usb/m920x.o
  CC [M]  net/sched/act_pedit.o
  CC [M]  drivers/net/wimax/i2400m/driver.o
  CC [M]  drivers/media/usb/dvb-usb-v2/anysee.o
  CC [M]  net/sched/act_simple.o
  CC [M]  drivers/media/usb/dvb-usb/digitv.o
  CC [M]  drivers/media/usb/dvb-usb-v2/au6610.o
  CC [M]  net/sched/act_skbedit.o
  CC [M]  drivers/media/usb/dvb-usb/cxusb.o
  CC [M]  drivers/net/wimax/i2400m/fw.o
  CC [M]  drivers/media/usb/dvb-usb-v2/az6007.o
  CC [M]  net/sched/act_csum.o
  CC [M]  drivers/media/usb/dvb-usb/ttusb2.o
  CC [M]  drivers/media/usb/dvb-usb-v2/ce6230.o
  CC [M]  net/sched/sch_cbq.o
  CC [M]  drivers/media/usb/dvb-usb-v2/ec168.o
  CC [M]  drivers/net/wimax/i2400m/op-rfkill.o
  CC [M]  drivers/media/usb/dvb-usb/dib0700_core.o
  CC [M]  drivers/media/usb/dvb-usb-v2/lmedm04.o
  CC [M]  drivers/net/wimax/i2400m/sysfs.o
  CC [M]  net/sched/sch_htb.o
  CC [M]  drivers/media/usb/dvb-usb/dib0700_devices.o
  CC [M]  drivers/net/wimax/i2400m/netdev.o
  CC [M]  drivers/media/usb/dvb-usb-v2/gl861.o
  CC [M]  net/sched/sch_hfsc.o
  CC [M]  drivers/media/usb/dvb-usb-v2/mxl111sf.o
  CC [M]  drivers/media/usb/dvb-usb/opera1.o
  CC [M]  drivers/net/wimax/i2400m/tx.o
  CC [M]  drivers/media/usb/dvb-usb/af9005.o
  CC [M]  drivers/media/usb/dvb-usb-v2/mxl111sf-phy.o
  CC [M]  net/sched/sch_red.o
  CC [M]  drivers/net/wimax/i2400m/rx.o
  CC [M]  drivers/media/usb/dvb-usb-v2/mxl111sf-i2c.o
  CC [M]  drivers/media/usb/dvb-usb/af9005-fe.o
  CC [M]  net/sched/sch_gred.o
  CC [M]  drivers/media/usb/dvb-usb-v2/mxl111sf-gpio.o
  CC [M]  drivers/media/usb/dvb-usb/af9005-remote.o
  CC [M]  net/sched/sch_ingress.o
  CC [M]  drivers/net/wimax/i2400m/debugfs.o
  CC [M]  drivers/media/usb/dvb-usb-v2/mxl111sf-demod.o
  CC [M]  net/sched/sch_dsmark.o
  CC [M]  drivers/net/wimax/i2400m/usb-fw.o
  CC [M]  drivers/media/usb/dvb-usb/pctv452e.o
  CC [M]  drivers/net/wimax/i2400m/usb-notif.o
  CC [M]  drivers/media/usb/dvb-usb-v2/mxl111sf-tuner.o
  CC [M]  net/sched/sch_sfb.o
  CC [M]  drivers/media/usb/dvb-usb/dw2102.o
  CC [M]  drivers/net/wimax/i2400m/usb-tx.o
  CC [M]  net/sched/sch_sfq.o
  CC [M]  drivers/media/usb/dvb-usb-v2/rtl28xxu.o
  CC [M]  drivers/net/wimax/i2400m/usb-rx.o
  CC [M]  drivers/media/usb/dvb-usb/dtv5100.o
  CC [M]  net/sched/sch_tbf.o
  CC [M]  drivers/media/usb/dvb-usb/cinergyT2-core.o
  CC [M]  drivers/net/wimax/i2400m/usb.o
  CC [M]  drivers/media/usb/dvb-usb-v2/dvbsky.o
  CC [M]  drivers/media/usb/dvb-usb/cinergyT2-fe.o
  CC [M]  net/sched/sch_teql.o
  LD [M]  drivers/media/usb/dvb-usb-v2/dvb_usb_v2.o
  LD [M]  drivers/media/usb/dvb-usb-v2/dvb-usb-af9015.o
  LD [M]  drivers/media/usb/dvb-usb-v2/dvb-usb-af9035.o
  LD [M]  drivers/media/usb/dvb-usb-v2/dvb-usb-anysee.o
  LD [M]  drivers/media/usb/dvb-usb-v2/dvb-usb-au6610.o
  LD [M]  drivers/media/usb/dvb-usb-v2/dvb-usb-az6007.o
  LD [M]  drivers/media/usb/dvb-usb-v2/dvb-usb-ce6230.o
  LD [M]  drivers/media/usb/dvb-usb-v2/dvb-usb-ec168.o
  LD [M]  drivers/media/usb/dvb-usb-v2/dvb-usb-lmedm04.o
  LD [M]  drivers/media/usb/dvb-usb-v2/dvb-usb-gl861.o
  LD [M]  drivers/media/usb/dvb-usb-v2/dvb-usb-mxl111sf.o
  LD [M]  drivers/media/usb/dvb-usb-v2/dvb-usb-rtl28xxu.o
  LD [M]  drivers/media/usb/dvb-usb-v2/dvb-usb-dvbsky.o
  LD [M]  drivers/net/wimax/i2400m/i2400m.o
  CC [M]  drivers/media/usb/dvb-usb/friio.o
  LD [M]  drivers/net/wimax/i2400m/i2400m-usb.o
  AR      drivers/net/wireless/admtek/built-in.o
  AR      drivers/net/wireless/ath/built-in.o
  CC [M]  drivers/net/wireless/ath/main.o
  AR      net/sctp/built-in.o
  CC [M]  net/sctp/sm_statetable.o
  CC [M]  net/sched/sch_prio.o
  CC [M]  drivers/media/usb/dvb-usb/friio-fe.o
  CC [M]  net/sctp/sm_statefuns.o
  CC [M]  net/sched/sch_multiq.o
  CC [M]  drivers/net/wireless/ath/regd.o
  CC [M]  drivers/media/usb/dvb-usb/az6027.o
  CC [M]  net/sched/sch_atm.o
  CC [M]  drivers/media/usb/dvb-usb/technisat-usb2.o
  CC [M]  drivers/net/wireless/ath/hw.o
  LD [M]  drivers/media/usb/dvb-usb/dvb-usb.o
  CC [M]  net/sched/sch_netem.o
  LD [M]  drivers/media/usb/dvb-usb/dvb-usb-vp7045.o
  LD [M]  drivers/media/usb/dvb-usb/dvb-usb-vp702x.o
  LD [M]  drivers/media/usb/dvb-usb/dvb-usb-gp8psk.o
  LD [M]  drivers/media/usb/dvb-usb/dvb-usb-dtt200u.o
  LD [M]  drivers/media/usb/dvb-usb/dvb-usb-dibusb-common.o
  LD [M]  drivers/media/usb/dvb-usb/dvb-usb-dibusb-mc-common.o
  LD [M]  drivers/media/usb/dvb-usb/dvb-usb-a800.o
  LD [M]  drivers/media/usb/dvb-usb/dvb-usb-dibusb-mb.o
  LD [M]  drivers/media/usb/dvb-usb/dvb-usb-dibusb-mc.o
  LD [M]  drivers/media/usb/dvb-usb/dvb-usb-nova-t-usb2.o
  LD [M]  drivers/media/usb/dvb-usb/dvb-usb-umt-010.o
  LD [M]  drivers/media/usb/dvb-usb/dvb-usb-m920x.o
  LD [M]  drivers/media/usb/dvb-usb/dvb-usb-digitv.o
  LD [M]  drivers/media/usb/dvb-usb/dvb-usb-cxusb.o
  LD [M]  drivers/media/usb/dvb-usb/dvb-usb-ttusb2.o
  LD [M]  drivers/media/usb/dvb-usb/dvb-usb-dib0700.o
  LD [M]  drivers/media/usb/dvb-usb/dvb-usb-opera.o
  LD [M]  drivers/media/usb/dvb-usb/dvb-usb-af9005.o
  LD [M]  drivers/media/usb/dvb-usb/dvb-usb-af9005-remote.o
  LD [M]  drivers/media/usb/dvb-usb/dvb-usb-pctv452e.o
  LD [M]  drivers/media/usb/dvb-usb/dvb-usb-dw2102.o
  LD [M]  drivers/media/usb/dvb-usb/dvb-usb-dtv5100.o
  LD [M]  drivers/media/usb/dvb-usb/dvb-usb-cinergyT2.o
  LD [M]  drivers/media/usb/dvb-usb/dvb-usb-friio.o
  LD [M]  drivers/media/usb/dvb-usb/dvb-usb-az6027.o
  LD [M]  drivers/media/usb/dvb-usb/dvb-usb-technisat-usb2.o
  AR      drivers/media/usb/em28xx/built-in.o
  CC [M]  drivers/media/usb/em28xx/em28xx-core.o
  CC [M]  net/sctp/sm_sideeffect.o
  CC [M]  drivers/net/wireless/ath/key.o
  CC [M]  net/sched/sch_drr.o
  CC [M]  drivers/media/usb/em28xx/em28xx-i2c.o
  CC [M]  net/sched/sch_plug.o
  CC [M]  net/sctp/protocol.o
  CC [M]  drivers/net/wireless/ath/dfs_pattern_detector.o
  CC [M]  drivers/media/usb/em28xx/em28xx-cards.o
  CC [M]  net/sched/sch_mqprio.o
  CC [M]  net/sctp/endpointola.o
  CC [M]  net/sched/sch_choke.o
  CC [M]  drivers/net/wireless/ath/dfs_pri_detector.o
  CC [M]  drivers/media/usb/em28xx/em28xx-camera.o
  CC [M]  net/sctp/associola.o
  CC [M]  net/sched/sch_qfq.o
  AR      drivers/net/wireless/ath/ar5523/built-in.o
  CC [M]  drivers/net/wireless/ath/ar5523/ar5523.o
  CC [M]  drivers/media/usb/em28xx/em28xx-video.o
  CC [M]  net/sctp/transport.o
  CC [M]  net/sched/sch_codel.o
  AR      drivers/net/wireless/ath/ath6kl/built-in.o
  CC [M]  drivers/net/wireless/ath/ath6kl/debug.o
  CC [M]  net/sctp/chunk.o
  CC [M]  net/sched/sch_fq_codel.o
  CC [M]  drivers/media/usb/em28xx/em28xx-vbi.o
  CC [M]  drivers/net/wireless/ath/ath6kl/hif.o
  CC [M]  drivers/media/usb/em28xx/em28xx-audio.o
  CC [M]  net/sctp/sm_make_chunk.o
  CC [M]  net/sched/sch_fq.o
  CC [M]  drivers/media/usb/em28xx/em28xx-dvb.o
  CC [M]  drivers/net/wireless/ath/ath6kl/htc_mbox.o
  CC [M]  net/sched/sch_hhf.o
  CC [M]  net/sctp/ulpevent.o
  CC [M]  drivers/media/usb/em28xx/em28xx-input.o
  CC [M]  net/sched/sch_pie.o
  CC [M]  drivers/net/wireless/ath/ath6kl/htc_pipe.o
  CC [M]  net/sctp/inqueue.o
  LD [M]  drivers/media/usb/em28xx/em28xx.o
  LD [M]  drivers/media/usb/em28xx/em28xx-v4l.o
  LD [M]  drivers/media/usb/em28xx/em28xx-alsa.o
  LD [M]  drivers/media/usb/em28xx/em28xx-rc.o
  AR      drivers/media/usb/go7007/built-in.o
  CC [M]  drivers/media/usb/go7007/go7007-v4l2.o
  CC [M]  net/sched/cls_u32.o
  CC [M]  net/sctp/outqueue.o
  CC [M]  drivers/net/wireless/ath/ath6kl/bmi.o
  CC [M]  drivers/media/usb/go7007/go7007-driver.o
  CC [M]  net/sched/cls_route.o
  CC [M]  drivers/net/wireless/ath/ath6kl/cfg80211.o
  CC [M]  net/sctp/ulpqueue.o
  CC [M]  drivers/media/usb/go7007/go7007-i2c.o
  CC [M]  net/sched/cls_fw.o
  CC [M]  net/sctp/tsnmap.o
  CC [M]  drivers/media/usb/go7007/go7007-fw.o
  CC [M]  net/sched/cls_rsvp.o
  CC [M]  net/sctp/bind_addr.o
  CC [M]  drivers/net/wireless/ath/ath6kl/init.o
  CC [M]  net/sched/cls_tcindex.o
  CC [M]  net/sctp/socket.o
  CC [M]  drivers/media/usb/go7007/snd-go7007.o
  CC [M]  net/sched/cls_rsvp6.o
  CC [M]  drivers/net/wireless/ath/ath6kl/main.o
  CC [M]  drivers/media/usb/go7007/go7007-usb.o
  CC [M]  net/sched/cls_basic.o
  CC [M]  drivers/media/usb/go7007/go7007-loader.o
  CC [M]  drivers/net/wireless/ath/ath6kl/txrx.o
  CC [M]  drivers/media/usb/go7007/s2250-board.o
  CC [M]  net/sched/cls_flow.o
  LD [M]  drivers/media/usb/go7007/go7007.o
  LD [M]  drivers/media/usb/go7007/s2250.o
  AR      drivers/media/usb/gspca/built-in.o
  CC [M]  drivers/media/usb/gspca/gspca.o
  CC [M]  drivers/net/wireless/ath/ath6kl/wmi.o
  CC [M]  net/sched/cls_cgroup.o
  CC [M]  net/sched/em_cmp.o
  CC [M]  net/sctp/primitive.o
  CC [M]  drivers/media/usb/gspca/autogain_functions.o
  CC [M]  net/sched/em_nbyte.o
  CC [M]  drivers/net/wireless/ath/ath6kl/core.o
  CC [M]  net/sctp/output.o
  CC [M]  drivers/media/usb/gspca/benq.o
  CC [M]  net/sched/em_u32.o
  CC [M]  drivers/media/usb/gspca/conex.o
  CC [M]  net/sched/em_meta.o
  CC [M]  net/sctp/input.o
  CC [M]  drivers/net/wireless/ath/ath6kl/recovery.o
  CC [M]  drivers/media/usb/gspca/cpia1.o
  CC [M]  net/sched/em_text.o
  CC [M]  drivers/net/wireless/ath/ath6kl/usb.o
  CC [M]  drivers/media/usb/gspca/dtcs033.o
  CC [M]  net/sched/em_ipset.o
  CC [M]  net/sctp/debug.o
  LD [M]  drivers/net/wireless/ath/ath6kl/ath6kl_core.o
  LD [M]  drivers/net/wireless/ath/ath6kl/ath6kl_usb.o
  AR      drivers/net/wireless/ath/ath9k/built-in.o
  CC [M]  drivers/net/wireless/ath/ath9k/beacon.o
  CC [M]  drivers/media/usb/gspca/etoms.o
  AR      net/sched/built-in.o
  CC [M]  drivers/media/usb/gspca/finepix.o
  CC [M]  net/sctp/stream.o
  CC [M]  drivers/net/dummy.o
  CC [M]  drivers/media/usb/gspca/jeilinj.o
  CC [M]  drivers/net/wireless/ath/ath9k/gpio.o
  CC [M]  drivers/media/usb/gspca/jl2005bcd.o
  CC [M]  net/sctp/auth.o
  CC      net/sunrpc/clnt.o
  CC [M]  drivers/net/wireless/ath/ath9k/init.o
  CC [M]  drivers/media/usb/gspca/kinect.o
  CC [M]  net/sctp/offload.o
  CC [M]  drivers/media/usb/gspca/konica.o
  CC [M]  drivers/net/wireless/ath/ath9k/main.o
  CC [M]  drivers/media/usb/gspca/mars.o
  CC [M]  net/sctp/proc.o
  CC      net/sunrpc/xprt.o
  CC [M]  drivers/media/usb/gspca/mr97310a.o
  CC [M]  net/sctp/sysctl.o
  CC [M]  drivers/net/wireless/ath/ath9k/recv.o
  CC [M]  drivers/media/usb/gspca/nw80x.o
  CC [M]  net/sctp/ipv6.o
  CC [M]  drivers/media/usb/gspca/ov519.o
  CC      net/sunrpc/socklib.o
  CC [M]  drivers/net/wireless/ath/ath9k/xmit.o
  CC [M]  net/sctp/sctp_diag.o
  CC      net/sunrpc/xprtsock.o
  LD [M]  net/sctp/sctp.o
  CC [M]  drivers/media/usb/gspca/ov534.o
  CC      net/sunrpc/sched.o
  CC [M]  drivers/net/wireless/ath/ath9k/link.o
  CC [M]  drivers/media/usb/gspca/ov534_9.o
  CC [M]  drivers/media/usb/gspca/pac207.o
  CC [M]  drivers/net/wireless/ath/ath9k/antenna.o
  CC [M]  drivers/net/wireless/ath/ath9k/channel.o
  CC [M]  drivers/media/usb/gspca/pac7302.o
  CC [M]  drivers/net/ifb.o
  CC [M]  drivers/net/wireless/ath/ath9k/mci.o
  CC      net/sunrpc/auth.o
  CC [M]  drivers/media/usb/gspca/pac7311.o
  CC      net/sunrpc/auth_null.o
  CC [M]  drivers/media/usb/gspca/se401.o
  CC [M]  drivers/net/wireless/ath/ath9k/ar9002_hw.o
  CC [M]  drivers/net/wireless/ath/ath9k/ar9003_hw.o
  CC [M]  drivers/media/usb/gspca/sn9c2028.o
  CC      net/sunrpc/auth_unix.o
  CC [M]  drivers/media/usb/gspca/sn9c20x.o
  AR      drivers/net/wireless/ath/carl9170/built-in.o
  CC [M]  drivers/net/wireless/ath/carl9170/main.o
  CC      net/sunrpc/auth_generic.o
  CC [M]  drivers/net/wireless/ath/ath9k/hw.o
  CC [M]  drivers/media/usb/gspca/sonixb.o
  CC      net/sunrpc/svc.o
  CC [M]  drivers/net/wireless/ath/carl9170/usb.o
  CC [M]  drivers/media/usb/gspca/sonixj.o
  CC [M]  drivers/net/wireless/ath/carl9170/cmd.o
  CC [M]  drivers/media/usb/gspca/spca500.o
  CC      net/sunrpc/svcsock.o
  CC [M]  drivers/media/usb/gspca/spca501.o
  CC [M]  drivers/net/wireless/ath/carl9170/mac.o
  CC [M]  drivers/net/wireless/ath/ath9k/ar9003_phy.o
  CC [M]  drivers/media/usb/gspca/spca505.o
  CC [M]  drivers/media/usb/gspca/spca506.o
  CC [M]  drivers/net/wireless/ath/carl9170/phy.o
  CC      net/sunrpc/svcauth.o
  CC [M]  drivers/media/usb/gspca/spca508.o
  CC [M]  drivers/net/wireless/ath/ath9k/ar9002_phy.o
  CC [M]  drivers/media/usb/gspca/spca561.o
  CC      net/sunrpc/svcauth_unix.o
  CC [M]  drivers/net/wireless/ath/carl9170/led.o
  CC [M]  drivers/media/usb/gspca/spca1528.o
  CC [M]  drivers/net/wireless/ath/ath9k/ar5008_phy.o
  CC [M]  drivers/net/wireless/ath/carl9170/fw.o
  CC [M]  drivers/media/usb/gspca/sq905.o
  CC      net/sunrpc/addr.o
  CC [M]  drivers/media/usb/gspca/sq905c.o
  CC [M]  drivers/net/wireless/ath/ath9k/ar9002_calib.o
  CC [M]  drivers/net/wireless/ath/carl9170/tx.o
  CC [M]  drivers/media/usb/gspca/sq930x.o
  CC      net/sunrpc/rpcb_clnt.o
  CC [M]  drivers/media/usb/gspca/sunplus.o
  CC [M]  drivers/net/wireless/ath/ath9k/ar9003_calib.o
  CC [M]  drivers/net/wireless/ath/carl9170/rx.o
  CC [M]  drivers/media/usb/gspca/stk014.o
  CC      net/sunrpc/timer.o
  CC [M]  drivers/media/usb/gspca/stk1135.o
  LD [M]  drivers/net/wireless/ath/carl9170/carl9170.o
  CC      net/sunrpc/xdr.o
  CC [M]  drivers/net/wireless/ath/ath9k/calib.o
  CC [M]  drivers/media/usb/gspca/stv0680.o
  CC [M]  drivers/media/usb/gspca/t613.o
  CC      net/sunrpc/sunrpc_syms.o
  LD [M]  drivers/net/wireless/ath/ath.o
  CC      net/sunrpc/cache.o
  CC [M]  drivers/net/wireless/ath/ath9k/eeprom.o
  CC [M]  drivers/media/usb/gspca/topro.o
  CC [M]  drivers/net/wireless/ath/ath9k/eeprom_def.o
  CC      net/sunrpc/rpc_pipe.o
  CC [M]  drivers/media/usb/gspca/tv8532.o
  CC [M]  drivers/net/macvlan.o
  CC [M]  drivers/media/usb/gspca/vc032x.o
  CC [M]  drivers/net/wireless/ath/ath9k/eeprom_4k.o
  CC [M]  drivers/media/usb/gspca/vicam.o
  CC      net/sunrpc/svc_xprt.o
  CC [M]  drivers/net/wireless/ath/ath9k/eeprom_9287.o
  CC [M]  drivers/media/usb/gspca/xirlink_cit.o
  CC [M]  drivers/media/usb/gspca/zc3xx.o
  CC [M]  drivers/net/wireless/ath/ath9k/ani.o
  CC [M]  drivers/net/netconsole.o
  CC      net/sunrpc/xprtmultipath.o
  AR      drivers/media/usb/gspca/gl860/built-in.o
  CC [M]  drivers/media/usb/gspca/gl860/gl860.o
  AR      drivers/media/usb/gspca/m5602/built-in.o
  CC [M]  drivers/media/usb/gspca/m5602/m5602_core.o
  CC [M]  drivers/net/wireless/ath/ath9k/mac.o
  CC [M]  drivers/media/usb/gspca/gl860/gl860-mi1320.o
  CC      net/sunrpc/backchannel_rqst.o
  CC [M]  drivers/media/usb/gspca/m5602/m5602_ov9650.o
  CC [M]  drivers/media/usb/gspca/gl860/gl860-ov2640.o
  CC [M]  drivers/media/usb/gspca/m5602/m5602_ov7660.o
  CC [M]  drivers/media/usb/gspca/gl860/gl860-ov9655.o
  CC [M]  drivers/media/usb/gspca/m5602/m5602_mt9m111.o
  CC      net/sunrpc/stats.o
  CC [M]  drivers/net/wireless/ath/ath9k/ar9002_mac.o
  CC [M]  drivers/media/usb/gspca/gl860/gl860-mi2020.o
  CC [M]  drivers/media/usb/gspca/m5602/m5602_po1030.o
  LD [M]  drivers/media/usb/gspca/gl860/gspca_gl860.o
  CC [M]  drivers/media/usb/gspca/m5602/m5602_s5k83a.o
  AR      drivers/media/usb/gspca/stv06xx/built-in.o
  CC [M]  drivers/media/usb/gspca/stv06xx/stv06xx.o
  CC      net/sunrpc/sysctl.o
  CC [M]  drivers/net/wireless/ath/ath9k/ar9003_mac.o
  CC [M]  drivers/media/usb/gspca/m5602/m5602_s5k4aa.o
  CC [M]  drivers/media/usb/gspca/stv06xx/stv06xx_vv6410.o
  CC      net/sunrpc/auth_gss/auth_gss.o
  LD [M]  drivers/media/usb/gspca/m5602/gspca_m5602.o
  CC      net/sunrpc/auth_gss/gss_generic_token.o
  CC [M]  drivers/media/usb/gspca/stv06xx/stv06xx_hdcs.o
  CC [M]  drivers/net/wireless/ath/ath9k/ar9003_eeprom.o
  CC [M]  drivers/media/usb/gspca/stv06xx/stv06xx_pb0100.o
  CC [M]  drivers/media/usb/gspca/stv06xx/stv06xx_st6422.o
  CC      net/sunrpc/auth_gss/gss_mech_switch.o
  CC      net/sunrpc/auth_gss/svcauth_gss.o
  LD [M]  drivers/media/usb/gspca/stv06xx/gspca_stv06xx.o
  LD [M]  drivers/media/usb/gspca/gspca_main.o
  LD [M]  drivers/media/usb/gspca/gspca_benq.o
  LD [M]  drivers/media/usb/gspca/gspca_conex.o
  LD [M]  drivers/media/usb/gspca/gspca_cpia1.o
  LD [M]  drivers/media/usb/gspca/gspca_dtcs033.o
  LD [M]  drivers/media/usb/gspca/gspca_etoms.o
  LD [M]  drivers/media/usb/gspca/gspca_finepix.o
  LD [M]  drivers/media/usb/gspca/gspca_jeilinj.o
  LD [M]  drivers/media/usb/gspca/gspca_jl2005bcd.o
  LD [M]  drivers/media/usb/gspca/gspca_kinect.o
  LD [M]  drivers/media/usb/gspca/gspca_konica.o
  LD [M]  drivers/media/usb/gspca/gspca_mars.o
  LD [M]  drivers/media/usb/gspca/gspca_mr97310a.o
  LD [M]  drivers/media/usb/gspca/gspca_nw80x.o
  LD [M]  drivers/media/usb/gspca/gspca_ov519.o
  LD [M]  drivers/media/usb/gspca/gspca_ov534.o
  LD [M]  drivers/media/usb/gspca/gspca_ov534_9.o
  LD [M]  drivers/media/usb/gspca/gspca_pac207.o
  LD [M]  drivers/media/usb/gspca/gspca_pac7302.o
  LD [M]  drivers/media/usb/gspca/gspca_pac7311.o
  LD [M]  drivers/media/usb/gspca/gspca_se401.o
  LD [M]  drivers/media/usb/gspca/gspca_sn9c2028.o
  LD [M]  drivers/media/usb/gspca/gspca_sn9c20x.o
  LD [M]  drivers/media/usb/gspca/gspca_sonixb.o
  LD [M]  drivers/media/usb/gspca/gspca_sonixj.o
  LD [M]  drivers/media/usb/gspca/gspca_spca500.o
  LD [M]  drivers/media/usb/gspca/gspca_spca501.o
  LD [M]  drivers/media/usb/gspca/gspca_spca505.o
  LD [M]  drivers/media/usb/gspca/gspca_spca506.o
  LD [M]  drivers/media/usb/gspca/gspca_spca508.o
  LD [M]  drivers/media/usb/gspca/gspca_spca561.o
  LD [M]  drivers/media/usb/gspca/gspca_spca1528.o
  LD [M]  drivers/media/usb/gspca/gspca_sq905.o
  LD [M]  drivers/media/usb/gspca/gspca_sq905c.o
  LD [M]  drivers/media/usb/gspca/gspca_sq930x.o
  LD [M]  drivers/media/usb/gspca/gspca_sunplus.o
  LD [M]  drivers/media/usb/gspca/gspca_stk014.o
  LD [M]  drivers/media/usb/gspca/gspca_stk1135.o
  LD [M]  drivers/media/usb/gspca/gspca_stv0680.o
  LD [M]  drivers/media/usb/gspca/gspca_t613.o
  LD [M]  drivers/media/usb/gspca/gspca_topro.o
  LD [M]  drivers/media/usb/gspca/gspca_tv8532.o
  LD [M]  drivers/media/usb/gspca/gspca_vc032x.o
  LD [M]  drivers/media/usb/gspca/gspca_vicam.o
  LD [M]  drivers/media/usb/gspca/gspca_xirlink_cit.o
  LD [M]  drivers/media/usb/gspca/gspca_zc3xx.o
  AR      drivers/media/usb/hdpvr/built-in.o
  CC [M]  drivers/media/usb/hdpvr/hdpvr-control.o
  CC [M]  drivers/media/usb/hdpvr/hdpvr-core.o
  CC [M]  drivers/net/wireless/ath/ath9k/ar9003_paprd.o
  CC [M]  drivers/media/usb/hdpvr/hdpvr-video.o
  AR      drivers/media/v4l2-core/built-in.o
  CC [M]  drivers/media/v4l2-core/v4l2-fwnode.o
  CC      net/sunrpc/auth_gss/gss_rpc_upcall.o
  CC [M]  drivers/media/usb/hdpvr/hdpvr-i2c.o
  CC [M]  drivers/media/v4l2-core/v4l2-dev.o
  LD [M]  drivers/media/usb/hdpvr/hdpvr.o
  CC      net/sunrpc/auth_gss/gss_rpc_xdr.o
  CC [M]  drivers/net/wireless/ath/ath9k/btcoex.o
  AR      drivers/media/usb/pvrusb2/built-in.o
  CC [M]  drivers/media/usb/pvrusb2/pvrusb2-i2c-core.o
  CC [M]  drivers/media/usb/pvrusb2/pvrusb2-audio.o
  CC [M]  net/sunrpc/auth_gss/gss_krb5_mech.o
  CC [M]  drivers/media/v4l2-core/v4l2-ioctl.o
  CC [M]  drivers/net/wireless/ath/ath9k/ar9003_mci.o
  CC [M]  drivers/media/usb/pvrusb2/pvrusb2-encoder.o
  CC [M]  net/sunrpc/auth_gss/gss_krb5_seal.o
  CC [M]  net/sunrpc/auth_gss/gss_krb5_unseal.o
  CC [M]  drivers/media/usb/pvrusb2/pvrusb2-video-v4l.o
  CC [M]  net/sunrpc/auth_gss/gss_krb5_seqnum.o
  CC [M]  drivers/media/usb/pvrusb2/pvrusb2-eeprom.o
  CC [M]  drivers/media/v4l2-core/v4l2-device.o
  CC [M]  net/sunrpc/auth_gss/gss_krb5_wrap.o
  CC [M]  drivers/net/wireless/ath/ath9k/ar9003_aic.o
  CC [M]  drivers/media/usb/pvrusb2/pvrusb2-main.o
  CC [M]  net/sunrpc/auth_gss/gss_krb5_crypto.o
  CC [M]  drivers/media/v4l2-core/v4l2-fh.o
  CC [M]  drivers/net/wireless/ath/ath9k/ar9003_rtt.o
  CC [M]  drivers/media/usb/pvrusb2/pvrusb2-hdw.o
  CC [M]  drivers/media/v4l2-core/v4l2-event.o
  CC [M]  net/sunrpc/auth_gss/gss_krb5_keys.o
  CC [M]  drivers/net/wireless/ath/ath9k/common.o
  CC [M]  drivers/media/v4l2-core/v4l2-ctrls.o
  AR      net/sunrpc/auth_gss/auth_rpcgss.o
  LD [M]  net/sunrpc/auth_gss/rpcsec_gss_krb5.o
  AR      net/sunrpc/auth_gss/built-in.o
  AR      net/sunrpc/sunrpc.o
  AR      net/sunrpc/built-in.o
  CC      net/unix/af_unix.o
  CC [M]  drivers/net/wireless/ath/ath9k/common-init.o
  CC [M]  drivers/media/usb/pvrusb2/pvrusb2-v4l2.o
  CC [M]  drivers/media/v4l2-core/v4l2-subdev.o
  CC [M]  drivers/net/wireless/ath/ath9k/common-beacon.o
  CC      net/unix/garbage.o
  CC [M]  drivers/media/usb/pvrusb2/pvrusb2-ctrl.o
  CC [M]  drivers/media/v4l2-core/v4l2-clk.o
  CC      net/unix/sysctl_net_unix.o
  CC [M]  drivers/media/usb/pvrusb2/pvrusb2-std.o
  CC [M]  drivers/net/wireless/ath/ath9k/htc_hst.o
  CC [M]  drivers/media/usb/pvrusb2/pvrusb2-devattr.o
  AR      net/unix/unix.o
  AR      net/unix/built-in.o
  AR      net/wimax/built-in.o
  CC [M]  net/wimax/id-table.o
  CC [M]  drivers/media/v4l2-core/v4l2-async.o
  CC [M]  drivers/media/usb/pvrusb2/pvrusb2-context.o
  CC [M]  net/wimax/op-msg.o
  CC [M]  drivers/net/wireless/ath/ath9k/hif_usb.o
  CC [M]  drivers/media/v4l2-core/vb2-trace.o
  CC [M]  drivers/media/usb/pvrusb2/pvrusb2-io.o
  CC [M]  drivers/media/usb/pvrusb2/pvrusb2-ioread.o
  CC [M]  drivers/media/v4l2-core/v4l2-trace.o
  CC [M]  net/wimax/op-reset.o
  CC [M]  drivers/net/wireless/ath/ath9k/wmi.o
  CC [M]  drivers/media/usb/pvrusb2/pvrusb2-cx2584x-v4l.o
  CC [M]  drivers/media/v4l2-core/v4l2-mc.o
  CC [M]  net/wimax/op-rfkill.o
  CC [M]  drivers/media/usb/pvrusb2/pvrusb2-wm8775.o
  CC [M]  drivers/net/wireless/ath/ath9k/htc_drv_txrx.o
  CC [M]  drivers/media/usb/pvrusb2/pvrusb2-cs53l32a.o
  CC [M]  drivers/media/v4l2-core/v4l2-common.o
  CC [M]  net/wimax/op-state-get.o
  CC [M]  drivers/media/usb/pvrusb2/pvrusb2-dvb.o
  CC [M]  drivers/net/wireless/ath/ath9k/htc_drv_main.o
  CC [M]  net/wimax/stack.o
  CC [M]  drivers/media/v4l2-core/v4l2-dv-timings.o
  CC [M]  drivers/media/usb/pvrusb2/pvrusb2-sysfs.o
  CC [M]  drivers/media/v4l2-core/tuner-core.o
  CC [M]  drivers/net/wireless/ath/ath9k/htc_drv_beacon.o
  LD [M]  drivers/media/usb/pvrusb2/pvrusb2.o
  AR      drivers/media/usb/pwc/built-in.o
  CC [M]  drivers/media/usb/pwc/pwc-if.o
  CC [M]  net/wimax/debugfs.o
  CC [M]  drivers/media/v4l2-core/videobuf-core.o
  LD [M]  net/wimax/wimax.o
  CC      net/wireless/wext-core.o
  CC [M]  drivers/net/wireless/ath/ath9k/htc_drv_init.o
  CC [M]  drivers/media/usb/pwc/pwc-misc.o
  CC [M]  drivers/media/usb/pwc/pwc-ctrl.o
  CC      net/wireless/wext-proc.o
  CC [M]  drivers/media/v4l2-core/videobuf-vmalloc.o
  CC [M]  drivers/net/wireless/ath/ath9k/htc_drv_gpio.o
  CC [M]  drivers/media/usb/pwc/pwc-v4l.o
  CC      net/wireless/wext-spy.o
  LD [M]  drivers/net/wireless/ath/ath9k/ath9k.o
  LD [M]  drivers/net/wireless/ath/ath9k/ath9k_hw.o
  CC [M]  drivers/media/v4l2-core/videobuf-dvb.o
  LD [M]  drivers/net/wireless/ath/ath9k/ath9k_common.o
  LD [M]  drivers/net/wireless/ath/ath9k/ath9k_htc.o
  AR      drivers/net/wireless/atmel/built-in.o
  CC [M]  drivers/net/wireless/atmel/at76c50x-usb.o
  CC [M]  drivers/media/usb/pwc/pwc-uncompress.o
  CC [M]  drivers/media/usb/pwc/pwc-dec1.o
  CC      net/wireless/wext-priv.o
  CC [M]  drivers/media/usb/pwc/pwc-dec23.o
  CC [M]  drivers/media/v4l2-core/videobuf2-core.o
  CC [M]  net/wireless/core.o
  CC [M]  drivers/media/usb/pwc/pwc-kiara.o
  AR      drivers/net/wireless/broadcom/built-in.o
  AR      drivers/net/wireless/broadcom/b43/built-in.o
  CC [M]  drivers/net/wireless/broadcom/b43/main.o
  CC [M]  drivers/media/usb/pwc/pwc-timon.o
  LD [M]  drivers/media/usb/pwc/pwc.o
  AR      drivers/media/usb/s2255/built-in.o
  CC [M]  drivers/media/usb/s2255/s2255drv.o
  CC [M]  drivers/media/v4l2-core/videobuf2-v4l2.o
  CC [M]  net/wireless/sysfs.o
  CC [M]  drivers/media/v4l2-core/videobuf2-memops.o
  AR      drivers/media/usb/siano/built-in.o
  CC [M]  drivers/media/usb/siano/smsusb.o
  CC [M]  net/wireless/radiotap.o
  CC [M]  drivers/net/wireless/broadcom/b43/bus.o
  CC [M]  drivers/media/v4l2-core/videobuf2-vmalloc.o
  AR      drivers/media/usb/stk1160/built-in.o
  CC [M]  drivers/media/usb/stk1160/stk1160-core.o
  CC [M]  drivers/net/wireless/broadcom/b43/phy_g.o
  CC [M]  net/wireless/util.o
  CC [M]  drivers/media/usb/stk1160/stk1160-v4l.o
  CC [M]  drivers/media/v4l2-core/videobuf2-dma-contig.o
  CC [M]  drivers/media/usb/stk1160/stk1160-video.o
  LD [M]  drivers/media/v4l2-core/videodev.o
  LD [M]  drivers/media/v4l2-core/tuner.o
  CC [M]  drivers/net/wireless/broadcom/b43/tables.o
  CC [M]  drivers/media/usb/stk1160/stk1160-i2c.o
  CC [M]  drivers/media/usb/stk1160/stk1160-ac97.o
  CC [M]  drivers/net/wireless/broadcom/b43/lo.o
  CC [M]  drivers/net/wireless/broadcom/b43/wa.o
  CC [M]  net/wireless/reg.o
  LD [M]  drivers/media/usb/stk1160/stk1160.o
  AR      drivers/media/usb/stkwebcam/built-in.o
  CC [M]  drivers/media/usb/stkwebcam/stk-webcam.o
  CC [M]  drivers/media/usb/stkwebcam/stk-sensor.o
  CC [M]  drivers/net/wireless/broadcom/b43/phy_common.o
  AR      drivers/net/wireless/broadcom/b43legacy/built-in.o
  CC [M]  drivers/net/wireless/broadcom/b43legacy/main.o
  LD [M]  drivers/media/usb/stkwebcam/stkwebcam.o
  AR      drivers/media/usb/tm6000/built-in.o
  CC [M]  drivers/media/usb/tm6000/tm6000-cards.o
  CC [M]  drivers/net/wireless/broadcom/b43/phy_lp.o
  CC [M]  drivers/media/usb/tm6000/tm6000-core.o
  CC [M]  net/wireless/scan.o
  CC [M]  drivers/net/wireless/broadcom/b43legacy/ilt.o
  CC [M]  drivers/media/usb/tm6000/tm6000-i2c.o
  CC [M]  drivers/net/wireless/broadcom/b43/tables_lpphy.o
  CC [M]  drivers/media/usb/tm6000/tm6000-video.o
  CC [M]  drivers/net/wireless/broadcom/b43legacy/phy.o
  CC [M]  drivers/net/wireless/broadcom/b43/phy_ht.o
  CC [M]  net/wireless/nl80211.o
  CC [M]  drivers/media/usb/tm6000/tm6000-stds.o
  CC [M]  drivers/net/wireless/broadcom/b43/tables_phy_ht.o
  CC [M]  drivers/media/usb/tm6000/tm6000-input.o
  CC [M]  drivers/net/wireless/broadcom/b43/radio_2059.o
  CC [M]  drivers/net/wireless/broadcom/b43legacy/radio.o
  CC [M]  drivers/media/usb/tm6000/tm6000-alsa.o
  CC [M]  drivers/media/usb/tm6000/tm6000-dvb.o
  CC [M]  drivers/net/wireless/broadcom/b43/sysfs.o
  LD [M]  drivers/media/usb/tm6000/tm6000.o
  AR      drivers/media/usb/ttusb-budget/built-in.o
  AR      drivers/media/usb/ttusb-dec/built-in.o
  AR      drivers/media/usb/usbtv/built-in.o
  CC [M]  drivers/media/usb/usbtv/usbtv-core.o
  CC [M]  drivers/net/wireless/broadcom/b43/xmit.o
  CC [M]  drivers/net/wireless/broadcom/b43legacy/sysfs.o
  CC [M]  drivers/media/usb/usbtv/usbtv-video.o
  CC [M]  drivers/media/usb/usbtv/usbtv-audio.o
  CC [M]  drivers/net/wireless/broadcom/b43/dma.o
  CC [M]  drivers/net/wireless/broadcom/b43legacy/xmit.o
  LD [M]  drivers/media/usb/usbtv/usbtv.o
  AR      drivers/media/usb/usbvision/built-in.o
  CC [M]  drivers/media/usb/usbvision/usbvision-core.o
  CC [M]  drivers/net/wireless/broadcom/b43legacy/rfkill.o
  CC [M]  drivers/net/wireless/broadcom/b43/pio.o
  CC [M]  drivers/net/wireless/broadcom/b43legacy/leds.o
  CC [M]  drivers/media/usb/usbvision/usbvision-video.o
  CC [M]  drivers/net/wireless/broadcom/b43/rfkill.o
  CC [M]  drivers/net/wireless/broadcom/b43legacy/debugfs.o
  CC [M]  drivers/media/usb/usbvision/usbvision-i2c.o
  CC [M]  drivers/net/wireless/broadcom/b43/ppr.o
  CC [M]  drivers/net/wireless/broadcom/b43legacy/dma.o
  CC [M]  drivers/media/usb/usbvision/usbvision-cards.o
  CC [M]  drivers/net/wireless/broadcom/b43/leds.o
  LD [M]  drivers/media/usb/usbvision/usbvision.o
  AR      drivers/media/usb/uvc/built-in.o
  CC [M]  drivers/media/usb/uvc/uvc_driver.o
  CC [M]  drivers/net/wireless/broadcom/b43legacy/pio.o
  LD [M]  drivers/net/wireless/broadcom/b43/b43.o
  AR      drivers/media/usb/zr364xx/built-in.o
  CC [M]  drivers/media/usb/zr364xx/zr364xx.o
  CC [M]  drivers/media/usb/uvc/uvc_queue.o
  LD [M]  drivers/net/wireless/broadcom/b43legacy/b43legacy.o
  AR      drivers/net/wireless/broadcom/brcm80211/built-in.o
  AR      drivers/net/wireless/broadcom/brcm80211/brcmfmac/built-in.o
  CC [M]  drivers/net/wireless/broadcom/brcm80211/brcmfmac/cfg80211.o
  CC [M]  drivers/net/wireless/broadcom/brcm80211/brcmfmac/chip.o
  CC [M]  drivers/media/usb/uvc/uvc_v4l2.o
  CC [M]  drivers/media/usb/uvc/uvc_video.o
  CC [M]  drivers/net/wireless/broadcom/brcm80211/brcmfmac/fwil.o
  CC [M]  net/wireless/mlme.o
  CC [M]  drivers/media/usb/uvc/uvc_ctrl.o
  CC [M]  drivers/net/wireless/broadcom/brcm80211/brcmfmac/fweh.o
  AR      drivers/net/wireless/broadcom/brcm80211/brcmutil/built-in.o
  CC [M]  drivers/net/wireless/broadcom/brcm80211/brcmutil/utils.o
  CC [M]  drivers/media/usb/uvc/uvc_status.o
  CC [M]  drivers/net/wireless/broadcom/brcm80211/brcmfmac/p2p.o
  CC [M]  net/wireless/ibss.o
  CC [M]  drivers/media/usb/uvc/uvc_isight.o
  CC [M]  drivers/media/usb/uvc/uvc_debugfs.o
  CC [M]  drivers/net/wireless/broadcom/brcm80211/brcmutil/d11.o
  CC [M]  drivers/net/wireless/broadcom/brcm80211/brcmfmac/proto.o
  CC [M]  drivers/media/usb/uvc/uvc_entity.o
  CC [M]  drivers/net/wireless/broadcom/brcm80211/brcmfmac/common.o
  LD [M]  drivers/media/usb/uvc/uvcvideo.o
  AR      drivers/media/usb/built-in.o
  CC [M]  net/wireless/sme.o
  CC [M]  drivers/media/media-device.o
  LD [M]  drivers/net/wireless/broadcom/brcm80211/brcmutil/brcmutil.o
  CC [M]  drivers/net/wireless/broadcom/brcm80211/brcmfmac/core.o
  CC      net/xfrm/xfrm_policy.o
  CC [M]  drivers/media/media-devnode.o
  CC [M]  drivers/net/wireless/broadcom/brcm80211/brcmfmac/firmware.o
  CC [M]  drivers/media/media-entity.o
  CC [M]  net/wireless/chan.o
  CC [M]  drivers/net/wireless/broadcom/brcm80211/brcmfmac/feature.o
  AR      drivers/media/built-in.o
  LD [M]  drivers/media/media.o
  CC      net/sysctl_net.o
  CC [M]  drivers/net/wireless/broadcom/brcm80211/brcmfmac/btcoex.o
  CC [M]  drivers/net/wireless/broadcom/brcm80211/brcmfmac/vendor.o
  CC [M]  net/wireless/ethtool.o
  CC      net/xfrm/xfrm_state.o
  CC [M]  net/wireless/mesh.o
  CC [M]  drivers/net/wireless/broadcom/brcm80211/brcmfmac/pno.o
  CC [M]  net/wireless/ap.o
  CC [M]  drivers/net/wireless/broadcom/brcm80211/brcmfmac/bcdc.o
  CC [M]  net/wireless/trace.o
  CC [M]  drivers/net/wireless/broadcom/brcm80211/brcmfmac/fwsignal.o
  CC [M]  net/wireless/ocb.o
  CC      net/xfrm/xfrm_hash.o
  AR      drivers/nvme/host/built-in.o
  AR      drivers/nvme/target/built-in.o
  AR      drivers/nvme/built-in.o
  CC [M]  net/wireless/of.o
  CC      net/xfrm/xfrm_input.o
  CC [M]  drivers/net/wireless/broadcom/brcm80211/brcmfmac/sdio.o
  CC [M]  drivers/net/wireless/broadcom/brcm80211/brcmfmac/bcmsdh.o
  CC      net/xfrm/xfrm_output.o
  CC [M]  net/wireless/wext-compat.o
  CC [M]  drivers/net/wireless/broadcom/brcm80211/brcmfmac/usb.o
  CC      net/xfrm/xfrm_sysctl.o
  CC [M]  drivers/net/wireless/broadcom/brcm80211/brcmfmac/debug.o
  CC      net/xfrm/xfrm_replay.o
  CC      net/xfrm/xfrm_device.o
  CC [M]  drivers/net/wireless/broadcom/brcm80211/brcmfmac/of.o
  CC [M]  net/wireless/wext-sme.o
  LD [M]  drivers/net/wireless/broadcom/brcm80211/brcmfmac/brcmfmac.o
  AR      drivers/net/wireless/cisco/built-in.o
  AR      drivers/net/wireless/intel/built-in.o
  CC      net/xfrm/xfrm_algo.o
  AR      drivers/net/wireless/intersil/built-in.o
  AR      drivers/net/wireless/intersil/hostap/built-in.o
  CC [M]  drivers/net/wireless/intersil/hostap/hostap_80211_rx.o
  CC      net/xfrm/xfrm_user.o
  CC [M]  net/wireless/lib80211.o
  AR      drivers/net/wireless/intersil/p54/built-in.o
  CC [M]  drivers/net/wireless/intersil/p54/eeprom.o
  CC [M]  drivers/net/wireless/intersil/hostap/hostap_80211_tx.o
  CC [M]  net/wireless/lib80211_crypt_wep.o
  CC [M]  net/xfrm/xfrm_ipcomp.o
  CC [M]  net/wireless/lib80211_crypt_ccmp.o
  CC [M]  drivers/net/wireless/intersil/hostap/hostap_ap.o
  CC [M]  net/wireless/lib80211_crypt_tkip.o
  CC [M]  drivers/net/wireless/intersil/p54/fwio.o
  AR      net/xfrm/built-in.o
  CC [M]  drivers/net/wireless/intersil/hostap/hostap_info.o
  AR      net/wireless/built-in.o
  LD [M]  net/wireless/cfg80211.o
  AR      net/built-in.o
  CC [M]  drivers/net/wireless/intersil/hostap/hostap_ioctl.o
  CC [M]  drivers/net/wireless/intersil/p54/txrx.o
  CC [M]  drivers/net/wireless/intersil/p54/main.o
  CC [M]  drivers/net/wireless/intersil/p54/led.o
  CC [M]  drivers/net/wireless/intersil/hostap/hostap_main.o
  CC [M]  drivers/net/wireless/intersil/hostap/hostap_proc.o
  CC [M]  drivers/net/wireless/intersil/p54/p54usb.o
  CC      drivers/nvmem/core.o
  LD [M]  drivers/net/wireless/intersil/p54/p54common.o
  CC      drivers/of/base.o
  LD [M]  drivers/net/wireless/intersil/hostap/hostap.o
  CC      drivers/of/device.o
  AR      drivers/nvmem/nvmem_core.o
  AR      drivers/nvmem/built-in.o
  CC      drivers/of/platform.o
  AR      drivers/net/wireless/marvell/built-in.o
  AR      drivers/net/wireless/marvell/libertas/built-in.o
  CC [M]  drivers/net/wireless/marvell/libertas/cfg.o
  AR      drivers/net/wireless/marvell/libertas_tf/built-in.o
  CC [M]  drivers/net/wireless/marvell/libertas_tf/main.o
  CC [M]  drivers/net/wireless/marvell/libertas_tf/cmd.o
  CC      drivers/of/property.o
  CC [M]  drivers/net/wireless/marvell/libertas/cmd.o
  CC      drivers/of/configfs.o
  CC      drivers/of/dynamic.o
  CC      drivers/of/fdt.o
  CC [M]  drivers/net/wireless/marvell/libertas_tf/if_usb.o
  CC [M]  drivers/net/wireless/marvell/libertas/cmdresp.o
  CC      drivers/of/fdt_address.o
  LD [M]  drivers/net/wireless/marvell/libertas_tf/libertas_tf.o
  CC      drivers/of/address.o
  LD [M]  drivers/net/wireless/marvell/libertas_tf/libertas_tf_usb.o
  CC      drivers/of/irq.o
  CC [M]  drivers/net/wireless/marvell/libertas/debugfs.o
  AR      drivers/pci/dwc/built-in.o
  CC      drivers/of/of_net.o
  AR      drivers/net/wireless/marvell/mwifiex/built-in.o
  CC [M]  drivers/net/wireless/marvell/mwifiex/main.o
  CC [M]  drivers/net/wireless/marvell/libertas/ethtool.o
  CC [M]  drivers/net/wireless/marvell/libertas/main.o
  CC      drivers/of/of_mdio.o
  CC      drivers/of/of_reserved_mem.o
  CC [M]  drivers/net/tun.o
  CC      drivers/of/resolver.o
  CC [M]  drivers/net/wireless/marvell/libertas/rx.o
  CC [M]  drivers/net/wireless/marvell/mwifiex/init.o
  CC      drivers/of/overlay.o
  CC [M]  drivers/net/wireless/marvell/libertas/tx.o
  AR      drivers/of/built-in.o
  CC [M]  drivers/net/wireless/marvell/mwifiex/cfp.o
  CC [M]  drivers/net/wireless/marvell/libertas/firmware.o
  AR      drivers/net/wireless/mediatek/built-in.o
  AR      drivers/net/wireless/mediatek/mt7601u/built-in.o
  CC [M]  drivers/net/wireless/mediatek/mt7601u/usb.o
  CC [M]  drivers/net/wireless/mediatek/mt7601u/init.o
  CC [M]  drivers/net/wireless/marvell/mwifiex/cmdevt.o
  CC [M]  drivers/net/wireless/marvell/libertas/if_usb.o
  CC [M]  drivers/net/wireless/marvell/mwifiex/util.o
  CC [M]  drivers/net/wireless/mediatek/mt7601u/main.o
  CC [M]  drivers/net/wireless/marvell/libertas/if_sdio.o
  CC [M]  drivers/net/wireless/mediatek/mt7601u/mcu.o
  CC [M]  drivers/net/wireless/mediatek/mt7601u/trace.o
  CC [M]  drivers/net/wireless/marvell/mwifiex/txrx.o
  LD [M]  drivers/net/wireless/marvell/libertas/libertas.o
  LD [M]  drivers/net/wireless/marvell/libertas/usb8xxx.o
  LD [M]  drivers/net/wireless/marvell/libertas/libertas_sdio.o
  CC [M]  drivers/net/wireless/mediatek/mt7601u/dma.o
  CC [M]  drivers/net/wireless/marvell/mwifiex/wmm.o
  CC [M]  drivers/net/wireless/marvell/mwifiex/11n.o
  CC [M]  drivers/net/wireless/mediatek/mt7601u/core.o
  CC [M]  drivers/net/wireless/mediatek/mt7601u/eeprom.o
  CC [M]  drivers/net/wireless/mediatek/mt7601u/phy.o
  CC [M]  drivers/net/wireless/marvell/mwifiex/11ac.o
  CC [M]  drivers/net/wireless/mediatek/mt7601u/mac.o
  CC [M]  drivers/net/wireless/marvell/mwifiex/11n_aggr.o
  CC [M]  drivers/net/wireless/mediatek/mt7601u/util.o
  CC [M]  drivers/net/wireless/marvell/mwifiex/11n_rxreorder.o
  CC [M]  drivers/net/wireless/marvell/mwifiex/scan.o
  CC [M]  drivers/net/wireless/mediatek/mt7601u/debugfs.o
  CC [M]  drivers/net/wireless/marvell/mwifiex/join.o
  CC [M]  drivers/net/wireless/mediatek/mt7601u/tx.o
  CC [M]  drivers/net/wireless/marvell/mwifiex/sta_ioctl.o
  CC      drivers/perf/arm_pmu.o
  LD [M]  drivers/net/wireless/mediatek/mt7601u/mt7601u.o
  CC      drivers/perf/arm_pmu_platform.o
  CC [M]  drivers/net/veth.o
  CC [M]  drivers/net/vxlan.o
  CC [M]  drivers/perf/raspberrypi_axi_monitor.o
  CC [M]  drivers/net/wireless/marvell/mwifiex/sta_cmd.o
  CC [M]  drivers/net/wireless/marvell/mwifiex/uap_cmd.o
  AR      drivers/perf/built-in.o
  CC [M]  drivers/net/wireless/marvell/mwifiex/ie.o
  CC      drivers/pinctrl/core.o
  CC      drivers/pinctrl/pinctrl-utils.o
  CC [M]  drivers/net/wireless/marvell/mwifiex/sta_cmdresp.o
  CC [M]  drivers/net/wireless/marvell/mwifiex/sta_event.o
  CC      drivers/pinctrl/pinmux.o
  AR      drivers/platform/built-in.o
  CC      drivers/pinctrl/pinconf.o
  CC      drivers/pinctrl/devicetree.o
  CC [M]  drivers/net/wireless/marvell/mwifiex/uap_event.o
  CC [M]  drivers/net/wireless/marvell/mwifiex/sta_tx.o
  CC [M]  drivers/net/wireless/marvell/mwifiex/sta_rx.o
  CC      drivers/pinctrl/pinconf-generic.o
  CC      drivers/pinctrl/bcm/pinctrl-bcm2835.o
  AR      drivers/pinctrl/freescale/built-in.o
  CC [M]  drivers/net/wireless/marvell/mwifiex/uap_txrx.o
  CC [M]  drivers/net/wireless/marvell/mwifiex/cfg80211.o
  AR      drivers/pinctrl/mvebu/built-in.o
  CC [M]  drivers/net/wireless/marvell/mwifiex/ethtool.o
  AR      drivers/pinctrl/bcm/built-in.o
  AR      drivers/pinctrl/nomadik/built-in.o
  AR      drivers/pinctrl/sprd/built-in.o
  AR      drivers/pinctrl/ti/built-in.o
  CC [M]  drivers/pinctrl/pinctrl-mcp23s08.o
  AR      drivers/net/wireless/quantenna/built-in.o
  CC [M]  drivers/net/wireless/marvell/mwifiex/11h.o
  CC      drivers/power/reset/gpio-poweroff.o
  AR      drivers/pinctrl/built-in.o
  AR      drivers/pps/clients/built-in.o
  CC [M]  drivers/pps/clients/pps-ldisc.o
  AR      drivers/power/reset/built-in.o
  CC      drivers/power/supply/power_supply_core.o
  AR      drivers/pps/generators/built-in.o
  CC [M]  drivers/pps/clients/pps-gpio.o
  AR      drivers/ptp/built-in.o
  CC      drivers/pwm/core.o
  CC [M]  drivers/pps/pps.o
  CC      drivers/power/supply/power_supply_sysfs.o
  CC      drivers/power/supply/power_supply_leds.o
  CC      drivers/pwm/sysfs.o
  CC [M]  drivers/pps/kapi.o
  CC [M]  drivers/net/wireless/marvell/mwifiex/tdls.o
  CC [M]  drivers/power/supply/ds2760_battery.o
  CC [M]  drivers/pwm/pwm-bcm2835.o
  CC [M]  drivers/pps/sysfs.o
  CC [M]  drivers/power/supply/ltc2941-battery-gauge.o
  CC [M]  drivers/pwm/pwm-pca9685.o
  AR      drivers/pps/built-in.o
  LD [M]  drivers/pps/pps_core.o
  CC      drivers/regulator/core.o
  AR      drivers/power/supply/power_supply.o
  AR      drivers/power/supply/built-in.o
  AR      drivers/power/built-in.o
  CC [M]  drivers/net/wireless/marvell/mwifiex/debugfs.o
  AR      drivers/pwm/built-in.o
  AR      drivers/net/wireless/ralink/built-in.o
  AR      drivers/net/wireless/ralink/rt2x00/built-in.o
  CC [M]  drivers/net/wireless/ralink/rt2x00/rt2x00dev.o
  AR      drivers/net/wireless/realtek/built-in.o
  AR      drivers/net/wireless/realtek/rtl818x/built-in.o
  AR      drivers/net/wireless/realtek/rtl818x/rtl8187/built-in.o
  CC [M]  drivers/net/wireless/realtek/rtl818x/rtl8187/dev.o
  CC [M]  drivers/net/wireless/marvell/mwifiex/sdio.o
  CC [M]  drivers/net/wireless/realtek/rtl818x/rtl8187/rtl8225.o
  CC [M]  drivers/net/wireless/ralink/rt2x00/rt2x00mac.o
  CC      drivers/regulator/dummy.o
  LD [M]  drivers/net/wireless/marvell/mwifiex/mwifiex.o
  LD [M]  drivers/net/wireless/marvell/mwifiex/mwifiex_sdio.o
  CC [M]  drivers/net/wireless/ralink/rt2x00/rt2x00config.o
  CC [M]  drivers/net/wireless/realtek/rtl818x/rtl8187/leds.o
  CC      drivers/regulator/fixed-helper.o
  CC [M]  drivers/net/wireless/ralink/rt2x00/rt2x00queue.o
  CC      drivers/rtc/rtc-lib.o
  CC      drivers/regulator/helpers.o
  CC [M]  drivers/net/wireless/realtek/rtl818x/rtl8187/rfkill.o
  CC      drivers/rtc/systohc.o
  CC      drivers/regulator/devres.o
  CC      drivers/rtc/class.o
  LD [M]  drivers/net/wireless/realtek/rtl818x/rtl8187/rtl8187.o
  AR      drivers/net/wireless/realtek/rtl8192cu/built-in.o
  CC [M]  drivers/net/wireless/realtek/rtl8192cu/core/rtw_cmd.o
  CC      drivers/regulator/of_regulator.o
  CC      drivers/rtc/interface.o
  CC [M]  drivers/net/wireless/ralink/rt2x00/rt2x00link.o
  CC [M]  drivers/net/wireless/realtek/rtl8192cu/core/rtw_security.o
  CC [M]  drivers/regulator/fixed.o
  CC      drivers/rtc/nvmem.o
  CC [M]  drivers/net/wireless/ralink/rt2x00/rt2x00crypto.o
  CC      drivers/rtc/rtc-dev.o
  CC [M]  drivers/regulator/arizona-ldo1.o
  CC      drivers/rtc/rtc-proc.o
  CC [M]  drivers/net/wireless/realtek/rtl8192cu/core/rtw_debug.o
  CC [M]  drivers/regulator/arizona-micsupp.o
  CC [M]  drivers/net/wireless/ralink/rt2x00/rt2x00firmware.o
  CC      drivers/rtc/rtc-sysfs.o
  CC [M]  drivers/rtc/rtc-abx80x.o
  AR      drivers/regulator/built-in.o
  CC [M]  drivers/rtc/rtc-bq32k.o
  CC [M]  drivers/net/wireless/realtek/rtl8192cu/core/rtw_io.o
  CC [M]  drivers/net/wireless/ralink/rt2x00/rt2x00leds.o
  CC [M]  drivers/net/wireless/realtek/rtl8192cu/core/rtw_ioctl_query.o
  CC [M]  drivers/rtc/rtc-ds1302.o
  CC      drivers/scsi/scsi.o
  CC [M]  drivers/rtc/rtc-ds1305.o
  CC [M]  drivers/net/wireless/ralink/rt2x00/rt2x00usb.o
  CC [M]  drivers/net/wireless/realtek/rtl8192cu/core/rtw_ioctl_set.o
  CC [M]  drivers/rtc/rtc-ds1307.o
  CC [M]  drivers/net/wireless/realtek/rtl8192cu/core/rtw_ieee80211.o
  CC      drivers/scsi/hosts.o
  CC [M]  drivers/rtc/rtc-ds1374.o
  CC [M]  drivers/net/wireless/ralink/rt2x00/rt2800lib.o
  CC [M]  drivers/rtc/rtc-ds1390.o
  CC [M]  drivers/net/wireless/realtek/rtl8192cu/core/rtw_mlme.o
  CC [M]  drivers/rtc/rtc-ds1672.o
  CC      drivers/scsi/scsi_ioctl.o
  CC [M]  drivers/rtc/rtc-ds3232.o
  CC [M]  drivers/net/wireless/realtek/rtl8192cu/core/rtw_mlme_ext.o
  CC      drivers/scsi/scsicam.o
  CC [M]  drivers/rtc/rtc-em3027.o
  CC [M]  drivers/rtc/rtc-fm3130.o
  CC      drivers/scsi/scsi_error.o
  CC [M]  drivers/rtc/rtc-isl12022.o
  CC [M]  drivers/rtc/rtc-isl1208.o
  CC [M]  drivers/rtc/rtc-m41t80.o
  CC [M]  drivers/net/wireless/realtek/rtl8192cu/core/rtw_wlan_util.o
In file included from ./include/linux/mutex.h:34:0,
                 from ./include/linux/kernfs.h:13,
                 from ./include/linux/sysfs.h:16,
                 from ./include/linux/kobject.h:21,
                 from ./include/linux/of.h:21,
                 from ./include/linux/clk-provider.h:15,
                 from drivers/rtc/rtc-m41t80.c:19:
drivers/rtc/rtc-m41t80.c:76:21: warning: 'm41t80_rtc_mutex' defined but not used [-Wunused-variable]
 static DEFINE_MUTEX(m41t80_rtc_mutex);
                     ^
./include/linux/mutex_rt.h:27:15: note: in definition of macro 'DEFINE_MUTEX'
  struct mutex mutexname = __MUTEX_INITIALIZER(mutexname)
               ^~~~~~~~~
  CC [M]  drivers/rtc/rtc-m41t93.o
  CC      drivers/scsi/scsi_lib.o
  CC [M]  drivers/rtc/rtc-m41t94.o
  CC [M]  drivers/net/wireless/realtek/rtl8192cu/core/rtw_pwrctrl.o
  CC [M]  drivers/rtc/rtc-max6900.o
  CC [M]  drivers/rtc/rtc-max6902.o
  CC [M]  drivers/net/wireless/realtek/rtl8192cu/core/rtw_rf.o
  CC [M]  drivers/rtc/rtc-pcf2123.o
  CC [M]  drivers/net/wireless/realtek/rtl8192cu/core/rtw_recv.o
  CC      drivers/scsi/scsi_common.o
  CC      drivers/scsi/scsi_lib_dma.o
  CC [M]  drivers/rtc/rtc-pcf2127.o
  CC [M]  drivers/rtc/rtc-pcf8523.o
  CC [M]  drivers/net/wireless/realtek/rtl8192cu/core/rtw_sta_mgt.o
  CC      drivers/scsi/scsi_scan.o
  CC [M]  drivers/rtc/rtc-pcf8563.o
  CC [M]  drivers/net/wireless/realtek/rtl8192cu/core/rtw_ap.o
  CC [M]  drivers/rtc/rtc-pcf8583.o
  CC [M]  drivers/rtc/rtc-r9701.o
  CC      drivers/scsi/scsi_sysfs.o
  CC [M]  drivers/net/wireless/realtek/rtl8192cu/core/rtw_xmit.o
  CC [M]  drivers/rtc/rtc-rs5c348.o
  CC [M]  drivers/rtc/rtc-rs5c372.o
  CC [M]  drivers/net/wireless/realtek/rtl8192cu/core/rtw_p2p.o
  CC      drivers/scsi/scsi_devinfo.o
  CC [M]  drivers/rtc/rtc-rv3029c2.o
  CC [M]  drivers/net/wireless/ralink/rt2x00/rt2500usb.o
  CC [M]  drivers/rtc/rtc-rx4581.o
  CC      drivers/scsi/scsi_sysctl.o
  CC [M]  drivers/rtc/rtc-rx8025.o
  CC [M]  drivers/net/wireless/realtek/rtl8192cu/core/rtw_tdls.o
  CC      drivers/scsi/scsi_debugfs.o
  CC [M]  drivers/rtc/rtc-rx8581.o
  CC      drivers/scsi/scsi_trace.o
  CC [M]  drivers/net/wireless/realtek/rtl8192cu/core/rtw_br_ext.o
  CC [M]  drivers/net/wireless/ralink/rt2x00/rt73usb.o
  CC [M]  drivers/rtc/rtc-s35390a.o
  CC      drivers/scsi/scsi_logging.o
  CC [M]  drivers/rtc/rtc-x1205.o
  CC [M]  drivers/net/wireless/realtek/rtl8192cu/core/rtw_iol.o
  AR      drivers/rtc/rtc-core.o
  AR      drivers/rtc/built-in.o
  CC [M]  drivers/net/wireless/realtek/rtl8192cu/core/rtw_sreset.o
  CC      drivers/scsi/scsi_pm.o
  CC      drivers/soc/bcm/raspberrypi-power.o
  CC [M]  drivers/net/wireless/realtek/rtl8192cu/core/efuse/rtw_efuse.o
  AR      drivers/soc/bcm/built-in.o
  AR      drivers/soc/fsl/built-in.o
  CC [M]  drivers/net/wireless/ralink/rt2x00/rt2800usb.o
  AR      drivers/soc/renesas/built-in.o
  AR      drivers/soc/built-in.o
  CC [M]  drivers/net/wireless/realtek/rtl8192cu/hal/hal_intf.o
  CC      drivers/scsi/scsi_transport_iscsi.o
  CC      drivers/spi/spi.o
  CC [M]  drivers/net/wireless/realtek/rtl8192cu/hal/hal_com.o
  LD [M]  drivers/net/wireless/ralink/rt2x00/rt2x00lib.o
  CC [M]  drivers/net/wireless/realtek/rtl8192cu/hal/dm.o
  AR      drivers/net/wireless/realtek/rtl8xxxu/built-in.o
  CC [M]  drivers/net/wireless/realtek/rtl8xxxu/rtl8xxxu_core.o
  CC [M]  drivers/net/wireless/realtek/rtl8192cu/hal/rtl8192c/rtl8192c_hal_init.o
  CC [M]  drivers/net/wireless/realtek/rtl8192cu/hal/rtl8192c/rtl8192c_phycfg.o
  CC [M]  drivers/spi/spidev.o
  AR      drivers/scsi/arm/built-in.o
  CC      drivers/scsi/sd.o
  CC [M]  drivers/spi/spi-bcm2835.o
  CC [M]  drivers/net/wireless/realtek/rtl8192cu/hal/rtl8192c/rtl8192c_rf6052.o
  CC [M]  drivers/net/wireless/realtek/rtl8xxxu/rtl8xxxu_8192e.o
  CC [M]  drivers/spi/spi-bcm2835aux.o
  CC [M]  drivers/net/wireless/realtek/rtl8192cu/hal/rtl8192c/rtl8192c_dm.o
  CC [M]  drivers/net/wireless/realtek/rtl8xxxu/rtl8xxxu_8723b.o
  CC [M]  drivers/spi/spi-bitbang.o
  CC [M]  drivers/scsi/libiscsi.o
  CC [M]  drivers/net/wireless/realtek/rtl8192cu/hal/rtl8192c/rtl8192c_rxdesc.o
  CC [M]  drivers/spi/spi-gpio.o
  CC [M]  drivers/net/wireless/realtek/rtl8xxxu/rtl8xxxu_8723a.o
  CC [M]  drivers/net/wireless/realtek/rtl8192cu/hal/rtl8192c/rtl8192c_cmd.o
  AR      drivers/spi/built-in.o
  CC [M]  drivers/net/wireless/realtek/rtl8192cu/hal/rtl8192c/usb/usb_halinit.o
  CC [M]  drivers/net/wireless/realtek/rtl8xxxu/rtl8xxxu_8192c.o
  CC [M]  drivers/net/wireless/realtek/rtl8192cu/hal/rtl8192c/usb/rtl8192cu_led.o
  LD [M]  drivers/net/wireless/realtek/rtl8xxxu/rtl8xxxu.o
  CC [M]  drivers/net/wireless/realtek/rtl8192cu/hal/rtl8192c/usb/rtl8192cu_xmit.o
  AR      drivers/net/wireless/rsi/built-in.o
  CC [M]  drivers/net/wireless/realtek/rtl8192cu/hal/rtl8192c/usb/rtl8192cu_recv.o
  AR      drivers/net/wireless/st/built-in.o
  CC [M]  drivers/net/wireless/realtek/rtl8192cu/hal/rtl8192c/usb/usb_ops_linux.o
  AR      drivers/ssb/built-in.o
  CC [M]  drivers/ssb/main.o
  CC [M]  drivers/scsi/libiscsi_tcp.o
  AR      drivers/staging/fbtft/built-in.o
  CC [M]  drivers/staging/fbtft/fbtft-core.o
  CC [M]  drivers/net/wireless/realtek/rtl8192cu/hal/rtl8192c/rtl8192c_sreset.o
  CC [M]  drivers/ssb/scan.o
  CC [M]  drivers/net/wireless/realtek/rtl8192cu/hal/rtl8192c/rtl8192c_xmit.o
  CC [M]  drivers/staging/fbtft/fbtft-sysfs.o
  CC [M]  drivers/ssb/driver_chipcommon.o
  CC [M]  drivers/scsi/iscsi_tcp.o
  CC [M]  drivers/staging/fbtft/fbtft-bus.o
  CC [M]  drivers/net/wireless/realtek/rtl8192cu/hal/rtl8192c/usb/Hal8192CUHWImg.o
  CC [M]  drivers/net/wireless/realtek/rtl8192cu/os_dep/osdep_service.o
  CC [M]  drivers/ssb/driver_chipcommon_pmu.o
  CC [M]  drivers/scsi/iscsi_boot_sysfs.o
  CC [M]  drivers/staging/fbtft/fbtft-io.o
  CC [M]  drivers/net/wireless/realtek/rtl8192cu/os_dep/linux/os_intfs.o
  CC [M]  drivers/scsi/st.o
  LD [M]  drivers/ssb/ssb.o
  CC [M]  drivers/scsi/osst.o
  CC [M]  drivers/staging/fbtft/fb_agm1264k-fl.o
  CC [M]  drivers/net/wireless/realtek/rtl8192cu/os_dep/linux/usb_intf.o
  CC [M]  drivers/staging/fbtft/fb_bd663474.o
  CC [M]  drivers/net/wireless/realtek/rtl8192cu/os_dep/linux/usb_ops_linux.o
  CC [M]  drivers/staging/fbtft/fb_hx8340bn.o
  CC [M]  drivers/staging/fbtft/fb_hx8347d.o
  CC [M]  drivers/net/wireless/realtek/rtl8192cu/os_dep/linux/ioctl_linux.o
  CC [M]  drivers/net/wireless/realtek/rtl8192cu/os_dep/linux/xmit_linux.o
  CC [M]  drivers/staging/fbtft/fb_hx8353d.o
  CC [M]  drivers/scsi/sr.o
  CC [M]  drivers/staging/fbtft/fb_hx8357d.o
  CC [M]  drivers/scsi/sr_ioctl.o
  CC [M]  drivers/staging/fbtft/fb_ili9163.o
  CC [M]  drivers/net/wireless/realtek/rtl8192cu/os_dep/linux/mlme_linux.o
  CC [M]  drivers/scsi/sr_vendor.o
  CC [M]  drivers/staging/fbtft/fb_ili9320.o
  CC      drivers/thermal/thermal_core.o
  CC [M]  drivers/scsi/sg.o
  CC [M]  drivers/net/wireless/realtek/rtl8192cu/os_dep/linux/recv_linux.o
  CC [M]  drivers/staging/fbtft/fb_ili9325.o
  CC [M]  drivers/net/wireless/realtek/rtl8192cu/os_dep/linux/ioctl_cfg80211.o
  CC [M]  drivers/staging/fbtft/fb_ili9340.o
  CC [M]  drivers/staging/fbtft/fb_ili9341.o
  AR      drivers/scsi/scsi_mod.o
  AR      drivers/scsi/sd_mod.o
  LD [M]  drivers/scsi/sr_mod.o
  AR      drivers/scsi/built-in.o
  CC [M]  drivers/net/wireless/realtek/rtl8192cu/os_dep/linux/rtw_android.o
  CC      drivers/thermal/thermal_sysfs.o
  CC [M]  drivers/staging/fbtft/fb_ili9481.o
  CC [M]  drivers/staging/fbtft/fb_ili9486.o
  AR      drivers/net/wireless/realtek/rtlwifi/built-in.o
  LD [M]  drivers/net/wireless/realtek/rtl8192cu/8192cu.o
  CC [M]  drivers/net/wireless/realtek/rtlwifi/base.o
  AR      drivers/staging/iio/accel/built-in.o
  AR      drivers/staging/iio/adc/built-in.o
  AR      drivers/staging/iio/addac/built-in.o
  AR      drivers/staging/iio/cdc/built-in.o
  CC      drivers/thermal/thermal_helpers.o
  AR      drivers/staging/iio/frequency/built-in.o
  AR      drivers/staging/iio/gyro/built-in.o
  AR      drivers/staging/iio/impedance-analyzer/built-in.o
  AR      drivers/staging/iio/light/built-in.o
  AR      drivers/staging/iio/meter/built-in.o
  AR      drivers/staging/iio/resolver/built-in.o
  AR      drivers/staging/iio/trigger/built-in.o
  AR      drivers/staging/iio/built-in.o
  CC [M]  drivers/net/wireless/realtek/rtlwifi/cam.o
  CC [M]  drivers/staging/fbtft/fb_pcd8544.o
  CC      drivers/thermal/of-thermal.o
  CC [M]  drivers/staging/fbtft/fb_ra8875.o
  CC [M]  drivers/staging/fbtft/fb_s6d02a1.o
  CC      drivers/thermal/step_wise.o
  CC [M]  drivers/staging/fbtft/fb_s6d1121.o
  AR      drivers/net/wireless/ti/built-in.o
  CC [M]  drivers/staging/fbtft/fb_ssd1289.o
  CC      drivers/thermal/broadcom/bcm2835_thermal.o
  CC [M]  drivers/net/wireless/realtek/rtlwifi/core.o
  CC [M]  drivers/staging/fbtft/fb_ssd1306.o
  AR      drivers/thermal/broadcom/built-in.o
  AR      drivers/thermal/samsung/built-in.o
  AR      drivers/thermal/thermal_sys.o
  AR      drivers/thermal/built-in.o
  CC [M]  drivers/staging/fbtft/fb_ssd1331.o
  AR      drivers/staging/irda/drivers/built-in.o
  CC [M]  drivers/staging/irda/drivers/irda-usb.o
  AR      drivers/staging/irda/net/built-in.o
  CC [M]  drivers/staging/irda/net/iriap.o
  CC [M]  drivers/staging/fbtft/fb_ssd1351.o
  CC [M]  drivers/staging/fbtft/fb_st7735r.o
  CC [M]  drivers/staging/irda/drivers/stir4200.o
  CC [M]  drivers/staging/irda/net/iriap_event.o
  CC [M]  drivers/staging/fbtft/fb_st7789v.o
  CC [M]  drivers/net/wireless/realtek/rtlwifi/debug.o
  CC [M]  drivers/staging/irda/net/irlmp.o
  CC [M]  drivers/staging/fbtft/fb_tinylcd.o
  CC [M]  drivers/staging/irda/drivers/mcs7780.o
  CC [M]  drivers/staging/fbtft/fb_tls8204.o
  CC [M]  drivers/net/wireless/realtek/rtlwifi/efuse.o
  CC [M]  drivers/staging/irda/drivers/irtty-sir.o
  CC [M]  drivers/staging/fbtft/fb_uc1701.o
  CC [M]  drivers/staging/irda/net/irlmp_event.o
  CC [M]  drivers/staging/fbtft/fb_upd161704.o
  CC [M]  drivers/staging/irda/net/irlmp_frame.o
  CC [M]  drivers/staging/irda/drivers/sir_dev.o
  CC [M]  drivers/staging/fbtft/fb_watterott.o
  CC [M]  drivers/staging/irda/net/irlap.o
  CC [M]  drivers/staging/fbtft/flexfb.o
  CC [M]  drivers/net/wireless/realtek/rtlwifi/ps.o
  CC [M]  drivers/staging/irda/drivers/sir_dongle.o
  CC [M]  drivers/staging/fbtft/fbtft_device.o
  CC [M]  drivers/staging/irda/net/irlap_event.o
  LD [M]  drivers/staging/fbtft/fbtft.o
  CC [M]  drivers/staging/irda/net/irlap_frame.o
  CC [M]  drivers/staging/irda/drivers/kingsun-sir.o
  CC [M]  drivers/net/wireless/realtek/rtlwifi/rc.o
  AR      drivers/staging/media/lirc/built-in.o
  CC [M]  drivers/staging/media/lirc/lirc_rpi.o
  CC [M]  drivers/staging/irda/drivers/ksdazzle-sir.o
  CC [M]  drivers/staging/irda/net/timer.o
  CC [M]  drivers/net/wireless/realtek/rtlwifi/regd.o
  AR      drivers/staging/media/built-in.o
  CC [M]  drivers/staging/irda/drivers/ks959-sir.o
  CC [M]  drivers/staging/irda/net/qos.o
  AR      drivers/staging/rtl8188eu/built-in.o
  CC [M]  drivers/staging/rtl8188eu/core/rtw_ap.o
  CC [M]  drivers/net/wireless/realtek/rtlwifi/stats.o
  LD [M]  drivers/staging/irda/drivers/sir-dev.o
  CC [M]  drivers/staging/irda/net/irqueue.o
  AR      drivers/staging/rtl8712/built-in.o
  CC [M]  drivers/staging/rtl8712/rtl871x_cmd.o
  CC [M]  drivers/staging/rtl8188eu/core/rtw_cmd.o
  CC [M]  drivers/staging/irda/net/irttp.o
  CC [M]  drivers/net/wireless/realtek/rtlwifi/usb.o
  CC [M]  drivers/staging/rtl8712/rtl8712_cmd.o
  CC [M]  drivers/staging/rtl8188eu/core/rtw_debug.o
  CC [M]  drivers/staging/rtl8712/rtl871x_security.o
  CC [M]  drivers/staging/irda/net/irda_device.o
  CC [M]  drivers/staging/rtl8188eu/core/rtw_efuse.o
  AR      drivers/net/wireless/realtek/rtlwifi/rtl8192c/built-in.o
  CC [M]  drivers/net/wireless/realtek/rtlwifi/rtl8192c/main.o
  CC [M]  drivers/staging/rtl8712/rtl871x_eeprom.o
  CC [M]  drivers/staging/irda/net/irias_object.o
  CC [M]  drivers/staging/rtl8188eu/core/rtw_ieee80211.o
  CC [M]  drivers/net/wireless/realtek/rtlwifi/rtl8192c/dm_common.o
  CC [M]  drivers/staging/rtl8712/rtl8712_efuse.o
  CC [M]  drivers/staging/irda/net/wrapper.o
  CC [M]  drivers/staging/rtl8188eu/core/rtw_ioctl_set.o
  CC [M]  drivers/staging/rtl8712/hal_init.o
  CC [M]  drivers/staging/irda/net/af_irda.o
  CC [M]  drivers/staging/rtl8188eu/core/rtw_iol.o
  CC [M]  drivers/staging/rtl8712/usb_halinit.o
  CC [M]  drivers/net/wireless/realtek/rtlwifi/rtl8192c/fw_common.o
  CC [M]  drivers/staging/rtl8188eu/core/rtw_led.o
  CC [M]  drivers/staging/rtl8712/usb_ops.o
  CC [M]  drivers/staging/irda/net/discovery.o
  CC [M]  drivers/staging/rtl8712/usb_ops_linux.o
  CC [M]  drivers/staging/rtl8188eu/core/rtw_mlme.o
  CC [M]  drivers/staging/irda/net/parameters.o
  CC [M]  drivers/net/wireless/realtek/rtlwifi/rtl8192c/phy_common.o
  CC [M]  drivers/staging/rtl8712/rtl871x_io.o
  CC [M]  drivers/staging/irda/net/irnetlink.o
  CC [M]  drivers/staging/rtl8712/rtl8712_io.o
  CC [M]  drivers/staging/rtl8188eu/core/rtw_mlme_ext.o
  CC [M]  drivers/staging/irda/net/irmod.o
  CC [M]  drivers/staging/rtl8712/rtl871x_ioctl_linux.o
  LD [M]  drivers/net/wireless/realtek/rtlwifi/rtl8192c/rtl8192c-common.o
  AR      drivers/net/wireless/realtek/rtlwifi/rtl8192cu/built-in.o
  CC [M]  drivers/net/wireless/realtek/rtlwifi/rtl8192cu/dm.o
  CC [M]  drivers/staging/irda/net/irproc.o
  CC [M]  drivers/staging/rtl8712/rtl871x_ioctl_rtl.o
  CC [M]  drivers/net/wireless/realtek/rtlwifi/rtl8192cu/hw.o
  CC [M]  drivers/staging/irda/net/irsysctl.o
  CC [M]  drivers/staging/rtl8712/rtl871x_ioctl_set.o
  CC [M]  drivers/staging/rtl8188eu/core/rtw_pwrctrl.o
  AR      drivers/staging/irda/net/ircomm/built-in.o
  CC [M]  drivers/staging/irda/net/ircomm/ircomm_core.o
  CC [M]  drivers/staging/rtl8712/rtl8712_led.o
  CC [M]  drivers/staging/rtl8188eu/core/rtw_recv.o
  CC [M]  drivers/staging/irda/net/ircomm/ircomm_event.o
  CC [M]  drivers/net/wireless/realtek/rtlwifi/rtl8192cu/led.o
  CC [M]  drivers/staging/rtl8712/rtl871x_mlme.o
  CC [M]  drivers/staging/irda/net/ircomm/ircomm_lmp.o
  CC [M]  drivers/net/wireless/realtek/rtlwifi/rtl8192cu/mac.o
  CC [M]  drivers/staging/rtl8188eu/core/rtw_rf.o
  CC [M]  drivers/staging/irda/net/ircomm/ircomm_ttp.o
  CC [M]  drivers/staging/rtl8188eu/core/rtw_security.o
  CC [M]  drivers/staging/rtl8712/ieee80211.o
  CC [M]  drivers/staging/irda/net/ircomm/ircomm_tty.o
  CC [M]  drivers/net/wireless/realtek/rtlwifi/rtl8192cu/phy.o
  CC [M]  drivers/staging/rtl8712/rtl871x_mp_ioctl.o
  CC [M]  drivers/staging/irda/net/ircomm/ircomm_tty_attach.o
  CC [M]  drivers/net/wireless/realtek/rtlwifi/rtl8192cu/rf.o
  CC [M]  drivers/staging/rtl8188eu/core/rtw_sreset.o
  CC [M]  drivers/staging/rtl8712/rtl871x_mp.o
  CC [M]  drivers/staging/irda/net/ircomm/ircomm_tty_ioctl.o
  CC [M]  drivers/staging/rtl8188eu/core/rtw_sta_mgt.o
  CC [M]  drivers/staging/irda/net/ircomm/ircomm_param.o
  CC [M]  drivers/net/wireless/realtek/rtlwifi/rtl8192cu/sw.o
  CC [M]  drivers/staging/rtl8712/mlme_linux.o
  LD [M]  drivers/staging/irda/net/ircomm/ircomm.o
  LD [M]  drivers/staging/irda/net/ircomm/ircomm-tty.o
  AR      drivers/staging/irda/net/irlan/built-in.o
  CC [M]  drivers/staging/irda/net/irlan/irlan_common.o
  CC [M]  drivers/staging/rtl8188eu/core/rtw_wlan_util.o
  CC [M]  drivers/staging/rtl8712/recv_linux.o
  CC [M]  drivers/net/wireless/realtek/rtlwifi/rtl8192cu/table.o
  CC [M]  drivers/net/wireless/realtek/rtlwifi/rtl8192cu/trx.o
  CC [M]  drivers/staging/irda/net/irlan/irlan_eth.o
  CC [M]  drivers/staging/rtl8712/xmit_linux.o
  CC [M]  drivers/staging/rtl8188eu/core/rtw_xmit.o
  LD [M]  drivers/net/wireless/realtek/rtlwifi/rtl8192cu/rtl8192cu.o
  LD [M]  drivers/net/wireless/realtek/rtlwifi/rtlwifi.o
  LD [M]  drivers/net/wireless/realtek/rtlwifi/rtl_usb.o
  AR      drivers/net/wireless/zydas/built-in.o
  CC [M]  drivers/staging/irda/net/irlan/irlan_event.o
  CC [M]  drivers/net/wireless/zydas/zd1201.o
  CC [M]  drivers/staging/rtl8712/usb_intf.o
  CC [M]  drivers/staging/irda/net/irlan/irlan_client.o
  CC [M]  drivers/staging/rtl8712/os_intfs.o
  CC [M]  drivers/staging/irda/net/irlan/irlan_provider.o
  CC [M]  drivers/staging/rtl8188eu/hal/fw.o
  AR      drivers/net/wireless/zydas/zd1211rw/built-in.o
  CC [M]  drivers/net/wireless/zydas/zd1211rw/zd_chip.o
  CC [M]  drivers/staging/rtl8712/rtl871x_pwrctrl.o
  CC [M]  drivers/staging/irda/net/irlan/irlan_filter.o
  CC [M]  drivers/staging/rtl8188eu/hal/mac_cfg.o
  CC [M]  drivers/staging/rtl8712/rtl8712_recv.o
  CC [M]  drivers/staging/irda/net/irlan/irlan_provider_event.o
  CC [M]  drivers/net/wireless/zydas/zd1211rw/zd_mac.o
  CC [M]  drivers/staging/rtl8188eu/hal/bb_cfg.o
  CC [M]  drivers/staging/irda/net/irlan/irlan_client_event.o
  CC [M]  drivers/staging/rtl8712/rtl871x_recv.o
  CC [M]  drivers/staging/rtl8188eu/hal/rf_cfg.o
  LD [M]  drivers/staging/irda/net/irlan/irlan.o
  AR      drivers/staging/irda/net/irnet/built-in.o
  CC [M]  drivers/staging/irda/net/irnet/irnet_ppp.o
  CC [M]  drivers/net/wireless/zydas/zd1211rw/zd_rf_al2230.o
  CC [M]  drivers/staging/rtl8712/rtl871x_sta_mgt.o
  CC [M]  drivers/staging/rtl8188eu/hal/pwrseqcmd.o
  CC [M]  drivers/staging/irda/net/irnet/irnet_irda.o
  CC [M]  drivers/net/wireless/zydas/zd1211rw/zd_rf_rf2959.o
  CC [M]  drivers/staging/rtl8188eu/hal/pwrseq.o
  CC [M]  drivers/staging/rtl8712/rtl871x_xmit.o
  CC [M]  drivers/staging/rtl8188eu/hal/Hal8188ERateAdaptive.o
  CC [M]  drivers/net/wireless/zydas/zd1211rw/zd_rf_al7230b.o
  LD [M]  drivers/staging/irda/net/irnet/irnet.o
  LD [M]  drivers/staging/irda/net/irda.o
  CC [M]  drivers/net/wireless/zydas/zd1211rw/zd_rf_uw2453.o
  CC [M]  drivers/staging/rtl8712/rtl8712_xmit.o
  CC      drivers/tty/tty_io.o
  CC [M]  drivers/staging/rtl8188eu/hal/hal_intf.o
  CC [M]  drivers/net/wireless/zydas/zd1211rw/zd_rf.o
  LD [M]  drivers/staging/rtl8712/r8712u.o
  AR      drivers/uio/built-in.o
  CC [M]  drivers/uio/uio.o
  CC [M]  drivers/staging/rtl8188eu/hal/hal_com.o
  CC [M]  drivers/net/wireless/zydas/zd1211rw/zd_usb.o
  CC [M]  drivers/uio/uio_pdrv_genirq.o
  CC [M]  drivers/staging/rtl8188eu/hal/odm.o
  AR      drivers/usb/atm/built-in.o
  CC [M]  drivers/usb/atm/cxacru.o
  CC      drivers/tty/n_tty.o
  LD [M]  drivers/net/wireless/zydas/zd1211rw/zd1211rw.o
  CC [M]  drivers/net/wireless/rndis_wlan.o
  CC [M]  drivers/staging/rtl8188eu/hal/odm_HWConfig.o
  CC [M]  drivers/usb/atm/speedtch.o
  CC [M]  drivers/staging/rtl8188eu/hal/odm_RTL8188E.o
  CC      drivers/tty/tty_ioctl.o
  CC [M]  drivers/net/wireless/mac80211_hwsim.o
  CC [M]  drivers/staging/rtl8188eu/hal/rtl8188e_cmd.o
  CC [M]  drivers/usb/atm/ueagle-atm.o
  CC      drivers/tty/tty_ldisc.o
  CC [M]  drivers/staging/rtl8188eu/hal/rtl8188e_dm.o
  CC      drivers/tty/tty_buffer.o
  CC [M]  drivers/usb/atm/usbatm.o
  CC [M]  drivers/staging/rtl8188eu/hal/rtl8188e_hal_init.o
  AR      drivers/net/wireless/built-in.o
  AR      drivers/net/built-in.o
  CC [M]  drivers/usb/atm/xusbatm.o
  CC      drivers/tty/tty_port.o
  CC [M]  drivers/staging/rtl8188eu/hal/phy.o
  CC [M]  drivers/staging/rtl8188eu/hal/rf.o
  CC      drivers/tty/tty_mutex.o
  AR      drivers/usb/class/built-in.o
  CC [M]  drivers/usb/class/cdc-acm.o
  CC      drivers/tty/tty_ldsem.o
  CC      drivers/usb/common/common.o
  CC [M]  drivers/staging/rtl8188eu/hal/rtl8188e_rxdesc.o
  CC      drivers/tty/tty_baudrate.o
  AR      drivers/usb/common/usb-common.o
  AR      drivers/usb/common/built-in.o
  CC      drivers/video/hdmi.o
  CC [M]  drivers/usb/class/usblp.o
  CC [M]  drivers/staging/rtl8188eu/hal/rtl8188e_xmit.o
  CC      drivers/tty/tty_jobctrl.o
  CC      drivers/video/backlight/backlight.o
  CC [M]  drivers/staging/rtl8188eu/hal/rtl8188eu_led.o
  CC [M]  drivers/usb/class/cdc-wdm.o
  CC      drivers/tty/n_null.o
  CC      drivers/tty/pty.o
  CC [M]  drivers/staging/rtl8188eu/hal/rtl8188eu_recv.o
  CC [M]  drivers/video/backlight/lcd.o
  CC      drivers/usb/core/usb.o
  CC      drivers/tty/sysrq.o
  CC [M]  drivers/staging/rtl8188eu/hal/rtl8188eu_xmit.o
  CC [M]  drivers/video/backlight/gpio_backlight.o
  CC      drivers/usb/core/hub.o
  CC [M]  drivers/video/backlight/rpi_backlight.o
  CC [M]  drivers/staging/rtl8188eu/hal/usb_halinit.o
  AR      drivers/tty/ipwireless/built-in.o
  AR      drivers/tty/serdev/built-in.o
  CC [M]  drivers/tty/serdev/core.o
  AR      drivers/video/backlight/built-in.o
  CC      drivers/video/console/dummycon.o
  LD [M]  drivers/tty/serdev/serdev.o
  CC      drivers/tty/serial/serial_core.o
  AR      drivers/video/console/built-in.o
  CC      drivers/video/fbdev/core/fb_cmdline.o
  CC [M]  drivers/staging/rtl8188eu/os_dep/ioctl_linux.o
  CC      drivers/video/fbdev/core/fb_notify.o
  CC      drivers/usb/core/hcd.o
  CC      drivers/video/fbdev/core/fbmem.o
  CC      drivers/tty/serial/earlycon.o
  CC [M]  drivers/staging/rtl8188eu/os_dep/mlme_linux.o
  CC      drivers/tty/serial/8250/8250_core.o
  CC [M]  drivers/staging/rtl8188eu/os_dep/mon.o
  CC      drivers/video/fbdev/core/fbmon.o
  CC      drivers/usb/core/urb.o
  CC      drivers/tty/serial/8250/8250_port.o
  CC [M]  drivers/staging/rtl8188eu/os_dep/os_intfs.o
  CC      drivers/usb/core/message.o
  CC [M]  drivers/staging/rtl8188eu/os_dep/osdep_service.o
  CC      drivers/video/fbdev/core/fbcmap.o
  CC [M]  drivers/staging/rtl8188eu/os_dep/recv_linux.o
  CC      drivers/tty/serial/8250/8250_bcm2835aux.o
  CC      drivers/video/fbdev/core/fbsysfs.o
  CC      drivers/tty/serial/8250/8250_early.o
  CC      drivers/usb/core/driver.o
  CC [M]  drivers/staging/rtl8188eu/os_dep/rtw_android.o
  CC      drivers/tty/serial/8250/8250_fsl.o
  CC      drivers/video/fbdev/core/modedb.o
  CC [M]  drivers/staging/rtl8188eu/os_dep/usb_intf.o
  CC      drivers/tty/serial/8250/8250_of.o
  CC      drivers/usb/core/config.o
  CC [M]  drivers/staging/rtl8188eu/os_dep/usb_ops_linux.o
  CC      drivers/video/fbdev/core/fbcvt.o
  AR      drivers/tty/serial/8250/8250.o
  AR      drivers/tty/serial/8250/8250_base.o
  AR      drivers/tty/serial/8250/built-in.o
  CC      drivers/tty/serial/amba-pl011.o
  CC      drivers/video/fbdev/core/fb_defio.o
  CC      drivers/usb/core/file.o
  CC [M]  drivers/staging/rtl8188eu/os_dep/xmit_linux.o
  CC      drivers/usb/core/buffer.o
  CC      drivers/tty/serial/kgdboc.o
  CC      drivers/video/fbdev/core/fbcon.o
  LD [M]  drivers/staging/rtl8188eu/r8188eu.o
  AR      drivers/staging/speakup/built-in.o
  CC [M]  drivers/staging/speakup/speakup_soft.o
  CC      drivers/usb/core/sysfs.o
  CC [M]  drivers/tty/serial/sc16is7xx.o
  CC [M]  drivers/staging/speakup/buffers.o
  CC      drivers/usb/core/endpoint.o
  CC      drivers/usb/core/devio.o
  AR      drivers/tty/serial/built-in.o
  CC      drivers/tty/vt/vt_ioctl.o
  CC [M]  drivers/staging/speakup/devsynth.o
  CC [M]  drivers/staging/speakup/i18n.o
  CC      drivers/video/fbdev/core/bitblit.o
  CC [M]  drivers/staging/speakup/fakekey.o
  CC      drivers/tty/vt/vc_screen.o
  CC [M]  drivers/staging/speakup/main.o
  CC      drivers/video/fbdev/core/softcursor.o
  CC      drivers/usb/core/notify.o
  CC      drivers/tty/vt/selection.o
  CC      drivers/usb/core/generic.o
  CC      drivers/video/fbdev/core/cfbfillrect.o
  CC      drivers/tty/vt/keyboard.o
  CC      drivers/usb/core/quirks.o
  CC [M]  drivers/staging/speakup/keyhelp.o
  CC      drivers/video/fbdev/core/cfbcopyarea.o
  CC      drivers/usb/core/devices.o
  CC [M]  drivers/staging/speakup/kobjects.o
  CC      drivers/usb/core/port.o
  CC      drivers/video/fbdev/core/cfbimgblt.o
  CC      drivers/tty/vt/consolemap.o
  CC      drivers/usb/core/of.o
  CC [M]  drivers/staging/speakup/selection.o
  CC [M]  drivers/video/fbdev/core/sysfillrect.o
  CC [M]  drivers/staging/speakup/serialio.o
  CONMK   drivers/tty/vt/consolemap_deftbl.c
  CC      drivers/tty/vt/vt.o
  AR      drivers/usb/core/usbcore.o
  AR      drivers/usb/core/built-in.o
  AR      drivers/usb/dwc2/built-in.o
  CC [M]  drivers/usb/dwc2/core.o
  CC [M]  drivers/video/fbdev/core/syscopyarea.o
  CC [M]  drivers/usb/dwc2/core_intr.o
  CC [M]  drivers/staging/speakup/spk_ttyio.o
  CC [M]  drivers/usb/dwc2/platform.o
  CC [M]  drivers/video/fbdev/core/sysimgblt.o
  CC [M]  drivers/staging/speakup/synth.o
  CC [M]  drivers/usb/dwc2/params.o
  CC [M]  drivers/video/fbdev/core/fb_sys_fops.o
  CC [M]  drivers/usb/dwc2/hcd.o
  SHIPPED drivers/tty/vt/defkeymap.c
  CC      drivers/tty/vt/consolemap_deftbl.o
  CC      drivers/tty/vt/defkeymap.o
  CC [M]  drivers/staging/speakup/thread.o
  AR      drivers/tty/vt/built-in.o
  AR      drivers/tty/built-in.o
  CC [M]  drivers/staging/speakup/varhandlers.o
  AR      drivers/video/fbdev/core/fb.o
  AR      drivers/video/fbdev/core/built-in.o
  AR      drivers/video/fbdev/omap2/omapfb/displays/built-in.o
  AR      drivers/video/fbdev/omap2/omapfb/dss/built-in.o
  AR      drivers/video/fbdev/omap2/omapfb/built-in.o
  AR      drivers/video/fbdev/omap2/built-in.o
  CC      drivers/video/fbdev/bcm2708_fb.o
  CC [M]  drivers/usb/dwc2/hcd_intr.o
  LD [M]  drivers/staging/speakup/speakup.o
  AR      drivers/staging/typec/fusb302/built-in.o
  AR      drivers/staging/typec/built-in.o
  CC      drivers/staging/vc04_services/interface/vchiq_arm/vchiq_core.o
  CC [M]  drivers/video/fbdev/udlfb.o
  AR      drivers/usb/gadget/built-in.o
  CC [M]  drivers/usb/gadget/usbstring.o
  CC [M]  drivers/usb/dwc2/hcd_queue.o
  CC [M]  drivers/usb/gadget/config.o
  CC [M]  drivers/usb/dwc2/hcd_ddma.o
  CC [M]  drivers/video/fbdev/ssd1307fb.o
  CC      drivers/staging/vc04_services/interface/vchiq_arm/vchiq_arm.o
  CC [M]  drivers/usb/gadget/epautoconf.o
  CC [M]  drivers/usb/dwc2/gadget.o
  CC [M]  drivers/video/fbdev/rpisense-fb.o
  CC [M]  drivers/usb/gadget/composite.o
  AR      drivers/video/fbdev/built-in.o
  CC      drivers/video/logo/logo.o
  LOGO    drivers/video/logo/logo_linux_clut224.c
  LOGO    drivers/video/logo/logo_superh_mono.c
  LOGO    drivers/video/logo/logo_linux_mono.c
  LOGO    drivers/video/logo/logo_superh_vga16.c
  LOGO    drivers/video/logo/clut_vga16.c
  LOGO    drivers/video/logo/logo_linux_vga16.c
  LOGO    drivers/video/logo/logo_blackfin_vga16.c
  LOGO    drivers/video/logo/logo_spe_clut224.c
  LOGO    drivers/video/logo/logo_mac_clut224.c
  LOGO    drivers/video/logo/logo_superh_clut224.c
  LOGO    drivers/video/logo/logo_sun_clut224.c
  LOGO    drivers/video/logo/logo_parisc_clut224.c
  LOGO    drivers/video/logo/logo_blackfin_clut224.c
  LOGO    drivers/video/logo/logo_dec_clut224.c
  LOGO    drivers/video/logo/logo_m32r_clut224.c
  LOGO    drivers/video/logo/logo_sgi_clut224.c
  CC      drivers/video/logo/logo_linux_clut224.o
  AR      drivers/video/logo/built-in.o
  CC      drivers/video/display_timing.o
  CC      drivers/staging/vc04_services/interface/vchiq_arm/vchiq_kern_lib.o
  CC      drivers/video/videomode.o
  CC      drivers/video/of_display_timing.o
  CC [M]  drivers/usb/dwc2/debugfs.o
  CC      drivers/staging/vc04_services/interface/vchiq_arm/vchiq_2835_arm.o
  CC      drivers/video/of_videomode.o
  CC [M]  drivers/usb/gadget/functions.o
  AR      drivers/video/built-in.o
  LD [M]  drivers/usb/dwc2/dwc2.o
  AR      drivers/staging/vt6656/built-in.o
  CC [M]  drivers/staging/vt6656/main_usb.o
  AR      drivers/staging/wlan-ng/built-in.o
  CC [M]  drivers/staging/wlan-ng/prism2usb.o
  CC      drivers/staging/vc04_services/interface/vchiq_arm/vchiq_debugfs.o
  CC [M]  drivers/usb/gadget/configfs.o
  CC      drivers/staging/vc04_services/interface/vchiq_arm/vchiq_shim.o
  CC [M]  drivers/staging/vt6656/card.o
  CC      drivers/staging/vc04_services/interface/vchiq_arm/vchiq_util.o
  CC      drivers/staging/vc04_services/interface/vchiq_arm/vchiq_connected.o
  CC [M]  drivers/usb/gadget/u_f.o
  CC [M]  drivers/staging/vt6656/mac.o
  AR      drivers/staging/vc04_services/bcm2835-audio/built-in.o
  CC [M]  drivers/staging/vc04_services/bcm2835-audio/bcm2835.o
  CC [M]  drivers/staging/wlan-ng/p80211conv.o
  AR      drivers/usb/gadget/function/built-in.o
  CC [M]  drivers/usb/gadget/function/f_acm.o
  CC [M]  drivers/staging/vc04_services/bcm2835-audio/bcm2835-ctl.o
  CC [M]  drivers/staging/vt6656/baseband.o
  CC [M]  drivers/usb/gadget/function/f_loopback.o
  CC [M]  drivers/staging/vc04_services/bcm2835-audio/bcm2835-pcm.o
  CC [M]  drivers/staging/wlan-ng/p80211req.o
  CC [M]  drivers/staging/vt6656/wcmd.o
  CC [M]  drivers/usb/gadget/function/f_sourcesink.o
  CC [M]  drivers/staging/vc04_services/bcm2835-audio/bcm2835-vchiq.o
  CC [M]  drivers/staging/wlan-ng/p80211wep.o
  CC [M]  drivers/usb/gadget/function/u_serial.o
  CC [M]  drivers/staging/vt6656/rxtx.o
  LD [M]  drivers/staging/vc04_services/bcm2835-audio/snd-bcm2835.o
  AR      drivers/staging/vc04_services/bcm2835-camera/built-in.o
  CC [M]  drivers/staging/vc04_services/bcm2835-camera/bcm2835-camera.o
  CC [M]  drivers/staging/wlan-ng/p80211netdev.o
  CC [M]  drivers/usb/gadget/function/f_serial.o
  CC [M]  drivers/staging/vt6656/dpc.o
  LD [M]  drivers/staging/wlan-ng/prism2_usb.o
  CC [M]  drivers/usb/gadget/function/f_obex.o
  CC [M]  drivers/staging/vc04_services/bcm2835-camera/controls.o
  AR      drivers/w1/masters/built-in.o
  CC [M]  drivers/w1/masters/ds2490.o
  CC [M]  drivers/usb/gadget/function/u_ether.o
  CC [M]  drivers/staging/vt6656/power.o
  CC [M]  drivers/staging/vc04_services/bcm2835-camera/mmal-vchiq.o
  CC [M]  drivers/w1/masters/ds2482.o
  CC [M]  drivers/w1/masters/ds1wm.o
  CC [M]  drivers/staging/vt6656/key.o
  LD [M]  drivers/staging/vc04_services/bcm2835-camera/bcm2835-v4l2.o
  AR      drivers/staging/vc04_services/vchiq.o
  AR      drivers/staging/vc04_services/built-in.o
  CC      drivers/watchdog/watchdog_core.o
  CC [M]  drivers/usb/gadget/function/f_ecm.o
  CC [M]  drivers/w1/masters/w1-gpio.o
  CC [M]  drivers/staging/vt6656/rf.o
  CC      drivers/watchdog/watchdog_dev.o
  CC [M]  drivers/usb/gadget/function/f_subset.o
  AR      drivers/w1/slaves/built-in.o
  CC [M]  drivers/w1/slaves/w1_therm.o
  CC      drivers/watchdog/bcm2835_wdt.o
  CC [M]  drivers/w1/slaves/w1_smem.o
  CC [M]  drivers/usb/gadget/function/f_rndis.o
  CC [M]  drivers/staging/vt6656/usbpipe.o
  CC [M]  drivers/watchdog/gpio_wdt.o
  CC [M]  drivers/w1/slaves/w1_ds2408.o
  AR      drivers/watchdog/watchdog.o
  AR      drivers/watchdog/built-in.o
  CC [M]  drivers/w1/slaves/w1_ds2413.o
  CC      drivers/usb/host/dwc_common_port/dwc_cc.o
  CC [M]  drivers/staging/vt6656/channel.o
  CC      drivers/usb/host/dwc_common_port/dwc_modpow.o
  CC      drivers/usb/host/dwc_common_port/dwc_dh.o
  CC [M]  drivers/w1/slaves/w1_ds2406.o
  CC      drivers/usb/host/dwc_common_port/dwc_crypto.o
  CC      drivers/usb/host/dwc_common_port/dwc_notifier.o
  CC [M]  drivers/usb/gadget/function/rndis.o
  CC      drivers/usb/host/dwc_common_port/dwc_common_linux.o
  CC [M]  drivers/w1/slaves/w1_ds2423.o
  CC [M]  drivers/staging/vt6656/firmware.o
  CC [M]  drivers/w1/slaves/w1_ds2431.o
  CC [M]  drivers/w1/slaves/w1_ds2433.o
  CC [M]  drivers/usb/gadget/function/f_mass_storage.o
  CC [M]  drivers/staging/vt6656/int.o
  CC [M]  drivers/w1/slaves/w1_ds2438.o
  CC      drivers/usb/host/dwc_common_port/dwc_mem.o
  AR      drivers/usb/host/dwc_common_port/dwc_common_port_lib.o
  AR      drivers/usb/host/dwc_common_port/built-in.o
  CC      drivers/usb/host/dwc_otg/dwc_otg_driver.o
  CC [M]  drivers/w1/slaves/w1_ds2760.o
  LD [M]  drivers/staging/vt6656/vt6656_stage.o
  AR      drivers/staging/built-in.o
  CC      drivers/usb/host/dwc_otg/dwc_otg_attr.o
  CC      drivers/usb/host/dwc_otg/dwc_otg_cil.o
  CC [M]  drivers/w1/slaves/w1_ds2780.o
  CC [M]  drivers/w1/slaves/w1_ds2781.o
  CC [M]  drivers/w1/slaves/w1_ds28e04.o
  CC [M]  drivers/usb/gadget/function/storage_common.o
  AR      drivers/usb/gadget/legacy/built-in.o
  CC [M]  drivers/usb/gadget/legacy/zero.o
  CC [M]  drivers/w1/w1.o
  CC [M]  drivers/usb/gadget/legacy/audio.o
  CC [M]  drivers/usb/gadget/function/u_audio.o
  CC [M]  drivers/usb/gadget/legacy/ether.o
  CC      drivers/usb/host/dwc_otg/dwc_otg_cil_intr.o
  CC [M]  drivers/w1/w1_int.o
  CC [M]  drivers/usb/gadget/legacy/inode.o
  CC [M]  drivers/usb/gadget/function/f_uac2.o
  CC      drivers/usb/host/dwc_otg/dwc_otg_pcd_linux.o
  CC [M]  drivers/w1/w1_family.o
  CC [M]  drivers/usb/gadget/function/f_uvc.o
  CC [M]  drivers/usb/gadget/legacy/mass_storage.o
  CC      drivers/usb/host/dwc_otg/dwc_otg_pcd.o
  CC [M]  drivers/w1/w1_netlink.o
  CC [M]  drivers/usb/gadget/legacy/serial.o
  CC [M]  drivers/usb/gadget/function/uvc_queue.o
  CC [M]  drivers/usb/gadget/legacy/printer.o
  CC [M]  drivers/w1/w1_io.o
  CC      drivers/usb/host/dwc_otg/dwc_otg_pcd_intr.o
  CC [M]  drivers/usb/gadget/legacy/gmidi.o
  CC [M]  drivers/usb/gadget/function/uvc_v4l2.o
  AR      drivers/w1/built-in.o
  LD [M]  drivers/w1/wire.o
  CC [M]  drivers/usb/gadget/function/uvc_video.o
  CC [M]  drivers/usb/gadget/legacy/cdc2.o
  AR      drivers/usb/image/built-in.o
  CC [M]  drivers/usb/image/mdc800.o
  CC [M]  drivers/usb/gadget/function/uvc_configfs.o
  CC [M]  drivers/usb/gadget/legacy/hid.o
  CC [M]  drivers/usb/image/microtek.o
  CC [M]  drivers/usb/gadget/legacy/multi.o
  CC [M]  drivers/usb/gadget/function/f_midi.o
  CC [M]  drivers/usb/gadget/legacy/webcam.o
  CC [M]  drivers/usb/gadget/function/f_hid.o
  CC      drivers/usb/host/dwc_otg/dwc_otg_hcd.o
  CC [M]  drivers/usb/gadget/legacy/acm_ms.o
  CC      drivers/usb/host/dwc_otg/dwc_otg_hcd_linux.o
  CC [M]  drivers/usb/gadget/function/f_printer.o
  LD [M]  drivers/usb/gadget/legacy/g_zero.o
  LD [M]  drivers/usb/gadget/legacy/g_audio.o
  LD [M]  drivers/usb/gadget/legacy/g_ether.o
  LD [M]  drivers/usb/gadget/legacy/gadgetfs.o
  LD [M]  drivers/usb/gadget/legacy/g_mass_storage.o
  LD [M]  drivers/usb/gadget/legacy/g_serial.o
  LD [M]  drivers/usb/gadget/legacy/g_printer.o
  LD [M]  drivers/usb/gadget/legacy/g_midi.o
  LD [M]  drivers/usb/gadget/legacy/g_cdc.o
  LD [M]  drivers/usb/gadget/legacy/g_hid.o
  LD [M]  drivers/usb/gadget/legacy/g_multi.o
  LD [M]  drivers/usb/gadget/legacy/g_webcam.o
  LD [M]  drivers/usb/gadget/legacy/g_acm_ms.o
  CC      drivers/usb/host/dwc_otg/dwc_otg_hcd_intr.o
  CC      drivers/usb/host/dwc_otg/dwc_otg_hcd_queue.o
  LD [M]  drivers/usb/gadget/function/usb_f_acm.o
  LD [M]  drivers/usb/gadget/function/usb_f_ss_lb.o
  LD [M]  drivers/usb/gadget/function/usb_f_serial.o
  LD [M]  drivers/usb/gadget/function/usb_f_obex.o
  LD [M]  drivers/usb/gadget/function/usb_f_ecm.o
  LD [M]  drivers/usb/gadget/function/usb_f_ecm_subset.o
  LD [M]  drivers/usb/gadget/function/usb_f_rndis.o
  LD [M]  drivers/usb/gadget/function/usb_f_mass_storage.o
  LD [M]  drivers/usb/gadget/function/usb_f_uac2.o
  LD [M]  drivers/usb/gadget/function/usb_f_uvc.o
  LD [M]  drivers/usb/gadget/function/usb_f_midi.o
  LD [M]  drivers/usb/gadget/function/usb_f_hid.o
  LD [M]  drivers/usb/gadget/function/usb_f_printer.o
  AR      drivers/usb/gadget/udc/built-in.o
  CC [M]  drivers/usb/gadget/udc/core.o
  AR      drivers/usb/misc/built-in.o
  CC [M]  drivers/usb/misc/adutux.o
  CC [M]  drivers/usb/misc/appledisplay.o
  CC      drivers/usb/host/dwc_otg/dwc_otg_hcd_ddma.o
  CC      drivers/usb/host/dwc_otg/dwc_otg_adp.o
  CC [M]  drivers/usb/misc/cypress_cy7c63.o
  CC [M]  drivers/usb/misc/cytherm.o
  CC      drivers/usb/host/dwc_otg/dwc_otg_fiq_fsm.o
  AR      drivers/usb/mon/built-in.o
  CC [M]  drivers/usb/mon/mon_main.o
  CC [M]  drivers/usb/gadget/udc/trace.o
  CC [M]  drivers/usb/misc/emi26.o
  CC [M]  drivers/usb/mon/mon_stat.o
  AS      drivers/usb/host/dwc_otg/dwc_otg_fiq_stub.o
  CC [M]  drivers/usb/misc/emi62.o
  AR      drivers/usb/host/dwc_otg/dwc_otg.o
  AR      drivers/usb/host/dwc_otg/built-in.o
  AR      drivers/usb/host/built-in.o
  CC      drivers/usb/phy/of.o
  LD [M]  drivers/usb/gadget/udc/udc-core.o
  LD [M]  drivers/usb/gadget/libcomposite.o
  CC [M]  drivers/usb/misc/ezusb.o
  CC [M]  drivers/usb/mon/mon_text.o
  AR      drivers/usb/serial/built-in.o
  CC [M]  drivers/usb/serial/usb-serial.o
  AR      drivers/usb/phy/built-in.o
  CC [M]  drivers/usb/serial/generic.o
  CC [M]  drivers/usb/misc/ftdi-elan.o
  CC [M]  drivers/usb/mon/mon_bin.o
  LD [M]  drivers/usb/mon/usbmon.o
  CC [M]  drivers/usb/misc/idmouse.o
  CC [M]  drivers/usb/misc/iowarrior.o
  CC [M]  drivers/usb/serial/bus.o
  CC [M]  drivers/usb/serial/aircable.o
  CC [M]  drivers/usb/misc/isight_firmware.o
  CC [M]  drivers/usb/serial/ark3116.o
  CC [M]  drivers/usb/serial/belkin_sa.o
  CC [M]  drivers/usb/misc/usblcd.o
  CC [M]  drivers/usb/serial/ch341.o
  CC [M]  drivers/usb/misc/ldusb.o
  CC      drivers/usb/storage/scsiglue.o
  CC      drivers/usb/storage/protocol.o
  CC [M]  drivers/usb/serial/cp210x.o
  CC [M]  drivers/usb/misc/legousbtower.o
  CC [M]  drivers/usb/serial/cyberjack.o
  CC      drivers/usb/storage/transport.o
  CC [M]  drivers/usb/misc/rio500.o
  CC [M]  drivers/usb/serial/cypress_m8.o
  CC [M]  drivers/usb/misc/usbtest.o
  CC [M]  drivers/usb/serial/usb_debug.o
  CC [M]  drivers/usb/misc/trancevibrator.o
  CC [M]  drivers/usb/serial/digi_acceleport.o
  CC      drivers/usb/storage/usb.o
  CC [M]  drivers/usb/serial/io_edgeport.o
  CC [M]  drivers/usb/misc/usbsevseg.o
  CC      drivers/usb/storage/initializers.o
  CC [M]  drivers/usb/misc/yurex.o
  CC [M]  drivers/usb/serial/io_ti.o
  CC [M]  drivers/usb/serial/empeg.o
  CC      drivers/usb/storage/sierra_ms.o
  CC      drivers/usb/storage/option_ms.o
  CC      drivers/usb/storage/usual-tables.o
  AR      drivers/usb/usbip/built-in.o
  CC [M]  drivers/usb/usbip/usbip_common.o
  CC [M]  drivers/usb/usbip/usbip_event.o
  CC [M]  drivers/usb/storage/alauda.o
  CC [M]  drivers/usb/serial/f81232.o
  CC [M]  drivers/usb/storage/cypress_atacb.o
  CC [M]  drivers/usb/serial/ftdi_sio.o
  CC [M]  drivers/usb/serial/garmin_gps.o
  CC [M]  drivers/usb/storage/datafab.o
  CC [M]  drivers/usb/usbip/vhci_sysfs.o
  CC [M]  drivers/usb/usbip/vhci_tx.o
  CC [M]  drivers/usb/storage/ene_ub6250.o
  CC [M]  drivers/usb/serial/ipaq.o
  CC [M]  drivers/usb/usbip/vhci_rx.o
  CC [M]  drivers/usb/serial/ipw.o
  CC [M]  drivers/usb/storage/freecom.o
  CC [M]  drivers/usb/usbip/vhci_hcd.o
  CC [M]  drivers/usb/serial/ir-usb.o
  CC [M]  drivers/usb/usbip/stub_dev.o
  CC [M]  drivers/usb/storage/isd200.o
  CC [M]  drivers/usb/serial/iuu_phoenix.o
  CC [M]  drivers/usb/storage/jumpshot.o
  CC [M]  drivers/usb/usbip/stub_main.o
  CC [M]  drivers/usb/usbip/stub_rx.o
  CC [M]  drivers/usb/storage/karma.o
  CC [M]  drivers/usb/serial/keyspan.o
  CC [M]  drivers/usb/storage/onetouch.o
  CC [M]  drivers/usb/usbip/stub_tx.o
  CC [M]  drivers/usb/serial/keyspan_pda.o
  CC [M]  drivers/usb/storage/realtek_cr.o
  CC [M]  drivers/usb/usbip/vudc_dev.o
  CC [M]  drivers/usb/storage/sddr09.o
  CC [M]  drivers/usb/serial/kl5kusb105.o
  CC [M]  drivers/usb/serial/kobil_sct.o
  CC [M]  drivers/usb/usbip/vudc_sysfs.o
  CC [M]  drivers/usb/storage/sddr55.o
  CC [M]  drivers/usb/serial/mct_u232.o
  CC [M]  drivers/usb/usbip/vudc_tx.o
  CC [M]  drivers/usb/serial/metro-usb.o
  CC [M]  drivers/usb/storage/shuttle_usbat.o
  CC [M]  drivers/usb/serial/mos7720.o
  AR      drivers/usb/storage/usb-storage.o
  CC [M]  drivers/usb/usbip/vudc_rx.o
  LD [M]  drivers/usb/storage/ums-alauda.o
  CC [M]  drivers/usb/serial/mos7840.o
  LD [M]  drivers/usb/storage/ums-cypress.o
  LD [M]  drivers/usb/storage/ums-datafab.o
  LD [M]  drivers/usb/storage/ums-eneub6250.o
  LD [M]  drivers/usb/storage/ums-freecom.o
  LD [M]  drivers/usb/storage/ums-isd200.o
  LD [M]  drivers/usb/storage/ums-jumpshot.o
  LD [M]  drivers/usb/storage/ums-karma.o
  LD [M]  drivers/usb/storage/ums-onetouch.o
  LD [M]  drivers/usb/storage/ums-realtek.o
  LD [M]  drivers/usb/storage/ums-sddr09.o
  LD [M]  drivers/usb/storage/ums-sddr55.o
  CC [M]  drivers/usb/usbip/vudc_transfer.o
  LD [M]  drivers/usb/storage/ums-usbat.o
  CC [M]  drivers/usb/serial/navman.o
  AR      drivers/usb/storage/built-in.o
  CC [M]  drivers/usb/usbip/vudc_main.o
  CC [M]  drivers/usb/serial/omninet.o
  CC [M]  drivers/usb/serial/opticon.o
  CC [M]  drivers/usb/serial/option.o
  LD [M]  drivers/usb/usbip/usbip-core.o
  LD [M]  drivers/usb/usbip/vhci-hcd.o
  LD [M]  drivers/usb/usbip/usbip-host.o
  LD [M]  drivers/usb/usbip/usbip-vudc.o
  CC [M]  drivers/usb/serial/oti6858.o
  CC [M]  drivers/usb/serial/pl2303.o
  CC [M]  drivers/usb/serial/qcaux.o
  CC [M]  drivers/usb/serial/qcserial.o
  CC [M]  drivers/usb/serial/quatech2.o
  CC [M]  drivers/usb/serial/safe_serial.o
  CC [M]  drivers/usb/serial/sierra.o
  CC [M]  drivers/usb/serial/spcp8x5.o
  CC [M]  drivers/usb/serial/ssu100.o
  CC [M]  drivers/usb/serial/symbolserial.o
  CC [M]  drivers/usb/serial/usb_wwan.o
  CC [M]  drivers/usb/serial/ti_usb_3410_5052.o
  CC [M]  drivers/usb/serial/visor.o
  CC [M]  drivers/usb/serial/wishbone-serial.o
  CC [M]  drivers/usb/serial/whiteheat.o
  CC [M]  drivers/usb/serial/xsens_mt.o
  LD [M]  drivers/usb/serial/usbserial.o
  AR      drivers/usb/built-in.o
  AR      drivers/built-in.o
  GEN     .version
  CHK     include/generated/compile.h
  UPD     include/generated/compile.h
  CC      init/version.o
  AR      init/built-in.o
  AR      built-in.o
  LD      vmlinux.o
  MODPOST vmlinux.o
  KSYM    .tmp_kallsyms1.o
  KSYM    .tmp_kallsyms2.o
  LD      vmlinux
  SORTEX  vmlinux
  SYSMAP  System.map
  OBJCOPY arch/arm/boot/Image
  Building modules, stage 2.
  Kernel: arch/arm/boot/Image is ready
  MODPOST 1512 modules
  LDS     arch/arm/boot/compressed/vmlinux.lds
  AS      arch/arm/boot/compressed/head.o
  GZIP    arch/arm/boot/compressed/piggy_data
  CC      arch/arm/boot/compressed/misc.o
  CC      arch/arm/boot/compressed/decompress.o
  CC      arch/arm/boot/compressed/string.o
  SHIPPED arch/arm/boot/compressed/hyp-stub.S
  SHIPPED arch/arm/boot/compressed/lib1funcs.S
  SHIPPED arch/arm/boot/compressed/ashldi3.S
  SHIPPED arch/arm/boot/compressed/bswapsdi2.S
  AS      arch/arm/boot/compressed/hyp-stub.o
  AS      arch/arm/boot/compressed/lib1funcs.o
  AS      arch/arm/boot/compressed/ashldi3.o
  AS      arch/arm/boot/compressed/bswapsdi2.o
  AS      arch/arm/boot/compressed/piggy.o
  LD      arch/arm/boot/compressed/vmlinux
  OBJCOPY arch/arm/boot/zImage
  Kernel: arch/arm/boot/zImage is ready
  CC      arch/arm/crypto/aes-arm.mod.o
  CC      arch/arm/crypto/sha1-arm.mod.o
  CC      crypto/af_alg.mod.o
  CC      crypto/algif_skcipher.mod.o
  CC      crypto/arc4.mod.o
  CC      crypto/async_tx/async_pq.mod.o
  CC      crypto/async_tx/async_memcpy.mod.o
  CC      crypto/async_tx/async_raid6_recov.mod.o
  CC      crypto/async_tx/async_xor.mod.o
  CC      crypto/async_tx/async_tx.mod.o
  CC      crypto/authenc.mod.o
  CC      crypto/authencesn.mod.o
  CC      crypto/cast5_generic.mod.o
  CC      crypto/cast_common.mod.o
  CC      crypto/ccm.mod.o
  CC      crypto/cmac.mod.o
  CC      crypto/cryptd.mod.o
  CC      crypto/crypto_user.mod.o
  CC      crypto/ctr.mod.o
  CC      crypto/cts.mod.o
  CC      crypto/deflate.mod.o
  CC      crypto/drbg.mod.o
  CC      crypto/ecb.mod.o
  CC      crypto/ecdh_generic.mod.o
  CC      crypto/echainiv.mod.o
  CC      crypto/gcm.mod.o
  CC      crypto/gf128mul.mod.o
  CC      crypto/ghash-generic.mod.o
  CC      crypto/hmac.mod.o
  CC      crypto/jitterentropy_rng.mod.o
  CC      crypto/lz4.mod.o
  CC      crypto/lzo.mod.o
  CC      crypto/md4.mod.o
  CC      crypto/md5.mod.o
  CC      crypto/michael_mic.mod.o
  CC      crypto/seqiv.mod.o
  CC      crypto/sha1_generic.mod.o
  CC      crypto/sha256_generic.mod.o
  CC      crypto/sha512_generic.mod.o
  CC      crypto/tgr192.mod.o
  CC      crypto/wp512.mod.o
  CC      crypto/xcbc.mod.o
  CC      crypto/xor.mod.o
  CC      crypto/xts.mod.o
  CC      drivers/auxdisplay/charlcd.mod.o
  CC      drivers/auxdisplay/hd44780.mod.o
  CC      drivers/bcma/bcma.mod.o
  CC      drivers/block/aoe/aoe.mod.o
  CC      drivers/block/cryptoloop.mod.o
  CC      drivers/block/drbd/drbd.mod.o
  CC      drivers/block/nbd.mod.o
  CC      drivers/block/pktcdvd.mod.o
  CC      drivers/block/zram/zram.mod.o
  CC      drivers/bluetooth/ath3k.mod.o
  CC      drivers/bluetooth/bcm203x.mod.o
  CC      drivers/bluetooth/bfusb.mod.o
  CC      drivers/bluetooth/bpa10x.mod.o
  CC      drivers/bluetooth/btbcm.mod.o
  CC      drivers/bluetooth/btintel.mod.o
  CC      drivers/bluetooth/btmrvl.mod.o
  CC      drivers/bluetooth/btmrvl_sdio.mod.o
  CC      drivers/bluetooth/btrtl.mod.o
  CC      drivers/bluetooth/btusb.mod.o
  CC      drivers/bluetooth/btwilink.mod.o
  CC      drivers/bluetooth/hci_uart.mod.o
  CC      drivers/bluetooth/hci_vhci.mod.o
  CC      drivers/char/broadcom/bcm2835_smi_dev.mod.o
  CC      drivers/cdrom/cdrom.mod.o
  CC      drivers/char/hw_random/tpm-rng.mod.o
  CC      drivers/char/tpm/tpm.mod.o
  CC      drivers/char/tpm/tpm_tis_spi.mod.o
  CC      drivers/char/tpm/tpm_tis_core.mod.o
  CC      drivers/clk/clk-allo-dac.mod.o
  CC      drivers/clk/clk-hifiberry-dacpro.mod.o
  CC      drivers/connector/cn.mod.o
  CC      drivers/dax/dax.mod.o
  CC      drivers/extcon/extcon-arizona.mod.o
  CC      drivers/extcon/extcon-core.mod.o
  CC      drivers/gpio/gpio-arizona.mod.o
  CC      drivers/gpio/gpio-mockup.mod.o
  CC      drivers/gpio/gpio-pcf857x.mod.o
  CC      drivers/gpu/drm/drm.mod.o
  CC      drivers/gpu/drm/drm_kms_helper.mod.o
  CC      drivers/gpu/drm/panel/panel-raspberrypi-touchscreen.mod.o
  CC      drivers/gpu/drm/panel/panel-simple.mod.o
  CC      drivers/gpu/drm/tinydrm/core/tinydrm.mod.o
  CC      drivers/gpu/drm/tinydrm/mi0283qt.mod.o
  CC      drivers/gpu/drm/tinydrm/mipi-dbi.mod.o
  CC      drivers/gpu/drm/tinydrm/repaper.mod.o
  CC      drivers/gpu/drm/udl/udl.mod.o
  CC      drivers/gpu/drm/vc4/vc4.mod.o
  CC      drivers/hid/hid-a4tech.mod.o
  CC      drivers/hid/hid-apple.mod.o
  CC      drivers/hid/hid-asus.mod.o
  CC      drivers/hid/hid-axff.mod.o
  CC      drivers/hid/hid-belkin.mod.o
  CC      drivers/hid/hid-betopff.mod.o
  CC      drivers/hid/hid-bigbenff.mod.o
  CC      drivers/hid/hid-cherry.mod.o
  CC      drivers/hid/hid-chicony.mod.o
  CC      drivers/hid/hid-cypress.mod.o
  CC      drivers/hid/hid-dr.mod.o
  CC      drivers/hid/hid-elecom.mod.o
  CC      drivers/hid/hid-elo.mod.o
  CC      drivers/hid/hid-emsff.mod.o
  CC      drivers/hid/hid-ezkey.mod.o
  CC      drivers/hid/hid-gaff.mod.o
  CC      drivers/hid/hid-gembird.mod.o
  CC      drivers/hid/hid-gyration.mod.o
  CC      drivers/hid/hid-holtek-kbd.mod.o
  CC      drivers/hid/hid-holtek-mouse.mod.o
  CC      drivers/hid/hid-holtekff.mod.o
  CC      drivers/hid/hid-kensington.mod.o
  CC      drivers/hid/hid-keytouch.mod.o
  CC      drivers/hid/hid-kye.mod.o
  CC      drivers/hid/hid-lcpower.mod.o
  CC      drivers/hid/hid-led.mod.o
  CC      drivers/hid/hid-logitech-dj.mod.o
  CC      drivers/hid/hid-logitech-hidpp.mod.o
  CC      drivers/hid/hid-logitech.mod.o
  CC      drivers/hid/hid-magicmouse.mod.o
  CC      drivers/hid/hid-microsoft.mod.o
  CC      drivers/hid/hid-monterey.mod.o
  CC      drivers/hid/hid-multitouch.mod.o
  CC      drivers/hid/hid-ntrig.mod.o
  CC      drivers/hid/hid-ortek.mod.o
  CC      drivers/hid/hid-petalynx.mod.o
  CC      drivers/hid/hid-picolcd.mod.o
  CC      drivers/hid/hid-pl.mod.o
  CC      drivers/hid/hid-roccat-arvo.mod.o
  CC      drivers/hid/hid-roccat-common.mod.o
  CC      drivers/hid/hid-roccat-isku.mod.o
  CC      drivers/hid/hid-roccat-kone.mod.o
  CC      drivers/hid/hid-roccat-koneplus.mod.o
  CC      drivers/hid/hid-roccat-konepure.mod.o
  CC      drivers/hid/hid-roccat-kovaplus.mod.o
  CC      drivers/hid/hid-roccat-lua.mod.o
  CC      drivers/hid/hid-roccat-pyra.mod.o
  CC      drivers/hid/hid-roccat-ryos.mod.o
  CC      drivers/hid/hid-roccat.mod.o
  CC      drivers/hid/hid-roccat-savu.mod.o
  CC      drivers/hid/hid-samsung.mod.o
  CC      drivers/hid/hid-sjoy.mod.o
  CC      drivers/hid/hid-sony.mod.o
  CC      drivers/hid/hid-speedlink.mod.o
  CC      drivers/hid/hid-sunplus.mod.o
  CC      drivers/hid/hid-tmff.mod.o
  CC      drivers/hid/hid-topseed.mod.o
  CC      drivers/hid/hid-twinhan.mod.o
  CC      drivers/hid/hid-uclogic.mod.o
  CC      drivers/hid/hid-waltop.mod.o
  CC      drivers/hid/hid-wiimote.mod.o
  CC      drivers/hid/hid-xinmo.mod.o
  CC      drivers/hid/hid-zpff.mod.o
  CC      drivers/hid/hid-zydacron.mod.o
  CC      drivers/hid/uhid.mod.o
  CC      drivers/hid/wacom.mod.o
  CC      drivers/hwmon/ads1015.mod.o
  CC      drivers/hwmon/ds1621.mod.o
  CC      drivers/hwmon/gpio-fan.mod.o
  CC      drivers/hwmon/hwmon.mod.o
  CC      drivers/hwmon/ina2xx.mod.o
  CC      drivers/hwmon/jc42.mod.o
  CC      drivers/hwmon/lm75.mod.o
  CC      drivers/hwmon/rpi-poe-fan.mod.o
  CC      drivers/hwmon/sht21.mod.o
  CC      drivers/hwmon/sht3x.mod.o
  CC      drivers/hwmon/shtc1.mod.o
  CC      drivers/hwmon/tmp102.mod.o
  CC      drivers/i2c/algos/i2c-algo-bit.mod.o
  CC      drivers/i2c/busses/i2c-bcm2708.mod.o
  CC      drivers/i2c/busses/i2c-bcm2835.mod.o
  CC      drivers/i2c/busses/i2c-gpio.mod.o
  CC      drivers/i2c/busses/i2c-robotfuzz-osif.mod.o
  CC      drivers/i2c/busses/i2c-tiny-usb.mod.o
  CC      drivers/i2c/i2c-dev.mod.o
  CC      drivers/i2c/i2c-mux.mod.o
  CC      drivers/i2c/muxes/i2c-mux-gpmux.mod.o
  CC      drivers/i2c/muxes/i2c-mux-pca954x.mod.o
  CC      drivers/iio/adc/mcp320x.mod.o
  CC      drivers/iio/adc/mcp3422.mod.o
  CC      drivers/iio/buffer/industrialio-buffer-cb.mod.o
  CC      drivers/iio/buffer/industrialio-triggered-buffer.mod.o
  CC      drivers/iio/buffer/kfifo_buf.mod.o
  CC      drivers/iio/common/ms_sensors/ms_sensors_i2c.mod.o
  CC      drivers/iio/humidity/dht11.mod.o
  CC      drivers/iio/humidity/hdc100x.mod.o
  CC      drivers/iio/humidity/htu21.mod.o
  CC      drivers/iio/imu/inv_mpu6050/inv-mpu6050-i2c.mod.o
  CC      drivers/iio/imu/inv_mpu6050/inv-mpu6050.mod.o
  CC      drivers/iio/industrialio.mod.o
  CC      drivers/iio/light/tsl4531.mod.o
  CC      drivers/iio/light/veml6070.mod.o
  CC      drivers/iio/pressure/bmp280-i2c.mod.o
  CC      drivers/iio/pressure/bmp280-spi.mod.o
  CC      drivers/iio/pressure/bmp280.mod.o
  CC      drivers/input/evdev.mod.o
  CC      drivers/input/ff-memless.mod.o
  CC      drivers/input/gameport/gameport.mod.o
  CC      drivers/input/gameport/lightning.mod.o
  CC      drivers/input/gameport/ns558.mod.o
  CC      drivers/input/input-polldev.mod.o
  CC      drivers/input/joydev.mod.o
  CC      drivers/input/joystick/iforce/iforce.mod.o
  CC      drivers/input/joystick/psxpad-spi.mod.o
  CC      drivers/input/joystick/rpisense-js.mod.o
  CC      drivers/input/joystick/xpad.mod.o
  CC      drivers/input/keyboard/gpio_keys.mod.o
  CC      drivers/input/keyboard/matrix_keypad.mod.o
  CC      drivers/input/matrix-keymap.mod.o
  CC      drivers/input/misc/ad714x-i2c.mod.o
  CC      drivers/input/misc/ad714x-spi.mod.o
  CC      drivers/input/misc/ad714x.mod.o
  CC      drivers/input/misc/adxl34x-i2c.mod.o
  CC      drivers/input/misc/adxl34x-spi.mod.o
  CC      drivers/input/misc/adxl34x.mod.o
  CC      drivers/input/misc/ati_remote2.mod.o
  CC      drivers/input/misc/cm109.mod.o
  CC      drivers/input/misc/cma3000_d0x.mod.o
  CC      drivers/input/misc/keyspan_remote.mod.o
  CC      drivers/input/misc/powermate.mod.o
  CC      drivers/input/misc/rotary_encoder.mod.o
  CC      drivers/input/misc/uinput.mod.o
  CC      drivers/input/misc/yealink.mod.o
  CC      drivers/input/serio/serio.mod.o
  CC      drivers/input/serio/serio_raw.mod.o
  CC      drivers/input/serio/serport.mod.o
  CC      drivers/input/touchscreen/ads7846.mod.o
  CC      drivers/input/touchscreen/edt-ft5x06.mod.o
  CC      drivers/input/touchscreen/egalax_ts.mod.o
  CC      drivers/input/touchscreen/exc3000.mod.o
  CC      drivers/input/touchscreen/goodix.mod.o
  CC      drivers/input/touchscreen/rpi-ft5406.mod.o
  CC      drivers/input/touchscreen/stmpe-ts.mod.o
  CC      drivers/input/touchscreen/usbtouchscreen.mod.o
  CC      drivers/leds/trigger/ledtrig-camera.mod.o
  CC      drivers/leds/trigger/ledtrig-transient.mod.o
  CC      drivers/md/dm-bio-prison.mod.o
  CC      drivers/md/dm-bufio.mod.o
  CC      drivers/md/dm-cache-smq.mod.o
  CC      drivers/md/dm-cache.mod.o
  CC      drivers/md/dm-crypt.mod.o
  CC      drivers/md/dm-delay.mod.o
  CC      drivers/md/dm-log-userspace.mod.o
  CC      drivers/md/dm-log.mod.o
  CC      drivers/md/dm-mirror.mod.o
  CC      drivers/md/dm-mod.mod.o
  CC      drivers/md/dm-raid.mod.o
  CC      drivers/md/dm-region-hash.mod.o
  CC      drivers/md/dm-snapshot.mod.o
  CC      drivers/md/dm-thin-pool.mod.o
  CC      drivers/md/dm-zero.mod.o
  CC      drivers/md/linear.mod.o
  CC      drivers/md/md-mod.mod.o
  CC      drivers/md/persistent-data/dm-persistent-data.mod.o
  CC      drivers/md/raid0.mod.o
  CC      drivers/md/raid1.mod.o
  CC      drivers/md/raid10.mod.o
  CC      drivers/md/raid456.mod.o
  CC      drivers/media/common/b2c2/b2c2-flexcop.mod.o
  CC      drivers/media/common/cx2341x.mod.o
  CC      drivers/media/common/cypress_firmware.mod.o
  CC      drivers/media/common/siano/smsdvb.mod.o
  CC      drivers/media/common/siano/smsmdtv.mod.o
  CC      drivers/media/common/tveeprom.mod.o
  CC      drivers/media/dvb-core/dvb-core.mod.o
  CC      drivers/media/dvb-frontends/a8293.mod.o
  CC      drivers/media/dvb-frontends/af9013.mod.o
  CC      drivers/media/dvb-frontends/af9033.mod.o
  CC      drivers/media/dvb-frontends/as102_fe.mod.o
  CC      drivers/media/dvb-frontends/ascot2e.mod.o
  CC      drivers/media/dvb-frontends/atbm8830.mod.o
  CC      drivers/media/dvb-frontends/au8522_common.mod.o
  CC      drivers/media/dvb-frontends/au8522_decoder.mod.o
  CC      drivers/media/dvb-frontends/au8522_dig.mod.o
  CC      drivers/media/dvb-frontends/bcm3510.mod.o
  CC      drivers/media/dvb-frontends/cx22700.mod.o
  CC      drivers/media/dvb-frontends/cx22702.mod.o
  CC      drivers/media/dvb-frontends/cx24110.mod.o
  CC      drivers/media/dvb-frontends/cx24113.mod.o
  CC      drivers/media/dvb-frontends/cx24116.mod.o
  CC      drivers/media/dvb-frontends/cx24117.mod.o
  CC      drivers/media/dvb-frontends/cx24120.mod.o
  CC      drivers/media/dvb-frontends/cx24123.mod.o
  CC      drivers/media/dvb-frontends/cxd2820r.mod.o
  CC      drivers/media/dvb-frontends/cxd2841er.mod.o
  CC      drivers/media/dvb-frontends/cxd2880/cxd2880.mod.o
  CC      drivers/media/dvb-frontends/dib0070.mod.o
  CC      drivers/media/dvb-frontends/dib0090.mod.o
  CC      drivers/media/dvb-frontends/dib3000mb.mod.o
  CC      drivers/media/dvb-frontends/dib3000mc.mod.o
  CC      drivers/media/dvb-frontends/dib7000m.mod.o
  CC      drivers/media/dvb-frontends/dib7000p.mod.o
  CC      drivers/media/dvb-frontends/dib8000.mod.o
  CC      drivers/media/dvb-frontends/dib9000.mod.o
  CC      drivers/media/dvb-frontends/dibx000_common.mod.o
  CC      drivers/media/dvb-frontends/drx39xyj/drx39xyj.mod.o
  CC      drivers/media/dvb-frontends/drxd.mod.o
  CC      drivers/media/dvb-frontends/drxk.mod.o
  CC      drivers/media/dvb-frontends/ds3000.mod.o
  CC      drivers/media/dvb-frontends/dvb-pll.mod.o
  CC      drivers/media/dvb-frontends/ec100.mod.o
  CC      drivers/media/dvb-frontends/gp8psk-fe.mod.o
  CC      drivers/media/dvb-frontends/helene.mod.o
  CC      drivers/media/dvb-frontends/horus3a.mod.o
  CC      drivers/media/dvb-frontends/isl6405.mod.o
  CC      drivers/media/dvb-frontends/isl6421.mod.o
  CC      drivers/media/dvb-frontends/isl6423.mod.o
  CC      drivers/media/dvb-frontends/itd1000.mod.o
  CC      drivers/media/dvb-frontends/ix2505v.mod.o
  CC      drivers/media/dvb-frontends/l64781.mod.o
  CC      drivers/media/dvb-frontends/lg2160.mod.o
  CC      drivers/media/dvb-frontends/lgdt3305.mod.o
  CC      drivers/media/dvb-frontends/lgdt3306a.mod.o
  CC      drivers/media/dvb-frontends/lgdt330x.mod.o
  CC      drivers/media/dvb-frontends/lgs8gl5.mod.o
  CC      drivers/media/dvb-frontends/lgs8gxx.mod.o
  CC      drivers/media/dvb-frontends/lnbh25.mod.o
  CC      drivers/media/dvb-frontends/lnbp21.mod.o
  CC      drivers/media/dvb-frontends/lnbp22.mod.o
  CC      drivers/media/dvb-frontends/m88ds3103.mod.o
  CC      drivers/media/dvb-frontends/m88rs2000.mod.o
  CC      drivers/media/dvb-frontends/mb86a16.mod.o
  CC      drivers/media/dvb-frontends/mb86a20s.mod.o
  CC      drivers/media/dvb-frontends/mn88472.mod.o
  CC      drivers/media/dvb-frontends/mn88473.mod.o
  CC      drivers/media/dvb-frontends/mt312.mod.o
  CC      drivers/media/dvb-frontends/mt352.mod.o
  CC      drivers/media/dvb-frontends/mxl5xx.mod.o
  CC      drivers/media/dvb-frontends/nxt200x.mod.o
  CC      drivers/media/dvb-frontends/nxt6000.mod.o
  CC      drivers/media/dvb-frontends/or51132.mod.o
  CC      drivers/media/dvb-frontends/or51211.mod.o
  CC      drivers/media/dvb-frontends/rtl2830.mod.o
  CC      drivers/media/dvb-frontends/rtl2832.mod.o
  CC      drivers/media/dvb-frontends/s5h1409.mod.o
  CC      drivers/media/dvb-frontends/s5h1411.mod.o
  CC      drivers/media/dvb-frontends/s5h1420.mod.o
  CC      drivers/media/dvb-frontends/s5h1432.mod.o
  CC      drivers/media/dvb-frontends/s921.mod.o
  CC      drivers/media/dvb-frontends/si2165.mod.o
  CC      drivers/media/dvb-frontends/si2168.mod.o
  CC      drivers/media/dvb-frontends/si21xx.mod.o
  CC      drivers/media/dvb-frontends/sp2.mod.o
  CC      drivers/media/dvb-frontends/sp8870.mod.o
  CC      drivers/media/dvb-frontends/sp887x.mod.o
  CC      drivers/media/dvb-frontends/stb0899.mod.o
  CC      drivers/media/dvb-frontends/stb6000.mod.o
  CC      drivers/media/dvb-frontends/stb6100.mod.o
  CC      drivers/media/dvb-frontends/stv0288.mod.o
  CC      drivers/media/dvb-frontends/stv0297.mod.o
  CC      drivers/media/dvb-frontends/stv0299.mod.o
  CC      drivers/media/dvb-frontends/stv0367.mod.o
  CC      drivers/media/dvb-frontends/stv0900.mod.o
  CC      drivers/media/dvb-frontends/stv090x.mod.o
  CC      drivers/media/dvb-frontends/stv0910.mod.o
  CC      drivers/media/dvb-frontends/stv6110.mod.o
  CC      drivers/media/dvb-frontends/stv6110x.mod.o
  CC      drivers/media/dvb-frontends/stv6111.mod.o
  CC      drivers/media/dvb-frontends/tc90522.mod.o
  CC      drivers/media/dvb-frontends/tda10021.mod.o
  CC      drivers/media/dvb-frontends/tda10023.mod.o
  CC      drivers/media/dvb-frontends/tda10048.mod.o
  CC      drivers/media/dvb-frontends/tda1004x.mod.o
  CC      drivers/media/dvb-frontends/tda10071.mod.o
  CC      drivers/media/dvb-frontends/tda10086.mod.o
  CC      drivers/media/dvb-frontends/tda18271c2dd.mod.o
  CC      drivers/media/dvb-frontends/tda665x.mod.o
  CC      drivers/media/dvb-frontends/tda8083.mod.o
  CC      drivers/media/dvb-frontends/tda8261.mod.o
  CC      drivers/media/dvb-frontends/tda826x.mod.o
  CC      drivers/media/dvb-frontends/ts2020.mod.o
  CC      drivers/media/dvb-frontends/tua6100.mod.o
  CC      drivers/media/dvb-frontends/ves1820.mod.o
  CC      drivers/media/dvb-frontends/ves1x93.mod.o
  CC      drivers/media/dvb-frontends/zd1301_demod.mod.o
  CC      drivers/media/dvb-frontends/zl10036.mod.o
  CC      drivers/media/dvb-frontends/zl10039.mod.o
  CC      drivers/media/dvb-frontends/zl10353.mod.o
  CC      drivers/media/i2c/adv7180.mod.o
  CC      drivers/media/i2c/cs53l32a.mod.o
  CC      drivers/media/i2c/cx25840/cx25840.mod.o
  CC      drivers/media/i2c/ir-kbd-i2c.mod.o
  CC      drivers/media/i2c/msp3400.mod.o
  CC      drivers/media/i2c/mt9v011.mod.o
  CC      drivers/media/i2c/ov5647.mod.o
  CC      drivers/media/i2c/ov7640.mod.o
  CC      drivers/media/i2c/saa7115.mod.o
  CC      drivers/media/i2c/sony-btf-mpx.mod.o
  CC      drivers/media/i2c/tc358743.mod.o
  CC      drivers/media/i2c/tvp5150.mod.o
  CC      drivers/media/i2c/tw2804.mod.o
  CC      drivers/media/i2c/tw9903.mod.o
  CC      drivers/media/i2c/tw9906.mod.o
  CC      drivers/media/i2c/uda1342.mod.o
  CC      drivers/media/i2c/wm8775.mod.o
  CC      drivers/media/media.mod.o
  CC      drivers/media/pci/ttpci/ttpci-eeprom.mod.o
  CC      drivers/media/platform/bcm2835/bcm2835-unicam.mod.o
  CC      drivers/media/radio/dsbr100.mod.o
  CC      drivers/media/radio/radio-keene.mod.o
  CC      drivers/media/radio/radio-ma901.mod.o
  CC      drivers/media/radio/radio-mr800.mod.o
  CC      drivers/media/radio/radio-shark.mod.o
  CC      drivers/media/radio/radio-tea5764.mod.o
  CC      drivers/media/radio/radio-wl1273.mod.o
  CC      drivers/media/radio/saa7706h.mod.o
  CC      drivers/media/radio/shark2.mod.o
  CC      drivers/media/radio/si470x/radio-i2c-si470x.mod.o
  CC      drivers/media/radio/si470x/radio-usb-si470x.mod.o
  CC      drivers/media/radio/si4713/si4713.mod.o
  CC      drivers/media/radio/tea575x.mod.o
  CC      drivers/media/radio/tef6862.mod.o
  CC      drivers/media/radio/wl128x/fm_drv.mod.o
  CC      drivers/media/rc/ati_remote.mod.o
  CC      drivers/media/rc/gpio-ir-recv.mod.o
  CC      drivers/media/rc/gpio-ir-tx.mod.o
  CC      drivers/media/rc/iguanair.mod.o
  CC      drivers/media/rc/imon.mod.o
  CC      drivers/media/rc/ir-lirc-codec.mod.o
  CC      drivers/media/rc/lirc_dev.mod.o
  CC      drivers/media/rc/mceusb.mod.o
  CC      drivers/media/rc/pwm-ir-tx.mod.o
  CC      drivers/media/rc/rc-loopback.mod.o
  CC      drivers/media/rc/redrat3.mod.o
  CC      drivers/media/rc/streamzap.mod.o
  CC      drivers/media/rc/ttusbir.mod.o
  CC      drivers/media/spi/cxd2880-spi.mod.o
  CC      drivers/media/tuners/e4000.mod.o
  CC      drivers/media/tuners/fc0011.mod.o
  CC      drivers/media/tuners/fc0012.mod.o
  CC      drivers/media/tuners/fc0013.mod.o
  CC      drivers/media/tuners/fc2580.mod.o
  CC      drivers/media/tuners/it913x.mod.o
  CC      drivers/media/tuners/m88rs6000t.mod.o
  CC      drivers/media/tuners/max2165.mod.o
  CC      drivers/media/tuners/mc44s803.mod.o
  CC      drivers/media/tuners/msi001.mod.o
  CC      drivers/media/tuners/mt2060.mod.o
  CC      drivers/media/tuners/mt2063.mod.o
  CC      drivers/media/tuners/mt20xx.mod.o
  CC      drivers/media/tuners/mt2131.mod.o
  CC      drivers/media/tuners/mt2266.mod.o
  CC      drivers/media/tuners/mxl301rf.mod.o
  CC      drivers/media/tuners/mxl5005s.mod.o
  CC      drivers/media/tuners/mxl5007t.mod.o
  CC      drivers/media/tuners/qm1d1c0042.mod.o
  CC      drivers/media/tuners/qt1010.mod.o
  CC      drivers/media/tuners/r820t.mod.o
  CC      drivers/media/tuners/si2157.mod.o
  CC      drivers/media/tuners/tda18212.mod.o
  CC      drivers/media/tuners/tda18218.mod.o
  CC      drivers/media/tuners/tda18271.mod.o
  CC      drivers/media/tuners/tda827x.mod.o
  CC      drivers/media/tuners/tda8290.mod.o
  CC      drivers/media/tuners/tda9887.mod.o
  CC      drivers/media/tuners/tea5761.mod.o
  CC      drivers/media/tuners/tua9001.mod.o
  CC      drivers/media/tuners/tea5767.mod.o
  CC      drivers/media/tuners/tuner-simple.mod.o
  CC      drivers/media/tuners/tuner-types.mod.o
  CC      drivers/media/tuners/tuner-xc2028.mod.o
  CC      drivers/media/tuners/xc4000.mod.o
  CC      drivers/media/tuners/xc5000.mod.o
  CC      drivers/media/usb/as102/dvb-as102.mod.o
  CC      drivers/media/usb/au0828/au0828.mod.o
  CC      drivers/media/usb/b2c2/b2c2-flexcop-usb.mod.o
  CC      drivers/media/usb/cpia2/cpia2.mod.o
  CC      drivers/media/usb/cx231xx/cx231xx-alsa.mod.o
  CC      drivers/media/usb/cx231xx/cx231xx-dvb.mod.o
  CC      drivers/media/usb/cx231xx/cx231xx.mod.o
  CC      drivers/media/usb/dvb-usb-v2/dvb-usb-af9015.mod.o
  CC      drivers/media/usb/dvb-usb-v2/dvb-usb-af9035.mod.o
  CC      drivers/media/usb/dvb-usb-v2/dvb-usb-anysee.mod.o
  CC      drivers/media/usb/dvb-usb-v2/dvb-usb-au6610.mod.o
  CC      drivers/media/usb/dvb-usb-v2/dvb-usb-az6007.mod.o
  CC      drivers/media/usb/dvb-usb-v2/dvb-usb-ce6230.mod.o
  CC      drivers/media/usb/dvb-usb-v2/dvb-usb-dvbsky.mod.o
  CC      drivers/media/usb/dvb-usb-v2/dvb-usb-ec168.mod.o
  CC      drivers/media/usb/dvb-usb-v2/dvb-usb-gl861.mod.o
  CC      drivers/media/usb/dvb-usb-v2/dvb-usb-lmedm04.mod.o
  CC      drivers/media/usb/dvb-usb-v2/dvb-usb-mxl111sf.mod.o
  CC      drivers/media/usb/dvb-usb-v2/dvb-usb-rtl28xxu.mod.o
  CC      drivers/media/usb/dvb-usb-v2/dvb_usb_v2.mod.o
  CC      drivers/media/usb/dvb-usb-v2/mxl111sf-demod.mod.o
  CC      drivers/media/usb/dvb-usb-v2/mxl111sf-tuner.mod.o
  CC      drivers/media/usb/dvb-usb/dvb-usb-a800.mod.o
  CC      drivers/media/usb/dvb-usb/dvb-usb-af9005-remote.mod.o
  CC      drivers/media/usb/dvb-usb/dvb-usb-af9005.mod.o
  CC      drivers/media/usb/dvb-usb/dvb-usb-az6027.mod.o
  CC      drivers/media/usb/dvb-usb/dvb-usb-cinergyT2.mod.o
  CC      drivers/media/usb/dvb-usb/dvb-usb-cxusb.mod.o
  CC      drivers/media/usb/dvb-usb/dvb-usb-dib0700.mod.o
  CC      drivers/media/usb/dvb-usb/dvb-usb-dibusb-common.mod.o
  CC      drivers/media/usb/dvb-usb/dvb-usb-dibusb-mb.mod.o
  CC      drivers/media/usb/dvb-usb/dvb-usb-dibusb-mc-common.mod.o
  CC      drivers/media/usb/dvb-usb/dvb-usb-dibusb-mc.mod.o
  CC      drivers/media/usb/dvb-usb/dvb-usb-digitv.mod.o
  CC      drivers/media/usb/dvb-usb/dvb-usb-dtt200u.mod.o
  CC      drivers/media/usb/dvb-usb/dvb-usb-dtv5100.mod.o
  CC      drivers/media/usb/dvb-usb/dvb-usb-dw2102.mod.o
  CC      drivers/media/usb/dvb-usb/dvb-usb-friio.mod.o
  CC      drivers/media/usb/dvb-usb/dvb-usb-gp8psk.mod.o
  CC      drivers/media/usb/dvb-usb/dvb-usb-m920x.mod.o
  CC      drivers/media/usb/dvb-usb/dvb-usb-nova-t-usb2.mod.o
  CC      drivers/media/usb/dvb-usb/dvb-usb-opera.mod.o
  CC      drivers/media/usb/dvb-usb/dvb-usb-pctv452e.mod.o
  CC      drivers/media/usb/dvb-usb/dvb-usb-technisat-usb2.mod.o
  CC      drivers/media/usb/dvb-usb/dvb-usb-ttusb2.mod.o
  CC      drivers/media/usb/dvb-usb/dvb-usb-umt-010.mod.o
  CC      drivers/media/usb/dvb-usb/dvb-usb-vp702x.mod.o
  CC      drivers/media/usb/dvb-usb/dvb-usb-vp7045.mod.o
  CC      drivers/media/usb/dvb-usb/dvb-usb.mod.o
  CC      drivers/media/usb/em28xx/em28xx-alsa.mod.o
  CC      drivers/media/usb/em28xx/em28xx-dvb.mod.o
  CC      drivers/media/usb/em28xx/em28xx-rc.mod.o
  CC      drivers/media/usb/em28xx/em28xx-v4l.mod.o
  CC      drivers/media/usb/em28xx/em28xx.mod.o
  CC      drivers/media/usb/go7007/go7007-loader.mod.o
  CC      drivers/media/usb/go7007/go7007-usb.mod.o
  CC      drivers/media/usb/go7007/go7007.mod.o
  CC      drivers/media/usb/go7007/s2250.mod.o
  CC      drivers/media/usb/gspca/gl860/gspca_gl860.mod.o
  CC      drivers/media/usb/gspca/gspca_benq.mod.o
  CC      drivers/media/usb/gspca/gspca_conex.mod.o
  CC      drivers/media/usb/gspca/gspca_cpia1.mod.o
  CC      drivers/media/usb/gspca/gspca_dtcs033.mod.o
  CC      drivers/media/usb/gspca/gspca_etoms.mod.o
  CC      drivers/media/usb/gspca/gspca_finepix.mod.o
  CC      drivers/media/usb/gspca/gspca_jeilinj.mod.o
  CC      drivers/media/usb/gspca/gspca_jl2005bcd.mod.o
  CC      drivers/media/usb/gspca/gspca_kinect.mod.o
  CC      drivers/media/usb/gspca/gspca_konica.mod.o
  CC      drivers/media/usb/gspca/gspca_main.mod.o
  CC      drivers/media/usb/gspca/gspca_mars.mod.o
  CC      drivers/media/usb/gspca/gspca_mr97310a.mod.o
  CC      drivers/media/usb/gspca/gspca_nw80x.mod.o
  CC      drivers/media/usb/gspca/gspca_ov519.mod.o
  CC      drivers/media/usb/gspca/gspca_ov534.mod.o
  CC      drivers/media/usb/gspca/gspca_ov534_9.mod.o
  CC      drivers/media/usb/gspca/gspca_pac207.mod.o
  CC      drivers/media/usb/gspca/gspca_pac7302.mod.o
  CC      drivers/media/usb/gspca/gspca_pac7311.mod.o
  CC      drivers/media/usb/gspca/gspca_se401.mod.o
  CC      drivers/media/usb/gspca/gspca_sn9c2028.mod.o
  CC      drivers/media/usb/gspca/gspca_sn9c20x.mod.o
  CC      drivers/media/usb/gspca/gspca_sonixb.mod.o
  CC      drivers/media/usb/gspca/gspca_sonixj.mod.o
  CC      drivers/media/usb/gspca/gspca_spca1528.mod.o
  CC      drivers/media/usb/gspca/gspca_spca500.mod.o
  CC      drivers/media/usb/gspca/gspca_spca501.mod.o
  CC      drivers/media/usb/gspca/gspca_spca505.mod.o
  CC      drivers/media/usb/gspca/gspca_spca506.mod.o
  CC      drivers/media/usb/gspca/gspca_spca508.mod.o
  CC      drivers/media/usb/gspca/gspca_spca561.mod.o
  CC      drivers/media/usb/gspca/gspca_sq905.mod.o
  CC      drivers/media/usb/gspca/gspca_sq905c.mod.o
  CC      drivers/media/usb/gspca/gspca_sq930x.mod.o
  CC      drivers/media/usb/gspca/gspca_stk014.mod.o
  CC      drivers/media/usb/gspca/gspca_stk1135.mod.o
  CC      drivers/media/usb/gspca/gspca_stv0680.mod.o
  CC      drivers/media/usb/gspca/gspca_sunplus.mod.o
  CC      drivers/media/usb/gspca/gspca_t613.mod.o
  CC      drivers/media/usb/gspca/gspca_topro.mod.o
  CC      drivers/media/usb/gspca/gspca_tv8532.mod.o
  CC      drivers/media/usb/gspca/gspca_vc032x.mod.o
  CC      drivers/media/usb/gspca/gspca_vicam.mod.o
  CC      drivers/media/usb/gspca/gspca_xirlink_cit.mod.o
  CC      drivers/media/usb/gspca/gspca_zc3xx.mod.o
  CC      drivers/media/usb/gspca/m5602/gspca_m5602.mod.o
  CC      drivers/media/usb/gspca/stv06xx/gspca_stv06xx.mod.o
  CC      drivers/media/usb/hdpvr/hdpvr.mod.o
  CC      drivers/media/usb/pvrusb2/pvrusb2.mod.o
  CC      drivers/media/usb/pwc/pwc.mod.o
  CC      drivers/media/usb/s2255/s2255drv.mod.o
  CC      drivers/media/usb/siano/smsusb.mod.o
  CC      drivers/media/usb/stk1160/stk1160.mod.o
  CC      drivers/media/usb/stkwebcam/stkwebcam.mod.o
  CC      drivers/media/usb/tm6000/tm6000-alsa.mod.o
  CC      drivers/media/usb/tm6000/tm6000-dvb.mod.o
  CC      drivers/media/usb/tm6000/tm6000.mod.o
  CC      drivers/media/usb/usbtv/usbtv.mod.o
  CC      drivers/media/usb/usbvision/usbvision.mod.o
  CC      drivers/media/usb/uvc/uvcvideo.mod.o
  CC      drivers/media/usb/zr364xx/zr364xx.mod.o
  CC      drivers/media/v4l2-core/tuner.mod.o
  CC      drivers/media/v4l2-core/v4l2-common.mod.o
  CC      drivers/media/v4l2-core/v4l2-dv-timings.mod.o
  CC      drivers/media/v4l2-core/v4l2-fwnode.mod.o
  CC      drivers/media/v4l2-core/videobuf-core.mod.o
  CC      drivers/media/v4l2-core/videobuf-dvb.mod.o
  CC      drivers/media/v4l2-core/videobuf-vmalloc.mod.o
  CC      drivers/media/v4l2-core/videobuf2-core.mod.o
  CC      drivers/media/v4l2-core/videobuf2-dma-contig.mod.o
  CC      drivers/media/v4l2-core/videobuf2-memops.mod.o
  CC      drivers/media/v4l2-core/videobuf2-v4l2.mod.o
  CC      drivers/media/v4l2-core/videobuf2-vmalloc.mod.o
  CC      drivers/media/v4l2-core/videodev.mod.o
  CC      drivers/mfd/arizona-i2c.mod.o
  CC      drivers/mfd/arizona-spi.mod.o
  CC      drivers/mfd/rpisense-core.mod.o
  CC      drivers/mfd/wl1273-core.mod.o
  CC      drivers/misc/bcm2835_smi.mod.o
  CC      drivers/misc/eeprom/at24.mod.o
  CC      drivers/misc/eeprom/eeprom_93cx6.mod.o
  CC      drivers/misc/ti-st/st_drv.mod.o
  CC      drivers/mmc/host/mmc_spi.mod.o
  CC      drivers/mmc/host/of_mmc_spi.mod.o
  CC      drivers/mtd/chips/chipreg.mod.o
  CC      drivers/mtd/devices/block2mtd.mod.o
  CC      drivers/mtd/devices/m25p80.mod.o
  CC      drivers/mtd/mtd.mod.o
  CC      drivers/mtd/mtd_blkdevs.mod.o
  CC      drivers/mtd/mtdblock.mod.o
  CC      drivers/mtd/nand/bcm2835_smi_nand.mod.o
  CC      drivers/mtd/nand/nand.mod.o
  CC      drivers/mtd/nand/nand_ecc.mod.o
  CC      drivers/mtd/ofpart.mod.o
  CC      drivers/mtd/spi-nor/spi-nor.mod.o
  CC      drivers/mtd/ubi/ubi.mod.o
  CC      drivers/mux/mux-core.mod.o
  CC      drivers/net/bonding/bonding.mod.o
  CC      drivers/net/can/can-dev.mod.o
  CC      drivers/net/can/slcan.mod.o
  CC      drivers/net/can/spi/mcp251x.mod.o
  CC      drivers/net/can/usb/gs_usb.mod.o
  CC      drivers/net/can/vcan.mod.o
  CC      drivers/net/dummy.mod.o
  CC      drivers/net/ethernet/microchip/enc28j60.mod.o
  CC      drivers/net/ethernet/qualcomm/qca_7k_common.mod.o
  CC      drivers/net/ethernet/qualcomm/qcaspi.mod.o
  CC      drivers/net/hamradio/6pack.mod.o
  CC      drivers/net/hamradio/baycom_ser_fdx.mod.o
  CC      drivers/net/hamradio/bpqether.mod.o
  CC      drivers/net/hamradio/baycom_ser_hdx.mod.o
  CC      drivers/net/hamradio/hdlcdrv.mod.o
  CC      drivers/net/hamradio/mkiss.mod.o
  CC      drivers/net/hamradio/yam.mod.o
  CC      drivers/net/ieee802154/at86rf230.mod.o
  CC      drivers/net/ieee802154/cc2520.mod.o
  CC      drivers/net/ieee802154/mrf24j40.mod.o
  CC      drivers/net/ifb.mod.o
  CC      drivers/net/ipvlan/ipvlan.mod.o
  CC      drivers/net/macvlan.mod.o
  CC      drivers/net/netconsole.mod.o
  CC      drivers/net/phy/mdio-bitbang.mod.o
  CC      drivers/net/ppp/bsd_comp.mod.o
  CC      drivers/net/ppp/ppp_async.mod.o
  CC      drivers/net/ppp/ppp_deflate.mod.o
  CC      drivers/net/ppp/ppp_generic.mod.o
  CC      drivers/net/ppp/ppp_mppe.mod.o
  CC      drivers/net/ppp/ppp_synctty.mod.o
  CC      drivers/net/ppp/pppoe.mod.o
  CC      drivers/net/ppp/pppox.mod.o
  CC      drivers/net/slip/slhc.mod.o
  CC      drivers/net/slip/slip.mod.o
  CC      drivers/net/tun.mod.o
  CC      drivers/net/usb/asix.mod.o
  CC      drivers/net/usb/ax88179_178a.mod.o
  CC      drivers/net/usb/catc.mod.o
  CC      drivers/net/usb/cdc_eem.mod.o
  CC      drivers/net/usb/cdc_ether.mod.o
  CC      drivers/net/usb/cdc_mbim.mod.o
  CC      drivers/net/usb/cdc_ncm.mod.o
  CC      drivers/net/usb/cdc_subset.mod.o
  CC      drivers/net/usb/cx82310_eth.mod.o
  CC      drivers/net/usb/dm9601.mod.o
  CC      drivers/net/usb/gl620a.mod.o
  CC      drivers/net/usb/hso.mod.o
  CC      drivers/net/usb/huawei_cdc_ncm.mod.o
  CC      drivers/net/usb/int51x1.mod.o
  CC      drivers/net/usb/ipheth.mod.o
  CC      drivers/net/usb/kalmia.mod.o
  CC      drivers/net/usb/kaweth.mod.o
  CC      drivers/net/usb/lg-vl600.mod.o
  CC      drivers/net/usb/mcs7830.mod.o
  CC      drivers/net/usb/net1080.mod.o
  CC      drivers/net/usb/pegasus.mod.o
  CC      drivers/net/usb/plusb.mod.o
  CC      drivers/net/usb/qmi_wwan.mod.o
  CC      drivers/net/usb/r8152.mod.o
  CC      drivers/net/usb/rndis_host.mod.o
  CC      drivers/net/usb/rtl8150.mod.o
  CC      drivers/net/usb/sierra_net.mod.o
  CC      drivers/net/usb/smsc75xx.mod.o
  CC      drivers/net/usb/sr9700.mod.o
  CC      drivers/net/usb/sr9800.mod.o
  CC      drivers/net/usb/zaurus.mod.o
  CC      drivers/net/veth.mod.o
  CC      drivers/net/vxlan.mod.o
  CC      drivers/net/wimax/i2400m/i2400m-usb.mod.o
  CC      drivers/net/wimax/i2400m/i2400m.mod.o
  CC      drivers/net/wireless/ath/ar5523/ar5523.mod.o
  CC      drivers/net/wireless/ath/ath.mod.o
  CC      drivers/net/wireless/ath/ath6kl/ath6kl_core.mod.o
  CC      drivers/net/wireless/ath/ath6kl/ath6kl_usb.mod.o
  CC      drivers/net/wireless/ath/ath9k/ath9k.mod.o
  CC      drivers/net/wireless/ath/ath9k/ath9k_common.mod.o
  CC      drivers/net/wireless/ath/ath9k/ath9k_htc.mod.o
  CC      drivers/net/wireless/ath/ath9k/ath9k_hw.mod.o
  CC      drivers/net/wireless/ath/carl9170/carl9170.mod.o
  CC      drivers/net/wireless/atmel/at76c50x-usb.mod.o
  CC      drivers/net/wireless/broadcom/b43/b43.mod.o
  CC      drivers/net/wireless/broadcom/b43legacy/b43legacy.mod.o
  CC      drivers/net/wireless/broadcom/brcm80211/brcmfmac/brcmfmac.mod.o
  CC      drivers/net/wireless/broadcom/brcm80211/brcmutil/brcmutil.mod.o
  CC      drivers/net/wireless/intersil/hostap/hostap.mod.o
  CC      drivers/net/wireless/intersil/p54/p54common.mod.o
  CC      drivers/net/wireless/intersil/p54/p54usb.mod.o
  CC      drivers/net/wireless/mac80211_hwsim.mod.o
  CC      drivers/net/wireless/marvell/libertas/libertas.mod.o
  CC      drivers/net/wireless/marvell/libertas/libertas_sdio.mod.o
  CC      drivers/net/wireless/marvell/libertas/usb8xxx.mod.o
  CC      drivers/net/wireless/marvell/libertas_tf/libertas_tf.mod.o
  CC      drivers/net/wireless/marvell/libertas_tf/libertas_tf_usb.mod.o
  CC      drivers/net/wireless/marvell/mwifiex/mwifiex.mod.o
  CC      drivers/net/wireless/marvell/mwifiex/mwifiex_sdio.mod.o
  CC      drivers/net/wireless/mediatek/mt7601u/mt7601u.mod.o
  CC      drivers/net/wireless/ralink/rt2x00/rt2500usb.mod.o
  CC      drivers/net/wireless/ralink/rt2x00/rt2800lib.mod.o
  CC      drivers/net/wireless/ralink/rt2x00/rt2800usb.mod.o
  CC      drivers/net/wireless/ralink/rt2x00/rt2x00lib.mod.o
  CC      drivers/net/wireless/ralink/rt2x00/rt2x00usb.mod.o
  CC      drivers/net/wireless/ralink/rt2x00/rt73usb.mod.o
  CC      drivers/net/wireless/realtek/rtl818x/rtl8187/rtl8187.mod.o
  CC      drivers/net/wireless/realtek/rtl8192cu/8192cu.mod.o
  CC      drivers/net/wireless/realtek/rtl8xxxu/rtl8xxxu.mod.o
  CC      drivers/net/wireless/realtek/rtlwifi/rtl8192c/rtl8192c-common.mod.o
  CC      drivers/net/wireless/realtek/rtlwifi/rtl8192cu/rtl8192cu.mod.o
  CC      drivers/net/wireless/realtek/rtlwifi/rtl_usb.mod.o
  CC      drivers/net/wireless/realtek/rtlwifi/rtlwifi.mod.o
  CC      drivers/net/wireless/rndis_wlan.mod.o
  CC      drivers/net/wireless/zydas/zd1201.mod.o
  CC      drivers/net/wireless/zydas/zd1211rw/zd1211rw.mod.o
  CC      drivers/perf/raspberrypi_axi_monitor.mod.o
  CC      drivers/pinctrl/pinctrl-mcp23s08.mod.o
  CC      drivers/power/supply/ds2760_battery.mod.o
  CC      drivers/power/supply/ltc2941-battery-gauge.mod.o
  CC      drivers/pps/clients/pps-gpio.mod.o
  CC      drivers/pps/clients/pps-ldisc.mod.o
  CC      drivers/pps/pps_core.mod.o
  CC      drivers/pwm/pwm-bcm2835.mod.o
  CC      drivers/pwm/pwm-pca9685.mod.o
  CC      drivers/regulator/arizona-ldo1.mod.o
  CC      drivers/regulator/arizona-micsupp.mod.o
  CC      drivers/regulator/fixed.mod.o
  CC      drivers/rtc/rtc-abx80x.mod.o
  CC      drivers/rtc/rtc-bq32k.mod.o
  CC      drivers/rtc/rtc-ds1302.mod.o
  CC      drivers/rtc/rtc-ds1305.mod.o
  CC      drivers/rtc/rtc-ds1307.mod.o
  CC      drivers/rtc/rtc-ds1374.mod.o
  CC      drivers/rtc/rtc-ds1390.mod.o
  CC      drivers/rtc/rtc-ds1672.mod.o
  CC      drivers/rtc/rtc-ds3232.mod.o
  CC      drivers/rtc/rtc-em3027.mod.o
  CC      drivers/rtc/rtc-fm3130.mod.o
  CC      drivers/rtc/rtc-isl12022.mod.o
  CC      drivers/rtc/rtc-isl1208.mod.o
  CC      drivers/rtc/rtc-m41t80.mod.o
  CC      drivers/rtc/rtc-m41t93.mod.o
  CC      drivers/rtc/rtc-m41t94.mod.o
  CC      drivers/rtc/rtc-max6900.mod.o
  CC      drivers/rtc/rtc-max6902.mod.o
  CC      drivers/rtc/rtc-pcf2123.mod.o
  CC      drivers/rtc/rtc-pcf2127.mod.o
  CC      drivers/rtc/rtc-pcf8523.mod.o
  CC      drivers/rtc/rtc-pcf8563.mod.o
  CC      drivers/rtc/rtc-pcf8583.mod.o
  CC      drivers/rtc/rtc-r9701.mod.o
  CC      drivers/rtc/rtc-rs5c348.mod.o
  CC      drivers/rtc/rtc-rs5c372.mod.o
  CC      drivers/rtc/rtc-rv3029c2.mod.o
  CC      drivers/rtc/rtc-rx4581.mod.o
  CC      drivers/rtc/rtc-rx8025.mod.o
  CC      drivers/rtc/rtc-rx8581.mod.o
  CC      drivers/rtc/rtc-s35390a.mod.o
  CC      drivers/rtc/rtc-x1205.mod.o
  CC      drivers/scsi/iscsi_boot_sysfs.mod.o
  CC      drivers/scsi/iscsi_tcp.mod.o
  CC      drivers/scsi/libiscsi.mod.o
  CC      drivers/scsi/libiscsi_tcp.mod.o
  CC      drivers/scsi/osst.mod.o
  CC      drivers/scsi/sg.mod.o
  CC      drivers/scsi/sr_mod.mod.o
  CC      drivers/scsi/st.mod.o
  CC      drivers/spi/spi-bcm2835.mod.o
  CC      drivers/spi/spi-bcm2835aux.mod.o
  CC      drivers/spi/spi-bitbang.mod.o
  CC      drivers/spi/spi-gpio.mod.o
  CC      drivers/spi/spidev.mod.o
  CC      drivers/ssb/ssb.mod.o
  CC      drivers/staging/fbtft/fb_agm1264k-fl.mod.o
  CC      drivers/staging/fbtft/fb_bd663474.mod.o
  CC      drivers/staging/fbtft/fb_hx8340bn.mod.o
  CC      drivers/staging/fbtft/fb_hx8347d.mod.o
  CC      drivers/staging/fbtft/fb_hx8353d.mod.o
  CC      drivers/staging/fbtft/fb_hx8357d.mod.o
  CC      drivers/staging/fbtft/fb_ili9163.mod.o
  CC      drivers/staging/fbtft/fb_ili9320.mod.o
  CC      drivers/staging/fbtft/fb_ili9325.mod.o
  CC      drivers/staging/fbtft/fb_ili9340.mod.o
  CC      drivers/staging/fbtft/fb_ili9341.mod.o
  CC      drivers/staging/fbtft/fb_ili9481.mod.o
  CC      drivers/staging/fbtft/fb_ili9486.mod.o
  CC      drivers/staging/fbtft/fb_pcd8544.mod.o
  CC      drivers/staging/fbtft/fb_ra8875.mod.o
  CC      drivers/staging/fbtft/fb_s6d02a1.mod.o
  CC      drivers/staging/fbtft/fb_s6d1121.mod.o
  CC      drivers/staging/fbtft/fb_ssd1289.mod.o
  CC      drivers/staging/fbtft/fb_ssd1306.mod.o
  CC      drivers/staging/fbtft/fb_ssd1331.mod.o
  CC      drivers/staging/fbtft/fb_ssd1351.mod.o
  CC      drivers/staging/fbtft/fb_st7735r.mod.o
  CC      drivers/staging/fbtft/fb_st7789v.mod.o
  CC      drivers/staging/fbtft/fb_tinylcd.mod.o
  CC      drivers/staging/fbtft/fb_tls8204.mod.o
  CC      drivers/staging/fbtft/fb_uc1701.mod.o
  CC      drivers/staging/fbtft/fb_upd161704.mod.o
  CC      drivers/staging/fbtft/fb_watterott.mod.o
  CC      drivers/staging/fbtft/fbtft.mod.o
  CC      drivers/staging/fbtft/fbtft_device.mod.o
  CC      drivers/staging/fbtft/flexfb.mod.o
  CC      drivers/staging/irda/drivers/irda-usb.mod.o
  CC      drivers/staging/irda/drivers/irtty-sir.mod.o
  CC      drivers/staging/irda/drivers/kingsun-sir.mod.o
  CC      drivers/staging/irda/drivers/ks959-sir.mod.o
  CC      drivers/staging/irda/drivers/ksdazzle-sir.mod.o
  CC      drivers/staging/irda/drivers/mcs7780.mod.o
  CC      drivers/staging/irda/drivers/sir-dev.mod.o
  CC      drivers/staging/irda/drivers/stir4200.mod.o
  CC      drivers/staging/irda/net/ircomm/ircomm-tty.mod.o
  CC      drivers/staging/irda/net/ircomm/ircomm.mod.o
  CC      drivers/staging/irda/net/irda.mod.o
  CC      drivers/staging/irda/net/irlan/irlan.mod.o
  CC      drivers/staging/irda/net/irnet/irnet.mod.o
  CC      drivers/staging/media/lirc/lirc_rpi.mod.o
  CC      drivers/staging/rtl8188eu/r8188eu.mod.o
  CC      drivers/staging/rtl8712/r8712u.mod.o
  CC      drivers/staging/speakup/speakup.mod.o
  CC      drivers/staging/speakup/speakup_soft.mod.o
  CC      drivers/staging/vc04_services/bcm2835-audio/snd-bcm2835.mod.o
  CC      drivers/staging/vc04_services/bcm2835-camera/bcm2835-v4l2.mod.o
  CC      drivers/staging/vt6656/vt6656_stage.mod.o
  CC      drivers/staging/wlan-ng/prism2_usb.mod.o
  CC      drivers/tty/serdev/serdev.mod.o
  CC      drivers/tty/serial/sc16is7xx.mod.o
  CC      drivers/uio/uio.mod.o
  CC      drivers/uio/uio_pdrv_genirq.mod.o
  CC      drivers/usb/atm/cxacru.mod.o
  CC      drivers/usb/atm/speedtch.mod.o
  CC      drivers/usb/atm/ueagle-atm.mod.o
  CC      drivers/usb/atm/usbatm.mod.o
  CC      drivers/usb/atm/xusbatm.mod.o
  CC      drivers/usb/class/cdc-acm.mod.o
  CC      drivers/usb/class/cdc-wdm.mod.o
  CC      drivers/usb/class/usblp.mod.o
  CC      drivers/usb/dwc2/dwc2.mod.o
  CC      drivers/usb/gadget/function/u_audio.mod.o
  CC      drivers/usb/gadget/function/u_ether.mod.o
  CC      drivers/usb/gadget/function/u_serial.mod.o
  CC      drivers/usb/gadget/function/usb_f_acm.mod.o
  CC      drivers/usb/gadget/function/usb_f_ecm.mod.o
  CC      drivers/usb/gadget/function/usb_f_ecm_subset.mod.o
  CC      drivers/usb/gadget/function/usb_f_hid.mod.o
  CC      drivers/usb/gadget/function/usb_f_mass_storage.mod.o
  CC      drivers/usb/gadget/function/usb_f_midi.mod.o
  CC      drivers/usb/gadget/function/usb_f_obex.mod.o
  CC      drivers/usb/gadget/function/usb_f_printer.mod.o
  CC      drivers/usb/gadget/function/usb_f_rndis.mod.o
  CC      drivers/usb/gadget/function/usb_f_serial.mod.o
  CC      drivers/usb/gadget/function/usb_f_ss_lb.mod.o
  CC      drivers/usb/gadget/function/usb_f_uac2.mod.o
  CC      drivers/usb/gadget/function/usb_f_uvc.mod.o
  CC      drivers/usb/gadget/legacy/g_acm_ms.mod.o
  CC      drivers/usb/gadget/legacy/g_audio.mod.o
  CC      drivers/usb/gadget/legacy/g_cdc.mod.o
  CC      drivers/usb/gadget/legacy/g_ether.mod.o
  CC      drivers/usb/gadget/legacy/g_hid.mod.o
  CC      drivers/usb/gadget/legacy/g_mass_storage.mod.o
  CC      drivers/usb/gadget/legacy/g_midi.mod.o
  CC      drivers/usb/gadget/legacy/g_multi.mod.o
  CC      drivers/usb/gadget/legacy/g_printer.mod.o
  CC      drivers/usb/gadget/legacy/g_serial.mod.o
  CC      drivers/usb/gadget/legacy/g_webcam.mod.o
  CC      drivers/usb/gadget/legacy/g_zero.mod.o
  CC      drivers/usb/gadget/legacy/gadgetfs.mod.o
  CC      drivers/usb/gadget/libcomposite.mod.o
  CC      drivers/usb/gadget/udc/udc-core.mod.o
  CC      drivers/usb/image/mdc800.mod.o
  CC      drivers/usb/image/microtek.mod.o
  CC      drivers/usb/misc/adutux.mod.o
  CC      drivers/usb/misc/appledisplay.mod.o
  CC      drivers/usb/misc/cypress_cy7c63.mod.o
  CC      drivers/usb/misc/cytherm.mod.o
  CC      drivers/usb/misc/emi26.mod.o
  CC      drivers/usb/misc/emi62.mod.o
  CC      drivers/usb/misc/ezusb.mod.o
  CC      drivers/usb/misc/ftdi-elan.mod.o
  CC      drivers/usb/misc/idmouse.mod.o
  CC      drivers/usb/misc/iowarrior.mod.o
  CC      drivers/usb/misc/isight_firmware.mod.o
  CC      drivers/usb/misc/ldusb.mod.o
  CC      drivers/usb/misc/legousbtower.mod.o
  CC      drivers/usb/misc/rio500.mod.o
  CC      drivers/usb/misc/trancevibrator.mod.o
  CC      drivers/usb/misc/usblcd.mod.o
  CC      drivers/usb/misc/usbsevseg.mod.o
  CC      drivers/usb/misc/usbtest.mod.o
  CC      drivers/usb/misc/yurex.mod.o
  CC      drivers/usb/mon/usbmon.mod.o
  CC      drivers/usb/serial/aircable.mod.o
  CC      drivers/usb/serial/ark3116.mod.o
  CC      drivers/usb/serial/belkin_sa.mod.o
  CC      drivers/usb/serial/ch341.mod.o
  CC      drivers/usb/serial/cp210x.mod.o
  CC      drivers/usb/serial/cyberjack.mod.o
  CC      drivers/usb/serial/cypress_m8.mod.o
  CC      drivers/usb/serial/digi_acceleport.mod.o
  CC      drivers/usb/serial/empeg.mod.o
  CC      drivers/usb/serial/f81232.mod.o
  CC      drivers/usb/serial/ftdi_sio.mod.o
  CC      drivers/usb/serial/garmin_gps.mod.o
  CC      drivers/usb/serial/io_edgeport.mod.o
  CC      drivers/usb/serial/io_ti.mod.o
  CC      drivers/usb/serial/ipaq.mod.o
  CC      drivers/usb/serial/ipw.mod.o
  CC      drivers/usb/serial/ir-usb.mod.o
  CC      drivers/usb/serial/iuu_phoenix.mod.o
  CC      drivers/usb/serial/keyspan.mod.o
  CC      drivers/usb/serial/keyspan_pda.mod.o
  CC      drivers/usb/serial/kl5kusb105.mod.o
  CC      drivers/usb/serial/kobil_sct.mod.o
  CC      drivers/usb/serial/mct_u232.mod.o
  CC      drivers/usb/serial/metro-usb.mod.o
  CC      drivers/usb/serial/mos7720.mod.o
  CC      drivers/usb/serial/mos7840.mod.o
  CC      drivers/usb/serial/navman.mod.o
  CC      drivers/usb/serial/omninet.mod.o
  CC      drivers/usb/serial/opticon.mod.o
  CC      drivers/usb/serial/option.mod.o
  CC      drivers/usb/serial/oti6858.mod.o
  CC      drivers/usb/serial/pl2303.mod.o
  CC      drivers/usb/serial/qcaux.mod.o
  CC      drivers/usb/serial/qcserial.mod.o
  CC      drivers/usb/serial/quatech2.mod.o
  CC      drivers/usb/serial/safe_serial.mod.o
  CC      drivers/usb/serial/sierra.mod.o
  CC      drivers/usb/serial/spcp8x5.mod.o
  CC      drivers/usb/serial/ssu100.mod.o
  CC      drivers/usb/serial/symbolserial.mod.o
  CC      drivers/usb/serial/ti_usb_3410_5052.mod.o
  CC      drivers/usb/serial/usb_debug.mod.o
  CC      drivers/usb/serial/usb_wwan.mod.o
  CC      drivers/usb/serial/usbserial.mod.o
  CC      drivers/usb/serial/visor.mod.o
  CC      drivers/usb/serial/whiteheat.mod.o
  CC      drivers/usb/serial/wishbone-serial.mod.o
  CC      drivers/usb/serial/xsens_mt.mod.o
  CC      drivers/usb/storage/ums-alauda.mod.o
  CC      drivers/usb/storage/ums-cypress.mod.o
  CC      drivers/usb/storage/ums-datafab.mod.o
  CC      drivers/usb/storage/ums-eneub6250.mod.o
  CC      drivers/usb/storage/ums-freecom.mod.o
  CC      drivers/usb/storage/ums-isd200.mod.o
  CC      drivers/usb/storage/ums-jumpshot.mod.o
  CC      drivers/usb/storage/ums-karma.mod.o
  CC      drivers/usb/storage/ums-onetouch.mod.o
  CC      drivers/usb/storage/ums-realtek.mod.o
  CC      drivers/usb/storage/ums-sddr09.mod.o
  CC      drivers/usb/storage/ums-sddr55.mod.o
  CC      drivers/usb/storage/ums-usbat.mod.o
  CC      drivers/usb/usbip/usbip-core.mod.o
  CC      drivers/usb/usbip/usbip-host.mod.o
  CC      drivers/usb/usbip/usbip-vudc.mod.o
  CC      drivers/usb/usbip/vhci-hcd.mod.o
  CC      drivers/video/backlight/gpio_backlight.mod.o
  CC      drivers/video/backlight/lcd.mod.o
  CC      drivers/video/backlight/rpi_backlight.mod.o
  CC      drivers/video/fbdev/core/fb_sys_fops.mod.o
  CC      drivers/video/fbdev/core/syscopyarea.mod.o
  CC      drivers/video/fbdev/core/sysfillrect.mod.o
  CC      drivers/video/fbdev/core/sysimgblt.mod.o
  CC      drivers/video/fbdev/rpisense-fb.mod.o
  CC      drivers/video/fbdev/ssd1307fb.mod.o
  CC      drivers/video/fbdev/udlfb.mod.o
  CC      drivers/w1/masters/ds1wm.mod.o
  CC      drivers/w1/masters/ds2482.mod.o
  CC      drivers/w1/masters/ds2490.mod.o
  CC      drivers/w1/masters/w1-gpio.mod.o
  CC      drivers/w1/slaves/w1_ds2406.mod.o
  CC      drivers/w1/slaves/w1_ds2408.mod.o
  CC      drivers/w1/slaves/w1_ds2413.mod.o
  CC      drivers/w1/slaves/w1_ds2423.mod.o
  CC      drivers/w1/slaves/w1_ds2431.mod.o
  CC      drivers/w1/slaves/w1_ds2433.mod.o
  CC      drivers/w1/slaves/w1_ds2438.mod.o
  CC      drivers/w1/slaves/w1_ds2760.mod.o
  CC      drivers/w1/slaves/w1_ds2780.mod.o
  CC      drivers/w1/slaves/w1_ds2781.mod.o
  CC      drivers/w1/slaves/w1_ds28e04.mod.o
  CC      drivers/w1/slaves/w1_smem.mod.o
  CC      drivers/w1/slaves/w1_therm.mod.o
  CC      drivers/w1/wire.mod.o
  CC      drivers/watchdog/gpio_wdt.mod.o
  CC      fs/9p/9p.mod.o
  CC      fs/binfmt_misc.mod.o
  CC      fs/btrfs/btrfs.mod.o
  CC      fs/cifs/cifs.mod.o
  CC      fs/dlm/dlm.mod.o
  CC      fs/ecryptfs/ecryptfs.mod.o
  CC      fs/fuse/cuse.mod.o
  CC      fs/fuse/fuse.mod.o
  CC      fs/gfs2/gfs2.mod.o
  CC      fs/hfs/hfs.mod.o
  CC      fs/hfsplus/hfsplus.mod.o
  CC      fs/isofs/isofs.mod.o
  CC      fs/jffs2/jffs2.mod.o
  CC      fs/jfs/jfs.mod.o
  CC      fs/nfs/blocklayout/blocklayoutdriver.mod.o
  CC      fs/nfs/flexfilelayout/nfs_layout_flexfiles.mod.o
  CC      fs/nfsd/nfsd.mod.o
  CC      fs/nilfs2/nilfs2.mod.o
  CC      fs/nls/nls_cp1250.mod.o
  CC      fs/nls/nls_cp1251.mod.o
  CC      fs/nls/nls_cp1255.mod.o
  CC      fs/nls/nls_cp737.mod.o
  CC      fs/nls/nls_cp775.mod.o
  CC      fs/nls/nls_cp850.mod.o
  CC      fs/nls/nls_cp852.mod.o
  CC      fs/nls/nls_cp855.mod.o
  CC      fs/nls/nls_cp857.mod.o
  CC      fs/nls/nls_cp860.mod.o
  CC      fs/nls/nls_cp861.mod.o
  CC      fs/nls/nls_cp862.mod.o
  CC      fs/nls/nls_cp863.mod.o
  CC      fs/nls/nls_cp864.mod.o
  CC      fs/nls/nls_cp865.mod.o
  CC      fs/nls/nls_cp866.mod.o
  CC      fs/nls/nls_cp869.mod.o
  CC      fs/nls/nls_cp874.mod.o
  CC      fs/nls/nls_cp932.mod.o
  CC      fs/nls/nls_cp936.mod.o
  CC      fs/nls/nls_cp949.mod.o
  CC      fs/nls/nls_cp950.mod.o
  CC      fs/nls/nls_euc-jp.mod.o
  CC      fs/nls/nls_iso8859-1.mod.o
  CC      fs/nls/nls_iso8859-13.mod.o
  CC      fs/nls/nls_iso8859-14.mod.o
  CC      fs/nls/nls_iso8859-15.mod.o
  CC      fs/nls/nls_iso8859-2.mod.o
  CC      fs/nls/nls_iso8859-3.mod.o
  CC      fs/nls/nls_iso8859-4.mod.o
  CC      fs/nls/nls_iso8859-5.mod.o
  CC      fs/nls/nls_iso8859-6.mod.o
  CC      fs/nls/nls_iso8859-7.mod.o
  CC      fs/nls/nls_iso8859-9.mod.o
  CC      fs/nls/nls_koi8-r.mod.o
  CC      fs/nls/nls_koi8-ru.mod.o
  CC      fs/nls/nls_koi8-u.mod.o
  CC      fs/nls/nls_utf8.mod.o
  CC      fs/ntfs/ntfs.mod.o
  CC      fs/ocfs2/cluster/ocfs2_nodemanager.mod.o
  CC      fs/ocfs2/dlm/ocfs2_dlm.mod.o
  CC      fs/ocfs2/dlmfs/ocfs2_dlmfs.mod.o
  CC      fs/ocfs2/ocfs2.mod.o
  CC      fs/ocfs2/ocfs2_stack_o2cb.mod.o
  CC      fs/ocfs2/ocfs2_stack_user.mod.o
  CC      fs/ocfs2/ocfs2_stackglue.mod.o
  CC      fs/overlayfs/overlay.mod.o
  CC      fs/quota/quota_tree.mod.o
  CC      fs/quota/quota_v1.mod.o
  CC      fs/quota/quota_v2.mod.o
  CC      fs/reiserfs/reiserfs.mod.o
  CC      fs/squashfs/squashfs.mod.o
  CC      fs/ubifs/ubifs.mod.o
  CC      fs/udf/udf.mod.o
  CC      fs/xfs/xfs.mod.o
  CC      kernel/configs.mod.o
  CC      lib/crc-ccitt.mod.o
  CC      lib/crc7.mod.o
  CC      lib/crc8.mod.o
  CC      lib/lru_cache.mod.o
  CC      lib/lz4/lz4_compress.mod.o
  CC      lib/lzo/lzo_compress.mod.o
  CC      lib/raid6/raid6_pq.mod.o
  CC      lib/ts_bm.mod.o
  CC      lib/ts_fsm.mod.o
  CC      lib/ts_kmp.mod.o
  CC      lib/xxhash.mod.o
  CC      lib/zlib_deflate/zlib_deflate.mod.o
  CC      lib/zstd/zstd_compress.mod.o
  CC      lib/zstd/zstd_decompress.mod.o
  CC      mm/zsmalloc.mod.o
  CC      net/6lowpan/6lowpan.mod.o
  CC      net/6lowpan/nhc_dest.mod.o
  CC      net/6lowpan/nhc_fragment.mod.o
  CC      net/6lowpan/nhc_hop.mod.o
  CC      net/6lowpan/nhc_ipv6.mod.o
  CC      net/6lowpan/nhc_mobility.mod.o
  CC      net/6lowpan/nhc_routing.mod.o
  CC      net/6lowpan/nhc_udp.mod.o
  CC      net/802/garp.mod.o
  CC      net/802/p8022.mod.o
  CC      net/802/psnap.mod.o
  CC      net/802/stp.mod.o
  CC      net/8021q/8021q.mod.o
  CC      net/9p/9pnet.mod.o
  CC      net/appletalk/appletalk.mod.o
  CC      net/atm/atm.mod.o
  CC      net/atm/pppoatm.mod.o
  CC      net/ax25/ax25.mod.o
  CC      net/batman-adv/batman-adv.mod.o
  CC      net/bluetooth/bluetooth.mod.o
  CC      net/bluetooth/bluetooth_6lowpan.mod.o
  CC      net/bluetooth/bnep/bnep.mod.o
  CC      net/bluetooth/hidp/hidp.mod.o
  CC      net/bluetooth/rfcomm/rfcomm.mod.o
  CC      net/bridge/br_netfilter.mod.o
  CC      net/bridge/bridge.mod.o
  CC      net/bridge/netfilter/ebt_802_3.mod.o
  CC      net/bridge/netfilter/ebt_among.mod.o
  CC      net/bridge/netfilter/ebt_arp.mod.o
  CC      net/bridge/netfilter/ebt_arpreply.mod.o
  CC      net/bridge/netfilter/ebt_dnat.mod.o
  CC      net/bridge/netfilter/ebt_ip.mod.o
  CC      net/bridge/netfilter/ebt_ip6.mod.o
  CC      net/bridge/netfilter/ebt_limit.mod.o
  CC      net/bridge/netfilter/ebt_log.mod.o
  CC      net/bridge/netfilter/ebt_mark.mod.o
  CC      net/bridge/netfilter/ebt_mark_m.mod.o
  CC      net/bridge/netfilter/ebt_nflog.mod.o
  CC      net/bridge/netfilter/ebt_pkttype.mod.o
  CC      net/bridge/netfilter/ebt_redirect.mod.o
  CC      net/bridge/netfilter/ebt_snat.mod.o
  CC      net/bridge/netfilter/ebt_stp.mod.o
  CC      net/bridge/netfilter/ebt_vlan.mod.o
  CC      net/bridge/netfilter/ebtable_broute.mod.o
  CC      net/bridge/netfilter/ebtable_filter.mod.o
  CC      net/bridge/netfilter/ebtable_nat.mod.o
  CC      net/bridge/netfilter/ebtables.mod.o
  CC      net/can/can-bcm.mod.o
  CC      net/can/can-gw.mod.o
  CC      net/can/can.mod.o
  CC      net/can/can-raw.mod.o
  CC      net/core/pktgen.mod.o
  CC      net/ieee802154/6lowpan/ieee802154_6lowpan.mod.o
  CC      net/ieee802154/ieee802154.mod.o
  CC      net/ieee802154/ieee802154_socket.mod.o
  CC      net/ipv4/ah4.mod.o
  CC      net/ipv4/esp4.mod.o
  CC      net/ipv4/gre.mod.o
  CC      net/ipv4/inet_diag.mod.o
  CC      net/ipv4/ip_gre.mod.o
  CC      net/ipv4/ip_tunnel.mod.o
  CC      net/ipv4/ip_vti.mod.o
  CC      net/ipv4/ipcomp.mod.o
  CC      net/ipv4/ipip.mod.o
  CC      net/ipv4/netfilter/arp_tables.mod.o
  CC      net/ipv4/netfilter/arpt_mangle.mod.o
  CC      net/ipv4/netfilter/arptable_filter.mod.o
  CC      net/ipv4/netfilter/ip_tables.mod.o
  CC      net/ipv4/netfilter/ipt_CLUSTERIP.mod.o
  CC      net/ipv4/netfilter/ipt_ECN.mod.o
  CC      net/ipv4/netfilter/ipt_MASQUERADE.mod.o
  CC      net/ipv4/netfilter/ipt_REJECT.mod.o
  CC      net/ipv4/netfilter/ipt_ah.mod.o
  CC      net/ipv4/netfilter/ipt_rpfilter.mod.o
  CC      net/ipv4/netfilter/iptable_filter.mod.o
  CC      net/ipv4/netfilter/iptable_mangle.mod.o
  CC      net/ipv4/netfilter/iptable_nat.mod.o
  CC      net/ipv4/netfilter/iptable_raw.mod.o
  CC      net/ipv4/netfilter/nf_conntrack_ipv4.mod.o
  CC      net/ipv4/netfilter/nf_defrag_ipv4.mod.o
  CC      net/ipv4/netfilter/nf_dup_ipv4.mod.o
  CC      net/ipv4/netfilter/nf_log_ipv4.mod.o
  CC      net/ipv4/netfilter/nf_nat_h323.mod.o
  CC      net/ipv4/netfilter/nf_nat_ipv4.mod.o
  CC      net/ipv4/netfilter/nf_nat_masquerade_ipv4.mod.o
  CC      net/ipv4/netfilter/nf_nat_pptp.mod.o
  CC      net/ipv4/netfilter/nf_nat_proto_gre.mod.o
  CC      net/ipv4/netfilter/nf_nat_snmp_basic.mod.o
  CC      net/ipv4/netfilter/nf_reject_ipv4.mod.o
  CC      net/ipv4/tcp_bbr.mod.o
  CC      net/ipv4/tcp_bic.mod.o
  CC      net/ipv4/tcp_diag.mod.o
  CC      net/ipv4/tcp_htcp.mod.o
  CC      net/ipv4/tcp_westwood.mod.o
  CC      net/ipv4/tunnel4.mod.o
  CC      net/ipv4/udp_tunnel.mod.o
  CC      net/ipv4/xfrm4_mode_beet.mod.o
  CC      net/ipv4/xfrm4_mode_transport.mod.o
  CC      net/ipv4/xfrm4_mode_tunnel.mod.o
  CC      net/ipv4/xfrm4_tunnel.mod.o
  CC      net/ipv6/ah6.mod.o
  CC      net/ipv6/esp6.mod.o
  CC      net/ipv6/ip6_tunnel.mod.o
  CC      net/ipv6/ip6_udp_tunnel.mod.o
  CC      net/ipv6/ipcomp6.mod.o
  CC      net/ipv6/ipv6.mod.o
  CC      net/ipv6/netfilter/ip6_tables.mod.o
  CC      net/ipv6/netfilter/ip6t_MASQUERADE.mod.o
  CC      net/ipv6/netfilter/ip6t_NPT.mod.o
  CC      net/ipv6/netfilter/ip6t_REJECT.mod.o
  CC      net/ipv6/netfilter/ip6t_ah.mod.o
  CC      net/ipv6/netfilter/ip6t_eui64.mod.o
  CC      net/ipv6/netfilter/ip6t_frag.mod.o
  CC      net/ipv6/netfilter/ip6t_hbh.mod.o
  CC      net/ipv6/netfilter/ip6t_ipv6header.mod.o
  CC      net/ipv6/netfilter/ip6t_mh.mod.o
  CC      net/ipv6/netfilter/ip6t_rpfilter.mod.o
  CC      net/ipv6/netfilter/ip6t_rt.mod.o
  CC      net/ipv6/netfilter/ip6table_filter.mod.o
  CC      net/ipv6/netfilter/ip6table_mangle.mod.o
  CC      net/ipv6/netfilter/ip6table_nat.mod.o
  CC      net/ipv6/netfilter/ip6table_raw.mod.o
  CC      net/ipv6/netfilter/nf_conntrack_ipv6.mod.o
  CC      net/ipv6/netfilter/nf_defrag_ipv6.mod.o
  CC      net/ipv6/netfilter/nf_dup_ipv6.mod.o
  CC      net/ipv6/netfilter/nf_log_ipv6.mod.o
  CC      net/ipv6/netfilter/nf_nat_ipv6.mod.o
  CC      net/ipv6/netfilter/nf_nat_masquerade_ipv6.mod.o
  CC      net/ipv6/netfilter/nf_reject_ipv6.mod.o
  CC      net/ipv6/sit.mod.o
  CC      net/ipv6/tunnel6.mod.o
  CC      net/ipv6/xfrm6_mode_beet.mod.o
  CC      net/ipv6/xfrm6_mode_transport.mod.o
  CC      net/ipv6/xfrm6_mode_tunnel.mod.o
  CC      net/ipv6/xfrm6_tunnel.mod.o
  CC      net/key/af_key.mod.o
  CC      net/l2tp/l2tp_core.mod.o
  CC      net/l2tp/l2tp_eth.mod.o
  CC      net/l2tp/l2tp_ip.mod.o
  CC      net/l2tp/l2tp_ip6.mod.o
  CC      net/l2tp/l2tp_netlink.mod.o
  CC      net/l2tp/l2tp_ppp.mod.o
  CC      net/llc/llc.mod.o
  CC      net/mac80211/mac80211.mod.o
  CC      net/mac802154/mac802154.mod.o
  CC      net/mpls/mpls_gso.mod.o
  CC      net/netfilter/ipset/ip_set.mod.o
  CC      net/netfilter/ipset/ip_set_bitmap_ip.mod.o
  CC      net/netfilter/ipset/ip_set_bitmap_ipmac.mod.o
  CC      net/netfilter/ipset/ip_set_bitmap_port.mod.o
  CC      net/netfilter/ipset/ip_set_hash_ip.mod.o
  CC      net/netfilter/ipset/ip_set_hash_ipport.mod.o
  CC      net/netfilter/ipset/ip_set_hash_ipportip.mod.o
  CC      net/netfilter/ipset/ip_set_hash_ipportnet.mod.o
  CC      net/netfilter/ipset/ip_set_hash_net.mod.o
  CC      net/netfilter/ipset/ip_set_hash_netiface.mod.o
  CC      net/netfilter/ipset/ip_set_hash_netport.mod.o
  CC      net/netfilter/ipset/ip_set_list_set.mod.o
  CC      net/netfilter/ipvs/ip_vs.mod.o
  CC      net/netfilter/ipvs/ip_vs_dh.mod.o
  CC      net/netfilter/ipvs/ip_vs_ftp.mod.o
  CC      net/netfilter/ipvs/ip_vs_lblc.mod.o
  CC      net/netfilter/ipvs/ip_vs_lblcr.mod.o
  CC      net/netfilter/ipvs/ip_vs_lc.mod.o
  CC      net/netfilter/ipvs/ip_vs_nq.mod.o
  CC      net/netfilter/ipvs/ip_vs_pe_sip.mod.o
  CC      net/netfilter/ipvs/ip_vs_rr.mod.o
  CC      net/netfilter/ipvs/ip_vs_sh.mod.o
  CC      net/netfilter/ipvs/ip_vs_sed.mod.o
  CC      net/netfilter/ipvs/ip_vs_wlc.mod.o
  CC      net/netfilter/ipvs/ip_vs_wrr.mod.o
  CC      net/netfilter/nf_conntrack.mod.o
  CC      net/netfilter/nf_conntrack_amanda.mod.o
  CC      net/netfilter/nf_conntrack_broadcast.mod.o
  CC      net/netfilter/nf_conntrack_h323.mod.o
  CC      net/netfilter/nf_conntrack_ftp.mod.o
  CC      net/netfilter/nf_conntrack_irc.mod.o
  CC      net/netfilter/nf_conntrack_netbios_ns.mod.o
  CC      net/netfilter/nf_conntrack_netlink.mod.o
  CC      net/netfilter/nf_conntrack_pptp.mod.o
  CC      net/netfilter/nf_conntrack_proto_gre.mod.o
  CC      net/netfilter/nf_conntrack_sane.mod.o
  CC      net/netfilter/nf_conntrack_sip.mod.o
  CC      net/netfilter/nf_conntrack_snmp.mod.o
  CC      net/netfilter/nf_conntrack_tftp.mod.o
  CC      net/netfilter/nf_log_common.mod.o
  CC      net/netfilter/nf_nat.mod.o
  CC      net/netfilter/nf_nat_amanda.mod.o
  CC      net/netfilter/nf_nat_ftp.mod.o
  CC      net/netfilter/nf_nat_irc.mod.o
  CC      net/netfilter/nf_nat_redirect.mod.o
  CC      net/netfilter/nf_nat_sip.mod.o
  CC      net/netfilter/nf_nat_tftp.mod.o
  CC      net/netfilter/nfnetlink.mod.o
  CC      net/netfilter/nfnetlink_acct.mod.o
  CC      net/netfilter/nfnetlink_log.mod.o
  CC      net/netfilter/nfnetlink_queue.mod.o
  CC      net/netfilter/x_tables.mod.o
  CC      net/netfilter/xt_CHECKSUM.mod.o
  CC      net/netfilter/xt_CLASSIFY.mod.o
  CC      net/netfilter/xt_CT.mod.o
  CC      net/netfilter/xt_DSCP.mod.o
  CC      net/netfilter/xt_HL.mod.o
  CC      net/netfilter/xt_HMARK.mod.o
  CC      net/netfilter/xt_IDLETIMER.mod.o
  CC      net/netfilter/xt_LED.mod.o
  CC      net/netfilter/xt_LOG.mod.o
  CC      net/netfilter/xt_NETMAP.mod.o
  CC      net/netfilter/xt_NFLOG.mod.o
  CC      net/netfilter/xt_NFQUEUE.mod.o
  CC      net/netfilter/xt_RATEEST.mod.o
  CC      net/netfilter/xt_REDIRECT.mod.o
  CC      net/netfilter/xt_TCPMSS.mod.o
  CC      net/netfilter/xt_TCPOPTSTRIP.mod.o
  CC      net/netfilter/xt_TEE.mod.o
  CC      net/netfilter/xt_TPROXY.mod.o
  CC      net/netfilter/xt_TRACE.mod.o
  CC      net/netfilter/xt_addrtype.mod.o
  CC      net/netfilter/xt_bpf.mod.o
  CC      net/netfilter/xt_cluster.mod.o
  CC      net/netfilter/xt_comment.mod.o
  CC      net/netfilter/xt_connbytes.mod.o
  CC      net/netfilter/xt_connlabel.mod.o
  CC      net/netfilter/xt_connlimit.mod.o
  CC      net/netfilter/xt_connmark.mod.o
  CC      net/netfilter/xt_conntrack.mod.o
  CC      net/netfilter/xt_cpu.mod.o
  CC      net/netfilter/xt_dccp.mod.o
  CC      net/netfilter/xt_devgroup.mod.o
  CC      net/netfilter/xt_dscp.mod.o
  CC      net/netfilter/xt_ecn.mod.o
  CC      net/netfilter/xt_esp.mod.o
  CC      net/netfilter/xt_hashlimit.mod.o
  CC      net/netfilter/xt_helper.mod.o
  CC      net/netfilter/xt_hl.mod.o
  CC      net/netfilter/xt_iprange.mod.o
  CC      net/netfilter/xt_ipvs.mod.o
  CC      net/netfilter/xt_l2tp.mod.o
  CC      net/netfilter/xt_length.mod.o
  CC      net/netfilter/xt_limit.mod.o
  CC      net/netfilter/xt_mac.mod.o
  CC      net/netfilter/xt_mark.mod.o
  CC      net/netfilter/xt_multiport.mod.o
  CC      net/netfilter/xt_nat.mod.o
  CC      net/netfilter/xt_nfacct.mod.o
  CC      net/netfilter/xt_osf.mod.o
  CC      net/netfilter/xt_owner.mod.o
  CC      net/netfilter/xt_physdev.mod.o
  CC      net/netfilter/xt_pkttype.mod.o
  CC      net/netfilter/xt_policy.mod.o
  CC      net/netfilter/xt_quota.mod.o
  CC      net/netfilter/xt_rateest.mod.o
  CC      net/netfilter/xt_realm.mod.o
  CC      net/netfilter/xt_recent.mod.o
  CC      net/netfilter/xt_sctp.mod.o
  CC      net/netfilter/xt_set.mod.o
  CC      net/netfilter/xt_state.mod.o
  CC      net/netfilter/xt_statistic.mod.o
  CC      net/netfilter/xt_string.mod.o
  CC      net/netfilter/xt_tcpmss.mod.o
  CC      net/netfilter/xt_tcpudp.mod.o
  CC      net/netfilter/xt_time.mod.o
  CC      net/netfilter/xt_u32.mod.o
  CC      net/netrom/netrom.mod.o
  CC      net/nfc/nfc.mod.o
  CC      net/openvswitch/openvswitch.mod.o
  CC      net/openvswitch/vport-gre.mod.o
  CC      net/openvswitch/vport-vxlan.mod.o
  CC      net/rfkill/rfkill.mod.o
  CC      net/rose/rose.mod.o
  CC      net/sched/act_csum.mod.o
  CC      net/sched/act_gact.mod.o
  CC      net/sched/act_ipt.mod.o
  CC      net/sched/act_mirred.mod.o
  CC      net/sched/act_nat.mod.o
  CC      net/sched/act_police.mod.o
  CC      net/sched/act_pedit.mod.o
  CC      net/sched/act_simple.mod.o
  CC      net/sched/act_skbedit.mod.o
  CC      net/sched/cls_basic.mod.o
  CC      net/sched/cls_cgroup.mod.o
  CC      net/sched/cls_flow.mod.o
  CC      net/sched/cls_fw.mod.o
  CC      net/sched/cls_route.mod.o
  CC      net/sched/cls_rsvp.mod.o
  CC      net/sched/cls_rsvp6.mod.o
  CC      net/sched/cls_tcindex.mod.o
  CC      net/sched/cls_u32.mod.o
  CC      net/sched/em_cmp.mod.o
  CC      net/sched/em_ipset.mod.o
  CC      net/sched/em_meta.mod.o
  CC      net/sched/em_nbyte.mod.o
  CC      net/sched/em_text.mod.o
  CC      net/sched/em_u32.mod.o
  CC      net/sched/sch_atm.mod.o
  CC      net/sched/sch_cbq.mod.o
  CC      net/sched/sch_choke.mod.o
  CC      net/sched/sch_codel.mod.o
  CC      net/sched/sch_drr.mod.o
  CC      net/sched/sch_dsmark.mod.o
  CC      net/sched/sch_fq.mod.o
  CC      net/sched/sch_fq_codel.mod.o
  CC      net/sched/sch_gred.mod.o
  CC      net/sched/sch_hfsc.mod.o
  CC      net/sched/sch_hhf.mod.o
  CC      net/sched/sch_htb.mod.o
  CC      net/sched/sch_ingress.mod.o
  CC      net/sched/sch_mqprio.mod.o
  CC      net/sched/sch_multiq.mod.o
  CC      net/sched/sch_netem.mod.o
  CC      net/sched/sch_pie.mod.o
  CC      net/sched/sch_plug.mod.o
  CC      net/sched/sch_prio.mod.o
  CC      net/sched/sch_qfq.mod.o
  CC      net/sched/sch_red.mod.o
  CC      net/sched/sch_sfb.mod.o
  CC      net/sched/sch_sfq.mod.o
  CC      net/sched/sch_tbf.mod.o
  CC      net/sched/sch_teql.mod.o
  CC      net/sctp/sctp.mod.o
  CC      net/sctp/sctp_diag.mod.o
  CC      net/sunrpc/auth_gss/rpcsec_gss_krb5.mod.o
  CC      net/wimax/wimax.mod.o
  CC      net/wireless/cfg80211.mod.o
  CC      net/wireless/lib80211.mod.o
  CC      net/wireless/lib80211_crypt_ccmp.mod.o
  CC      net/wireless/lib80211_crypt_tkip.mod.o
  CC      net/wireless/lib80211_crypt_wep.mod.o
  CC      net/xfrm/xfrm_ipcomp.mod.o
  CC      sound/core/seq/snd-seq-dummy.mod.o
  CC      sound/core/seq/snd-seq-midi-event.mod.o
  CC      sound/core/seq/snd-seq-midi.mod.o
  CC      sound/core/seq/snd-seq-virmidi.mod.o
  CC      sound/core/seq/snd-seq.mod.o
  CC      sound/core/snd-compress.mod.o
  CC      sound/core/snd-hrtimer.mod.o
  CC      sound/core/snd-hwdep.mod.o
  CC      sound/core/snd-pcm-dmaengine.mod.o
  CC      sound/core/snd-pcm.mod.o
  CC      sound/core/snd-rawmidi.mod.o
  CC      sound/core/snd-seq-device.mod.o
  CC      sound/core/snd-timer.mod.o
  CC      sound/core/snd.mod.o
  CC      sound/drivers/mpu401/snd-mpu401-uart.mod.o
  CC      sound/drivers/mpu401/snd-mpu401.mod.o
  CC      sound/drivers/snd-aloop.mod.o
  CC      sound/drivers/snd-dummy.mod.o
  CC      sound/drivers/snd-mtpav.mod.o
  CC      sound/drivers/snd-serial-u16550.mod.o
  CC      sound/drivers/snd-virmidi.mod.o
  CC      sound/soc/bcm/snd-soc-3dlab-nano-player.mod.o
  CC      sound/soc/bcm/snd-soc-adau1977-adc.mod.o
  CC      sound/soc/bcm/snd-soc-allo-boss-dac.mod.o
  CC      sound/soc/bcm/snd-soc-allo-digione.mod.o
  CC      sound/soc/bcm/snd-soc-allo-katana-codec.mod.o
  CC      sound/soc/bcm/snd-soc-allo-piano-dac-plus.mod.o
  CC      sound/soc/bcm/snd-soc-allo-piano-dac.mod.o
  CC      sound/soc/bcm/snd-soc-audioinjector-octo-soundcard.mod.o
  CC      sound/soc/bcm/snd-soc-audioinjector-pi-soundcard.mod.o
  CC      sound/soc/bcm/snd-soc-audiosense-pi.mod.o
  CC      sound/soc/bcm/snd-soc-bcm2835-i2s.mod.o
  CC      sound/soc/bcm/snd-soc-digidac1-soundcard.mod.o
  CC      sound/soc/bcm/snd-soc-dionaudio-loco-v2.mod.o
  CC      sound/soc/bcm/snd-soc-dionaudio-loco.mod.o
  CC      sound/soc/bcm/snd-soc-fe-pi-audio.mod.o
  CC      sound/soc/bcm/snd-soc-googlevoicehat-codec.mod.o
  CC      sound/soc/bcm/snd-soc-googlevoicehat-soundcard.mod.o
  CC      sound/soc/bcm/snd-soc-hifiberry-amp.mod.o
  CC      sound/soc/bcm/snd-soc-hifiberry-dac.mod.o
  CC      sound/soc/bcm/snd-soc-hifiberry-dacplus.mod.o
  CC      sound/soc/bcm/snd-soc-hifiberry-digi.mod.o
  CC      sound/soc/bcm/snd-soc-iqaudio-dac.mod.o
  CC      sound/soc/bcm/snd-soc-iqaudio-digi.mod.o
  CC      sound/soc/bcm/snd-soc-justboom-dac.mod.o
  CC      sound/soc/bcm/snd-soc-justboom-digi.mod.o
  CC      sound/soc/bcm/snd-soc-pisound.mod.o
  CC      sound/soc/bcm/snd-soc-rpi-cirrus.mod.o
  CC      sound/soc/bcm/snd-soc-rpi-dac.mod.o
  CC      sound/soc/bcm/snd-soc-rpi-proto.mod.o
  CC      sound/soc/codecs/snd-soc-adau1701.mod.o
  CC      sound/soc/codecs/snd-soc-adau1977-i2c.mod.o
  CC      sound/soc/codecs/snd-soc-adau1977.mod.o
  CC      sound/soc/codecs/snd-soc-adau7002.mod.o
  CC      sound/soc/codecs/snd-soc-ak4554.mod.o
  CC      sound/soc/codecs/snd-soc-arizona.mod.o
  CC      sound/soc/codecs/snd-soc-cs4265.mod.o
  CC      sound/soc/codecs/snd-soc-cs4271-i2c.mod.o
  CC      sound/soc/codecs/snd-soc-cs4271.mod.o
  CC      sound/soc/codecs/snd-soc-cs42xx8-i2c.mod.o
  CC      sound/soc/codecs/snd-soc-cs42xx8.mod.o
  CC      sound/soc/codecs/snd-soc-pcm1794a.mod.o
  CC      sound/soc/codecs/snd-soc-pcm5102a.mod.o
  CC      sound/soc/codecs/snd-soc-pcm512x-i2c.mod.o
  CC      sound/soc/codecs/snd-soc-pcm512x.mod.o
  CC      sound/soc/codecs/snd-soc-sgtl5000.mod.o
  CC      sound/soc/codecs/snd-soc-sigmadsp-i2c.mod.o
  CC      sound/soc/codecs/snd-soc-sigmadsp.mod.o
  CC      sound/soc/codecs/snd-soc-spdif-rx.mod.o
  CC      sound/soc/codecs/snd-soc-spdif-tx.mod.o
  CC      sound/soc/codecs/snd-soc-tas5713.mod.o
  CC      sound/soc/codecs/snd-soc-tlv320aic32x4-i2c.mod.o
  CC      sound/soc/codecs/snd-soc-tlv320aic32x4.mod.o
  CC      sound/soc/codecs/snd-soc-wm-adsp.mod.o
  CC      sound/soc/codecs/snd-soc-wm5102.mod.o
  CC      sound/soc/codecs/snd-soc-wm8731.mod.o
  CC      sound/soc/codecs/snd-soc-wm8741.mod.o
  CC      sound/soc/codecs/snd-soc-wm8804-i2c.mod.o
  CC      sound/soc/codecs/snd-soc-wm8804.mod.o
  CC      sound/soc/generic/snd-soc-audio-graph-card.mod.o
  CC      sound/soc/generic/snd-soc-simple-card-utils.mod.o
  CC      sound/soc/generic/snd-soc-simple-card.mod.o
  CC      sound/soc/snd-soc-core.mod.o
  CC      sound/usb/6fire/snd-usb-6fire.mod.o
  CC      sound/usb/caiaq/snd-usb-caiaq.mod.o
  CC      sound/usb/hiface/snd-usb-hiface.mod.o
  CC      sound/usb/misc/snd-ua101.mod.o
  CC      sound/usb/snd-usb-audio.mod.o
  CC      sound/usb/snd-usbmidi-lib.mod.o
  LD [M]  arch/arm/crypto/aes-arm.ko
  LD [M]  arch/arm/crypto/sha1-arm.ko
  LD [M]  crypto/af_alg.ko
  LD [M]  crypto/algif_skcipher.ko
  LD [M]  crypto/arc4.ko
  LD [M]  crypto/async_tx/async_memcpy.ko
  LD [M]  crypto/async_tx/async_pq.ko
  LD [M]  crypto/async_tx/async_raid6_recov.ko
  LD [M]  crypto/async_tx/async_tx.ko
  LD [M]  crypto/async_tx/async_xor.ko
  LD [M]  crypto/authenc.ko
  LD [M]  crypto/authencesn.ko
  LD [M]  crypto/cast5_generic.ko
  LD [M]  crypto/cast_common.ko
  LD [M]  crypto/ccm.ko
  LD [M]  crypto/cmac.ko
  LD [M]  crypto/cryptd.ko
  LD [M]  crypto/crypto_user.ko
  LD [M]  crypto/ctr.ko
  LD [M]  crypto/cts.ko
  LD [M]  crypto/deflate.ko
  LD [M]  crypto/drbg.ko
  LD [M]  crypto/ecb.ko
  LD [M]  crypto/ecdh_generic.ko
  LD [M]  crypto/echainiv.ko
  LD [M]  crypto/gcm.ko
  LD [M]  crypto/gf128mul.ko
  LD [M]  crypto/ghash-generic.ko
  LD [M]  crypto/hmac.ko
  LD [M]  crypto/jitterentropy_rng.ko
  LD [M]  crypto/lz4.ko
  LD [M]  crypto/lzo.ko
  LD [M]  crypto/md4.ko
  LD [M]  crypto/md5.ko
  LD [M]  crypto/michael_mic.ko
  LD [M]  crypto/seqiv.ko
  LD [M]  crypto/sha1_generic.ko
  LD [M]  crypto/sha256_generic.ko
  LD [M]  crypto/sha512_generic.ko
  LD [M]  crypto/tgr192.ko
  LD [M]  crypto/wp512.ko
  LD [M]  crypto/xcbc.ko
  LD [M]  crypto/xor.ko
  LD [M]  crypto/xts.ko
  LD [M]  drivers/auxdisplay/charlcd.ko
  LD [M]  drivers/auxdisplay/hd44780.ko
  LD [M]  drivers/block/aoe/aoe.ko
  LD [M]  drivers/bcma/bcma.ko
  LD [M]  drivers/block/cryptoloop.ko
  LD [M]  drivers/block/drbd/drbd.ko
  LD [M]  drivers/block/pktcdvd.ko
  LD [M]  drivers/block/nbd.ko
  LD [M]  drivers/block/zram/zram.ko
  LD [M]  drivers/bluetooth/ath3k.ko
  LD [M]  drivers/bluetooth/bcm203x.ko
  LD [M]  drivers/bluetooth/bfusb.ko
  LD [M]  drivers/bluetooth/bpa10x.ko
  LD [M]  drivers/bluetooth/btbcm.ko
  LD [M]  drivers/bluetooth/btmrvl_sdio.ko
  LD [M]  drivers/bluetooth/btintel.ko
  LD [M]  drivers/bluetooth/btrtl.ko
  LD [M]  drivers/bluetooth/btmrvl.ko
  LD [M]  drivers/bluetooth/btwilink.ko
  LD [M]  drivers/bluetooth/btusb.ko
  LD [M]  drivers/bluetooth/hci_uart.ko
  LD [M]  drivers/bluetooth/hci_vhci.ko
  LD [M]  drivers/char/broadcom/bcm2835_smi_dev.ko
  LD [M]  drivers/char/hw_random/tpm-rng.ko
  LD [M]  drivers/cdrom/cdrom.ko
  LD [M]  drivers/char/tpm/tpm.ko
  LD [M]  drivers/char/tpm/tpm_tis_core.ko
  LD [M]  drivers/char/tpm/tpm_tis_spi.ko
  LD [M]  drivers/clk/clk-allo-dac.ko
  LD [M]  drivers/clk/clk-hifiberry-dacpro.ko
  LD [M]  drivers/connector/cn.ko
  LD [M]  drivers/dax/dax.ko
  LD [M]  drivers/extcon/extcon-core.ko
  LD [M]  drivers/extcon/extcon-arizona.ko
  LD [M]  drivers/gpio/gpio-arizona.ko
  LD [M]  drivers/gpio/gpio-mockup.ko
  LD [M]  drivers/gpio/gpio-pcf857x.ko
  LD [M]  drivers/gpu/drm/drm.ko
  LD [M]  drivers/gpu/drm/drm_kms_helper.ko
  LD [M]  drivers/gpu/drm/panel/panel-raspberrypi-touchscreen.ko
  LD [M]  drivers/gpu/drm/panel/panel-simple.ko
  LD [M]  drivers/gpu/drm/tinydrm/core/tinydrm.ko
  LD [M]  drivers/gpu/drm/tinydrm/mi0283qt.ko
  LD [M]  drivers/gpu/drm/tinydrm/mipi-dbi.ko
  LD [M]  drivers/gpu/drm/tinydrm/repaper.ko
  LD [M]  drivers/gpu/drm/udl/udl.ko
  LD [M]  drivers/gpu/drm/vc4/vc4.ko
  LD [M]  drivers/hid/hid-a4tech.ko
  LD [M]  drivers/hid/hid-asus.ko
  LD [M]  drivers/hid/hid-apple.ko
  LD [M]  drivers/hid/hid-belkin.ko
  LD [M]  drivers/hid/hid-betopff.ko
  LD [M]  drivers/hid/hid-bigbenff.ko
  LD [M]  drivers/hid/hid-axff.ko
  LD [M]  drivers/hid/hid-cherry.ko
  LD [M]  drivers/hid/hid-cypress.ko
  LD [M]  drivers/hid/hid-chicony.ko
  LD [M]  drivers/hid/hid-dr.ko
  LD [M]  drivers/hid/hid-elo.ko
  LD [M]  drivers/hid/hid-elecom.ko
  LD [M]  drivers/hid/hid-emsff.ko
  LD [M]  drivers/hid/hid-ezkey.ko
  LD [M]  drivers/hid/hid-gaff.ko
  LD [M]  drivers/hid/hid-gembird.ko
  LD [M]  drivers/hid/hid-gyration.ko
  LD [M]  drivers/hid/hid-holtek-mouse.ko
  LD [M]  drivers/hid/hid-holtek-kbd.ko
  LD [M]  drivers/hid/hid-holtekff.ko
  LD [M]  drivers/hid/hid-kensington.ko
  LD [M]  drivers/hid/hid-keytouch.ko
  LD [M]  drivers/hid/hid-lcpower.ko
  LD [M]  drivers/hid/hid-kye.ko
  LD [M]  drivers/hid/hid-led.ko
  LD [M]  drivers/hid/hid-logitech-dj.ko
  LD [M]  drivers/hid/hid-logitech-hidpp.ko
  LD [M]  drivers/hid/hid-logitech.ko
  LD [M]  drivers/hid/hid-magicmouse.ko
  LD [M]  drivers/hid/hid-microsoft.ko
  LD [M]  drivers/hid/hid-multitouch.ko
  LD [M]  drivers/hid/hid-monterey.ko
  LD [M]  drivers/hid/hid-ortek.ko
  LD [M]  drivers/hid/hid-ntrig.ko
  LD [M]  drivers/hid/hid-picolcd.ko
  LD [M]  drivers/hid/hid-petalynx.ko
  LD [M]  drivers/hid/hid-pl.ko
  LD [M]  drivers/hid/hid-roccat-arvo.ko
  LD [M]  drivers/hid/hid-roccat-kone.ko
  LD [M]  drivers/hid/hid-roccat-isku.ko
  LD [M]  drivers/hid/hid-roccat-common.ko
  LD [M]  drivers/hid/hid-roccat-koneplus.ko
  LD [M]  drivers/hid/hid-roccat-kovaplus.ko
  LD [M]  drivers/hid/hid-roccat-konepure.ko
  LD [M]  drivers/hid/hid-roccat-pyra.ko
  LD [M]  drivers/hid/hid-roccat-lua.ko
  LD [M]  drivers/hid/hid-roccat-ryos.ko
  LD [M]  drivers/hid/hid-roccat-savu.ko
  LD [M]  drivers/hid/hid-samsung.ko
  LD [M]  drivers/hid/hid-roccat.ko
  LD [M]  drivers/hid/hid-sjoy.ko
  LD [M]  drivers/hid/hid-speedlink.ko
  LD [M]  drivers/hid/hid-sunplus.ko
  LD [M]  drivers/hid/hid-sony.ko
  LD [M]  drivers/hid/hid-tmff.ko
  LD [M]  drivers/hid/hid-topseed.ko
  LD [M]  drivers/hid/hid-twinhan.ko
  LD [M]  drivers/hid/hid-uclogic.ko
  LD [M]  drivers/hid/hid-waltop.ko
  LD [M]  drivers/hid/hid-xinmo.ko
  LD [M]  drivers/hid/hid-wiimote.ko
  LD [M]  drivers/hid/hid-zpff.ko
  LD [M]  drivers/hid/hid-zydacron.ko
  LD [M]  drivers/hid/uhid.ko
  LD [M]  drivers/hwmon/ads1015.ko
  LD [M]  drivers/hwmon/ds1621.ko
  LD [M]  drivers/hwmon/gpio-fan.ko
  LD [M]  drivers/hwmon/hwmon.ko
  LD [M]  drivers/hid/wacom.ko
  LD [M]  drivers/hwmon/ina2xx.ko
  LD [M]  drivers/hwmon/jc42.ko
  LD [M]  drivers/hwmon/lm75.ko
  LD [M]  drivers/hwmon/rpi-poe-fan.ko
  LD [M]  drivers/hwmon/sht21.ko
  LD [M]  drivers/hwmon/sht3x.ko
  LD [M]  drivers/hwmon/shtc1.ko
  LD [M]  drivers/hwmon/tmp102.ko
  LD [M]  drivers/i2c/algos/i2c-algo-bit.ko
  LD [M]  drivers/i2c/busses/i2c-bcm2708.ko
  LD [M]  drivers/i2c/busses/i2c-bcm2835.ko
  LD [M]  drivers/i2c/busses/i2c-gpio.ko
  LD [M]  drivers/i2c/busses/i2c-tiny-usb.ko
  LD [M]  drivers/i2c/busses/i2c-robotfuzz-osif.ko
  LD [M]  drivers/i2c/i2c-dev.ko
  LD [M]  drivers/i2c/i2c-mux.ko
  LD [M]  drivers/i2c/muxes/i2c-mux-gpmux.ko
  LD [M]  drivers/i2c/muxes/i2c-mux-pca954x.ko
  LD [M]  drivers/iio/adc/mcp320x.ko
  LD [M]  drivers/iio/adc/mcp3422.ko
  LD [M]  drivers/iio/buffer/industrialio-buffer-cb.ko
  LD [M]  drivers/iio/buffer/industrialio-triggered-buffer.ko
  LD [M]  drivers/iio/buffer/kfifo_buf.ko
  LD [M]  drivers/iio/humidity/dht11.ko
  LD [M]  drivers/iio/common/ms_sensors/ms_sensors_i2c.ko
  LD [M]  drivers/iio/humidity/hdc100x.ko
  LD [M]  drivers/iio/humidity/htu21.ko
  LD [M]  drivers/iio/imu/inv_mpu6050/inv-mpu6050-i2c.ko
  LD [M]  drivers/iio/imu/inv_mpu6050/inv-mpu6050.ko
  LD [M]  drivers/iio/industrialio.ko
  LD [M]  drivers/iio/light/tsl4531.ko
  LD [M]  drivers/iio/light/veml6070.ko
  LD [M]  drivers/iio/pressure/bmp280-i2c.ko
  LD [M]  drivers/iio/pressure/bmp280-spi.ko
  LD [M]  drivers/iio/pressure/bmp280.ko
  LD [M]  drivers/input/evdev.ko
  LD [M]  drivers/input/ff-memless.ko
  LD [M]  drivers/input/gameport/gameport.ko
  LD [M]  drivers/input/gameport/lightning.ko
  LD [M]  drivers/input/gameport/ns558.ko
  LD [M]  drivers/input/input-polldev.ko
  LD [M]  drivers/input/joydev.ko
  LD [M]  drivers/input/joystick/rpisense-js.ko
  LD [M]  drivers/input/joystick/iforce/iforce.ko
  LD [M]  drivers/input/joystick/psxpad-spi.ko
  LD [M]  drivers/input/joystick/xpad.ko
  LD [M]  drivers/input/keyboard/gpio_keys.ko
  LD [M]  drivers/input/keyboard/matrix_keypad.ko
  LD [M]  drivers/input/matrix-keymap.ko
  LD [M]  drivers/input/misc/ad714x-i2c.ko
  LD [M]  drivers/input/misc/ad714x.ko
  LD [M]  drivers/input/misc/adxl34x-i2c.ko
  LD [M]  drivers/input/misc/ad714x-spi.ko
  LD [M]  drivers/input/misc/adxl34x.ko
  LD [M]  drivers/input/misc/adxl34x-spi.ko
  LD [M]  drivers/input/misc/ati_remote2.ko
  LD [M]  drivers/input/misc/cm109.ko
  LD [M]  drivers/input/misc/cma3000_d0x.ko
  LD [M]  drivers/input/misc/keyspan_remote.ko
  LD [M]  drivers/input/misc/powermate.ko
  LD [M]  drivers/input/misc/rotary_encoder.ko
  LD [M]  drivers/input/misc/yealink.ko
  LD [M]  drivers/input/misc/uinput.ko
  LD [M]  drivers/input/serio/serio.ko
  LD [M]  drivers/input/serio/serio_raw.ko
  LD [M]  drivers/input/serio/serport.ko
  LD [M]  drivers/input/touchscreen/ads7846.ko
  LD [M]  drivers/input/touchscreen/edt-ft5x06.ko
  LD [M]  drivers/input/touchscreen/egalax_ts.ko
  LD [M]  drivers/input/touchscreen/exc3000.ko
  LD [M]  drivers/input/touchscreen/goodix.ko
  LD [M]  drivers/input/touchscreen/rpi-ft5406.ko
  LD [M]  drivers/input/touchscreen/stmpe-ts.ko
  LD [M]  drivers/input/touchscreen/usbtouchscreen.ko
  LD [M]  drivers/leds/trigger/ledtrig-camera.ko
  LD [M]  drivers/md/dm-bio-prison.ko
  LD [M]  drivers/leds/trigger/ledtrig-transient.ko
  LD [M]  drivers/md/dm-bufio.ko
  LD [M]  drivers/md/dm-cache-smq.ko
  LD [M]  drivers/md/dm-crypt.ko
  LD [M]  drivers/md/dm-cache.ko
  LD [M]  drivers/md/dm-delay.ko
  LD [M]  drivers/md/dm-log-userspace.ko
  LD [M]  drivers/md/dm-log.ko
  LD [M]  drivers/md/dm-mirror.ko
  LD [M]  drivers/md/dm-raid.ko
  LD [M]  drivers/md/dm-mod.ko
  LD [M]  drivers/md/dm-region-hash.ko
  LD [M]  drivers/md/dm-snapshot.ko
  LD [M]  drivers/md/dm-thin-pool.ko
  LD [M]  drivers/md/dm-zero.ko
  LD [M]  drivers/md/linear.ko
  LD [M]  drivers/md/md-mod.ko
  LD [M]  drivers/md/raid0.ko
  LD [M]  drivers/md/persistent-data/dm-persistent-data.ko
  LD [M]  drivers/md/raid1.ko
  LD [M]  drivers/md/raid10.ko
  LD [M]  drivers/md/raid456.ko
  LD [M]  drivers/media/common/cx2341x.ko
  LD [M]  drivers/media/common/b2c2/b2c2-flexcop.ko
  LD [M]  drivers/media/common/cypress_firmware.ko
  LD [M]  drivers/media/common/siano/smsdvb.ko
  LD [M]  drivers/media/common/siano/smsmdtv.ko
  LD [M]  drivers/media/common/tveeprom.ko
  LD [M]  drivers/media/dvb-core/dvb-core.ko
  LD [M]  drivers/media/dvb-frontends/a8293.ko
  LD [M]  drivers/media/dvb-frontends/af9013.ko
  LD [M]  drivers/media/dvb-frontends/af9033.ko
  LD [M]  drivers/media/dvb-frontends/as102_fe.ko
  LD [M]  drivers/media/dvb-frontends/ascot2e.ko
  LD [M]  drivers/media/dvb-frontends/au8522_common.ko
  LD [M]  drivers/media/dvb-frontends/atbm8830.ko
  LD [M]  drivers/media/dvb-frontends/au8522_decoder.ko
  LD [M]  drivers/media/dvb-frontends/au8522_dig.ko
  LD [M]  drivers/media/dvb-frontends/bcm3510.ko
  LD [M]  drivers/media/dvb-frontends/cx22700.ko
  LD [M]  drivers/media/dvb-frontends/cx22702.ko
  LD [M]  drivers/media/dvb-frontends/cx24110.ko
  LD [M]  drivers/media/dvb-frontends/cx24113.ko
  LD [M]  drivers/media/dvb-frontends/cx24117.ko
  LD [M]  drivers/media/dvb-frontends/cx24116.ko
  LD [M]  drivers/media/dvb-frontends/cx24120.ko
  LD [M]  drivers/media/dvb-frontends/cx24123.ko
  LD [M]  drivers/media/dvb-frontends/cxd2820r.ko
  LD [M]  drivers/media/dvb-frontends/cxd2841er.ko
  LD [M]  drivers/media/dvb-frontends/cxd2880/cxd2880.ko
  LD [M]  drivers/media/dvb-frontends/dib0070.ko
  LD [M]  drivers/media/dvb-frontends/dib0090.ko
  LD [M]  drivers/media/dvb-frontends/dib3000mb.ko
  LD [M]  drivers/media/dvb-frontends/dib3000mc.ko
  LD [M]  drivers/media/dvb-frontends/dib7000m.ko
  LD [M]  drivers/media/dvb-frontends/dib7000p.ko
  LD [M]  drivers/media/dvb-frontends/dib8000.ko
  LD [M]  drivers/media/dvb-frontends/dib9000.ko
  LD [M]  drivers/media/dvb-frontends/dibx000_common.ko
  LD [M]  drivers/media/dvb-frontends/drxd.ko
  LD [M]  drivers/media/dvb-frontends/drx39xyj/drx39xyj.ko
  LD [M]  drivers/media/dvb-frontends/drxk.ko
  LD [M]  drivers/media/dvb-frontends/ds3000.ko
  LD [M]  drivers/media/dvb-frontends/dvb-pll.ko
  LD [M]  drivers/media/dvb-frontends/ec100.ko
  LD [M]  drivers/media/dvb-frontends/gp8psk-fe.ko
  LD [M]  drivers/media/dvb-frontends/helene.ko
  LD [M]  drivers/media/dvb-frontends/horus3a.ko
  LD [M]  drivers/media/dvb-frontends/isl6405.ko
  LD [M]  drivers/media/dvb-frontends/isl6421.ko
  LD [M]  drivers/media/dvb-frontends/isl6423.ko
  LD [M]  drivers/media/dvb-frontends/itd1000.ko
  LD [M]  drivers/media/dvb-frontends/ix2505v.ko
  LD [M]  drivers/media/dvb-frontends/l64781.ko
  LD [M]  drivers/media/dvb-frontends/lg2160.ko
  LD [M]  drivers/media/dvb-frontends/lgdt3305.ko
  LD [M]  drivers/media/dvb-frontends/lgdt3306a.ko
  LD [M]  drivers/media/dvb-frontends/lgdt330x.ko
  LD [M]  drivers/media/dvb-frontends/lgs8gl5.ko
  LD [M]  drivers/media/dvb-frontends/lgs8gxx.ko
  LD [M]  drivers/media/dvb-frontends/lnbh25.ko
  LD [M]  drivers/media/dvb-frontends/lnbp21.ko
  LD [M]  drivers/media/dvb-frontends/lnbp22.ko
  LD [M]  drivers/media/dvb-frontends/m88ds3103.ko
  LD [M]  drivers/media/dvb-frontends/m88rs2000.ko
  LD [M]  drivers/media/dvb-frontends/mb86a16.ko
  LD [M]  drivers/media/dvb-frontends/mb86a20s.ko
  LD [M]  drivers/media/dvb-frontends/mn88473.ko
  LD [M]  drivers/media/dvb-frontends/mt312.ko
  LD [M]  drivers/media/dvb-frontends/mn88472.ko
  LD [M]  drivers/media/dvb-frontends/mt352.ko
  LD [M]  drivers/media/dvb-frontends/nxt200x.ko
  LD [M]  drivers/media/dvb-frontends/mxl5xx.ko
  LD [M]  drivers/media/dvb-frontends/or51132.ko
  LD [M]  drivers/media/dvb-frontends/nxt6000.ko
  LD [M]  drivers/media/dvb-frontends/or51211.ko
  LD [M]  drivers/media/dvb-frontends/rtl2830.ko
  LD [M]  drivers/media/dvb-frontends/s5h1409.ko
  LD [M]  drivers/media/dvb-frontends/rtl2832.ko
  LD [M]  drivers/media/dvb-frontends/s5h1420.ko
  LD [M]  drivers/media/dvb-frontends/s5h1411.ko
  LD [M]  drivers/media/dvb-frontends/s5h1432.ko
  LD [M]  drivers/media/dvb-frontends/si2165.ko
  LD [M]  drivers/media/dvb-frontends/s921.ko
  LD [M]  drivers/media/dvb-frontends/si2168.ko
  LD [M]  drivers/media/dvb-frontends/sp2.ko
  LD [M]  drivers/media/dvb-frontends/si21xx.ko
  LD [M]  drivers/media/dvb-frontends/sp8870.ko
  LD [M]  drivers/media/dvb-frontends/sp887x.ko
  LD [M]  drivers/media/dvb-frontends/stb0899.ko
  LD [M]  drivers/media/dvb-frontends/stb6000.ko
  LD [M]  drivers/media/dvb-frontends/stb6100.ko
  LD [M]  drivers/media/dvb-frontends/stv0297.ko
  LD [M]  drivers/media/dvb-frontends/stv0288.ko
  LD [M]  drivers/media/dvb-frontends/stv0299.ko
  LD [M]  drivers/media/dvb-frontends/stv0367.ko
  LD [M]  drivers/media/dvb-frontends/stv0900.ko
  LD [M]  drivers/media/dvb-frontends/stv090x.ko
  LD [M]  drivers/media/dvb-frontends/stv0910.ko
  LD [M]  drivers/media/dvb-frontends/stv6110.ko
  LD [M]  drivers/media/dvb-frontends/stv6110x.ko
  LD [M]  drivers/media/dvb-frontends/stv6111.ko
  LD [M]  drivers/media/dvb-frontends/tc90522.ko
  LD [M]  drivers/media/dvb-frontends/tda10021.ko
  LD [M]  drivers/media/dvb-frontends/tda10048.ko
  LD [M]  drivers/media/dvb-frontends/tda10023.ko
  LD [M]  drivers/media/dvb-frontends/tda1004x.ko
  LD [M]  drivers/media/dvb-frontends/tda10071.ko
  LD [M]  drivers/media/dvb-frontends/tda10086.ko
  LD [M]  drivers/media/dvb-frontends/tda18271c2dd.ko
  LD [M]  drivers/media/dvb-frontends/tda665x.ko
  LD [M]  drivers/media/dvb-frontends/tda8083.ko
  LD [M]  drivers/media/dvb-frontends/tda8261.ko
  LD [M]  drivers/media/dvb-frontends/tda826x.ko
  LD [M]  drivers/media/dvb-frontends/ts2020.ko
  LD [M]  drivers/media/dvb-frontends/tua6100.ko
  LD [M]  drivers/media/dvb-frontends/ves1820.ko
  LD [M]  drivers/media/dvb-frontends/ves1x93.ko
  LD [M]  drivers/media/dvb-frontends/zd1301_demod.ko
  LD [M]  drivers/media/dvb-frontends/zl10036.ko
  LD [M]  drivers/media/dvb-frontends/zl10039.ko
  LD [M]  drivers/media/i2c/adv7180.ko
  LD [M]  drivers/media/dvb-frontends/zl10353.ko
  LD [M]  drivers/media/i2c/cs53l32a.ko
  LD [M]  drivers/media/i2c/cx25840/cx25840.ko
  LD [M]  drivers/media/i2c/ir-kbd-i2c.ko
  LD [M]  drivers/media/i2c/mt9v011.ko
  LD [M]  drivers/media/i2c/msp3400.ko
  LD [M]  drivers/media/i2c/ov5647.ko
  LD [M]  drivers/media/i2c/ov7640.ko
  LD [M]  drivers/media/i2c/saa7115.ko
  LD [M]  drivers/media/i2c/sony-btf-mpx.ko
  LD [M]  drivers/media/i2c/tvp5150.ko
  LD [M]  drivers/media/i2c/tc358743.ko
  LD [M]  drivers/media/i2c/tw2804.ko
  LD [M]  drivers/media/i2c/tw9903.ko
  LD [M]  drivers/media/i2c/tw9906.ko
  LD [M]  drivers/media/i2c/uda1342.ko
  LD [M]  drivers/media/i2c/wm8775.ko
  LD [M]  drivers/media/media.ko
  LD [M]  drivers/media/pci/ttpci/ttpci-eeprom.ko
  LD [M]  drivers/media/platform/bcm2835/bcm2835-unicam.ko
  LD [M]  drivers/media/radio/dsbr100.ko
  LD [M]  drivers/media/radio/radio-keene.ko
  LD [M]  drivers/media/radio/radio-ma901.ko
  LD [M]  drivers/media/radio/radio-mr800.ko
  LD [M]  drivers/media/radio/radio-shark.ko
  LD [M]  drivers/media/radio/radio-tea5764.ko
  LD [M]  drivers/media/radio/radio-wl1273.ko
  LD [M]  drivers/media/radio/saa7706h.ko
  LD [M]  drivers/media/radio/si470x/radio-i2c-si470x.ko
  LD [M]  drivers/media/radio/shark2.ko
  LD [M]  drivers/media/radio/si4713/si4713.ko
  LD [M]  drivers/media/radio/si470x/radio-usb-si470x.ko
  LD [M]  drivers/media/radio/tea575x.ko
  LD [M]  drivers/media/radio/tef6862.ko
  LD [M]  drivers/media/radio/wl128x/fm_drv.ko
  LD [M]  drivers/media/rc/ati_remote.ko
  LD [M]  drivers/media/rc/gpio-ir-recv.ko
  LD [M]  drivers/media/rc/gpio-ir-tx.ko
  LD [M]  drivers/media/rc/iguanair.ko
  LD [M]  drivers/media/rc/imon.ko
  LD [M]  drivers/media/rc/ir-lirc-codec.ko
  LD [M]  drivers/media/rc/lirc_dev.ko
  LD [M]  drivers/media/rc/mceusb.ko
  LD [M]  drivers/media/rc/pwm-ir-tx.ko
  LD [M]  drivers/media/rc/redrat3.ko
  LD [M]  drivers/media/rc/streamzap.ko
  LD [M]  drivers/media/rc/rc-loopback.ko
  LD [M]  drivers/media/rc/ttusbir.ko
  LD [M]  drivers/media/tuners/e4000.ko
  LD [M]  drivers/media/spi/cxd2880-spi.ko
  LD [M]  drivers/media/tuners/fc0011.ko
  LD [M]  drivers/media/tuners/fc0012.ko
  LD [M]  drivers/media/tuners/fc0013.ko
  LD [M]  drivers/media/tuners/it913x.ko
  LD [M]  drivers/media/tuners/m88rs6000t.ko
  LD [M]  drivers/media/tuners/fc2580.ko
  LD [M]  drivers/media/tuners/max2165.ko
  LD [M]  drivers/media/tuners/mc44s803.ko
  LD [M]  drivers/media/tuners/mt2060.ko
  LD [M]  drivers/media/tuners/msi001.ko
  LD [M]  drivers/media/tuners/mt20xx.ko
  LD [M]  drivers/media/tuners/mt2131.ko
  LD [M]  drivers/media/tuners/mt2063.ko
  LD [M]  drivers/media/tuners/mt2266.ko
  LD [M]  drivers/media/tuners/mxl5005s.ko
  LD [M]  drivers/media/tuners/mxl301rf.ko
  LD [M]  drivers/media/tuners/mxl5007t.ko
  LD [M]  drivers/media/tuners/qm1d1c0042.ko
  LD [M]  drivers/media/tuners/qt1010.ko
  LD [M]  drivers/media/tuners/r820t.ko
  LD [M]  drivers/media/tuners/tda18212.ko
  LD [M]  drivers/media/tuners/si2157.ko
  LD [M]  drivers/media/tuners/tda18218.ko
  LD [M]  drivers/media/tuners/tda18271.ko
  LD [M]  drivers/media/tuners/tda827x.ko
  LD [M]  drivers/media/tuners/tda8290.ko
  LD [M]  drivers/media/tuners/tea5761.ko
  LD [M]  drivers/media/tuners/tda9887.ko
  LD [M]  drivers/media/tuners/tea5767.ko
  LD [M]  drivers/media/tuners/tua9001.ko
  LD [M]  drivers/media/tuners/tuner-simple.ko
  LD [M]  drivers/media/tuners/tuner-types.ko
  LD [M]  drivers/media/tuners/tuner-xc2028.ko
  LD [M]  drivers/media/tuners/xc4000.ko
  LD [M]  drivers/media/tuners/xc5000.ko
  LD [M]  drivers/media/usb/au0828/au0828.ko
  LD [M]  drivers/media/usb/as102/dvb-as102.ko
  LD [M]  drivers/media/usb/b2c2/b2c2-flexcop-usb.ko
  LD [M]  drivers/media/usb/cpia2/cpia2.ko
  LD [M]  drivers/media/usb/cx231xx/cx231xx-alsa.ko
  LD [M]  drivers/media/usb/cx231xx/cx231xx-dvb.ko
  LD [M]  drivers/media/usb/cx231xx/cx231xx.ko
  LD [M]  drivers/media/usb/dvb-usb-v2/dvb-usb-af9035.ko
  LD [M]  drivers/media/usb/dvb-usb-v2/dvb-usb-af9015.ko
  LD [M]  drivers/media/usb/dvb-usb-v2/dvb-usb-anysee.ko
  LD [M]  drivers/media/usb/dvb-usb-v2/dvb-usb-au6610.ko
  LD [M]  drivers/media/usb/dvb-usb-v2/dvb-usb-az6007.ko
  LD [M]  drivers/media/usb/dvb-usb-v2/dvb-usb-ce6230.ko
  LD [M]  drivers/media/usb/dvb-usb-v2/dvb-usb-dvbsky.ko
  LD [M]  drivers/media/usb/dvb-usb-v2/dvb-usb-ec168.ko
  LD [M]  drivers/media/usb/dvb-usb-v2/dvb-usb-lmedm04.ko
  LD [M]  drivers/media/usb/dvb-usb-v2/dvb-usb-gl861.ko
  LD [M]  drivers/media/usb/dvb-usb-v2/dvb-usb-mxl111sf.ko
  LD [M]  drivers/media/usb/dvb-usb-v2/dvb-usb-rtl28xxu.ko
  LD [M]  drivers/media/usb/dvb-usb-v2/dvb_usb_v2.ko
  LD [M]  drivers/media/usb/dvb-usb-v2/mxl111sf-demod.ko
  LD [M]  drivers/media/usb/dvb-usb/dvb-usb-a800.ko
  LD [M]  drivers/media/usb/dvb-usb-v2/mxl111sf-tuner.ko
  LD [M]  drivers/media/usb/dvb-usb/dvb-usb-af9005-remote.ko
  LD [M]  drivers/media/usb/dvb-usb/dvb-usb-af9005.ko
  LD [M]  drivers/media/usb/dvb-usb/dvb-usb-cinergyT2.ko
  LD [M]  drivers/media/usb/dvb-usb/dvb-usb-az6027.ko
  LD [M]  drivers/media/usb/dvb-usb/dvb-usb-cxusb.ko
  LD [M]  drivers/media/usb/dvb-usb/dvb-usb-dib0700.ko
  LD [M]  drivers/media/usb/dvb-usb/dvb-usb-dibusb-mc-common.ko
  LD [M]  drivers/media/usb/dvb-usb/dvb-usb-dibusb-mb.ko
  LD [M]  drivers/media/usb/dvb-usb/dvb-usb-dibusb-common.ko
  LD [M]  drivers/media/usb/dvb-usb/dvb-usb-dibusb-mc.ko
  LD [M]  drivers/media/usb/dvb-usb/dvb-usb-digitv.ko
  LD [M]  drivers/media/usb/dvb-usb/dvb-usb-dtt200u.ko
  LD [M]  drivers/media/usb/dvb-usb/dvb-usb-dw2102.ko
  LD [M]  drivers/media/usb/dvb-usb/dvb-usb-dtv5100.ko
  LD [M]  drivers/media/usb/dvb-usb/dvb-usb-friio.ko
  LD [M]  drivers/media/usb/dvb-usb/dvb-usb-gp8psk.ko
  LD [M]  drivers/media/usb/dvb-usb/dvb-usb-m920x.ko
  LD [M]  drivers/media/usb/dvb-usb/dvb-usb-nova-t-usb2.ko
  LD [M]  drivers/media/usb/dvb-usb/dvb-usb-opera.ko
  LD [M]  drivers/media/usb/dvb-usb/dvb-usb-pctv452e.ko
  LD [M]  drivers/media/usb/dvb-usb/dvb-usb-technisat-usb2.ko
  LD [M]  drivers/media/usb/dvb-usb/dvb-usb-ttusb2.ko
  LD [M]  drivers/media/usb/dvb-usb/dvb-usb-vp702x.ko
  LD [M]  drivers/media/usb/dvb-usb/dvb-usb-umt-010.ko
  LD [M]  drivers/media/usb/dvb-usb/dvb-usb-vp7045.ko
  LD [M]  drivers/media/usb/em28xx/em28xx-alsa.ko
  LD [M]  drivers/media/usb/em28xx/em28xx-dvb.ko
  LD [M]  drivers/media/usb/dvb-usb/dvb-usb.ko
  LD [M]  drivers/media/usb/em28xx/em28xx-v4l.ko
  LD [M]  drivers/media/usb/em28xx/em28xx-rc.ko
  LD [M]  drivers/media/usb/em28xx/em28xx.ko
  LD [M]  drivers/media/usb/go7007/go7007-loader.ko
  LD [M]  drivers/media/usb/go7007/go7007-usb.ko
  LD [M]  drivers/media/usb/go7007/go7007.ko
  LD [M]  drivers/media/usb/go7007/s2250.ko
  LD [M]  drivers/media/usb/gspca/gl860/gspca_gl860.ko
  LD [M]  drivers/media/usb/gspca/gspca_conex.ko
  LD [M]  drivers/media/usb/gspca/gspca_benq.ko
  LD [M]  drivers/media/usb/gspca/gspca_cpia1.ko
  LD [M]  drivers/media/usb/gspca/gspca_etoms.ko
  LD [M]  drivers/media/usb/gspca/gspca_dtcs033.ko
  LD [M]  drivers/media/usb/gspca/gspca_finepix.ko
  LD [M]  drivers/media/usb/gspca/gspca_jeilinj.ko
  LD [M]  drivers/media/usb/gspca/gspca_jl2005bcd.ko
  LD [M]  drivers/media/usb/gspca/gspca_kinect.ko
  LD [M]  drivers/media/usb/gspca/gspca_konica.ko
  LD [M]  drivers/media/usb/gspca/gspca_main.ko
  LD [M]  drivers/media/usb/gspca/gspca_mars.ko
  LD [M]  drivers/media/usb/gspca/gspca_nw80x.ko
  LD [M]  drivers/media/usb/gspca/gspca_mr97310a.ko
  LD [M]  drivers/media/usb/gspca/gspca_ov519.ko
  LD [M]  drivers/media/usb/gspca/gspca_ov534.ko
  LD [M]  drivers/media/usb/gspca/gspca_ov534_9.ko
  LD [M]  drivers/media/usb/gspca/gspca_pac7311.ko
  LD [M]  drivers/media/usb/gspca/gspca_pac7302.ko
  LD [M]  drivers/media/usb/gspca/gspca_pac207.ko
  LD [M]  drivers/media/usb/gspca/gspca_se401.ko
  LD [M]  drivers/media/usb/gspca/gspca_sn9c2028.ko
  LD [M]  drivers/media/usb/gspca/gspca_sonixb.ko
  LD [M]  drivers/media/usb/gspca/gspca_sn9c20x.ko
  LD [M]  drivers/media/usb/gspca/gspca_sonixj.ko
  LD [M]  drivers/media/usb/gspca/gspca_spca1528.ko
  LD [M]  drivers/media/usb/gspca/gspca_spca501.ko
  LD [M]  drivers/media/usb/gspca/gspca_spca500.ko
  LD [M]  drivers/media/usb/gspca/gspca_spca505.ko
  LD [M]  drivers/media/usb/gspca/gspca_spca506.ko
  LD [M]  drivers/media/usb/gspca/gspca_spca508.ko
  LD [M]  drivers/media/usb/gspca/gspca_spca561.ko
  LD [M]  drivers/media/usb/gspca/gspca_sq905.ko
  LD [M]  drivers/media/usb/gspca/gspca_sq905c.ko
  LD [M]  drivers/media/usb/gspca/gspca_sq930x.ko
  LD [M]  drivers/media/usb/gspca/gspca_stk014.ko
  LD [M]  drivers/media/usb/gspca/gspca_stv0680.ko
  LD [M]  drivers/media/usb/gspca/gspca_stk1135.ko
  LD [M]  drivers/media/usb/gspca/gspca_sunplus.ko
  LD [M]  drivers/media/usb/gspca/gspca_t613.ko
  LD [M]  drivers/media/usb/gspca/gspca_topro.ko
  LD [M]  drivers/media/usb/gspca/gspca_tv8532.ko
  LD [M]  drivers/media/usb/gspca/gspca_vc032x.ko
  LD [M]  drivers/media/usb/gspca/gspca_vicam.ko
  LD [M]  drivers/media/usb/gspca/gspca_xirlink_cit.ko
  LD [M]  drivers/media/usb/gspca/gspca_zc3xx.ko
  LD [M]  drivers/media/usb/gspca/m5602/gspca_m5602.ko
  LD [M]  drivers/media/usb/gspca/stv06xx/gspca_stv06xx.ko
  LD [M]  drivers/media/usb/hdpvr/hdpvr.ko
  LD [M]  drivers/media/usb/pwc/pwc.ko
  LD [M]  drivers/media/usb/s2255/s2255drv.ko
  LD [M]  drivers/media/usb/pvrusb2/pvrusb2.ko
  LD [M]  drivers/media/usb/siano/smsusb.ko
  LD [M]  drivers/media/usb/stk1160/stk1160.ko
  LD [M]  drivers/media/usb/stkwebcam/stkwebcam.ko
  LD [M]  drivers/media/usb/tm6000/tm6000-alsa.ko
  LD [M]  drivers/media/usb/tm6000/tm6000-dvb.ko
  LD [M]  drivers/media/usb/tm6000/tm6000.ko
  LD [M]  drivers/media/usb/usbtv/usbtv.ko
  LD [M]  drivers/media/usb/usbvision/usbvision.ko
  LD [M]  drivers/media/usb/uvc/uvcvideo.ko
  LD [M]  drivers/media/usb/zr364xx/zr364xx.ko
  LD [M]  drivers/media/v4l2-core/v4l2-common.ko
  LD [M]  drivers/media/v4l2-core/v4l2-dv-timings.ko
  LD [M]  drivers/media/v4l2-core/tuner.ko
  LD [M]  drivers/media/v4l2-core/v4l2-fwnode.ko
  LD [M]  drivers/media/v4l2-core/videobuf-core.ko
  LD [M]  drivers/media/v4l2-core/videobuf-vmalloc.ko
  LD [M]  drivers/media/v4l2-core/videobuf2-core.ko
  LD [M]  drivers/media/v4l2-core/videobuf-dvb.ko
  LD [M]  drivers/media/v4l2-core/videobuf2-dma-contig.ko
  LD [M]  drivers/media/v4l2-core/videobuf2-memops.ko
  LD [M]  drivers/media/v4l2-core/videobuf2-v4l2.ko
  LD [M]  drivers/media/v4l2-core/videobuf2-vmalloc.ko
  LD [M]  drivers/mfd/arizona-i2c.ko
  LD [M]  drivers/media/v4l2-core/videodev.ko
  LD [M]  drivers/mfd/arizona-spi.ko
  LD [M]  drivers/mfd/rpisense-core.ko
  LD [M]  drivers/misc/bcm2835_smi.ko
  LD [M]  drivers/mfd/wl1273-core.ko
  LD [M]  drivers/misc/eeprom/at24.ko
  LD [M]  drivers/misc/ti-st/st_drv.ko
  LD [M]  drivers/mmc/host/mmc_spi.ko
  LD [M]  drivers/misc/eeprom/eeprom_93cx6.ko
  LD [M]  drivers/mmc/host/of_mmc_spi.ko
  LD [M]  drivers/mtd/chips/chipreg.ko
  LD [M]  drivers/mtd/mtd.ko
  LD [M]  drivers/mtd/devices/m25p80.ko
  LD [M]  drivers/mtd/devices/block2mtd.ko
  LD [M]  drivers/mtd/mtd_blkdevs.ko
  LD [M]  drivers/mtd/mtdblock.ko
  LD [M]  drivers/mtd/nand/bcm2835_smi_nand.ko
  LD [M]  drivers/mtd/nand/nand.ko
  LD [M]  drivers/mtd/nand/nand_ecc.ko
  LD [M]  drivers/mtd/ofpart.ko
  LD [M]  drivers/mtd/spi-nor/spi-nor.ko
  LD [M]  drivers/mtd/ubi/ubi.ko
  LD [M]  drivers/mux/mux-core.ko
  LD [M]  drivers/net/bonding/bonding.ko
  LD [M]  drivers/net/can/can-dev.ko
  LD [M]  drivers/net/can/slcan.ko
  LD [M]  drivers/net/can/spi/mcp251x.ko
  LD [M]  drivers/net/can/usb/gs_usb.ko
  LD [M]  drivers/net/can/vcan.ko
  LD [M]  drivers/net/dummy.ko
  LD [M]  drivers/net/ethernet/microchip/enc28j60.ko
  LD [M]  drivers/net/ethernet/qualcomm/qca_7k_common.ko
  LD [M]  drivers/net/ethernet/qualcomm/qcaspi.ko
  LD [M]  drivers/net/hamradio/baycom_ser_fdx.ko
  LD [M]  drivers/net/hamradio/6pack.ko
  LD [M]  drivers/net/hamradio/baycom_ser_hdx.ko
  LD [M]  drivers/net/hamradio/bpqether.ko
  LD [M]  drivers/net/hamradio/hdlcdrv.ko
  LD [M]  drivers/net/hamradio/yam.ko
  LD [M]  drivers/net/hamradio/mkiss.ko
  LD [M]  drivers/net/ieee802154/at86rf230.ko
  LD [M]  drivers/net/ieee802154/cc2520.ko
  LD [M]  drivers/net/ieee802154/mrf24j40.ko
  LD [M]  drivers/net/ipvlan/ipvlan.ko
  LD [M]  drivers/net/ifb.ko
  LD [M]  drivers/net/macvlan.ko
  LD [M]  drivers/net/netconsole.ko
  LD [M]  drivers/net/phy/mdio-bitbang.ko
  LD [M]  drivers/net/ppp/ppp_async.ko
  LD [M]  drivers/net/ppp/ppp_deflate.ko
  LD [M]  drivers/net/ppp/bsd_comp.ko
  LD [M]  drivers/net/ppp/ppp_generic.ko
  LD [M]  drivers/net/ppp/ppp_mppe.ko
  LD [M]  drivers/net/ppp/ppp_synctty.ko
  LD [M]  drivers/net/ppp/pppox.ko
  LD [M]  drivers/net/ppp/pppoe.ko
  LD [M]  drivers/net/slip/slhc.ko
  LD [M]  drivers/net/slip/slip.ko
  LD [M]  drivers/net/tun.ko
  LD [M]  drivers/net/usb/catc.ko
  LD [M]  drivers/net/usb/asix.ko
  LD [M]  drivers/net/usb/ax88179_178a.ko
  LD [M]  drivers/net/usb/cdc_eem.ko
  LD [M]  drivers/net/usb/cdc_ether.ko
  LD [M]  drivers/net/usb/cdc_mbim.ko
  LD [M]  drivers/net/usb/cdc_ncm.ko
  LD [M]  drivers/net/usb/cdc_subset.ko
  LD [M]  drivers/net/usb/cx82310_eth.ko
  LD [M]  drivers/net/usb/dm9601.ko
  LD [M]  drivers/net/usb/hso.ko
  LD [M]  drivers/net/usb/gl620a.ko
  LD [M]  drivers/net/usb/huawei_cdc_ncm.ko
  LD [M]  drivers/net/usb/int51x1.ko
  LD [M]  drivers/net/usb/ipheth.ko
  LD [M]  drivers/net/usb/kaweth.ko
  LD [M]  drivers/net/usb/kalmia.ko
  LD [M]  drivers/net/usb/lg-vl600.ko
  LD [M]  drivers/net/usb/mcs7830.ko
  LD [M]  drivers/net/usb/net1080.ko
  LD [M]  drivers/net/usb/pegasus.ko
  LD [M]  drivers/net/usb/plusb.ko
  LD [M]  drivers/net/usb/qmi_wwan.ko
  LD [M]  drivers/net/usb/r8152.ko
  LD [M]  drivers/net/usb/rndis_host.ko
  LD [M]  drivers/net/usb/rtl8150.ko
  LD [M]  drivers/net/usb/sierra_net.ko
  LD [M]  drivers/net/usb/smsc75xx.ko
  LD [M]  drivers/net/usb/sr9700.ko
  LD [M]  drivers/net/usb/sr9800.ko
  LD [M]  drivers/net/usb/zaurus.ko
  LD [M]  drivers/net/veth.ko
  LD [M]  drivers/net/vxlan.ko
  LD [M]  drivers/net/wimax/i2400m/i2400m-usb.ko
  LD [M]  drivers/net/wimax/i2400m/i2400m.ko
  LD [M]  drivers/net/wireless/ath/ath.ko
  LD [M]  drivers/net/wireless/ath/ar5523/ar5523.ko
  LD [M]  drivers/net/wireless/ath/ath6kl/ath6kl_core.ko
  LD [M]  drivers/net/wireless/ath/ath6kl/ath6kl_usb.ko
  LD [M]  drivers/net/wireless/ath/ath9k/ath9k.ko
  LD [M]  drivers/net/wireless/ath/ath9k/ath9k_common.ko
  LD [M]  drivers/net/wireless/ath/ath9k/ath9k_hw.ko
  LD [M]  drivers/net/wireless/ath/ath9k/ath9k_htc.ko
  LD [M]  drivers/net/wireless/ath/carl9170/carl9170.ko
  LD [M]  drivers/net/wireless/atmel/at76c50x-usb.ko
  LD [M]  drivers/net/wireless/broadcom/b43/b43.ko
  LD [M]  drivers/net/wireless/broadcom/b43legacy/b43legacy.ko
  LD [M]  drivers/net/wireless/broadcom/brcm80211/brcmfmac/brcmfmac.ko
  LD [M]  drivers/net/wireless/broadcom/brcm80211/brcmutil/brcmutil.ko
  LD [M]  drivers/net/wireless/intersil/hostap/hostap.ko
  LD [M]  drivers/net/wireless/intersil/p54/p54common.ko
  LD [M]  drivers/net/wireless/intersil/p54/p54usb.ko
  LD [M]  drivers/net/wireless/mac80211_hwsim.ko
  LD [M]  drivers/net/wireless/marvell/libertas/libertas.ko
  LD [M]  drivers/net/wireless/marvell/libertas/libertas_sdio.ko
  LD [M]  drivers/net/wireless/marvell/libertas/usb8xxx.ko
  LD [M]  drivers/net/wireless/marvell/libertas_tf/libertas_tf_usb.ko
  LD [M]  drivers/net/wireless/marvell/mwifiex/mwifiex.ko
  LD [M]  drivers/net/wireless/marvell/libertas_tf/libertas_tf.ko
  LD [M]  drivers/net/wireless/marvell/mwifiex/mwifiex_sdio.ko
  LD [M]  drivers/net/wireless/ralink/rt2x00/rt2500usb.ko
  LD [M]  drivers/net/wireless/mediatek/mt7601u/mt7601u.ko
  LD [M]  drivers/net/wireless/ralink/rt2x00/rt2800lib.ko
  LD [M]  drivers/net/wireless/ralink/rt2x00/rt2x00lib.ko
  LD [M]  drivers/net/wireless/ralink/rt2x00/rt2x00usb.ko
  LD [M]  drivers/net/wireless/ralink/rt2x00/rt2800usb.ko
  LD [M]  drivers/net/wireless/ralink/rt2x00/rt73usb.ko
  LD [M]  drivers/net/wireless/realtek/rtl818x/rtl8187/rtl8187.ko
  LD [M]  drivers/net/wireless/realtek/rtl8192cu/8192cu.ko
  LD [M]  drivers/net/wireless/realtek/rtl8xxxu/rtl8xxxu.ko
  LD [M]  drivers/net/wireless/realtek/rtlwifi/rtl8192c/rtl8192c-common.ko
  LD [M]  drivers/net/wireless/realtek/rtlwifi/rtl8192cu/rtl8192cu.ko
  LD [M]  drivers/net/wireless/realtek/rtlwifi/rtl_usb.ko
  LD [M]  drivers/net/wireless/realtek/rtlwifi/rtlwifi.ko
  LD [M]  drivers/net/wireless/zydas/zd1201.ko
  LD [M]  drivers/net/wireless/rndis_wlan.ko
  LD [M]  drivers/perf/raspberrypi_axi_monitor.ko
  LD [M]  drivers/pinctrl/pinctrl-mcp23s08.ko
  LD [M]  drivers/net/wireless/zydas/zd1211rw/zd1211rw.ko
  LD [M]  drivers/power/supply/ds2760_battery.ko
  LD [M]  drivers/power/supply/ltc2941-battery-gauge.ko
  LD [M]  drivers/pps/clients/pps-gpio.ko
  LD [M]  drivers/pps/clients/pps-ldisc.ko
  LD [M]  drivers/pps/pps_core.ko
  LD [M]  drivers/pwm/pwm-pca9685.ko
  LD [M]  drivers/regulator/arizona-ldo1.ko
  LD [M]  drivers/pwm/pwm-bcm2835.ko
  LD [M]  drivers/regulator/arizona-micsupp.ko
  LD [M]  drivers/regulator/fixed.ko
  LD [M]  drivers/rtc/rtc-abx80x.ko
  LD [M]  drivers/rtc/rtc-bq32k.ko
  LD [M]  drivers/rtc/rtc-ds1305.ko
  LD [M]  drivers/rtc/rtc-ds1302.ko
  LD [M]  drivers/rtc/rtc-ds1307.ko
  LD [M]  drivers/rtc/rtc-ds1374.ko
  LD [M]  drivers/rtc/rtc-ds1390.ko
  LD [M]  drivers/rtc/rtc-ds1672.ko
  LD [M]  drivers/rtc/rtc-ds3232.ko
  LD [M]  drivers/rtc/rtc-em3027.ko
  LD [M]  drivers/rtc/rtc-fm3130.ko
  LD [M]  drivers/rtc/rtc-isl12022.ko
  LD [M]  drivers/rtc/rtc-isl1208.ko
  LD [M]  drivers/rtc/rtc-m41t80.ko
  LD [M]  drivers/rtc/rtc-m41t93.ko
  LD [M]  drivers/rtc/rtc-m41t94.ko
  LD [M]  drivers/rtc/rtc-max6900.ko
  LD [M]  drivers/rtc/rtc-pcf2123.ko
  LD [M]  drivers/rtc/rtc-max6902.ko
  LD [M]  drivers/rtc/rtc-pcf8523.ko
  LD [M]  drivers/rtc/rtc-pcf8563.ko
  LD [M]  drivers/rtc/rtc-pcf2127.ko
  LD [M]  drivers/rtc/rtc-pcf8583.ko
  LD [M]  drivers/rtc/rtc-r9701.ko
  LD [M]  drivers/rtc/rtc-rs5c348.ko
  LD [M]  drivers/rtc/rtc-rv3029c2.ko
  LD [M]  drivers/rtc/rtc-rs5c372.ko
  LD [M]  drivers/rtc/rtc-rx4581.ko
  LD [M]  drivers/rtc/rtc-rx8025.ko
  LD [M]  drivers/rtc/rtc-rx8581.ko
  LD [M]  drivers/rtc/rtc-s35390a.ko
  LD [M]  drivers/rtc/rtc-x1205.ko
  LD [M]  drivers/scsi/iscsi_boot_sysfs.ko
  LD [M]  drivers/scsi/iscsi_tcp.ko
  LD [M]  drivers/scsi/libiscsi.ko
  LD [M]  drivers/scsi/libiscsi_tcp.ko
  LD [M]  drivers/scsi/osst.ko
  LD [M]  drivers/scsi/sg.ko
  LD [M]  drivers/scsi/sr_mod.ko
  LD [M]  drivers/scsi/st.ko
  LD [M]  drivers/spi/spi-bcm2835.ko
  LD [M]  drivers/spi/spi-bcm2835aux.ko
  LD [M]  drivers/spi/spi-gpio.ko
  LD [M]  drivers/spi/spidev.ko
  LD [M]  drivers/spi/spi-bitbang.ko
  LD [M]  drivers/ssb/ssb.ko
  LD [M]  drivers/staging/fbtft/fb_agm1264k-fl.ko
  LD [M]  drivers/staging/fbtft/fb_hx8340bn.ko
  LD [M]  drivers/staging/fbtft/fb_bd663474.ko
  LD [M]  drivers/staging/fbtft/fb_hx8347d.ko
  LD [M]  drivers/staging/fbtft/fb_hx8353d.ko
  LD [M]  drivers/staging/fbtft/fb_ili9163.ko
  LD [M]  drivers/staging/fbtft/fb_ili9320.ko
  LD [M]  drivers/staging/fbtft/fb_hx8357d.ko
  LD [M]  drivers/staging/fbtft/fb_ili9325.ko
  LD [M]  drivers/staging/fbtft/fb_ili9341.ko
  LD [M]  drivers/staging/fbtft/fb_ili9481.ko
  LD [M]  drivers/staging/fbtft/fb_ili9340.ko
  LD [M]  drivers/staging/fbtft/fb_ili9486.ko
  LD [M]  drivers/staging/fbtft/fb_pcd8544.ko
  LD [M]  drivers/staging/fbtft/fb_ra8875.ko
  LD [M]  drivers/staging/fbtft/fb_s6d02a1.ko
  LD [M]  drivers/staging/fbtft/fb_s6d1121.ko
  LD [M]  drivers/staging/fbtft/fb_ssd1289.ko
  LD [M]  drivers/staging/fbtft/fb_ssd1306.ko
  LD [M]  drivers/staging/fbtft/fb_ssd1331.ko
  LD [M]  drivers/staging/fbtft/fb_ssd1351.ko
  LD [M]  drivers/staging/fbtft/fb_st7789v.ko
  LD [M]  drivers/staging/fbtft/fb_st7735r.ko
  LD [M]  drivers/staging/fbtft/fb_tinylcd.ko
  LD [M]  drivers/staging/fbtft/fb_tls8204.ko
  LD [M]  drivers/staging/fbtft/fb_uc1701.ko
  LD [M]  drivers/staging/fbtft/fb_upd161704.ko
  LD [M]  drivers/staging/fbtft/fb_watterott.ko
  LD [M]  drivers/staging/fbtft/fbtft.ko
  LD [M]  drivers/staging/fbtft/fbtft_device.ko
  LD [M]  drivers/staging/fbtft/flexfb.ko
  LD [M]  drivers/staging/irda/drivers/irda-usb.ko
  LD [M]  drivers/staging/irda/drivers/irtty-sir.ko
  LD [M]  drivers/staging/irda/drivers/kingsun-sir.ko
  LD [M]  drivers/staging/irda/drivers/ks959-sir.ko
  LD [M]  drivers/staging/irda/drivers/ksdazzle-sir.ko
  LD [M]  drivers/staging/irda/drivers/sir-dev.ko
  LD [M]  drivers/staging/irda/drivers/stir4200.ko
  LD [M]  drivers/staging/irda/drivers/mcs7780.ko
  LD [M]  drivers/staging/irda/net/ircomm/ircomm-tty.ko
  LD [M]  drivers/staging/irda/net/ircomm/ircomm.ko
  LD [M]  drivers/staging/irda/net/irnet/irnet.ko
  LD [M]  drivers/staging/irda/net/irlan/irlan.ko
  LD [M]  drivers/staging/irda/net/irda.ko
  LD [M]  drivers/staging/media/lirc/lirc_rpi.ko
  LD [M]  drivers/staging/rtl8712/r8712u.ko
  LD [M]  drivers/staging/rtl8188eu/r8188eu.ko
  LD [M]  drivers/staging/speakup/speakup.ko
  LD [M]  drivers/staging/speakup/speakup_soft.ko
  LD [M]  drivers/staging/vc04_services/bcm2835-audio/snd-bcm2835.ko
  LD [M]  drivers/staging/vc04_services/bcm2835-camera/bcm2835-v4l2.ko
  LD [M]  drivers/staging/vt6656/vt6656_stage.ko
  LD [M]  drivers/tty/serdev/serdev.ko
  LD [M]  drivers/staging/wlan-ng/prism2_usb.ko
  LD [M]  drivers/tty/serial/sc16is7xx.ko
  LD [M]  drivers/uio/uio.ko
  LD [M]  drivers/uio/uio_pdrv_genirq.ko
  LD [M]  drivers/usb/atm/cxacru.ko
  LD [M]  drivers/usb/atm/speedtch.ko
  LD [M]  drivers/usb/atm/ueagle-atm.ko
  LD [M]  drivers/usb/atm/usbatm.ko
  LD [M]  drivers/usb/class/cdc-acm.ko
  LD [M]  drivers/usb/atm/xusbatm.ko
  LD [M]  drivers/usb/class/cdc-wdm.ko
  LD [M]  drivers/usb/class/usblp.ko
  LD [M]  drivers/usb/dwc2/dwc2.ko
  LD [M]  drivers/usb/gadget/function/u_audio.ko
  LD [M]  drivers/usb/gadget/function/u_ether.ko
  LD [M]  drivers/usb/gadget/function/u_serial.ko
  LD [M]  drivers/usb/gadget/function/usb_f_acm.ko
  LD [M]  drivers/usb/gadget/function/usb_f_ecm.ko
  LD [M]  drivers/usb/gadget/function/usb_f_hid.ko
  LD [M]  drivers/usb/gadget/function/usb_f_ecm_subset.ko
  LD [M]  drivers/usb/gadget/function/usb_f_mass_storage.ko
  LD [M]  drivers/usb/gadget/function/usb_f_midi.ko
  LD [M]  drivers/usb/gadget/function/usb_f_obex.ko
  LD [M]  drivers/usb/gadget/function/usb_f_printer.ko
  LD [M]  drivers/usb/gadget/function/usb_f_rndis.ko
  LD [M]  drivers/usb/gadget/function/usb_f_serial.ko
  LD [M]  drivers/usb/gadget/function/usb_f_uac2.ko
  LD [M]  drivers/usb/gadget/function/usb_f_ss_lb.ko
  LD [M]  drivers/usb/gadget/legacy/g_acm_ms.ko
  LD [M]  drivers/usb/gadget/legacy/g_audio.ko
  LD [M]  drivers/usb/gadget/function/usb_f_uvc.ko
  LD [M]  drivers/usb/gadget/legacy/g_cdc.ko
  LD [M]  drivers/usb/gadget/legacy/g_ether.ko
  LD [M]  drivers/usb/gadget/legacy/g_hid.ko
  LD [M]  drivers/usb/gadget/legacy/g_mass_storage.ko
  LD [M]  drivers/usb/gadget/legacy/g_midi.ko
  LD [M]  drivers/usb/gadget/legacy/g_multi.ko
  LD [M]  drivers/usb/gadget/legacy/g_printer.ko
  LD [M]  drivers/usb/gadget/legacy/g_serial.ko
  LD [M]  drivers/usb/gadget/legacy/g_zero.ko
  LD [M]  drivers/usb/gadget/legacy/g_webcam.ko
  LD [M]  drivers/usb/gadget/legacy/gadgetfs.ko
  LD [M]  drivers/usb/gadget/libcomposite.ko
  LD [M]  drivers/usb/gadget/udc/udc-core.ko
  LD [M]  drivers/usb/image/microtek.ko
  LD [M]  drivers/usb/image/mdc800.ko
  LD [M]  drivers/usb/misc/adutux.ko
  LD [M]  drivers/usb/misc/appledisplay.ko
  LD [M]  drivers/usb/misc/cypress_cy7c63.ko
  LD [M]  drivers/usb/misc/cytherm.ko
  LD [M]  drivers/usb/misc/emi26.ko
  LD [M]  drivers/usb/misc/emi62.ko
  LD [M]  drivers/usb/misc/ezusb.ko
  LD [M]  drivers/usb/misc/ftdi-elan.ko
  LD [M]  drivers/usb/misc/idmouse.ko
  LD [M]  drivers/usb/misc/iowarrior.ko
  LD [M]  drivers/usb/misc/isight_firmware.ko
  LD [M]  drivers/usb/misc/ldusb.ko
  LD [M]  drivers/usb/misc/rio500.ko
  LD [M]  drivers/usb/misc/legousbtower.ko
  LD [M]  drivers/usb/misc/trancevibrator.ko
  LD [M]  drivers/usb/misc/usbsevseg.ko
  LD [M]  drivers/usb/misc/usbtest.ko
  LD [M]  drivers/usb/misc/usblcd.ko
  LD [M]  drivers/usb/misc/yurex.ko
  LD [M]  drivers/usb/mon/usbmon.ko
  LD [M]  drivers/usb/serial/ark3116.ko
  LD [M]  drivers/usb/serial/aircable.ko
  LD [M]  drivers/usb/serial/belkin_sa.ko
  LD [M]  drivers/usb/serial/ch341.ko
  LD [M]  drivers/usb/serial/cyberjack.ko
  LD [M]  drivers/usb/serial/cp210x.ko
  LD [M]  drivers/usb/serial/cypress_m8.ko
  LD [M]  drivers/usb/serial/digi_acceleport.ko
  LD [M]  drivers/usb/serial/empeg.ko
  LD [M]  drivers/usb/serial/f81232.ko
  LD [M]  drivers/usb/serial/ftdi_sio.ko
  LD [M]  drivers/usb/serial/garmin_gps.ko
  LD [M]  drivers/usb/serial/io_ti.ko
  LD [M]  drivers/usb/serial/io_edgeport.ko
  LD [M]  drivers/usb/serial/ipaq.ko
  LD [M]  drivers/usb/serial/ipw.ko
  LD [M]  drivers/usb/serial/ir-usb.ko
  LD [M]  drivers/usb/serial/iuu_phoenix.ko
  LD [M]  drivers/usb/serial/keyspan.ko
  LD [M]  drivers/usb/serial/kobil_sct.ko
  LD [M]  drivers/usb/serial/kl5kusb105.ko
  LD [M]  drivers/usb/serial/keyspan_pda.ko
  LD [M]  drivers/usb/serial/mct_u232.ko
  LD [M]  drivers/usb/serial/metro-usb.ko
  LD [M]  drivers/usb/serial/mos7840.ko
  LD [M]  drivers/usb/serial/mos7720.ko
  LD [M]  drivers/usb/serial/navman.ko
  LD [M]  drivers/usb/serial/omninet.ko
  LD [M]  drivers/usb/serial/option.ko
  LD [M]  drivers/usb/serial/opticon.ko
  LD [M]  drivers/usb/serial/pl2303.ko
  LD [M]  drivers/usb/serial/oti6858.ko
  LD [M]  drivers/usb/serial/qcserial.ko
  LD [M]  drivers/usb/serial/quatech2.ko
  LD [M]  drivers/usb/serial/safe_serial.ko
  LD [M]  drivers/usb/serial/qcaux.ko
  LD [M]  drivers/usb/serial/sierra.ko
  LD [M]  drivers/usb/serial/spcp8x5.ko
  LD [M]  drivers/usb/serial/ssu100.ko
  LD [M]  drivers/usb/serial/symbolserial.ko
  LD [M]  drivers/usb/serial/usb_debug.ko
  LD [M]  drivers/usb/serial/ti_usb_3410_5052.ko
  LD [M]  drivers/usb/serial/usb_wwan.ko
  LD [M]  drivers/usb/serial/usbserial.ko
  LD [M]  drivers/usb/serial/visor.ko
  LD [M]  drivers/usb/serial/whiteheat.ko
  LD [M]  drivers/usb/serial/wishbone-serial.ko
  LD [M]  drivers/usb/serial/xsens_mt.ko
  LD [M]  drivers/usb/storage/ums-alauda.ko
  LD [M]  drivers/usb/storage/ums-datafab.ko
  LD [M]  drivers/usb/storage/ums-cypress.ko
  LD [M]  drivers/usb/storage/ums-eneub6250.ko
  LD [M]  drivers/usb/storage/ums-freecom.ko
  LD [M]  drivers/usb/storage/ums-isd200.ko
  LD [M]  drivers/usb/storage/ums-jumpshot.ko
  LD [M]  drivers/usb/storage/ums-karma.ko
  LD [M]  drivers/usb/storage/ums-onetouch.ko
  LD [M]  drivers/usb/storage/ums-sddr09.ko
  LD [M]  drivers/usb/storage/ums-realtek.ko
  LD [M]  drivers/usb/storage/ums-sddr55.ko
  LD [M]  drivers/usb/usbip/usbip-core.ko
  LD [M]  drivers/usb/usbip/usbip-host.ko
  LD [M]  drivers/usb/usbip/usbip-vudc.ko
  LD [M]  drivers/usb/storage/ums-usbat.ko
  LD [M]  drivers/usb/usbip/vhci-hcd.ko
  LD [M]  drivers/video/backlight/gpio_backlight.ko
  LD [M]  drivers/video/backlight/lcd.ko
  LD [M]  drivers/video/backlight/rpi_backlight.ko
  LD [M]  drivers/video/fbdev/core/fb_sys_fops.ko
  LD [M]  drivers/video/fbdev/core/syscopyarea.ko
  LD [M]  drivers/video/fbdev/core/sysfillrect.ko
  LD [M]  drivers/video/fbdev/rpisense-fb.ko
  LD [M]  drivers/video/fbdev/core/sysimgblt.ko
  LD [M]  drivers/video/fbdev/ssd1307fb.ko
  LD [M]  drivers/video/fbdev/udlfb.ko
  LD [M]  drivers/w1/masters/ds1wm.ko
  LD [M]  drivers/w1/masters/ds2490.ko
  LD [M]  drivers/w1/slaves/w1_ds2406.ko
  LD [M]  drivers/w1/masters/ds2482.ko
  LD [M]  drivers/w1/masters/w1-gpio.ko
  LD [M]  drivers/w1/slaves/w1_ds2408.ko
  LD [M]  drivers/w1/slaves/w1_ds2423.ko
  LD [M]  drivers/w1/slaves/w1_ds2431.ko
  LD [M]  drivers/w1/slaves/w1_ds2413.ko
  LD [M]  drivers/w1/slaves/w1_ds2438.ko
  LD [M]  drivers/w1/slaves/w1_ds2433.ko
  LD [M]  drivers/w1/slaves/w1_ds2760.ko
  LD [M]  drivers/w1/slaves/w1_ds2780.ko
  LD [M]  drivers/w1/slaves/w1_ds2781.ko
  LD [M]  drivers/w1/slaves/w1_smem.ko
  LD [M]  drivers/w1/slaves/w1_ds28e04.ko
  LD [M]  drivers/w1/wire.ko
  LD [M]  drivers/w1/slaves/w1_therm.ko
  LD [M]  drivers/watchdog/gpio_wdt.ko
  LD [M]  fs/binfmt_misc.ko
  LD [M]  fs/9p/9p.ko
  LD [M]  fs/btrfs/btrfs.ko
  LD [M]  fs/cifs/cifs.ko
  LD [M]  fs/dlm/dlm.ko
  LD [M]  fs/ecryptfs/ecryptfs.ko
  LD [M]  fs/fuse/cuse.ko
  LD [M]  fs/fuse/fuse.ko
  LD [M]  fs/gfs2/gfs2.ko
  LD [M]  fs/hfs/hfs.ko
  LD [M]  fs/hfsplus/hfsplus.ko
  LD [M]  fs/isofs/isofs.ko
  LD [M]  fs/jffs2/jffs2.ko
  LD [M]  fs/jfs/jfs.ko
  LD [M]  fs/nfs/blocklayout/blocklayoutdriver.ko
  LD [M]  fs/nfs/flexfilelayout/nfs_layout_flexfiles.ko
  LD [M]  fs/nfsd/nfsd.ko
  LD [M]  fs/nilfs2/nilfs2.ko
  LD [M]  fs/nls/nls_cp1250.ko
  LD [M]  fs/nls/nls_cp1251.ko
  LD [M]  fs/nls/nls_cp1255.ko
  LD [M]  fs/nls/nls_cp737.ko
  LD [M]  fs/nls/nls_cp775.ko
  LD [M]  fs/nls/nls_cp850.ko
  LD [M]  fs/nls/nls_cp855.ko
  LD [M]  fs/nls/nls_cp852.ko
  LD [M]  fs/nls/nls_cp857.ko
  LD [M]  fs/nls/nls_cp860.ko
  LD [M]  fs/nls/nls_cp861.ko
  LD [M]  fs/nls/nls_cp862.ko
  LD [M]  fs/nls/nls_cp863.ko
  LD [M]  fs/nls/nls_cp864.ko
  LD [M]  fs/nls/nls_cp865.ko
  LD [M]  fs/nls/nls_cp869.ko
  LD [M]  fs/nls/nls_cp866.ko
  LD [M]  fs/nls/nls_cp874.ko
  LD [M]  fs/nls/nls_cp932.ko
  LD [M]  fs/nls/nls_cp936.ko
  LD [M]  fs/nls/nls_cp950.ko
  LD [M]  fs/nls/nls_cp949.ko
  LD [M]  fs/nls/nls_euc-jp.ko
  LD [M]  fs/nls/nls_iso8859-1.ko
  LD [M]  fs/nls/nls_iso8859-13.ko
  LD [M]  fs/nls/nls_iso8859-14.ko
  LD [M]  fs/nls/nls_iso8859-2.ko
  LD [M]  fs/nls/nls_iso8859-3.ko
  LD [M]  fs/nls/nls_iso8859-15.ko
  LD [M]  fs/nls/nls_iso8859-5.ko
  LD [M]  fs/nls/nls_iso8859-6.ko
  LD [M]  fs/nls/nls_iso8859-4.ko
  LD [M]  fs/nls/nls_iso8859-7.ko
  LD [M]  fs/nls/nls_iso8859-9.ko
  LD [M]  fs/nls/nls_koi8-ru.ko
  LD [M]  fs/nls/nls_koi8-r.ko
  LD [M]  fs/nls/nls_koi8-u.ko
  LD [M]  fs/ntfs/ntfs.ko
  LD [M]  fs/nls/nls_utf8.ko
  LD [M]  fs/ocfs2/cluster/ocfs2_nodemanager.ko
  LD [M]  fs/ocfs2/dlmfs/ocfs2_dlmfs.ko
  LD [M]  fs/ocfs2/dlm/ocfs2_dlm.ko
  LD [M]  fs/ocfs2/ocfs2.ko
  LD [M]  fs/ocfs2/ocfs2_stack_o2cb.ko
  LD [M]  fs/ocfs2/ocfs2_stack_user.ko
  LD [M]  fs/ocfs2/ocfs2_stackglue.ko
  LD [M]  fs/overlayfs/overlay.ko
  LD [M]  fs/quota/quota_tree.ko
  LD [M]  fs/quota/quota_v1.ko
  LD [M]  fs/quota/quota_v2.ko
  LD [M]  fs/reiserfs/reiserfs.ko
  LD [M]  fs/squashfs/squashfs.ko
  LD [M]  fs/ubifs/ubifs.ko
  LD [M]  fs/udf/udf.ko
  LD [M]  fs/xfs/xfs.ko
  LD [M]  kernel/configs.ko
  LD [M]  lib/crc7.ko
  LD [M]  lib/crc-ccitt.ko
  LD [M]  lib/crc8.ko
  LD [M]  lib/lru_cache.ko
  LD [M]  lib/lzo/lzo_compress.ko
  LD [M]  lib/lz4/lz4_compress.ko
  LD [M]  lib/raid6/raid6_pq.ko
  LD [M]  lib/ts_bm.ko
  LD [M]  lib/ts_fsm.ko
  LD [M]  lib/ts_kmp.ko
  LD [M]  lib/xxhash.ko
  LD [M]  lib/zlib_deflate/zlib_deflate.ko
  LD [M]  lib/zstd/zstd_decompress.ko
  LD [M]  lib/zstd/zstd_compress.ko
  LD [M]  mm/zsmalloc.ko
  LD [M]  net/6lowpan/6lowpan.ko
  LD [M]  net/6lowpan/nhc_dest.ko
  LD [M]  net/6lowpan/nhc_fragment.ko
  LD [M]  net/6lowpan/nhc_hop.ko
  LD [M]  net/6lowpan/nhc_ipv6.ko
  LD [M]  net/6lowpan/nhc_mobility.ko
  LD [M]  net/6lowpan/nhc_routing.ko
  LD [M]  net/6lowpan/nhc_udp.ko
  LD [M]  net/802/p8022.ko
  LD [M]  net/802/garp.ko
  LD [M]  net/802/psnap.ko
  LD [M]  net/802/stp.ko
  LD [M]  net/8021q/8021q.ko
  LD [M]  net/9p/9pnet.ko
  LD [M]  net/appletalk/appletalk.ko
  LD [M]  net/atm/atm.ko
  LD [M]  net/atm/pppoatm.ko
  LD [M]  net/ax25/ax25.ko
  LD [M]  net/batman-adv/batman-adv.ko
  LD [M]  net/bluetooth/bluetooth_6lowpan.ko
  LD [M]  net/bluetooth/bluetooth.ko
  LD [M]  net/bluetooth/bnep/bnep.ko
  LD [M]  net/bluetooth/hidp/hidp.ko
  LD [M]  net/bluetooth/rfcomm/rfcomm.ko
  LD [M]  net/bridge/br_netfilter.ko
  LD [M]  net/bridge/bridge.ko
  LD [M]  net/bridge/netfilter/ebt_among.ko
  LD [M]  net/bridge/netfilter/ebt_802_3.ko
  LD [M]  net/bridge/netfilter/ebt_arp.ko
  LD [M]  net/bridge/netfilter/ebt_arpreply.ko
  LD [M]  net/bridge/netfilter/ebt_ip.ko
  LD [M]  net/bridge/netfilter/ebt_dnat.ko
  LD [M]  net/bridge/netfilter/ebt_ip6.ko
  LD [M]  net/bridge/netfilter/ebt_limit.ko
  LD [M]  net/bridge/netfilter/ebt_log.ko
  LD [M]  net/bridge/netfilter/ebt_mark.ko
  LD [M]  net/bridge/netfilter/ebt_mark_m.ko
  LD [M]  net/bridge/netfilter/ebt_nflog.ko
  LD [M]  net/bridge/netfilter/ebt_pkttype.ko
  LD [M]  net/bridge/netfilter/ebt_redirect.ko
  LD [M]  net/bridge/netfilter/ebt_snat.ko
  LD [M]  net/bridge/netfilter/ebt_stp.ko
  LD [M]  net/bridge/netfilter/ebtable_broute.ko
  LD [M]  net/bridge/netfilter/ebt_vlan.ko
  LD [M]  net/bridge/netfilter/ebtable_filter.ko
  LD [M]  net/bridge/netfilter/ebtable_nat.ko
  LD [M]  net/bridge/netfilter/ebtables.ko
  LD [M]  net/can/can-bcm.ko
  LD [M]  net/can/can-gw.ko
  LD [M]  net/can/can-raw.ko
  LD [M]  net/core/pktgen.ko
  LD [M]  net/can/can.ko
  LD [M]  net/ieee802154/6lowpan/ieee802154_6lowpan.ko
  LD [M]  net/ieee802154/ieee802154.ko
  LD [M]  net/ieee802154/ieee802154_socket.ko
  LD [M]  net/ipv4/ah4.ko
  LD [M]  net/ipv4/esp4.ko
  LD [M]  net/ipv4/gre.ko
  LD [M]  net/ipv4/inet_diag.ko
  LD [M]  net/ipv4/ip_gre.ko
  LD [M]  net/ipv4/ip_tunnel.ko
  LD [M]  net/ipv4/ip_vti.ko
  LD [M]  net/ipv4/ipcomp.ko
  LD [M]  net/ipv4/ipip.ko
  LD [M]  net/ipv4/netfilter/arp_tables.ko
  LD [M]  net/ipv4/netfilter/arpt_mangle.ko
  LD [M]  net/ipv4/netfilter/arptable_filter.ko
  LD [M]  net/ipv4/netfilter/ip_tables.ko
  LD [M]  net/ipv4/netfilter/ipt_CLUSTERIP.ko
  LD [M]  net/ipv4/netfilter/ipt_ECN.ko
  LD [M]  net/ipv4/netfilter/ipt_MASQUERADE.ko
  LD [M]  net/ipv4/netfilter/ipt_rpfilter.ko
  LD [M]  net/ipv4/netfilter/ipt_ah.ko
  LD [M]  net/ipv4/netfilter/ipt_REJECT.ko
  LD [M]  net/ipv4/netfilter/iptable_filter.ko
  LD [M]  net/ipv4/netfilter/iptable_nat.ko
  LD [M]  net/ipv4/netfilter/iptable_mangle.ko
  LD [M]  net/ipv4/netfilter/iptable_raw.ko
  LD [M]  net/ipv4/netfilter/nf_conntrack_ipv4.ko
  LD [M]  net/ipv4/netfilter/nf_defrag_ipv4.ko
  LD [M]  net/ipv4/netfilter/nf_log_ipv4.ko
  LD [M]  net/ipv4/netfilter/nf_dup_ipv4.ko
  LD [M]  net/ipv4/netfilter/nf_nat_h323.ko
  LD [M]  net/ipv4/netfilter/nf_nat_ipv4.ko
  LD [M]  net/ipv4/netfilter/nf_nat_masquerade_ipv4.ko
  LD [M]  net/ipv4/netfilter/nf_nat_proto_gre.ko
  LD [M]  net/ipv4/netfilter/nf_nat_pptp.ko
  LD [M]  net/ipv4/netfilter/nf_nat_snmp_basic.ko
  LD [M]  net/ipv4/netfilter/nf_reject_ipv4.ko
  LD [M]  net/ipv4/tcp_bbr.ko
  LD [M]  net/ipv4/tcp_bic.ko
  LD [M]  net/ipv4/tcp_htcp.ko
  LD [M]  net/ipv4/tcp_westwood.ko
  LD [M]  net/ipv4/tcp_diag.ko
  LD [M]  net/ipv4/tunnel4.ko
  LD [M]  net/ipv4/udp_tunnel.ko
  LD [M]  net/ipv4/xfrm4_mode_beet.ko
  LD [M]  net/ipv4/xfrm4_mode_transport.ko
  LD [M]  net/ipv4/xfrm4_mode_tunnel.ko
  LD [M]  net/ipv4/xfrm4_tunnel.ko
  LD [M]  net/ipv6/ah6.ko
  LD [M]  net/ipv6/esp6.ko
  LD [M]  net/ipv6/ip6_tunnel.ko
  LD [M]  net/ipv6/ip6_udp_tunnel.ko
  LD [M]  net/ipv6/ipcomp6.ko
  LD [M]  net/ipv6/ipv6.ko
  LD [M]  net/ipv6/netfilter/ip6t_MASQUERADE.ko
  LD [M]  net/ipv6/netfilter/ip6_tables.ko
  LD [M]  net/ipv6/netfilter/ip6t_NPT.ko
  LD [M]  net/ipv6/netfilter/ip6t_REJECT.ko
  LD [M]  net/ipv6/netfilter/ip6t_ah.ko
  LD [M]  net/ipv6/netfilter/ip6t_eui64.ko
  LD [M]  net/ipv6/netfilter/ip6t_frag.ko
  LD [M]  net/ipv6/netfilter/ip6t_mh.ko
  LD [M]  net/ipv6/netfilter/ip6t_ipv6header.ko
  LD [M]  net/ipv6/netfilter/ip6t_hbh.ko
  LD [M]  net/ipv6/netfilter/ip6t_rpfilter.ko
  LD [M]  net/ipv6/netfilter/ip6table_filter.ko
  LD [M]  net/ipv6/netfilter/ip6t_rt.ko
  LD [M]  net/ipv6/netfilter/ip6table_mangle.ko
  LD [M]  net/ipv6/netfilter/ip6table_nat.ko
  LD [M]  net/ipv6/netfilter/ip6table_raw.ko
  LD [M]  net/ipv6/netfilter/nf_conntrack_ipv6.ko
  LD [M]  net/ipv6/netfilter/nf_dup_ipv6.ko
  LD [M]  net/ipv6/netfilter/nf_defrag_ipv6.ko
  LD [M]  net/ipv6/netfilter/nf_nat_ipv6.ko
  LD [M]  net/ipv6/netfilter/nf_log_ipv6.ko
  LD [M]  net/ipv6/netfilter/nf_nat_masquerade_ipv6.ko
  LD [M]  net/ipv6/netfilter/nf_reject_ipv6.ko
  LD [M]  net/ipv6/sit.ko
  LD [M]  net/ipv6/tunnel6.ko
  LD [M]  net/ipv6/xfrm6_mode_beet.ko
  LD [M]  net/ipv6/xfrm6_mode_transport.ko
  LD [M]  net/ipv6/xfrm6_mode_tunnel.ko
  LD [M]  net/ipv6/xfrm6_tunnel.ko
  LD [M]  net/key/af_key.ko
  LD [M]  net/l2tp/l2tp_core.ko
  LD [M]  net/l2tp/l2tp_eth.ko
  LD [M]  net/l2tp/l2tp_ip.ko
  LD [M]  net/l2tp/l2tp_ip6.ko
  LD [M]  net/l2tp/l2tp_netlink.ko
  LD [M]  net/l2tp/l2tp_ppp.ko
  LD [M]  net/llc/llc.ko
  LD [M]  net/mac80211/mac80211.ko
  LD [M]  net/mac802154/mac802154.ko
  LD [M]  net/mpls/mpls_gso.ko
  LD [M]  net/netfilter/ipset/ip_set.ko
  LD [M]  net/netfilter/ipset/ip_set_bitmap_ip.ko
  LD [M]  net/netfilter/ipset/ip_set_bitmap_ipmac.ko
  LD [M]  net/netfilter/ipset/ip_set_bitmap_port.ko
  LD [M]  net/netfilter/ipset/ip_set_hash_ipportip.ko
  LD [M]  net/netfilter/ipset/ip_set_hash_ip.ko
  LD [M]  net/netfilter/ipset/ip_set_hash_ipport.ko
  LD [M]  net/netfilter/ipset/ip_set_hash_ipportnet.ko
  LD [M]  net/netfilter/ipset/ip_set_hash_net.ko
  LD [M]  net/netfilter/ipset/ip_set_hash_netiface.ko
  LD [M]  net/netfilter/ipset/ip_set_hash_netport.ko
  LD [M]  net/netfilter/ipset/ip_set_list_set.ko
  LD [M]  net/netfilter/ipvs/ip_vs.ko
  LD [M]  net/netfilter/ipvs/ip_vs_dh.ko
  LD [M]  net/netfilter/ipvs/ip_vs_ftp.ko
  LD [M]  net/netfilter/ipvs/ip_vs_lblcr.ko
  LD [M]  net/netfilter/ipvs/ip_vs_lblc.ko
  LD [M]  net/netfilter/ipvs/ip_vs_lc.ko
  LD [M]  net/netfilter/ipvs/ip_vs_nq.ko
  LD [M]  net/netfilter/ipvs/ip_vs_pe_sip.ko
  LD [M]  net/netfilter/ipvs/ip_vs_rr.ko
  LD [M]  net/netfilter/ipvs/ip_vs_sed.ko
  LD [M]  net/netfilter/ipvs/ip_vs_sh.ko
  LD [M]  net/netfilter/ipvs/ip_vs_wlc.ko
  LD [M]  net/netfilter/ipvs/ip_vs_wrr.ko
  LD [M]  net/netfilter/nf_conntrack.ko
  LD [M]  net/netfilter/nf_conntrack_amanda.ko
  LD [M]  net/netfilter/nf_conntrack_broadcast.ko
  LD [M]  net/netfilter/nf_conntrack_ftp.ko
  LD [M]  net/netfilter/nf_conntrack_irc.ko
  LD [M]  net/netfilter/nf_conntrack_h323.ko
  LD [M]  net/netfilter/nf_conntrack_netbios_ns.ko
  LD [M]  net/netfilter/nf_conntrack_netlink.ko
  LD [M]  net/netfilter/nf_conntrack_proto_gre.ko
  LD [M]  net/netfilter/nf_conntrack_pptp.ko
  LD [M]  net/netfilter/nf_conntrack_sane.ko
  LD [M]  net/netfilter/nf_conntrack_snmp.ko
  LD [M]  net/netfilter/nf_conntrack_sip.ko
  LD [M]  net/netfilter/nf_conntrack_tftp.ko
  LD [M]  net/netfilter/nf_log_common.ko
  LD [M]  net/netfilter/nf_nat.ko
  LD [M]  net/netfilter/nf_nat_amanda.ko
  LD [M]  net/netfilter/nf_nat_ftp.ko
  LD [M]  net/netfilter/nf_nat_irc.ko
  LD [M]  net/netfilter/nf_nat_redirect.ko
  LD [M]  net/netfilter/nf_nat_sip.ko
  LD [M]  net/netfilter/nf_nat_tftp.ko
  LD [M]  net/netfilter/nfnetlink.ko
  LD [M]  net/netfilter/nfnetlink_acct.ko
  LD [M]  net/netfilter/nfnetlink_log.ko
  LD [M]  net/netfilter/nfnetlink_queue.ko
  LD [M]  net/netfilter/x_tables.ko
  LD [M]  net/netfilter/xt_CHECKSUM.ko
  LD [M]  net/netfilter/xt_CLASSIFY.ko
  LD [M]  net/netfilter/xt_CT.ko
  LD [M]  net/netfilter/xt_DSCP.ko
  LD [M]  net/netfilter/xt_HL.ko
  LD [M]  net/netfilter/xt_IDLETIMER.ko
  LD [M]  net/netfilter/xt_LED.ko
  LD [M]  net/netfilter/xt_HMARK.ko
  LD [M]  net/netfilter/xt_LOG.ko
  LD [M]  net/netfilter/xt_NETMAP.ko
  LD [M]  net/netfilter/xt_NFLOG.ko
  LD [M]  net/netfilter/xt_NFQUEUE.ko
  LD [M]  net/netfilter/xt_RATEEST.ko
  LD [M]  net/netfilter/xt_REDIRECT.ko
  LD [M]  net/netfilter/xt_TCPMSS.ko
  LD [M]  net/netfilter/xt_TEE.ko
  LD [M]  net/netfilter/xt_TCPOPTSTRIP.ko
  LD [M]  net/netfilter/xt_TPROXY.ko
  LD [M]  net/netfilter/xt_addrtype.ko
  LD [M]  net/netfilter/xt_TRACE.ko
  LD [M]  net/netfilter/xt_bpf.ko
  LD [M]  net/netfilter/xt_cluster.ko
  LD [M]  net/netfilter/xt_comment.ko
  LD [M]  net/netfilter/xt_connbytes.ko
  LD [M]  net/netfilter/xt_connlabel.ko
  LD [M]  net/netfilter/xt_connlimit.ko
  LD [M]  net/netfilter/xt_connmark.ko
  LD [M]  net/netfilter/xt_conntrack.ko
  LD [M]  net/netfilter/xt_cpu.ko
  LD [M]  net/netfilter/xt_devgroup.ko
  LD [M]  net/netfilter/xt_dccp.ko
  LD [M]  net/netfilter/xt_dscp.ko
  LD [M]  net/netfilter/xt_ecn.ko
  LD [M]  net/netfilter/xt_esp.ko
  LD [M]  net/netfilter/xt_hashlimit.ko
  LD [M]  net/netfilter/xt_helper.ko
  LD [M]  net/netfilter/xt_hl.ko
  LD [M]  net/netfilter/xt_ipvs.ko
  LD [M]  net/netfilter/xt_iprange.ko
  LD [M]  net/netfilter/xt_l2tp.ko
  LD [M]  net/netfilter/xt_length.ko
  LD [M]  net/netfilter/xt_limit.ko
  LD [M]  net/netfilter/xt_mark.ko
  LD [M]  net/netfilter/xt_mac.ko
  LD [M]  net/netfilter/xt_multiport.ko
  LD [M]  net/netfilter/xt_nat.ko
  LD [M]  net/netfilter/xt_nfacct.ko
  LD [M]  net/netfilter/xt_osf.ko
  LD [M]  net/netfilter/xt_owner.ko
  LD [M]  net/netfilter/xt_physdev.ko
  LD [M]  net/netfilter/xt_pkttype.ko
  LD [M]  net/netfilter/xt_policy.ko
  LD [M]  net/netfilter/xt_quota.ko
  LD [M]  net/netfilter/xt_rateest.ko
  LD [M]  net/netfilter/xt_recent.ko
  LD [M]  net/netfilter/xt_realm.ko
  LD [M]  net/netfilter/xt_set.ko
  LD [M]  net/netfilter/xt_sctp.ko
  LD [M]  net/netfilter/xt_state.ko
  LD [M]  net/netfilter/xt_statistic.ko
  LD [M]  net/netfilter/xt_string.ko
  LD [M]  net/netfilter/xt_tcpmss.ko
  LD [M]  net/netfilter/xt_tcpudp.ko
  LD [M]  net/netfilter/xt_time.ko
  LD [M]  net/netfilter/xt_u32.ko
  LD [M]  net/netrom/netrom.ko
  LD [M]  net/nfc/nfc.ko
  LD [M]  net/openvswitch/openvswitch.ko
  LD [M]  net/openvswitch/vport-gre.ko
  LD [M]  net/openvswitch/vport-vxlan.ko
  LD [M]  net/rfkill/rfkill.ko
  LD [M]  net/rose/rose.ko
  LD [M]  net/sched/act_csum.ko
  LD [M]  net/sched/act_gact.ko
  LD [M]  net/sched/act_ipt.ko
  LD [M]  net/sched/act_mirred.ko
  LD [M]  net/sched/act_nat.ko
  LD [M]  net/sched/act_police.ko
  LD [M]  net/sched/act_pedit.ko
  LD [M]  net/sched/act_simple.ko
  LD [M]  net/sched/act_skbedit.ko
  LD [M]  net/sched/cls_basic.ko
  LD [M]  net/sched/cls_cgroup.ko
  LD [M]  net/sched/cls_flow.ko
  LD [M]  net/sched/cls_fw.ko
  LD [M]  net/sched/cls_route.ko
  LD [M]  net/sched/cls_rsvp6.ko
  LD [M]  net/sched/cls_rsvp.ko
  LD [M]  net/sched/cls_tcindex.ko
  LD [M]  net/sched/cls_u32.ko
  LD [M]  net/sched/em_cmp.ko
  LD [M]  net/sched/em_meta.ko
  LD [M]  net/sched/em_ipset.ko
  LD [M]  net/sched/em_nbyte.ko
  LD [M]  net/sched/em_text.ko
  LD [M]  net/sched/em_u32.ko
  LD [M]  net/sched/sch_cbq.ko
  LD [M]  net/sched/sch_atm.ko
  LD [M]  net/sched/sch_choke.ko
  LD [M]  net/sched/sch_codel.ko
  LD [M]  net/sched/sch_drr.ko
  LD [M]  net/sched/sch_dsmark.ko
  LD [M]  net/sched/sch_fq_codel.ko
  LD [M]  net/sched/sch_fq.ko
  LD [M]  net/sched/sch_gred.ko
  LD [M]  net/sched/sch_hfsc.ko
  LD [M]  net/sched/sch_hhf.ko
  LD [M]  net/sched/sch_htb.ko
  LD [M]  net/sched/sch_ingress.ko
  LD [M]  net/sched/sch_multiq.ko
  LD [M]  net/sched/sch_mqprio.ko
  LD [M]  net/sched/sch_netem.ko
  LD [M]  net/sched/sch_pie.ko
  LD [M]  net/sched/sch_plug.ko
  LD [M]  net/sched/sch_prio.ko
  LD [M]  net/sched/sch_qfq.ko
  LD [M]  net/sched/sch_red.ko
  LD [M]  net/sched/sch_sfb.ko
  LD [M]  net/sched/sch_sfq.ko
  LD [M]  net/sched/sch_tbf.ko
  LD [M]  net/sched/sch_teql.ko
  LD [M]  net/sctp/sctp.ko
  LD [M]  net/sctp/sctp_diag.ko
  LD [M]  net/sunrpc/auth_gss/rpcsec_gss_krb5.ko
  LD [M]  net/wimax/wimax.ko
  LD [M]  net/wireless/cfg80211.ko
  LD [M]  net/wireless/lib80211.ko
  LD [M]  net/wireless/lib80211_crypt_ccmp.ko
  LD [M]  net/wireless/lib80211_crypt_tkip.ko
  LD [M]  net/wireless/lib80211_crypt_wep.ko
  LD [M]  sound/core/seq/snd-seq-dummy.ko
  LD [M]  net/xfrm/xfrm_ipcomp.ko
  LD [M]  sound/core/seq/snd-seq-midi-event.ko
  LD [M]  sound/core/seq/snd-seq-midi.ko
  LD [M]  sound/core/seq/snd-seq-virmidi.ko
  LD [M]  sound/core/snd-compress.ko
  LD [M]  sound/core/seq/snd-seq.ko
  LD [M]  sound/core/snd-hrtimer.ko
  LD [M]  sound/core/snd-hwdep.ko
  LD [M]  sound/core/snd-pcm-dmaengine.ko
  LD [M]  sound/core/snd-pcm.ko
  LD [M]  sound/core/snd-rawmidi.ko
  LD [M]  sound/core/snd-seq-device.ko
  LD [M]  sound/core/snd-timer.ko
  LD [M]  sound/core/snd.ko
  LD [M]  sound/drivers/mpu401/snd-mpu401-uart.ko
  LD [M]  sound/drivers/mpu401/snd-mpu401.ko
  LD [M]  sound/drivers/snd-aloop.ko
  LD [M]  sound/drivers/snd-dummy.ko
  LD [M]  sound/drivers/snd-mtpav.ko
  LD [M]  sound/drivers/snd-virmidi.ko
  LD [M]  sound/drivers/snd-serial-u16550.ko
  LD [M]  sound/soc/bcm/snd-soc-3dlab-nano-player.ko
  LD [M]  sound/soc/bcm/snd-soc-adau1977-adc.ko
  LD [M]  sound/soc/bcm/snd-soc-allo-boss-dac.ko
  LD [M]  sound/soc/bcm/snd-soc-allo-digione.ko
  LD [M]  sound/soc/bcm/snd-soc-allo-katana-codec.ko
  LD [M]  sound/soc/bcm/snd-soc-allo-piano-dac-plus.ko
  LD [M]  sound/soc/bcm/snd-soc-allo-piano-dac.ko
  LD [M]  sound/soc/bcm/snd-soc-audioinjector-octo-soundcard.ko
  LD [M]  sound/soc/bcm/snd-soc-audioinjector-pi-soundcard.ko
  LD [M]  sound/soc/bcm/snd-soc-audiosense-pi.ko
  LD [M]  sound/soc/bcm/snd-soc-dionaudio-loco-v2.ko
  LD [M]  sound/soc/bcm/snd-soc-bcm2835-i2s.ko
  LD [M]  sound/soc/bcm/snd-soc-digidac1-soundcard.ko
  LD [M]  sound/soc/bcm/snd-soc-dionaudio-loco.ko
  LD [M]  sound/soc/bcm/snd-soc-fe-pi-audio.ko
  LD [M]  sound/soc/bcm/snd-soc-googlevoicehat-codec.ko
  LD [M]  sound/soc/bcm/snd-soc-hifiberry-amp.ko
  LD [M]  sound/soc/bcm/snd-soc-googlevoicehat-soundcard.ko
  LD [M]  sound/soc/bcm/snd-soc-hifiberry-dacplus.ko
  LD [M]  sound/soc/bcm/snd-soc-hifiberry-dac.ko
  LD [M]  sound/soc/bcm/snd-soc-iqaudio-dac.ko
  LD [M]  sound/soc/bcm/snd-soc-hifiberry-digi.ko
  LD [M]  sound/soc/bcm/snd-soc-iqaudio-digi.ko
  LD [M]  sound/soc/bcm/snd-soc-justboom-dac.ko
  LD [M]  sound/soc/bcm/snd-soc-justboom-digi.ko
  LD [M]  sound/soc/bcm/snd-soc-rpi-cirrus.ko
  LD [M]  sound/soc/bcm/snd-soc-pisound.ko
  LD [M]  sound/soc/bcm/snd-soc-rpi-dac.ko
  LD [M]  sound/soc/bcm/snd-soc-rpi-proto.ko
  LD [M]  sound/soc/codecs/snd-soc-adau1701.ko
  LD [M]  sound/soc/codecs/snd-soc-adau1977-i2c.ko
  LD [M]  sound/soc/codecs/snd-soc-adau1977.ko
  LD [M]  sound/soc/codecs/snd-soc-adau7002.ko
  LD [M]  sound/soc/codecs/snd-soc-ak4554.ko
  LD [M]  sound/soc/codecs/snd-soc-arizona.ko
  LD [M]  sound/soc/codecs/snd-soc-cs4271-i2c.ko
  LD [M]  sound/soc/codecs/snd-soc-cs4265.ko
  LD [M]  sound/soc/codecs/snd-soc-cs4271.ko
  LD [M]  sound/soc/codecs/snd-soc-cs42xx8.ko
  LD [M]  sound/soc/codecs/snd-soc-cs42xx8-i2c.ko
  LD [M]  sound/soc/codecs/snd-soc-pcm1794a.ko
  LD [M]  sound/soc/codecs/snd-soc-pcm512x-i2c.ko
  LD [M]  sound/soc/codecs/snd-soc-pcm5102a.ko
  LD [M]  sound/soc/codecs/snd-soc-pcm512x.ko
  LD [M]  sound/soc/codecs/snd-soc-sgtl5000.ko
  LD [M]  sound/soc/codecs/snd-soc-sigmadsp-i2c.ko
  LD [M]  sound/soc/codecs/snd-soc-sigmadsp.ko
  LD [M]  sound/soc/codecs/snd-soc-spdif-rx.ko
  LD [M]  sound/soc/codecs/snd-soc-spdif-tx.ko
  LD [M]  sound/soc/codecs/snd-soc-tas5713.ko
  LD [M]  sound/soc/codecs/snd-soc-tlv320aic32x4-i2c.ko
  LD [M]  sound/soc/codecs/snd-soc-tlv320aic32x4.ko
  LD [M]  sound/soc/codecs/snd-soc-wm-adsp.ko
  LD [M]  sound/soc/codecs/snd-soc-wm5102.ko
  LD [M]  sound/soc/codecs/snd-soc-wm8804-i2c.ko
  LD [M]  sound/soc/codecs/snd-soc-wm8731.ko
  LD [M]  sound/soc/codecs/snd-soc-wm8741.ko
  LD [M]  sound/soc/codecs/snd-soc-wm8804.ko
  LD [M]  sound/soc/generic/snd-soc-simple-card-utils.ko
  LD [M]  sound/soc/generic/snd-soc-audio-graph-card.ko
  LD [M]  sound/soc/generic/snd-soc-simple-card.ko
  LD [M]  sound/soc/snd-soc-core.ko
  LD [M]  sound/usb/6fire/snd-usb-6fire.ko
  LD [M]  sound/usb/caiaq/snd-usb-caiaq.ko
  LD [M]  sound/usb/hiface/snd-usb-hiface.ko
  LD [M]  sound/usb/misc/snd-ua101.ko
  LD [M]  sound/usb/snd-usb-audio.ko
  LD [M]  sound/usb/snd-usbmidi-lib.ko
